------------------------------------------------------------
Timing Analyzer Summary
------------------------------------------------------------

Type  : Slow 900mV 85C Model Setup 'pcihip0|p|hip|altpcie_hip_256_pipen1b|stratixv_hssi_gen3_pcie_hip|coreclkout'
Slack : 0.018
TNS   : 0.000

Type  : Slow 900mV 85C Model Setup 'sfp0|sfpp_phy_inst|S5|transceiver_core|gen.sv_xcvr_native_insts[0].gen_bonded_group.sv_xcvr_native_inst|inst_sv_xcvr_avmm|avmm_interface_insts[0].stratixv_hssi_avmm_interface_inst|pmatestbussel[0]'
Slack : 0.915
TNS   : 0.000

Type  : Slow 900mV 85C Model Setup 'n/a'
Slack : 1.604
TNS   : 0.000

Type  : Slow 900mV 85C Model Setup 'pci_pi_refclk0'
Slack : 2.036
TNS   : 0.000

Type  : Slow 900mV 85C Model Setup 'sv_reconfig_pma_testbus_clk_1'
Slack : 7.661
TNS   : 0.000

Type  : Slow 900mV 85C Model Setup 'sv_reconfig_pma_testbus_clk_0'
Slack : 7.952
TNS   : 0.000

Type  : Slow 900mV 85C Model Setup 'altera_reserved_tck'
Slack : 13.178
TNS   : 0.000

Type  : Slow 900mV 85C Model Hold 'altera_reserved_tck'
Slack : 0.068
TNS   : 0.000

Type  : Slow 900mV 85C Model Hold 'pci_pi_refclk0'
Slack : 0.121
TNS   : 0.000

Type  : Slow 900mV 85C Model Hold 'pcihip0|p|hip|altpcie_hip_256_pipen1b|stratixv_hssi_gen3_pcie_hip|coreclkout'
Slack : 0.129
TNS   : 0.000

Type  : Slow 900mV 85C Model Hold 'sfp0|sfpp_phy_inst|S5|transceiver_core|gen.sv_xcvr_native_insts[0].gen_bonded_group.sv_xcvr_native_inst|inst_sv_xcvr_avmm|avmm_interface_insts[0].stratixv_hssi_avmm_interface_inst|pmatestbussel[0]'
Slack : 0.521
TNS   : 0.000

Type  : Slow 900mV 85C Model Hold 'sv_reconfig_pma_testbus_clk_1'
Slack : 0.663
TNS   : 0.000

Type  : Slow 900mV 85C Model Hold 'sv_reconfig_pma_testbus_clk_0'
Slack : 0.771
TNS   : 0.000

Type  : Slow 900mV 85C Model Hold 'n/a'
Slack : 13.118
TNS   : 0.000

Type  : Slow 900mV 85C Model Recovery 'pcihip0|p|hip|altpcie_hip_256_pipen1b|stratixv_hssi_gen3_pcie_hip|coreclkout'
Slack : 0.027
TNS   : 0.000

Type  : Slow 900mV 85C Model Recovery 'pci_pi_refclk0'
Slack : 5.695
TNS   : 0.000

Type  : Slow 900mV 85C Model Recovery 'sfp0|sfpp_phy_inst|S5|transceiver_core|gen.sv_xcvr_native_insts[0].gen_bonded_group.sv_xcvr_native_inst|inst_sv_xcvr_avmm|avmm_interface_insts[0].stratixv_hssi_avmm_interface_inst|pmatestbussel[0]'
Slack : 6.189
TNS   : 0.000

Type  : Slow 900mV 85C Model Recovery 'sv_reconfig_pma_testbus_clk_0'
Slack : 7.436
TNS   : 0.000

Type  : Slow 900mV 85C Model Recovery 'altera_reserved_tck'
Slack : 31.544
TNS   : 0.000

Type  : Slow 900mV 85C Model Removal 'pcihip0|p|hip|altpcie_hip_256_pipen1b|stratixv_hssi_gen3_pcie_hip|coreclkout'
Slack : 0.180
TNS   : 0.000

Type  : Slow 900mV 85C Model Removal 'pci_pi_refclk0'
Slack : 0.206
TNS   : 0.000

Type  : Slow 900mV 85C Model Removal 'altera_reserved_tck'
Slack : 0.321
TNS   : 0.000

Type  : Slow 900mV 85C Model Removal 'sfp0|sfpp_phy_inst|S5|transceiver_core|gen.sv_xcvr_native_insts[0].gen_bonded_group.sv_xcvr_native_inst|inst_sv_xcvr_avmm|avmm_interface_insts[0].stratixv_hssi_avmm_interface_inst|pmatestbussel[0]'
Slack : 0.718
TNS   : 0.000

Type  : Slow 900mV 85C Model Removal 'sv_reconfig_pma_testbus_clk_0'
Slack : 1.164
TNS   : 0.000

Type  : Slow 900mV 85C Model Minimum Pulse Width 'sfp0|sfpp_phy_inst|S5|transceiver_core|gen.sv_xcvr_native_insts[0].gen_bonded_group.sv_xcvr_native_inst|inst_sv_pma|rx_pma.sv_rx_pma_inst|rx_pmas[0].rx_pma.rx_cdr|clk90bdes'
Slack : 0.117
TNS   : 0.000

Type  : Slow 900mV 85C Model Minimum Pulse Width 'sfp0|sfpp_phy_inst|S5|transceiver_core|gen.sv_xcvr_native_insts[0].gen_tx_plls.gen_tx_plls.tx_plls|pll[0].pll.atx_pll.tx_pll|clk010g'
Slack : 0.117
TNS   : 0.000

Type  : Slow 900mV 85C Model Minimum Pulse Width 'sfp1|sfpp_phy_inst|S5|transceiver_core|gen.sv_xcvr_native_insts[0].gen_bonded_group.sv_xcvr_native_inst|inst_sv_pma|rx_pma.sv_rx_pma_inst|rx_pmas[0].rx_pma.rx_cdr|clk90bdes'
Slack : 0.117
TNS   : 0.000

Type  : Slow 900mV 85C Model Minimum Pulse Width 'pcihip0|p|hip|altpcie_hip_256_pipen1b|g_xcvr.sv_xcvr_pipe_native|sv_xcvr_tx_plls_inst|pll[0].pll.cmu_pll.tx_pll|clkcdr'
Slack : 0.178
TNS   : 0.000

Type  : Slow 900mV 85C Model Minimum Pulse Width 'pcihip0|p|hip|altpcie_hip_256_pipen1b|g_xcvr.sv_xcvr_pipe_native|inst_sv_xcvr_native|inst_sv_pma|rx_pma.sv_rx_pma_inst|rx_pmas[0].rx_pma.rx_cdr|clk90bdes'
Slack : 0.200
TNS   : 0.000

Type  : Slow 900mV 85C Model Minimum Pulse Width 'pcihip0|p|hip|altpcie_hip_256_pipen1b|g_xcvr.sv_xcvr_pipe_native|inst_sv_xcvr_native|inst_sv_pma|rx_pma.sv_rx_pma_inst|rx_pmas[1].rx_pma.rx_cdr|clk90bdes'
Slack : 0.200
TNS   : 0.000

Type  : Slow 900mV 85C Model Minimum Pulse Width 'pcihip0|p|hip|altpcie_hip_256_pipen1b|g_xcvr.sv_xcvr_pipe_native|inst_sv_xcvr_native|inst_sv_pma|rx_pma.sv_rx_pma_inst|rx_pmas[2].rx_pma.rx_cdr|clk90bdes'
Slack : 0.200
TNS   : 0.000

Type  : Slow 900mV 85C Model Minimum Pulse Width 'pcihip0|p|hip|altpcie_hip_256_pipen1b|g_xcvr.sv_xcvr_pipe_native|inst_sv_xcvr_native|inst_sv_pma|rx_pma.sv_rx_pma_inst|rx_pmas[3].rx_pma.rx_cdr|clk90bdes'
Slack : 0.200
TNS   : 0.000

Type  : Slow 900mV 85C Model Minimum Pulse Width 'pcihip0|p|hip|altpcie_hip_256_pipen1b|g_xcvr.sv_xcvr_pipe_native|inst_sv_xcvr_native|inst_sv_pma|rx_pma.sv_rx_pma_inst|rx_pmas[5].rx_pma.rx_cdr|clk90bdes'
Slack : 0.200
TNS   : 0.000

Type  : Slow 900mV 85C Model Minimum Pulse Width 'pcihip0|p|hip|altpcie_hip_256_pipen1b|g_xcvr.sv_xcvr_pipe_native|inst_sv_xcvr_native|inst_sv_pma|rx_pma.sv_rx_pma_inst|rx_pmas[6].rx_pma.rx_cdr|clk90bdes'
Slack : 0.200
TNS   : 0.000

Type  : Slow 900mV 85C Model Minimum Pulse Width 'pcihip0|p|hip|altpcie_hip_256_pipen1b|g_xcvr.sv_xcvr_pipe_native|inst_sv_xcvr_native|inst_sv_pma|rx_pma.sv_rx_pma_inst|rx_pmas[7].rx_pma.rx_cdr|clk90bdes'
Slack : 0.200
TNS   : 0.000

Type  : Slow 900mV 85C Model Minimum Pulse Width 'pcihip0|p|hip|altpcie_hip_256_pipen1b|g_xcvr.sv_xcvr_pipe_native|inst_sv_xcvr_native|inst_sv_pma|rx_pma.sv_rx_pma_inst|rx_pmas[8].rx_pma.rx_cdr|clk90bdes'
Slack : 0.200
TNS   : 0.000

Type  : Slow 900mV 85C Model Minimum Pulse Width 'pcihip0|p|hip|altpcie_hip_256_pipen1b|g_xcvr.sv_xcvr_pipe_native|inst_sv_xcvr_native|inst_sv_pma|rx_pma.sv_rx_pma_inst|rx_pmas[0].rx_pma.rx_pma_deser|clk90b'
Slack : 0.871
TNS   : 0.000

Type  : Slow 900mV 85C Model Minimum Pulse Width 'pcihip0|p|hip|altpcie_hip_256_pipen1b|g_xcvr.sv_xcvr_pipe_native|inst_sv_xcvr_native|inst_sv_pma|rx_pma.sv_rx_pma_inst|rx_pmas[1].rx_pma.rx_pma_deser|clk90b'
Slack : 0.871
TNS   : 0.000

Type  : Slow 900mV 85C Model Minimum Pulse Width 'pcihip0|p|hip|altpcie_hip_256_pipen1b|g_xcvr.sv_xcvr_pipe_native|inst_sv_xcvr_native|inst_sv_pma|rx_pma.sv_rx_pma_inst|rx_pmas[2].rx_pma.rx_pma_deser|clk90b'
Slack : 0.871
TNS   : 0.000

Type  : Slow 900mV 85C Model Minimum Pulse Width 'pcihip0|p|hip|altpcie_hip_256_pipen1b|g_xcvr.sv_xcvr_pipe_native|inst_sv_xcvr_native|inst_sv_pma|rx_pma.sv_rx_pma_inst|rx_pmas[3].rx_pma.rx_pma_deser|clk90b'
Slack : 0.871
TNS   : 0.000

Type  : Slow 900mV 85C Model Minimum Pulse Width 'pcihip0|p|hip|altpcie_hip_256_pipen1b|g_xcvr.sv_xcvr_pipe_native|inst_sv_xcvr_native|inst_sv_pma|rx_pma.sv_rx_pma_inst|rx_pmas[5].rx_pma.rx_pma_deser|clk90b'
Slack : 0.871
TNS   : 0.000

Type  : Slow 900mV 85C Model Minimum Pulse Width 'pcihip0|p|hip|altpcie_hip_256_pipen1b|g_xcvr.sv_xcvr_pipe_native|inst_sv_xcvr_native|inst_sv_pma|rx_pma.sv_rx_pma_inst|rx_pmas[6].rx_pma.rx_pma_deser|clk90b'
Slack : 0.871
TNS   : 0.000

Type  : Slow 900mV 85C Model Minimum Pulse Width 'pcihip0|p|hip|altpcie_hip_256_pipen1b|g_xcvr.sv_xcvr_pipe_native|inst_sv_xcvr_native|inst_sv_pma|rx_pma.sv_rx_pma_inst|rx_pmas[7].rx_pma.rx_pma_deser|clk90b'
Slack : 0.871
TNS   : 0.000

Type  : Slow 900mV 85C Model Minimum Pulse Width 'pcihip0|p|hip|altpcie_hip_256_pipen1b|g_xcvr.sv_xcvr_pipe_native|inst_sv_xcvr_native|inst_sv_pma|rx_pma.sv_rx_pma_inst|rx_pmas[8].rx_pma.rx_pma_deser|clk90b'
Slack : 0.871
TNS   : 0.000

Type  : Slow 900mV 85C Model Minimum Pulse Width 'i_refclk_sfp'
Slack : 0.940
TNS   : 0.000

Type  : Slow 900mV 85C Model Minimum Pulse Width 'pcihip0|p|hip|altpcie_hip_256_pipen1b|g_xcvr.sv_xcvr_pipe_native|inst_sv_xcvr_native|inst_sv_pma|tx_pma.sv_tx_pma_inst|tx_pma_insts[0].sv_tx_pma_ch_inst|tx_pma_ch.tx_cgb|lfclkp'
Slack : 0.954
TNS   : 0.000

Type  : Slow 900mV 85C Model Minimum Pulse Width 'pcihip0|p|hip|altpcie_hip_256_pipen1b|g_xcvr.sv_xcvr_pipe_native|inst_sv_xcvr_native|inst_sv_pma|tx_pma.sv_tx_pma_inst|tx_pma_insts[1].sv_tx_pma_ch_inst|tx_pma_ch.tx_cgb|lfclkp'
Slack : 0.954
TNS   : 0.000

Type  : Slow 900mV 85C Model Minimum Pulse Width 'pcihip0|p|hip|altpcie_hip_256_pipen1b|g_xcvr.sv_xcvr_pipe_native|inst_sv_xcvr_native|inst_sv_pma|tx_pma.sv_tx_pma_inst|tx_pma_insts[2].sv_tx_pma_ch_inst|tx_pma_ch.tx_cgb|lfclkp'
Slack : 0.954
TNS   : 0.000

Type  : Slow 900mV 85C Model Minimum Pulse Width 'pcihip0|p|hip|altpcie_hip_256_pipen1b|g_xcvr.sv_xcvr_pipe_native|inst_sv_xcvr_native|inst_sv_pma|tx_pma.sv_tx_pma_inst|tx_pma_insts[3].sv_tx_pma_ch_inst|tx_pma_ch.tx_cgb|lfclkp'
Slack : 0.954
TNS   : 0.000

Type  : Slow 900mV 85C Model Minimum Pulse Width 'pcihip0|p|hip|altpcie_hip_256_pipen1b|g_xcvr.sv_xcvr_pipe_native|inst_sv_xcvr_native|inst_sv_pma|tx_pma.sv_tx_pma_inst|tx_pma_insts[4].sv_tx_pma_ch_inst|tx_pma_ch.tx_cgb|lfclkp'
Slack : 0.954
TNS   : 0.000

Type  : Slow 900mV 85C Model Minimum Pulse Width 'pcihip0|p|hip|altpcie_hip_256_pipen1b|g_xcvr.sv_xcvr_pipe_native|inst_sv_xcvr_native|inst_sv_pma|tx_pma.sv_tx_pma_inst|tx_pma_insts[5].sv_tx_pma_ch_inst|tx_pma_ch.tx_cgb|lfclkp'
Slack : 0.954
TNS   : 0.000

Type  : Slow 900mV 85C Model Minimum Pulse Width 'pcihip0|p|hip|altpcie_hip_256_pipen1b|g_xcvr.sv_xcvr_pipe_native|inst_sv_xcvr_native|inst_sv_pma|tx_pma.sv_tx_pma_inst|tx_pma_insts[6].sv_tx_pma_ch_inst|tx_pma_ch.tx_cgb|lfclkp'
Slack : 0.954
TNS   : 0.000

Type  : Slow 900mV 85C Model Minimum Pulse Width 'pcihip0|p|hip|altpcie_hip_256_pipen1b|g_xcvr.sv_xcvr_pipe_native|inst_sv_xcvr_native|inst_sv_pma|tx_pma.sv_tx_pma_inst|tx_pma_insts[7].sv_tx_pma_ch_inst|tx_pma_ch.tx_cgb|lfclkp'
Slack : 0.954
TNS   : 0.000

Type  : Slow 900mV 85C Model Minimum Pulse Width 'pcihip0|p|hip|altpcie_hip_256_pipen1b|g_xcvr.sv_xcvr_pipe_native|inst_sv_xcvr_native|inst_sv_pma|tx_pma.sv_tx_pma_inst|tx_pma_insts[8].sv_tx_pma_ch_inst|tx_pma_ch.tx_cgb|lfclkp'
Slack : 0.954
TNS   : 0.000

Type  : Slow 900mV 85C Model Minimum Pulse Width 'pcihip0|p|hip|altpcie_hip_256_pipen1b|g_xcvr.sv_xcvr_pipe_native|inst_sv_xcvr_native|inst_sv_pma|tx_pma.sv_tx_pma_inst|tx_pma_insts[4].sv_tx_pma_ch_inst|tx_pma_ch.tx_cgb|cpulseout'
Slack : 0.978
TNS   : 0.000

Type  : Slow 900mV 85C Model Minimum Pulse Width 'pcihip0|p|hip|altpcie_hip_256_pipen1b|g_xcvr.sv_xcvr_pipe_native|inst_sv_xcvr_native|inst_sv_pma|tx_pma.sv_tx_pma_inst|tx_pma_insts[4].sv_tx_pma_ch_inst|tx_pma_ch.tx_cgb|lfclkpout'
Slack : 1.000
TNS   : 0.000

Type  : Slow 900mV 85C Model Minimum Pulse Width 'sfp0|sfpp_phy_inst|S5|transceiver_core|gen.sv_xcvr_native_insts[0].gen_bonded_group.sv_xcvr_native_inst|inst_sv_pma|rx_pma.sv_rx_pma_inst|rx_pmas[0].rx_pma.rx_pma_deser|clk90b'
Slack : 1.046
TNS   : 0.000

Type  : Slow 900mV 85C Model Minimum Pulse Width 'sfp1|sfpp_phy_inst|S5|transceiver_core|gen.sv_xcvr_native_insts[0].gen_bonded_group.sv_xcvr_native_inst|inst_sv_pma|rx_pma.sv_rx_pma_inst|rx_pmas[0].rx_pma.rx_pma_deser|clk90b'
Slack : 1.046
TNS   : 0.000

Type  : Slow 900mV 85C Model Minimum Pulse Width 'pcihip0|p|hip|altpcie_hip_256_pipen1b|stratixv_hssi_gen3_pcie_hip|coreclkout'
Slack : 1.092
TNS   : 0.000

Type  : Slow 900mV 85C Model Minimum Pulse Width 'sfp0|sfpp_phy_inst|S5|transceiver_core|gen.sv_xcvr_native_insts[0].gen_bonded_group.sv_xcvr_native_inst|inst_sv_pma|tx_pma.sv_tx_pma_inst|tx_pma_insts[0].sv_tx_pma_ch_inst|tx_pma_ch.tx_cgb|pclk[0]'
Slack : 1.130
TNS   : 0.000

Type  : Slow 900mV 85C Model Minimum Pulse Width 'sfp1|sfpp_phy_inst|S5|transceiver_core|gen.sv_xcvr_native_insts[0].gen_bonded_group.sv_xcvr_native_inst|inst_sv_pma|tx_pma.sv_tx_pma_inst|tx_pma_insts[0].sv_tx_pma_ch_inst|tx_pma_ch.tx_cgb|pclk[0]'
Slack : 1.130
TNS   : 0.000

Type  : Slow 900mV 85C Model Minimum Pulse Width 'pcihip0|p|hip|altpcie_hip_256_pipen1b|g_xcvr.sv_xcvr_pipe_native|inst_sv_xcvr_native|inst_sv_pma|tx_pma.sv_tx_pma_inst|tx_pma_insts[4].sv_tx_pma_ch_inst|tx_pma_ch.tx_cgb|pclkout[0]'
Slack : 2.000
TNS   : 0.000

Type  : Slow 900mV 85C Model Minimum Pulse Width 'pcihip0|p|hip|altpcie_hip_256_pipen1b|stratixv_hssi_gen3_pcie_hip|observablecoreclkdiv'
Slack : 2.000
TNS   : 0.000

Type  : Slow 900mV 85C Model Minimum Pulse Width 'sfp1|sfpp_phy_inst|S5|transceiver_core|gen.sv_xcvr_native_insts[0].gen_bonded_group.sv_xcvr_native_inst|inst_sv_pcs|ch[0].inst_sv_pcs_ch|inst_sv_hssi_8g_rx_pcs|wys|clocktopld'
Slack : 2.256
TNS   : 0.000

Type  : Slow 900mV 85C Model Minimum Pulse Width 'sfp0|sfpp_phy_inst|S5|transceiver_core|gen.sv_xcvr_native_insts[0].gen_bonded_group.sv_xcvr_native_inst|inst_sv_pcs|ch[0].inst_sv_pcs_ch|inst_sv_hssi_8g_rx_pcs|wys|clocktopld'
Slack : 2.262
TNS   : 0.000

Type  : Slow 900mV 85C Model Minimum Pulse Width 'sfp0|sfpp_phy_inst|S5|transceiver_core|gen.sv_xcvr_native_insts[0].gen_bonded_group.sv_xcvr_native_inst|inst_sv_pcs|ch[0].inst_sv_pcs_ch|inst_sv_hssi_8g_rx_pcs|wys|observablebyteserdesclock'
Slack : 2.312
TNS   : 0.000

Type  : Slow 900mV 85C Model Minimum Pulse Width 'sfp1|sfpp_phy_inst|S5|transceiver_core|gen.sv_xcvr_native_insts[0].gen_bonded_group.sv_xcvr_native_inst|inst_sv_pcs|ch[0].inst_sv_pcs_ch|inst_sv_hssi_8g_rx_pcs|wys|observablebyteserdesclock'
Slack : 2.312
TNS   : 0.000

Type  : Slow 900mV 85C Model Minimum Pulse Width 'sfp0|sfpp_phy_inst|S5|transceiver_core|gen.sv_xcvr_native_insts[0].gen_bonded_group.sv_xcvr_native_inst|inst_sv_pcs|ch[0].inst_sv_pcs_ch|inst_sv_hssi_8g_tx_pcs|wys|observablebyteserdesclock'
Slack : 2.352
TNS   : 0.000

Type  : Slow 900mV 85C Model Minimum Pulse Width 'sfp1|sfpp_phy_inst|S5|transceiver_core|gen.sv_xcvr_native_insts[0].gen_bonded_group.sv_xcvr_native_inst|inst_sv_pcs|ch[0].inst_sv_pcs_ch|inst_sv_hssi_8g_tx_pcs|wys|observablebyteserdesclock'
Slack : 2.352
TNS   : 0.000

Type  : Slow 900mV 85C Model Minimum Pulse Width 'sv_reconfig_pma_testbus_clk_1'
Slack : 3.787
TNS   : 0.000

Type  : Slow 900mV 85C Model Minimum Pulse Width 'sfp0|sfpp_phy_inst|S5|transceiver_core|gen.sv_xcvr_native_insts[0].gen_bonded_group.sv_xcvr_native_inst|inst_sv_xcvr_avmm|avmm_interface_insts[0].stratixv_hssi_avmm_interface_inst|pmatestbussel[0]'
Slack : 3.889
TNS   : 0.000

Type  : Slow 900mV 85C Model Minimum Pulse Width 'pcihip0|p|hip|altpcie_hip_256_pipen1b|g_xcvr.sv_xcvr_pipe_native|inst_sv_xcvr_native|inst_sv_pcs|ch[0].inst_sv_pcs_ch|inst_sv_hssi_8g_rx_pcs|wys|observablebyteserdesclock'
Slack : 3.962
TNS   : 0.000

Type  : Slow 900mV 85C Model Minimum Pulse Width 'pcihip0|p|hip|altpcie_hip_256_pipen1b|g_xcvr.sv_xcvr_pipe_native|inst_sv_xcvr_native|inst_sv_pcs|ch[1].inst_sv_pcs_ch|inst_sv_hssi_8g_rx_pcs|wys|observablebyteserdesclock'
Slack : 3.962
TNS   : 0.000

Type  : Slow 900mV 85C Model Minimum Pulse Width 'pcihip0|p|hip|altpcie_hip_256_pipen1b|g_xcvr.sv_xcvr_pipe_native|inst_sv_xcvr_native|inst_sv_pcs|ch[2].inst_sv_pcs_ch|inst_sv_hssi_8g_rx_pcs|wys|observablebyteserdesclock'
Slack : 3.962
TNS   : 0.000

Type  : Slow 900mV 85C Model Minimum Pulse Width 'pcihip0|p|hip|altpcie_hip_256_pipen1b|g_xcvr.sv_xcvr_pipe_native|inst_sv_xcvr_native|inst_sv_pcs|ch[3].inst_sv_pcs_ch|inst_sv_hssi_8g_rx_pcs|wys|observablebyteserdesclock'
Slack : 3.962
TNS   : 0.000

Type  : Slow 900mV 85C Model Minimum Pulse Width 'pcihip0|p|hip|altpcie_hip_256_pipen1b|g_xcvr.sv_xcvr_pipe_native|inst_sv_xcvr_native|inst_sv_pcs|ch[5].inst_sv_pcs_ch|inst_sv_hssi_8g_rx_pcs|wys|observablebyteserdesclock'
Slack : 3.962
TNS   : 0.000

Type  : Slow 900mV 85C Model Minimum Pulse Width 'pcihip0|p|hip|altpcie_hip_256_pipen1b|g_xcvr.sv_xcvr_pipe_native|inst_sv_xcvr_native|inst_sv_pcs|ch[6].inst_sv_pcs_ch|inst_sv_hssi_8g_rx_pcs|wys|observablebyteserdesclock'
Slack : 3.962
TNS   : 0.000

Type  : Slow 900mV 85C Model Minimum Pulse Width 'pcihip0|p|hip|altpcie_hip_256_pipen1b|g_xcvr.sv_xcvr_pipe_native|inst_sv_xcvr_native|inst_sv_pcs|ch[7].inst_sv_pcs_ch|inst_sv_hssi_8g_rx_pcs|wys|observablebyteserdesclock'
Slack : 3.962
TNS   : 0.000

Type  : Slow 900mV 85C Model Minimum Pulse Width 'pcihip0|p|hip|altpcie_hip_256_pipen1b|g_xcvr.sv_xcvr_pipe_native|inst_sv_xcvr_native|inst_sv_pcs|ch[8].inst_sv_pcs_ch|inst_sv_hssi_8g_rx_pcs|wys|observablebyteserdesclock'
Slack : 3.962
TNS   : 0.000

Type  : Slow 900mV 85C Model Minimum Pulse Width 'sv_reconfig_pma_testbus_clk_0'
Slack : 3.990
TNS   : 0.000

Type  : Slow 900mV 85C Model Minimum Pulse Width 'pcihip0|p|hip|altpcie_hip_256_pipen1b|g_xcvr.sv_xcvr_pipe_native|inst_sv_xcvr_native|inst_sv_pcs|ch[0].inst_sv_pcs_ch|inst_sv_hssi_8g_tx_pcs|wys|observablebyteserdesclock'
Slack : 4.000
TNS   : 0.000

Type  : Slow 900mV 85C Model Minimum Pulse Width 'pcihip0|p|hip|altpcie_hip_256_pipen1b|g_xcvr.sv_xcvr_pipe_native|inst_sv_xcvr_native|inst_sv_pcs|ch[1].inst_sv_pcs_ch|inst_sv_hssi_8g_tx_pcs|wys|observablebyteserdesclock'
Slack : 4.000
TNS   : 0.000

Type  : Slow 900mV 85C Model Minimum Pulse Width 'pcihip0|p|hip|altpcie_hip_256_pipen1b|g_xcvr.sv_xcvr_pipe_native|inst_sv_xcvr_native|inst_sv_pcs|ch[2].inst_sv_pcs_ch|inst_sv_hssi_8g_tx_pcs|wys|observablebyteserdesclock'
Slack : 4.000
TNS   : 0.000

Type  : Slow 900mV 85C Model Minimum Pulse Width 'pcihip0|p|hip|altpcie_hip_256_pipen1b|g_xcvr.sv_xcvr_pipe_native|inst_sv_xcvr_native|inst_sv_pcs|ch[3].inst_sv_pcs_ch|inst_sv_hssi_8g_tx_pcs|wys|observablebyteserdesclock'
Slack : 4.000
TNS   : 0.000

Type  : Slow 900mV 85C Model Minimum Pulse Width 'pcihip0|p|hip|altpcie_hip_256_pipen1b|g_xcvr.sv_xcvr_pipe_native|inst_sv_xcvr_native|inst_sv_pcs|ch[4].inst_sv_pcs_ch|inst_sv_hssi_8g_tx_pcs|wys|observablebyteserdesclock'
Slack : 4.000
TNS   : 0.000

Type  : Slow 900mV 85C Model Minimum Pulse Width 'pcihip0|p|hip|altpcie_hip_256_pipen1b|g_xcvr.sv_xcvr_pipe_native|inst_sv_xcvr_native|inst_sv_pcs|ch[5].inst_sv_pcs_ch|inst_sv_hssi_8g_tx_pcs|wys|observablebyteserdesclock'
Slack : 4.000
TNS   : 0.000

Type  : Slow 900mV 85C Model Minimum Pulse Width 'pcihip0|p|hip|altpcie_hip_256_pipen1b|g_xcvr.sv_xcvr_pipe_native|inst_sv_xcvr_native|inst_sv_pcs|ch[6].inst_sv_pcs_ch|inst_sv_hssi_8g_tx_pcs|wys|observablebyteserdesclock'
Slack : 4.000
TNS   : 0.000

Type  : Slow 900mV 85C Model Minimum Pulse Width 'pcihip0|p|hip|altpcie_hip_256_pipen1b|g_xcvr.sv_xcvr_pipe_native|inst_sv_xcvr_native|inst_sv_pcs|ch[7].inst_sv_pcs_ch|inst_sv_hssi_8g_tx_pcs|wys|observablebyteserdesclock'
Slack : 4.000
TNS   : 0.000

Type  : Slow 900mV 85C Model Minimum Pulse Width 'pcihip0|p|hip|altpcie_hip_256_pipen1b|g_xcvr.sv_xcvr_pipe_native|inst_sv_xcvr_native|inst_sv_pcs|ch[8].inst_sv_pcs_ch|inst_sv_hssi_8g_tx_pcs|wys|observablebyteserdesclock'
Slack : 4.000
TNS   : 0.000

Type  : Slow 900mV 85C Model Minimum Pulse Width 'pcihip0|p|hip|altpcie_hip_256_pipen1b|g_xcvr.sv_xcvr_pipe_native|inst_sv_xcvr_native|inst_sv_pma|tx_pma.sv_tx_pma_inst|tx_pma_insts[4].sv_tx_pma_ch_inst|tx_pma_ch.tx_cgb|pclkout[1]'
Slack : 4.000
TNS   : 0.000

Type  : Slow 900mV 85C Model Minimum Pulse Width 'pci_pi_refclk0'
Slack : 4.328
TNS   : 0.000

Type  : Slow 900mV 85C Model Minimum Pulse Width 'pcihip0|p|hip|altpcie_hip_256_pipen1b|g_xcvr.sv_xcvr_pipe_native|inst_sv_xcvr_native|inst_sv_xcvr_avmm|avmm_interface_insts[0].stratixv_hssi_avmm_interface_inst|pmatestbussel[0]'
Slack : 5.000
TNS   : 0.000

Type  : Slow 900mV 85C Model Minimum Pulse Width 'pcihip0|p|hip|altpcie_hip_256_pipen1b|g_xcvr.sv_xcvr_pipe_native|inst_sv_xcvr_native|inst_sv_xcvr_avmm|avmm_interface_insts[3].stratixv_hssi_avmm_interface_inst|pmatestbussel[0]'
Slack : 5.000
TNS   : 0.000

Type  : Slow 900mV 85C Model Minimum Pulse Width 'pcihip0|p|hip|altpcie_hip_256_pipen1b|g_xcvr.sv_xcvr_pipe_native|inst_sv_xcvr_native|inst_sv_xcvr_avmm|avmm_interface_insts[6].stratixv_hssi_avmm_interface_inst|pmatestbussel[0]'
Slack : 5.000
TNS   : 0.000

Type  : Slow 900mV 85C Model Minimum Pulse Width 'pcihip0|p|hip|altpcie_hip_256_pipen1b|g_xcvr.sv_xcvr_pipe_native|sv_xcvr_tx_plls_inst|pll[0].pll.cmu_pll.pll_mux.pll_refclk_select_mux|clkout'
Slack : 5.000
TNS   : 0.000

Type  : Slow 900mV 85C Model Minimum Pulse Width 'pcihip0|p|hip|altpcie_hip_256_pipen1b|g_xcvr.sv_xcvr_pipe_native|inst_sv_xcvr_native|inst_sv_pma|tx_pma.sv_tx_pma_inst|tx_pma_insts[4].sv_tx_pma_ch_inst|tx_pma_ch.tx_cgb|pclkout[2]'
Slack : 8.000
TNS   : 0.000

Type  : Slow 900mV 85C Model Minimum Pulse Width 'altera_reserved_tck'
Slack : 16.025
TNS   : 0.000

Type  : Slow 900mV 0C Model Setup 'pcihip0|p|hip|altpcie_hip_256_pipen1b|stratixv_hssi_gen3_pcie_hip|coreclkout'
Slack : 0.091
TNS   : 0.000

Type  : Slow 900mV 0C Model Setup 'sfp0|sfpp_phy_inst|S5|transceiver_core|gen.sv_xcvr_native_insts[0].gen_bonded_group.sv_xcvr_native_inst|inst_sv_xcvr_avmm|avmm_interface_insts[0].stratixv_hssi_avmm_interface_inst|pmatestbussel[0]'
Slack : 1.576
TNS   : 0.000

Type  : Slow 900mV 0C Model Setup 'n/a'
Slack : 1.963
TNS   : 0.000

Type  : Slow 900mV 0C Model Setup 'pci_pi_refclk0'
Slack : 2.624
TNS   : 0.000

Type  : Slow 900mV 0C Model Setup 'sv_reconfig_pma_testbus_clk_1'
Slack : 7.799
TNS   : 0.000

Type  : Slow 900mV 0C Model Setup 'sv_reconfig_pma_testbus_clk_0'
Slack : 8.031
TNS   : 0.000

Type  : Slow 900mV 0C Model Setup 'altera_reserved_tck'
Slack : 13.375
TNS   : 0.000

Type  : Slow 900mV 0C Model Hold 'altera_reserved_tck'
Slack : 0.067
TNS   : 0.000

Type  : Slow 900mV 0C Model Hold 'pcihip0|p|hip|altpcie_hip_256_pipen1b|stratixv_hssi_gen3_pcie_hip|coreclkout'
Slack : 0.165
TNS   : 0.000

Type  : Slow 900mV 0C Model Hold 'pci_pi_refclk0'
Slack : 0.199
TNS   : 0.000

Type  : Slow 900mV 0C Model Hold 'sfp0|sfpp_phy_inst|S5|transceiver_core|gen.sv_xcvr_native_insts[0].gen_bonded_group.sv_xcvr_native_inst|inst_sv_xcvr_avmm|avmm_interface_insts[0].stratixv_hssi_avmm_interface_inst|pmatestbussel[0]'
Slack : 0.540
TNS   : 0.000

Type  : Slow 900mV 0C Model Hold 'sv_reconfig_pma_testbus_clk_1'
Slack : 0.657
TNS   : 0.000

Type  : Slow 900mV 0C Model Hold 'sv_reconfig_pma_testbus_clk_0'
Slack : 0.746
TNS   : 0.000

Type  : Slow 900mV 0C Model Hold 'n/a'
Slack : 13.073
TNS   : 0.000

Type  : Slow 900mV 0C Model Recovery 'pcihip0|p|hip|altpcie_hip_256_pipen1b|stratixv_hssi_gen3_pcie_hip|coreclkout'
Slack : 0.218
TNS   : 0.000

Type  : Slow 900mV 0C Model Recovery 'pci_pi_refclk0'
Slack : 6.080
TNS   : 0.000

Type  : Slow 900mV 0C Model Recovery 'sfp0|sfpp_phy_inst|S5|transceiver_core|gen.sv_xcvr_native_insts[0].gen_bonded_group.sv_xcvr_native_inst|inst_sv_xcvr_avmm|avmm_interface_insts[0].stratixv_hssi_avmm_interface_inst|pmatestbussel[0]'
Slack : 6.469
TNS   : 0.000

Type  : Slow 900mV 0C Model Recovery 'sv_reconfig_pma_testbus_clk_0'
Slack : 7.555
TNS   : 0.000

Type  : Slow 900mV 0C Model Recovery 'altera_reserved_tck'
Slack : 31.651
TNS   : 0.000

Type  : Slow 900mV 0C Model Removal 'pcihip0|p|hip|altpcie_hip_256_pipen1b|stratixv_hssi_gen3_pcie_hip|coreclkout'
Slack : 0.243
TNS   : 0.000

Type  : Slow 900mV 0C Model Removal 'pci_pi_refclk0'
Slack : 0.269
TNS   : 0.000

Type  : Slow 900mV 0C Model Removal 'altera_reserved_tck'
Slack : 0.358
TNS   : 0.000

Type  : Slow 900mV 0C Model Removal 'sfp0|sfpp_phy_inst|S5|transceiver_core|gen.sv_xcvr_native_insts[0].gen_bonded_group.sv_xcvr_native_inst|inst_sv_xcvr_avmm|avmm_interface_insts[0].stratixv_hssi_avmm_interface_inst|pmatestbussel[0]'
Slack : 0.678
TNS   : 0.000

Type  : Slow 900mV 0C Model Removal 'sv_reconfig_pma_testbus_clk_0'
Slack : 1.090
TNS   : 0.000

Type  : Slow 900mV 0C Model Minimum Pulse Width 'sfp0|sfpp_phy_inst|S5|transceiver_core|gen.sv_xcvr_native_insts[0].gen_bonded_group.sv_xcvr_native_inst|inst_sv_pma|rx_pma.sv_rx_pma_inst|rx_pmas[0].rx_pma.rx_cdr|clk90bdes'
Slack : 0.117
TNS   : 0.000

Type  : Slow 900mV 0C Model Minimum Pulse Width 'sfp0|sfpp_phy_inst|S5|transceiver_core|gen.sv_xcvr_native_insts[0].gen_tx_plls.gen_tx_plls.tx_plls|pll[0].pll.atx_pll.tx_pll|clk010g'
Slack : 0.117
TNS   : 0.000

Type  : Slow 900mV 0C Model Minimum Pulse Width 'sfp1|sfpp_phy_inst|S5|transceiver_core|gen.sv_xcvr_native_insts[0].gen_bonded_group.sv_xcvr_native_inst|inst_sv_pma|rx_pma.sv_rx_pma_inst|rx_pmas[0].rx_pma.rx_cdr|clk90bdes'
Slack : 0.117
TNS   : 0.000

Type  : Slow 900mV 0C Model Minimum Pulse Width 'pcihip0|p|hip|altpcie_hip_256_pipen1b|g_xcvr.sv_xcvr_pipe_native|sv_xcvr_tx_plls_inst|pll[0].pll.cmu_pll.tx_pll|clkcdr'
Slack : 0.179
TNS   : 0.000

Type  : Slow 900mV 0C Model Minimum Pulse Width 'pcihip0|p|hip|altpcie_hip_256_pipen1b|g_xcvr.sv_xcvr_pipe_native|inst_sv_xcvr_native|inst_sv_pma|rx_pma.sv_rx_pma_inst|rx_pmas[0].rx_pma.rx_cdr|clk90bdes'
Slack : 0.200
TNS   : 0.000

Type  : Slow 900mV 0C Model Minimum Pulse Width 'pcihip0|p|hip|altpcie_hip_256_pipen1b|g_xcvr.sv_xcvr_pipe_native|inst_sv_xcvr_native|inst_sv_pma|rx_pma.sv_rx_pma_inst|rx_pmas[1].rx_pma.rx_cdr|clk90bdes'
Slack : 0.200
TNS   : 0.000

Type  : Slow 900mV 0C Model Minimum Pulse Width 'pcihip0|p|hip|altpcie_hip_256_pipen1b|g_xcvr.sv_xcvr_pipe_native|inst_sv_xcvr_native|inst_sv_pma|rx_pma.sv_rx_pma_inst|rx_pmas[2].rx_pma.rx_cdr|clk90bdes'
Slack : 0.200
TNS   : 0.000

Type  : Slow 900mV 0C Model Minimum Pulse Width 'pcihip0|p|hip|altpcie_hip_256_pipen1b|g_xcvr.sv_xcvr_pipe_native|inst_sv_xcvr_native|inst_sv_pma|rx_pma.sv_rx_pma_inst|rx_pmas[3].rx_pma.rx_cdr|clk90bdes'
Slack : 0.200
TNS   : 0.000

Type  : Slow 900mV 0C Model Minimum Pulse Width 'pcihip0|p|hip|altpcie_hip_256_pipen1b|g_xcvr.sv_xcvr_pipe_native|inst_sv_xcvr_native|inst_sv_pma|rx_pma.sv_rx_pma_inst|rx_pmas[5].rx_pma.rx_cdr|clk90bdes'
Slack : 0.200
TNS   : 0.000

Type  : Slow 900mV 0C Model Minimum Pulse Width 'pcihip0|p|hip|altpcie_hip_256_pipen1b|g_xcvr.sv_xcvr_pipe_native|inst_sv_xcvr_native|inst_sv_pma|rx_pma.sv_rx_pma_inst|rx_pmas[6].rx_pma.rx_cdr|clk90bdes'
Slack : 0.200
TNS   : 0.000

Type  : Slow 900mV 0C Model Minimum Pulse Width 'pcihip0|p|hip|altpcie_hip_256_pipen1b|g_xcvr.sv_xcvr_pipe_native|inst_sv_xcvr_native|inst_sv_pma|rx_pma.sv_rx_pma_inst|rx_pmas[7].rx_pma.rx_cdr|clk90bdes'
Slack : 0.200
TNS   : 0.000

Type  : Slow 900mV 0C Model Minimum Pulse Width 'pcihip0|p|hip|altpcie_hip_256_pipen1b|g_xcvr.sv_xcvr_pipe_native|inst_sv_xcvr_native|inst_sv_pma|rx_pma.sv_rx_pma_inst|rx_pmas[8].rx_pma.rx_cdr|clk90bdes'
Slack : 0.200
TNS   : 0.000

Type  : Slow 900mV 0C Model Minimum Pulse Width 'pcihip0|p|hip|altpcie_hip_256_pipen1b|g_xcvr.sv_xcvr_pipe_native|inst_sv_xcvr_native|inst_sv_pma|rx_pma.sv_rx_pma_inst|rx_pmas[0].rx_pma.rx_pma_deser|clk90b'
Slack : 0.846
TNS   : 0.000

Type  : Slow 900mV 0C Model Minimum Pulse Width 'pcihip0|p|hip|altpcie_hip_256_pipen1b|g_xcvr.sv_xcvr_pipe_native|inst_sv_xcvr_native|inst_sv_pma|rx_pma.sv_rx_pma_inst|rx_pmas[1].rx_pma.rx_pma_deser|clk90b'
Slack : 0.846
TNS   : 0.000

Type  : Slow 900mV 0C Model Minimum Pulse Width 'pcihip0|p|hip|altpcie_hip_256_pipen1b|g_xcvr.sv_xcvr_pipe_native|inst_sv_xcvr_native|inst_sv_pma|rx_pma.sv_rx_pma_inst|rx_pmas[2].rx_pma.rx_pma_deser|clk90b'
Slack : 0.846
TNS   : 0.000

Type  : Slow 900mV 0C Model Minimum Pulse Width 'pcihip0|p|hip|altpcie_hip_256_pipen1b|g_xcvr.sv_xcvr_pipe_native|inst_sv_xcvr_native|inst_sv_pma|rx_pma.sv_rx_pma_inst|rx_pmas[3].rx_pma.rx_pma_deser|clk90b'
Slack : 0.846
TNS   : 0.000

Type  : Slow 900mV 0C Model Minimum Pulse Width 'pcihip0|p|hip|altpcie_hip_256_pipen1b|g_xcvr.sv_xcvr_pipe_native|inst_sv_xcvr_native|inst_sv_pma|rx_pma.sv_rx_pma_inst|rx_pmas[5].rx_pma.rx_pma_deser|clk90b'
Slack : 0.846
TNS   : 0.000

Type  : Slow 900mV 0C Model Minimum Pulse Width 'pcihip0|p|hip|altpcie_hip_256_pipen1b|g_xcvr.sv_xcvr_pipe_native|inst_sv_xcvr_native|inst_sv_pma|rx_pma.sv_rx_pma_inst|rx_pmas[6].rx_pma.rx_pma_deser|clk90b'
Slack : 0.846
TNS   : 0.000

Type  : Slow 900mV 0C Model Minimum Pulse Width 'pcihip0|p|hip|altpcie_hip_256_pipen1b|g_xcvr.sv_xcvr_pipe_native|inst_sv_xcvr_native|inst_sv_pma|rx_pma.sv_rx_pma_inst|rx_pmas[7].rx_pma.rx_pma_deser|clk90b'
Slack : 0.846
TNS   : 0.000

Type  : Slow 900mV 0C Model Minimum Pulse Width 'pcihip0|p|hip|altpcie_hip_256_pipen1b|g_xcvr.sv_xcvr_pipe_native|inst_sv_xcvr_native|inst_sv_pma|rx_pma.sv_rx_pma_inst|rx_pmas[8].rx_pma.rx_pma_deser|clk90b'
Slack : 0.846
TNS   : 0.000

Type  : Slow 900mV 0C Model Minimum Pulse Width 'i_refclk_sfp'
Slack : 0.940
TNS   : 0.000

Type  : Slow 900mV 0C Model Minimum Pulse Width 'pcihip0|p|hip|altpcie_hip_256_pipen1b|g_xcvr.sv_xcvr_pipe_native|inst_sv_xcvr_native|inst_sv_pma|tx_pma.sv_tx_pma_inst|tx_pma_insts[0].sv_tx_pma_ch_inst|tx_pma_ch.tx_cgb|lfclkp'
Slack : 0.949
TNS   : 0.000

Type  : Slow 900mV 0C Model Minimum Pulse Width 'pcihip0|p|hip|altpcie_hip_256_pipen1b|g_xcvr.sv_xcvr_pipe_native|inst_sv_xcvr_native|inst_sv_pma|tx_pma.sv_tx_pma_inst|tx_pma_insts[1].sv_tx_pma_ch_inst|tx_pma_ch.tx_cgb|lfclkp'
Slack : 0.949
TNS   : 0.000

Type  : Slow 900mV 0C Model Minimum Pulse Width 'pcihip0|p|hip|altpcie_hip_256_pipen1b|g_xcvr.sv_xcvr_pipe_native|inst_sv_xcvr_native|inst_sv_pma|tx_pma.sv_tx_pma_inst|tx_pma_insts[2].sv_tx_pma_ch_inst|tx_pma_ch.tx_cgb|lfclkp'
Slack : 0.949
TNS   : 0.000

Type  : Slow 900mV 0C Model Minimum Pulse Width 'pcihip0|p|hip|altpcie_hip_256_pipen1b|g_xcvr.sv_xcvr_pipe_native|inst_sv_xcvr_native|inst_sv_pma|tx_pma.sv_tx_pma_inst|tx_pma_insts[3].sv_tx_pma_ch_inst|tx_pma_ch.tx_cgb|lfclkp'
Slack : 0.949
TNS   : 0.000

Type  : Slow 900mV 0C Model Minimum Pulse Width 'pcihip0|p|hip|altpcie_hip_256_pipen1b|g_xcvr.sv_xcvr_pipe_native|inst_sv_xcvr_native|inst_sv_pma|tx_pma.sv_tx_pma_inst|tx_pma_insts[4].sv_tx_pma_ch_inst|tx_pma_ch.tx_cgb|lfclkp'
Slack : 0.949
TNS   : 0.000

Type  : Slow 900mV 0C Model Minimum Pulse Width 'pcihip0|p|hip|altpcie_hip_256_pipen1b|g_xcvr.sv_xcvr_pipe_native|inst_sv_xcvr_native|inst_sv_pma|tx_pma.sv_tx_pma_inst|tx_pma_insts[5].sv_tx_pma_ch_inst|tx_pma_ch.tx_cgb|lfclkp'
Slack : 0.949
TNS   : 0.000

Type  : Slow 900mV 0C Model Minimum Pulse Width 'pcihip0|p|hip|altpcie_hip_256_pipen1b|g_xcvr.sv_xcvr_pipe_native|inst_sv_xcvr_native|inst_sv_pma|tx_pma.sv_tx_pma_inst|tx_pma_insts[6].sv_tx_pma_ch_inst|tx_pma_ch.tx_cgb|lfclkp'
Slack : 0.949
TNS   : 0.000

Type  : Slow 900mV 0C Model Minimum Pulse Width 'pcihip0|p|hip|altpcie_hip_256_pipen1b|g_xcvr.sv_xcvr_pipe_native|inst_sv_xcvr_native|inst_sv_pma|tx_pma.sv_tx_pma_inst|tx_pma_insts[7].sv_tx_pma_ch_inst|tx_pma_ch.tx_cgb|lfclkp'
Slack : 0.949
TNS   : 0.000

Type  : Slow 900mV 0C Model Minimum Pulse Width 'pcihip0|p|hip|altpcie_hip_256_pipen1b|g_xcvr.sv_xcvr_pipe_native|inst_sv_xcvr_native|inst_sv_pma|tx_pma.sv_tx_pma_inst|tx_pma_insts[8].sv_tx_pma_ch_inst|tx_pma_ch.tx_cgb|lfclkp'
Slack : 0.949
TNS   : 0.000

Type  : Slow 900mV 0C Model Minimum Pulse Width 'pcihip0|p|hip|altpcie_hip_256_pipen1b|g_xcvr.sv_xcvr_pipe_native|inst_sv_xcvr_native|inst_sv_pma|tx_pma.sv_tx_pma_inst|tx_pma_insts[4].sv_tx_pma_ch_inst|tx_pma_ch.tx_cgb|cpulseout'
Slack : 0.979
TNS   : 0.000

Type  : Slow 900mV 0C Model Minimum Pulse Width 'pcihip0|p|hip|altpcie_hip_256_pipen1b|g_xcvr.sv_xcvr_pipe_native|inst_sv_xcvr_native|inst_sv_pma|tx_pma.sv_tx_pma_inst|tx_pma_insts[4].sv_tx_pma_ch_inst|tx_pma_ch.tx_cgb|lfclkpout'
Slack : 1.000
TNS   : 0.000

Type  : Slow 900mV 0C Model Minimum Pulse Width 'sfp0|sfpp_phy_inst|S5|transceiver_core|gen.sv_xcvr_native_insts[0].gen_bonded_group.sv_xcvr_native_inst|inst_sv_pma|rx_pma.sv_rx_pma_inst|rx_pmas[0].rx_pma.rx_pma_deser|clk90b'
Slack : 1.021
TNS   : 0.000

Type  : Slow 900mV 0C Model Minimum Pulse Width 'sfp1|sfpp_phy_inst|S5|transceiver_core|gen.sv_xcvr_native_insts[0].gen_bonded_group.sv_xcvr_native_inst|inst_sv_pma|rx_pma.sv_rx_pma_inst|rx_pmas[0].rx_pma.rx_pma_deser|clk90b'
Slack : 1.021
TNS   : 0.000

Type  : Slow 900mV 0C Model Minimum Pulse Width 'sfp0|sfpp_phy_inst|S5|transceiver_core|gen.sv_xcvr_native_insts[0].gen_bonded_group.sv_xcvr_native_inst|inst_sv_pma|tx_pma.sv_tx_pma_inst|tx_pma_insts[0].sv_tx_pma_ch_inst|tx_pma_ch.tx_cgb|pclk[0]'
Slack : 1.125
TNS   : 0.000

Type  : Slow 900mV 0C Model Minimum Pulse Width 'sfp1|sfpp_phy_inst|S5|transceiver_core|gen.sv_xcvr_native_insts[0].gen_bonded_group.sv_xcvr_native_inst|inst_sv_pma|tx_pma.sv_tx_pma_inst|tx_pma_insts[0].sv_tx_pma_ch_inst|tx_pma_ch.tx_cgb|pclk[0]'
Slack : 1.125
TNS   : 0.000

Type  : Slow 900mV 0C Model Minimum Pulse Width 'pcihip0|p|hip|altpcie_hip_256_pipen1b|stratixv_hssi_gen3_pcie_hip|coreclkout'
Slack : 1.183
TNS   : 0.000

Type  : Slow 900mV 0C Model Minimum Pulse Width 'pcihip0|p|hip|altpcie_hip_256_pipen1b|g_xcvr.sv_xcvr_pipe_native|inst_sv_xcvr_native|inst_sv_pma|tx_pma.sv_tx_pma_inst|tx_pma_insts[4].sv_tx_pma_ch_inst|tx_pma_ch.tx_cgb|pclkout[0]'
Slack : 2.000
TNS   : 0.000

Type  : Slow 900mV 0C Model Minimum Pulse Width 'pcihip0|p|hip|altpcie_hip_256_pipen1b|stratixv_hssi_gen3_pcie_hip|observablecoreclkdiv'
Slack : 2.000
TNS   : 0.000

Type  : Slow 900mV 0C Model Minimum Pulse Width 'sfp1|sfpp_phy_inst|S5|transceiver_core|gen.sv_xcvr_native_insts[0].gen_bonded_group.sv_xcvr_native_inst|inst_sv_pcs|ch[0].inst_sv_pcs_ch|inst_sv_hssi_8g_rx_pcs|wys|clocktopld'
Slack : 2.231
TNS   : 0.000

Type  : Slow 900mV 0C Model Minimum Pulse Width 'sfp0|sfpp_phy_inst|S5|transceiver_core|gen.sv_xcvr_native_insts[0].gen_bonded_group.sv_xcvr_native_inst|inst_sv_pcs|ch[0].inst_sv_pcs_ch|inst_sv_hssi_8g_rx_pcs|wys|clocktopld'
Slack : 2.234
TNS   : 0.000

Type  : Slow 900mV 0C Model Minimum Pulse Width 'sfp0|sfpp_phy_inst|S5|transceiver_core|gen.sv_xcvr_native_insts[0].gen_bonded_group.sv_xcvr_native_inst|inst_sv_pcs|ch[0].inst_sv_pcs_ch|inst_sv_hssi_8g_rx_pcs|wys|observablebyteserdesclock'
Slack : 2.309
TNS   : 0.000

Type  : Slow 900mV 0C Model Minimum Pulse Width 'sfp1|sfpp_phy_inst|S5|transceiver_core|gen.sv_xcvr_native_insts[0].gen_bonded_group.sv_xcvr_native_inst|inst_sv_pcs|ch[0].inst_sv_pcs_ch|inst_sv_hssi_8g_rx_pcs|wys|observablebyteserdesclock'
Slack : 2.309
TNS   : 0.000

Type  : Slow 900mV 0C Model Minimum Pulse Width 'sfp0|sfpp_phy_inst|S5|transceiver_core|gen.sv_xcvr_native_insts[0].gen_bonded_group.sv_xcvr_native_inst|inst_sv_pcs|ch[0].inst_sv_pcs_ch|inst_sv_hssi_8g_tx_pcs|wys|observablebyteserdesclock'
Slack : 2.352
TNS   : 0.000

Type  : Slow 900mV 0C Model Minimum Pulse Width 'sfp1|sfpp_phy_inst|S5|transceiver_core|gen.sv_xcvr_native_insts[0].gen_bonded_group.sv_xcvr_native_inst|inst_sv_pcs|ch[0].inst_sv_pcs_ch|inst_sv_hssi_8g_tx_pcs|wys|observablebyteserdesclock'
Slack : 2.352
TNS   : 0.000

Type  : Slow 900mV 0C Model Minimum Pulse Width 'sv_reconfig_pma_testbus_clk_1'
Slack : 3.822
TNS   : 0.000

Type  : Slow 900mV 0C Model Minimum Pulse Width 'sfp0|sfpp_phy_inst|S5|transceiver_core|gen.sv_xcvr_native_insts[0].gen_bonded_group.sv_xcvr_native_inst|inst_sv_xcvr_avmm|avmm_interface_insts[0].stratixv_hssi_avmm_interface_inst|pmatestbussel[0]'
Slack : 3.929
TNS   : 0.000

Type  : Slow 900mV 0C Model Minimum Pulse Width 'sv_reconfig_pma_testbus_clk_0'
Slack : 3.940
TNS   : 0.000

Type  : Slow 900mV 0C Model Minimum Pulse Width 'pcihip0|p|hip|altpcie_hip_256_pipen1b|g_xcvr.sv_xcvr_pipe_native|inst_sv_xcvr_native|inst_sv_pcs|ch[0].inst_sv_pcs_ch|inst_sv_hssi_8g_rx_pcs|wys|observablebyteserdesclock'
Slack : 3.959
TNS   : 0.000

Type  : Slow 900mV 0C Model Minimum Pulse Width 'pcihip0|p|hip|altpcie_hip_256_pipen1b|g_xcvr.sv_xcvr_pipe_native|inst_sv_xcvr_native|inst_sv_pcs|ch[1].inst_sv_pcs_ch|inst_sv_hssi_8g_rx_pcs|wys|observablebyteserdesclock'
Slack : 3.959
TNS   : 0.000

Type  : Slow 900mV 0C Model Minimum Pulse Width 'pcihip0|p|hip|altpcie_hip_256_pipen1b|g_xcvr.sv_xcvr_pipe_native|inst_sv_xcvr_native|inst_sv_pcs|ch[2].inst_sv_pcs_ch|inst_sv_hssi_8g_rx_pcs|wys|observablebyteserdesclock'
Slack : 3.959
TNS   : 0.000

Type  : Slow 900mV 0C Model Minimum Pulse Width 'pcihip0|p|hip|altpcie_hip_256_pipen1b|g_xcvr.sv_xcvr_pipe_native|inst_sv_xcvr_native|inst_sv_pcs|ch[3].inst_sv_pcs_ch|inst_sv_hssi_8g_rx_pcs|wys|observablebyteserdesclock'
Slack : 3.959
TNS   : 0.000

Type  : Slow 900mV 0C Model Minimum Pulse Width 'pcihip0|p|hip|altpcie_hip_256_pipen1b|g_xcvr.sv_xcvr_pipe_native|inst_sv_xcvr_native|inst_sv_pcs|ch[5].inst_sv_pcs_ch|inst_sv_hssi_8g_rx_pcs|wys|observablebyteserdesclock'
Slack : 3.959
TNS   : 0.000

Type  : Slow 900mV 0C Model Minimum Pulse Width 'pcihip0|p|hip|altpcie_hip_256_pipen1b|g_xcvr.sv_xcvr_pipe_native|inst_sv_xcvr_native|inst_sv_pcs|ch[6].inst_sv_pcs_ch|inst_sv_hssi_8g_rx_pcs|wys|observablebyteserdesclock'
Slack : 3.959
TNS   : 0.000

Type  : Slow 900mV 0C Model Minimum Pulse Width 'pcihip0|p|hip|altpcie_hip_256_pipen1b|g_xcvr.sv_xcvr_pipe_native|inst_sv_xcvr_native|inst_sv_pcs|ch[7].inst_sv_pcs_ch|inst_sv_hssi_8g_rx_pcs|wys|observablebyteserdesclock'
Slack : 3.959
TNS   : 0.000

Type  : Slow 900mV 0C Model Minimum Pulse Width 'pcihip0|p|hip|altpcie_hip_256_pipen1b|g_xcvr.sv_xcvr_pipe_native|inst_sv_xcvr_native|inst_sv_pcs|ch[8].inst_sv_pcs_ch|inst_sv_hssi_8g_rx_pcs|wys|observablebyteserdesclock'
Slack : 3.959
TNS   : 0.000

Type  : Slow 900mV 0C Model Minimum Pulse Width 'pcihip0|p|hip|altpcie_hip_256_pipen1b|g_xcvr.sv_xcvr_pipe_native|inst_sv_xcvr_native|inst_sv_pcs|ch[0].inst_sv_pcs_ch|inst_sv_hssi_8g_tx_pcs|wys|observablebyteserdesclock'
Slack : 4.000
TNS   : 0.000

Type  : Slow 900mV 0C Model Minimum Pulse Width 'pcihip0|p|hip|altpcie_hip_256_pipen1b|g_xcvr.sv_xcvr_pipe_native|inst_sv_xcvr_native|inst_sv_pcs|ch[1].inst_sv_pcs_ch|inst_sv_hssi_8g_tx_pcs|wys|observablebyteserdesclock'
Slack : 4.000
TNS   : 0.000

Type  : Slow 900mV 0C Model Minimum Pulse Width 'pcihip0|p|hip|altpcie_hip_256_pipen1b|g_xcvr.sv_xcvr_pipe_native|inst_sv_xcvr_native|inst_sv_pcs|ch[2].inst_sv_pcs_ch|inst_sv_hssi_8g_tx_pcs|wys|observablebyteserdesclock'
Slack : 4.000
TNS   : 0.000

Type  : Slow 900mV 0C Model Minimum Pulse Width 'pcihip0|p|hip|altpcie_hip_256_pipen1b|g_xcvr.sv_xcvr_pipe_native|inst_sv_xcvr_native|inst_sv_pcs|ch[3].inst_sv_pcs_ch|inst_sv_hssi_8g_tx_pcs|wys|observablebyteserdesclock'
Slack : 4.000
TNS   : 0.000

Type  : Slow 900mV 0C Model Minimum Pulse Width 'pcihip0|p|hip|altpcie_hip_256_pipen1b|g_xcvr.sv_xcvr_pipe_native|inst_sv_xcvr_native|inst_sv_pcs|ch[4].inst_sv_pcs_ch|inst_sv_hssi_8g_tx_pcs|wys|observablebyteserdesclock'
Slack : 4.000
TNS   : 0.000

Type  : Slow 900mV 0C Model Minimum Pulse Width 'pcihip0|p|hip|altpcie_hip_256_pipen1b|g_xcvr.sv_xcvr_pipe_native|inst_sv_xcvr_native|inst_sv_pcs|ch[5].inst_sv_pcs_ch|inst_sv_hssi_8g_tx_pcs|wys|observablebyteserdesclock'
Slack : 4.000
TNS   : 0.000

Type  : Slow 900mV 0C Model Minimum Pulse Width 'pcihip0|p|hip|altpcie_hip_256_pipen1b|g_xcvr.sv_xcvr_pipe_native|inst_sv_xcvr_native|inst_sv_pcs|ch[6].inst_sv_pcs_ch|inst_sv_hssi_8g_tx_pcs|wys|observablebyteserdesclock'
Slack : 4.000
TNS   : 0.000

Type  : Slow 900mV 0C Model Minimum Pulse Width 'pcihip0|p|hip|altpcie_hip_256_pipen1b|g_xcvr.sv_xcvr_pipe_native|inst_sv_xcvr_native|inst_sv_pcs|ch[7].inst_sv_pcs_ch|inst_sv_hssi_8g_tx_pcs|wys|observablebyteserdesclock'
Slack : 4.000
TNS   : 0.000

Type  : Slow 900mV 0C Model Minimum Pulse Width 'pcihip0|p|hip|altpcie_hip_256_pipen1b|g_xcvr.sv_xcvr_pipe_native|inst_sv_xcvr_native|inst_sv_pcs|ch[8].inst_sv_pcs_ch|inst_sv_hssi_8g_tx_pcs|wys|observablebyteserdesclock'
Slack : 4.000
TNS   : 0.000

Type  : Slow 900mV 0C Model Minimum Pulse Width 'pcihip0|p|hip|altpcie_hip_256_pipen1b|g_xcvr.sv_xcvr_pipe_native|inst_sv_xcvr_native|inst_sv_pma|tx_pma.sv_tx_pma_inst|tx_pma_insts[4].sv_tx_pma_ch_inst|tx_pma_ch.tx_cgb|pclkout[1]'
Slack : 4.000
TNS   : 0.000

Type  : Slow 900mV 0C Model Minimum Pulse Width 'pci_pi_refclk0'
Slack : 4.317
TNS   : 0.000

Type  : Slow 900mV 0C Model Minimum Pulse Width 'pcihip0|p|hip|altpcie_hip_256_pipen1b|g_xcvr.sv_xcvr_pipe_native|inst_sv_xcvr_native|inst_sv_xcvr_avmm|avmm_interface_insts[0].stratixv_hssi_avmm_interface_inst|pmatestbussel[0]'
Slack : 5.000
TNS   : 0.000

Type  : Slow 900mV 0C Model Minimum Pulse Width 'pcihip0|p|hip|altpcie_hip_256_pipen1b|g_xcvr.sv_xcvr_pipe_native|inst_sv_xcvr_native|inst_sv_xcvr_avmm|avmm_interface_insts[3].stratixv_hssi_avmm_interface_inst|pmatestbussel[0]'
Slack : 5.000
TNS   : 0.000

Type  : Slow 900mV 0C Model Minimum Pulse Width 'pcihip0|p|hip|altpcie_hip_256_pipen1b|g_xcvr.sv_xcvr_pipe_native|inst_sv_xcvr_native|inst_sv_xcvr_avmm|avmm_interface_insts[6].stratixv_hssi_avmm_interface_inst|pmatestbussel[0]'
Slack : 5.000
TNS   : 0.000

Type  : Slow 900mV 0C Model Minimum Pulse Width 'pcihip0|p|hip|altpcie_hip_256_pipen1b|g_xcvr.sv_xcvr_pipe_native|sv_xcvr_tx_plls_inst|pll[0].pll.cmu_pll.pll_mux.pll_refclk_select_mux|clkout'
Slack : 5.000
TNS   : 0.000

Type  : Slow 900mV 0C Model Minimum Pulse Width 'pcihip0|p|hip|altpcie_hip_256_pipen1b|g_xcvr.sv_xcvr_pipe_native|inst_sv_xcvr_native|inst_sv_pma|tx_pma.sv_tx_pma_inst|tx_pma_insts[4].sv_tx_pma_ch_inst|tx_pma_ch.tx_cgb|pclkout[2]'
Slack : 8.000
TNS   : 0.000

Type  : Slow 900mV 0C Model Minimum Pulse Width 'altera_reserved_tck'
Slack : 16.126
TNS   : 0.000

Type  : Fast 900mV 85C Model Setup 'pcihip0|p|hip|altpcie_hip_256_pipen1b|stratixv_hssi_gen3_pcie_hip|coreclkout'
Slack : 1.153
TNS   : 0.000

Type  : Fast 900mV 85C Model Setup 'pci_pi_refclk0'
Slack : 3.396
TNS   : 0.000

Type  : Fast 900mV 85C Model Setup 'sfp0|sfpp_phy_inst|S5|transceiver_core|gen.sv_xcvr_native_insts[0].gen_bonded_group.sv_xcvr_native_inst|inst_sv_xcvr_avmm|avmm_interface_insts[0].stratixv_hssi_avmm_interface_inst|pmatestbussel[0]'
Slack : 3.630
TNS   : 0.000

Type  : Fast 900mV 85C Model Setup 'n/a'
Slack : 4.132
TNS   : 0.000

Type  : Fast 900mV 85C Model Setup 'sv_reconfig_pma_testbus_clk_1'
Slack : 8.388
TNS   : 0.000

Type  : Fast 900mV 85C Model Setup 'sv_reconfig_pma_testbus_clk_0'
Slack : 8.610
TNS   : 0.000

Type  : Fast 900mV 85C Model Setup 'altera_reserved_tck'
Slack : 14.647
TNS   : 0.000

Type  : Fast 900mV 85C Model Hold 'altera_reserved_tck'
Slack : 0.029
TNS   : 0.000

Type  : Fast 900mV 85C Model Hold 'pcihip0|p|hip|altpcie_hip_256_pipen1b|stratixv_hssi_gen3_pcie_hip|coreclkout'
Slack : 0.093
TNS   : 0.000

Type  : Fast 900mV 85C Model Hold 'pci_pi_refclk0'
Slack : 0.096
TNS   : 0.000

Type  : Fast 900mV 85C Model Hold 'sfp0|sfpp_phy_inst|S5|transceiver_core|gen.sv_xcvr_native_insts[0].gen_bonded_group.sv_xcvr_native_inst|inst_sv_xcvr_avmm|avmm_interface_insts[0].stratixv_hssi_avmm_interface_inst|pmatestbussel[0]'
Slack : 0.298
TNS   : 0.000

Type  : Fast 900mV 85C Model Hold 'sv_reconfig_pma_testbus_clk_1'
Slack : 0.464
TNS   : 0.000

Type  : Fast 900mV 85C Model Hold 'sv_reconfig_pma_testbus_clk_0'
Slack : 0.518
TNS   : 0.000

Type  : Fast 900mV 85C Model Hold 'n/a'
Slack : 12.393
TNS   : 0.000

Type  : Fast 900mV 85C Model Recovery 'pcihip0|p|hip|altpcie_hip_256_pipen1b|stratixv_hssi_gen3_pcie_hip|coreclkout'
Slack : 1.052
TNS   : 0.000

Type  : Fast 900mV 85C Model Recovery 'pci_pi_refclk0'
Slack : 6.957
TNS   : 0.000

Type  : Fast 900mV 85C Model Recovery 'sfp0|sfpp_phy_inst|S5|transceiver_core|gen.sv_xcvr_native_insts[0].gen_bonded_group.sv_xcvr_native_inst|inst_sv_xcvr_avmm|avmm_interface_insts[0].stratixv_hssi_avmm_interface_inst|pmatestbussel[0]'
Slack : 7.297
TNS   : 0.000

Type  : Fast 900mV 85C Model Recovery 'sv_reconfig_pma_testbus_clk_0'
Slack : 8.245
TNS   : 0.000

Type  : Fast 900mV 85C Model Recovery 'altera_reserved_tck'
Slack : 32.087
TNS   : 0.000

Type  : Fast 900mV 85C Model Removal 'pcihip0|p|hip|altpcie_hip_256_pipen1b|stratixv_hssi_gen3_pcie_hip|coreclkout'
Slack : 0.133
TNS   : 0.000

Type  : Fast 900mV 85C Model Removal 'pci_pi_refclk0'
Slack : 0.150
TNS   : 0.000

Type  : Fast 900mV 85C Model Removal 'altera_reserved_tck'
Slack : 0.272
TNS   : 0.000

Type  : Fast 900mV 85C Model Removal 'sfp0|sfpp_phy_inst|S5|transceiver_core|gen.sv_xcvr_native_insts[0].gen_bonded_group.sv_xcvr_native_inst|inst_sv_xcvr_avmm|avmm_interface_insts[0].stratixv_hssi_avmm_interface_inst|pmatestbussel[0]'
Slack : 0.493
TNS   : 0.000

Type  : Fast 900mV 85C Model Removal 'sv_reconfig_pma_testbus_clk_0'
Slack : 0.871
TNS   : 0.000

Type  : Fast 900mV 85C Model Minimum Pulse Width 'sfp0|sfpp_phy_inst|S5|transceiver_core|gen.sv_xcvr_native_insts[0].gen_bonded_group.sv_xcvr_native_inst|inst_sv_pma|rx_pma.sv_rx_pma_inst|rx_pmas[0].rx_pma.rx_cdr|clk90bdes'
Slack : 0.117
TNS   : 0.000

Type  : Fast 900mV 85C Model Minimum Pulse Width 'sfp0|sfpp_phy_inst|S5|transceiver_core|gen.sv_xcvr_native_insts[0].gen_tx_plls.gen_tx_plls.tx_plls|pll[0].pll.atx_pll.tx_pll|clk010g'
Slack : 0.117
TNS   : 0.000

Type  : Fast 900mV 85C Model Minimum Pulse Width 'sfp1|sfpp_phy_inst|S5|transceiver_core|gen.sv_xcvr_native_insts[0].gen_bonded_group.sv_xcvr_native_inst|inst_sv_pma|rx_pma.sv_rx_pma_inst|rx_pmas[0].rx_pma.rx_cdr|clk90bdes'
Slack : 0.117
TNS   : 0.000

Type  : Fast 900mV 85C Model Minimum Pulse Width 'pcihip0|p|hip|altpcie_hip_256_pipen1b|g_xcvr.sv_xcvr_pipe_native|sv_xcvr_tx_plls_inst|pll[0].pll.cmu_pll.tx_pll|clkcdr'
Slack : 0.192
TNS   : 0.000

Type  : Fast 900mV 85C Model Minimum Pulse Width 'pcihip0|p|hip|altpcie_hip_256_pipen1b|g_xcvr.sv_xcvr_pipe_native|inst_sv_xcvr_native|inst_sv_pma|rx_pma.sv_rx_pma_inst|rx_pmas[0].rx_pma.rx_cdr|clk90bdes'
Slack : 0.200
TNS   : 0.000

Type  : Fast 900mV 85C Model Minimum Pulse Width 'pcihip0|p|hip|altpcie_hip_256_pipen1b|g_xcvr.sv_xcvr_pipe_native|inst_sv_xcvr_native|inst_sv_pma|rx_pma.sv_rx_pma_inst|rx_pmas[1].rx_pma.rx_cdr|clk90bdes'
Slack : 0.200
TNS   : 0.000

Type  : Fast 900mV 85C Model Minimum Pulse Width 'pcihip0|p|hip|altpcie_hip_256_pipen1b|g_xcvr.sv_xcvr_pipe_native|inst_sv_xcvr_native|inst_sv_pma|rx_pma.sv_rx_pma_inst|rx_pmas[2].rx_pma.rx_cdr|clk90bdes'
Slack : 0.200
TNS   : 0.000

Type  : Fast 900mV 85C Model Minimum Pulse Width 'pcihip0|p|hip|altpcie_hip_256_pipen1b|g_xcvr.sv_xcvr_pipe_native|inst_sv_xcvr_native|inst_sv_pma|rx_pma.sv_rx_pma_inst|rx_pmas[3].rx_pma.rx_cdr|clk90bdes'
Slack : 0.200
TNS   : 0.000

Type  : Fast 900mV 85C Model Minimum Pulse Width 'pcihip0|p|hip|altpcie_hip_256_pipen1b|g_xcvr.sv_xcvr_pipe_native|inst_sv_xcvr_native|inst_sv_pma|rx_pma.sv_rx_pma_inst|rx_pmas[5].rx_pma.rx_cdr|clk90bdes'
Slack : 0.200
TNS   : 0.000

Type  : Fast 900mV 85C Model Minimum Pulse Width 'pcihip0|p|hip|altpcie_hip_256_pipen1b|g_xcvr.sv_xcvr_pipe_native|inst_sv_xcvr_native|inst_sv_pma|rx_pma.sv_rx_pma_inst|rx_pmas[6].rx_pma.rx_cdr|clk90bdes'
Slack : 0.200
TNS   : 0.000

Type  : Fast 900mV 85C Model Minimum Pulse Width 'pcihip0|p|hip|altpcie_hip_256_pipen1b|g_xcvr.sv_xcvr_pipe_native|inst_sv_xcvr_native|inst_sv_pma|rx_pma.sv_rx_pma_inst|rx_pmas[7].rx_pma.rx_cdr|clk90bdes'
Slack : 0.200
TNS   : 0.000

Type  : Fast 900mV 85C Model Minimum Pulse Width 'pcihip0|p|hip|altpcie_hip_256_pipen1b|g_xcvr.sv_xcvr_pipe_native|inst_sv_xcvr_native|inst_sv_pma|rx_pma.sv_rx_pma_inst|rx_pmas[8].rx_pma.rx_cdr|clk90bdes'
Slack : 0.200
TNS   : 0.000

Type  : Fast 900mV 85C Model Minimum Pulse Width 'i_refclk_sfp'
Slack : 0.938
TNS   : 0.000

Type  : Fast 900mV 85C Model Minimum Pulse Width 'pcihip0|p|hip|altpcie_hip_256_pipen1b|g_xcvr.sv_xcvr_pipe_native|inst_sv_xcvr_native|inst_sv_pma|rx_pma.sv_rx_pma_inst|rx_pmas[0].rx_pma.rx_pma_deser|clk90b'
Slack : 0.950
TNS   : 0.000

Type  : Fast 900mV 85C Model Minimum Pulse Width 'pcihip0|p|hip|altpcie_hip_256_pipen1b|g_xcvr.sv_xcvr_pipe_native|inst_sv_xcvr_native|inst_sv_pma|rx_pma.sv_rx_pma_inst|rx_pmas[1].rx_pma.rx_pma_deser|clk90b'
Slack : 0.950
TNS   : 0.000

Type  : Fast 900mV 85C Model Minimum Pulse Width 'pcihip0|p|hip|altpcie_hip_256_pipen1b|g_xcvr.sv_xcvr_pipe_native|inst_sv_xcvr_native|inst_sv_pma|rx_pma.sv_rx_pma_inst|rx_pmas[2].rx_pma.rx_pma_deser|clk90b'
Slack : 0.950
TNS   : 0.000

Type  : Fast 900mV 85C Model Minimum Pulse Width 'pcihip0|p|hip|altpcie_hip_256_pipen1b|g_xcvr.sv_xcvr_pipe_native|inst_sv_xcvr_native|inst_sv_pma|rx_pma.sv_rx_pma_inst|rx_pmas[3].rx_pma.rx_pma_deser|clk90b'
Slack : 0.950
TNS   : 0.000

Type  : Fast 900mV 85C Model Minimum Pulse Width 'pcihip0|p|hip|altpcie_hip_256_pipen1b|g_xcvr.sv_xcvr_pipe_native|inst_sv_xcvr_native|inst_sv_pma|rx_pma.sv_rx_pma_inst|rx_pmas[5].rx_pma.rx_pma_deser|clk90b'
Slack : 0.950
TNS   : 0.000

Type  : Fast 900mV 85C Model Minimum Pulse Width 'pcihip0|p|hip|altpcie_hip_256_pipen1b|g_xcvr.sv_xcvr_pipe_native|inst_sv_xcvr_native|inst_sv_pma|rx_pma.sv_rx_pma_inst|rx_pmas[6].rx_pma.rx_pma_deser|clk90b'
Slack : 0.950
TNS   : 0.000

Type  : Fast 900mV 85C Model Minimum Pulse Width 'pcihip0|p|hip|altpcie_hip_256_pipen1b|g_xcvr.sv_xcvr_pipe_native|inst_sv_xcvr_native|inst_sv_pma|rx_pma.sv_rx_pma_inst|rx_pmas[7].rx_pma.rx_pma_deser|clk90b'
Slack : 0.950
TNS   : 0.000

Type  : Fast 900mV 85C Model Minimum Pulse Width 'pcihip0|p|hip|altpcie_hip_256_pipen1b|g_xcvr.sv_xcvr_pipe_native|inst_sv_xcvr_native|inst_sv_pma|rx_pma.sv_rx_pma_inst|rx_pmas[8].rx_pma.rx_pma_deser|clk90b'
Slack : 0.950
TNS   : 0.000

Type  : Fast 900mV 85C Model Minimum Pulse Width 'pcihip0|p|hip|altpcie_hip_256_pipen1b|g_xcvr.sv_xcvr_pipe_native|inst_sv_xcvr_native|inst_sv_pma|tx_pma.sv_tx_pma_inst|tx_pma_insts[0].sv_tx_pma_ch_inst|tx_pma_ch.tx_cgb|lfclkp'
Slack : 0.986
TNS   : 0.000

Type  : Fast 900mV 85C Model Minimum Pulse Width 'pcihip0|p|hip|altpcie_hip_256_pipen1b|g_xcvr.sv_xcvr_pipe_native|inst_sv_xcvr_native|inst_sv_pma|tx_pma.sv_tx_pma_inst|tx_pma_insts[1].sv_tx_pma_ch_inst|tx_pma_ch.tx_cgb|lfclkp'
Slack : 0.986
TNS   : 0.000

Type  : Fast 900mV 85C Model Minimum Pulse Width 'pcihip0|p|hip|altpcie_hip_256_pipen1b|g_xcvr.sv_xcvr_pipe_native|inst_sv_xcvr_native|inst_sv_pma|tx_pma.sv_tx_pma_inst|tx_pma_insts[2].sv_tx_pma_ch_inst|tx_pma_ch.tx_cgb|lfclkp'
Slack : 0.986
TNS   : 0.000

Type  : Fast 900mV 85C Model Minimum Pulse Width 'pcihip0|p|hip|altpcie_hip_256_pipen1b|g_xcvr.sv_xcvr_pipe_native|inst_sv_xcvr_native|inst_sv_pma|tx_pma.sv_tx_pma_inst|tx_pma_insts[3].sv_tx_pma_ch_inst|tx_pma_ch.tx_cgb|lfclkp'
Slack : 0.986
TNS   : 0.000

Type  : Fast 900mV 85C Model Minimum Pulse Width 'pcihip0|p|hip|altpcie_hip_256_pipen1b|g_xcvr.sv_xcvr_pipe_native|inst_sv_xcvr_native|inst_sv_pma|tx_pma.sv_tx_pma_inst|tx_pma_insts[4].sv_tx_pma_ch_inst|tx_pma_ch.tx_cgb|lfclkp'
Slack : 0.986
TNS   : 0.000

Type  : Fast 900mV 85C Model Minimum Pulse Width 'pcihip0|p|hip|altpcie_hip_256_pipen1b|g_xcvr.sv_xcvr_pipe_native|inst_sv_xcvr_native|inst_sv_pma|tx_pma.sv_tx_pma_inst|tx_pma_insts[5].sv_tx_pma_ch_inst|tx_pma_ch.tx_cgb|lfclkp'
Slack : 0.986
TNS   : 0.000

Type  : Fast 900mV 85C Model Minimum Pulse Width 'pcihip0|p|hip|altpcie_hip_256_pipen1b|g_xcvr.sv_xcvr_pipe_native|inst_sv_xcvr_native|inst_sv_pma|tx_pma.sv_tx_pma_inst|tx_pma_insts[6].sv_tx_pma_ch_inst|tx_pma_ch.tx_cgb|lfclkp'
Slack : 0.986
TNS   : 0.000

Type  : Fast 900mV 85C Model Minimum Pulse Width 'pcihip0|p|hip|altpcie_hip_256_pipen1b|g_xcvr.sv_xcvr_pipe_native|inst_sv_xcvr_native|inst_sv_pma|tx_pma.sv_tx_pma_inst|tx_pma_insts[7].sv_tx_pma_ch_inst|tx_pma_ch.tx_cgb|lfclkp'
Slack : 0.986
TNS   : 0.000

Type  : Fast 900mV 85C Model Minimum Pulse Width 'pcihip0|p|hip|altpcie_hip_256_pipen1b|g_xcvr.sv_xcvr_pipe_native|inst_sv_xcvr_native|inst_sv_pma|tx_pma.sv_tx_pma_inst|tx_pma_insts[8].sv_tx_pma_ch_inst|tx_pma_ch.tx_cgb|lfclkp'
Slack : 0.986
TNS   : 0.000

Type  : Fast 900mV 85C Model Minimum Pulse Width 'pcihip0|p|hip|altpcie_hip_256_pipen1b|g_xcvr.sv_xcvr_pipe_native|inst_sv_xcvr_native|inst_sv_pma|tx_pma.sv_tx_pma_inst|tx_pma_insts[4].sv_tx_pma_ch_inst|tx_pma_ch.tx_cgb|cpulseout'
Slack : 0.992
TNS   : 0.000

Type  : Fast 900mV 85C Model Minimum Pulse Width 'pcihip0|p|hip|altpcie_hip_256_pipen1b|g_xcvr.sv_xcvr_pipe_native|inst_sv_xcvr_native|inst_sv_pma|tx_pma.sv_tx_pma_inst|tx_pma_insts[4].sv_tx_pma_ch_inst|tx_pma_ch.tx_cgb|lfclkpout'
Slack : 1.000
TNS   : 0.000

Type  : Fast 900mV 85C Model Minimum Pulse Width 'sfp0|sfpp_phy_inst|S5|transceiver_core|gen.sv_xcvr_native_insts[0].gen_bonded_group.sv_xcvr_native_inst|inst_sv_pma|rx_pma.sv_rx_pma_inst|rx_pmas[0].rx_pma.rx_pma_deser|clk90b'
Slack : 1.125
TNS   : 0.000

Type  : Fast 900mV 85C Model Minimum Pulse Width 'sfp1|sfpp_phy_inst|S5|transceiver_core|gen.sv_xcvr_native_insts[0].gen_bonded_group.sv_xcvr_native_inst|inst_sv_pma|rx_pma.sv_rx_pma_inst|rx_pmas[0].rx_pma.rx_pma_deser|clk90b'
Slack : 1.125
TNS   : 0.000

Type  : Fast 900mV 85C Model Minimum Pulse Width 'sfp0|sfpp_phy_inst|S5|transceiver_core|gen.sv_xcvr_native_insts[0].gen_bonded_group.sv_xcvr_native_inst|inst_sv_pma|tx_pma.sv_tx_pma_inst|tx_pma_insts[0].sv_tx_pma_ch_inst|tx_pma_ch.tx_cgb|pclk[0]'
Slack : 1.162
TNS   : 0.000

Type  : Fast 900mV 85C Model Minimum Pulse Width 'sfp1|sfpp_phy_inst|S5|transceiver_core|gen.sv_xcvr_native_insts[0].gen_bonded_group.sv_xcvr_native_inst|inst_sv_pma|tx_pma.sv_tx_pma_inst|tx_pma_insts[0].sv_tx_pma_ch_inst|tx_pma_ch.tx_cgb|pclk[0]'
Slack : 1.162
TNS   : 0.000

Type  : Fast 900mV 85C Model Minimum Pulse Width 'pcihip0|p|hip|altpcie_hip_256_pipen1b|stratixv_hssi_gen3_pcie_hip|coreclkout'
Slack : 1.187
TNS   : 0.000

Type  : Fast 900mV 85C Model Minimum Pulse Width 'pcihip0|p|hip|altpcie_hip_256_pipen1b|g_xcvr.sv_xcvr_pipe_native|inst_sv_xcvr_native|inst_sv_pma|tx_pma.sv_tx_pma_inst|tx_pma_insts[4].sv_tx_pma_ch_inst|tx_pma_ch.tx_cgb|pclkout[0]'
Slack : 2.000
TNS   : 0.000

Type  : Fast 900mV 85C Model Minimum Pulse Width 'pcihip0|p|hip|altpcie_hip_256_pipen1b|stratixv_hssi_gen3_pcie_hip|observablecoreclkdiv'
Slack : 2.000
TNS   : 0.000

Type  : Fast 900mV 85C Model Minimum Pulse Width 'sfp1|sfpp_phy_inst|S5|transceiver_core|gen.sv_xcvr_native_insts[0].gen_bonded_group.sv_xcvr_native_inst|inst_sv_pcs|ch[0].inst_sv_pcs_ch|inst_sv_hssi_8g_rx_pcs|wys|clocktopld'
Slack : 2.295
TNS   : 0.000

Type  : Fast 900mV 85C Model Minimum Pulse Width 'sfp0|sfpp_phy_inst|S5|transceiver_core|gen.sv_xcvr_native_insts[0].gen_bonded_group.sv_xcvr_native_inst|inst_sv_pcs|ch[0].inst_sv_pcs_ch|inst_sv_hssi_8g_rx_pcs|wys|clocktopld'
Slack : 2.299
TNS   : 0.000

Type  : Fast 900mV 85C Model Minimum Pulse Width 'sfp0|sfpp_phy_inst|S5|transceiver_core|gen.sv_xcvr_native_insts[0].gen_bonded_group.sv_xcvr_native_inst|inst_sv_pcs|ch[0].inst_sv_pcs_ch|inst_sv_hssi_8g_rx_pcs|wys|observablebyteserdesclock'
Slack : 2.319
TNS   : 0.000

Type  : Fast 900mV 85C Model Minimum Pulse Width 'sfp1|sfpp_phy_inst|S5|transceiver_core|gen.sv_xcvr_native_insts[0].gen_bonded_group.sv_xcvr_native_inst|inst_sv_pcs|ch[0].inst_sv_pcs_ch|inst_sv_hssi_8g_rx_pcs|wys|observablebyteserdesclock'
Slack : 2.319
TNS   : 0.000

Type  : Fast 900mV 85C Model Minimum Pulse Width 'sfp0|sfpp_phy_inst|S5|transceiver_core|gen.sv_xcvr_native_insts[0].gen_bonded_group.sv_xcvr_native_inst|inst_sv_pcs|ch[0].inst_sv_pcs_ch|inst_sv_hssi_8g_tx_pcs|wys|observablebyteserdesclock'
Slack : 2.352
TNS   : 0.000

Type  : Fast 900mV 85C Model Minimum Pulse Width 'sfp1|sfpp_phy_inst|S5|transceiver_core|gen.sv_xcvr_native_insts[0].gen_bonded_group.sv_xcvr_native_inst|inst_sv_pcs|ch[0].inst_sv_pcs_ch|inst_sv_hssi_8g_tx_pcs|wys|observablebyteserdesclock'
Slack : 2.352
TNS   : 0.000

Type  : Fast 900mV 85C Model Minimum Pulse Width 'pcihip0|p|hip|altpcie_hip_256_pipen1b|g_xcvr.sv_xcvr_pipe_native|inst_sv_xcvr_native|inst_sv_pcs|ch[0].inst_sv_pcs_ch|inst_sv_hssi_8g_rx_pcs|wys|observablebyteserdesclock'
Slack : 3.970
TNS   : 0.000

Type  : Fast 900mV 85C Model Minimum Pulse Width 'pcihip0|p|hip|altpcie_hip_256_pipen1b|g_xcvr.sv_xcvr_pipe_native|inst_sv_xcvr_native|inst_sv_pcs|ch[1].inst_sv_pcs_ch|inst_sv_hssi_8g_rx_pcs|wys|observablebyteserdesclock'
Slack : 3.970
TNS   : 0.000

Type  : Fast 900mV 85C Model Minimum Pulse Width 'pcihip0|p|hip|altpcie_hip_256_pipen1b|g_xcvr.sv_xcvr_pipe_native|inst_sv_xcvr_native|inst_sv_pcs|ch[2].inst_sv_pcs_ch|inst_sv_hssi_8g_rx_pcs|wys|observablebyteserdesclock'
Slack : 3.970
TNS   : 0.000

Type  : Fast 900mV 85C Model Minimum Pulse Width 'pcihip0|p|hip|altpcie_hip_256_pipen1b|g_xcvr.sv_xcvr_pipe_native|inst_sv_xcvr_native|inst_sv_pcs|ch[3].inst_sv_pcs_ch|inst_sv_hssi_8g_rx_pcs|wys|observablebyteserdesclock'
Slack : 3.970
TNS   : 0.000

Type  : Fast 900mV 85C Model Minimum Pulse Width 'pcihip0|p|hip|altpcie_hip_256_pipen1b|g_xcvr.sv_xcvr_pipe_native|inst_sv_xcvr_native|inst_sv_pcs|ch[5].inst_sv_pcs_ch|inst_sv_hssi_8g_rx_pcs|wys|observablebyteserdesclock'
Slack : 3.970
TNS   : 0.000

Type  : Fast 900mV 85C Model Minimum Pulse Width 'pcihip0|p|hip|altpcie_hip_256_pipen1b|g_xcvr.sv_xcvr_pipe_native|inst_sv_xcvr_native|inst_sv_pcs|ch[6].inst_sv_pcs_ch|inst_sv_hssi_8g_rx_pcs|wys|observablebyteserdesclock'
Slack : 3.970
TNS   : 0.000

Type  : Fast 900mV 85C Model Minimum Pulse Width 'pcihip0|p|hip|altpcie_hip_256_pipen1b|g_xcvr.sv_xcvr_pipe_native|inst_sv_xcvr_native|inst_sv_pcs|ch[7].inst_sv_pcs_ch|inst_sv_hssi_8g_rx_pcs|wys|observablebyteserdesclock'
Slack : 3.970
TNS   : 0.000

Type  : Fast 900mV 85C Model Minimum Pulse Width 'pcihip0|p|hip|altpcie_hip_256_pipen1b|g_xcvr.sv_xcvr_pipe_native|inst_sv_xcvr_native|inst_sv_pcs|ch[8].inst_sv_pcs_ch|inst_sv_hssi_8g_rx_pcs|wys|observablebyteserdesclock'
Slack : 3.970
TNS   : 0.000

Type  : Fast 900mV 85C Model Minimum Pulse Width 'pcihip0|p|hip|altpcie_hip_256_pipen1b|g_xcvr.sv_xcvr_pipe_native|inst_sv_xcvr_native|inst_sv_pcs|ch[0].inst_sv_pcs_ch|inst_sv_hssi_8g_tx_pcs|wys|observablebyteserdesclock'
Slack : 4.000
TNS   : 0.000

Type  : Fast 900mV 85C Model Minimum Pulse Width 'pcihip0|p|hip|altpcie_hip_256_pipen1b|g_xcvr.sv_xcvr_pipe_native|inst_sv_xcvr_native|inst_sv_pcs|ch[1].inst_sv_pcs_ch|inst_sv_hssi_8g_tx_pcs|wys|observablebyteserdesclock'
Slack : 4.000
TNS   : 0.000

Type  : Fast 900mV 85C Model Minimum Pulse Width 'pcihip0|p|hip|altpcie_hip_256_pipen1b|g_xcvr.sv_xcvr_pipe_native|inst_sv_xcvr_native|inst_sv_pcs|ch[2].inst_sv_pcs_ch|inst_sv_hssi_8g_tx_pcs|wys|observablebyteserdesclock'
Slack : 4.000
TNS   : 0.000

Type  : Fast 900mV 85C Model Minimum Pulse Width 'pcihip0|p|hip|altpcie_hip_256_pipen1b|g_xcvr.sv_xcvr_pipe_native|inst_sv_xcvr_native|inst_sv_pcs|ch[3].inst_sv_pcs_ch|inst_sv_hssi_8g_tx_pcs|wys|observablebyteserdesclock'
Slack : 4.000
TNS   : 0.000

Type  : Fast 900mV 85C Model Minimum Pulse Width 'pcihip0|p|hip|altpcie_hip_256_pipen1b|g_xcvr.sv_xcvr_pipe_native|inst_sv_xcvr_native|inst_sv_pcs|ch[4].inst_sv_pcs_ch|inst_sv_hssi_8g_tx_pcs|wys|observablebyteserdesclock'
Slack : 4.000
TNS   : 0.000

Type  : Fast 900mV 85C Model Minimum Pulse Width 'pcihip0|p|hip|altpcie_hip_256_pipen1b|g_xcvr.sv_xcvr_pipe_native|inst_sv_xcvr_native|inst_sv_pcs|ch[5].inst_sv_pcs_ch|inst_sv_hssi_8g_tx_pcs|wys|observablebyteserdesclock'
Slack : 4.000
TNS   : 0.000

Type  : Fast 900mV 85C Model Minimum Pulse Width 'pcihip0|p|hip|altpcie_hip_256_pipen1b|g_xcvr.sv_xcvr_pipe_native|inst_sv_xcvr_native|inst_sv_pcs|ch[6].inst_sv_pcs_ch|inst_sv_hssi_8g_tx_pcs|wys|observablebyteserdesclock'
Slack : 4.000
TNS   : 0.000

Type  : Fast 900mV 85C Model Minimum Pulse Width 'pcihip0|p|hip|altpcie_hip_256_pipen1b|g_xcvr.sv_xcvr_pipe_native|inst_sv_xcvr_native|inst_sv_pcs|ch[7].inst_sv_pcs_ch|inst_sv_hssi_8g_tx_pcs|wys|observablebyteserdesclock'
Slack : 4.000
TNS   : 0.000

Type  : Fast 900mV 85C Model Minimum Pulse Width 'pcihip0|p|hip|altpcie_hip_256_pipen1b|g_xcvr.sv_xcvr_pipe_native|inst_sv_xcvr_native|inst_sv_pcs|ch[8].inst_sv_pcs_ch|inst_sv_hssi_8g_tx_pcs|wys|observablebyteserdesclock'
Slack : 4.000
TNS   : 0.000

Type  : Fast 900mV 85C Model Minimum Pulse Width 'pcihip0|p|hip|altpcie_hip_256_pipen1b|g_xcvr.sv_xcvr_pipe_native|inst_sv_xcvr_native|inst_sv_pma|tx_pma.sv_tx_pma_inst|tx_pma_insts[4].sv_tx_pma_ch_inst|tx_pma_ch.tx_cgb|pclkout[1]'
Slack : 4.000
TNS   : 0.000

Type  : Fast 900mV 85C Model Minimum Pulse Width 'sfp0|sfpp_phy_inst|S5|transceiver_core|gen.sv_xcvr_native_insts[0].gen_bonded_group.sv_xcvr_native_inst|inst_sv_xcvr_avmm|avmm_interface_insts[0].stratixv_hssi_avmm_interface_inst|pmatestbussel[0]'
Slack : 4.071
TNS   : 0.000

Type  : Fast 900mV 85C Model Minimum Pulse Width 'sv_reconfig_pma_testbus_clk_0'
Slack : 4.199
TNS   : 0.000

Type  : Fast 900mV 85C Model Minimum Pulse Width 'sv_reconfig_pma_testbus_clk_1'
Slack : 4.215
TNS   : 0.000

Type  : Fast 900mV 85C Model Minimum Pulse Width 'pci_pi_refclk0'
Slack : 4.390
TNS   : 0.000

Type  : Fast 900mV 85C Model Minimum Pulse Width 'pcihip0|p|hip|altpcie_hip_256_pipen1b|g_xcvr.sv_xcvr_pipe_native|inst_sv_xcvr_native|inst_sv_xcvr_avmm|avmm_interface_insts[0].stratixv_hssi_avmm_interface_inst|pmatestbussel[0]'
Slack : 5.000
TNS   : 0.000

Type  : Fast 900mV 85C Model Minimum Pulse Width 'pcihip0|p|hip|altpcie_hip_256_pipen1b|g_xcvr.sv_xcvr_pipe_native|inst_sv_xcvr_native|inst_sv_xcvr_avmm|avmm_interface_insts[3].stratixv_hssi_avmm_interface_inst|pmatestbussel[0]'
Slack : 5.000
TNS   : 0.000

Type  : Fast 900mV 85C Model Minimum Pulse Width 'pcihip0|p|hip|altpcie_hip_256_pipen1b|g_xcvr.sv_xcvr_pipe_native|inst_sv_xcvr_native|inst_sv_xcvr_avmm|avmm_interface_insts[6].stratixv_hssi_avmm_interface_inst|pmatestbussel[0]'
Slack : 5.000
TNS   : 0.000

Type  : Fast 900mV 85C Model Minimum Pulse Width 'pcihip0|p|hip|altpcie_hip_256_pipen1b|g_xcvr.sv_xcvr_pipe_native|sv_xcvr_tx_plls_inst|pll[0].pll.cmu_pll.pll_mux.pll_refclk_select_mux|clkout'
Slack : 5.000
TNS   : 0.000

Type  : Fast 900mV 85C Model Minimum Pulse Width 'pcihip0|p|hip|altpcie_hip_256_pipen1b|g_xcvr.sv_xcvr_pipe_native|inst_sv_xcvr_native|inst_sv_pma|tx_pma.sv_tx_pma_inst|tx_pma_insts[4].sv_tx_pma_ch_inst|tx_pma_ch.tx_cgb|pclkout[2]'
Slack : 8.000
TNS   : 0.000

Type  : Fast 900mV 85C Model Minimum Pulse Width 'altera_reserved_tck'
Slack : 15.929
TNS   : 0.000

Type  : Fast 900mV 0C Model Setup 'pcihip0|p|hip|altpcie_hip_256_pipen1b|stratixv_hssi_gen3_pcie_hip|coreclkout'
Slack : 1.310
TNS   : 0.000

Type  : Fast 900mV 0C Model Setup 'pci_pi_refclk0'
Slack : 3.506
TNS   : 0.000

Type  : Fast 900mV 0C Model Setup 'sfp0|sfpp_phy_inst|S5|transceiver_core|gen.sv_xcvr_native_insts[0].gen_bonded_group.sv_xcvr_native_inst|inst_sv_xcvr_avmm|avmm_interface_insts[0].stratixv_hssi_avmm_interface_inst|pmatestbussel[0]'
Slack : 4.051
TNS   : 0.000

Type  : Fast 900mV 0C Model Setup 'n/a'
Slack : 4.546
TNS   : 0.000

Type  : Fast 900mV 0C Model Setup 'sv_reconfig_pma_testbus_clk_1'
Slack : 8.502
TNS   : 0.000

Type  : Fast 900mV 0C Model Setup 'sv_reconfig_pma_testbus_clk_0'
Slack : 8.675
TNS   : 0.000

Type  : Fast 900mV 0C Model Setup 'altera_reserved_tck'
Slack : 14.768
TNS   : 0.000

Type  : Fast 900mV 0C Model Hold 'altera_reserved_tck'
Slack : 0.023
TNS   : 0.000

Type  : Fast 900mV 0C Model Hold 'pcihip0|p|hip|altpcie_hip_256_pipen1b|stratixv_hssi_gen3_pcie_hip|coreclkout'
Slack : 0.136
TNS   : 0.000

Type  : Fast 900mV 0C Model Hold 'pci_pi_refclk0'
Slack : 0.141
TNS   : 0.000

Type  : Fast 900mV 0C Model Hold 'sfp0|sfpp_phy_inst|S5|transceiver_core|gen.sv_xcvr_native_insts[0].gen_bonded_group.sv_xcvr_native_inst|inst_sv_xcvr_avmm|avmm_interface_insts[0].stratixv_hssi_avmm_interface_inst|pmatestbussel[0]'
Slack : 0.292
TNS   : 0.000

Type  : Fast 900mV 0C Model Hold 'sv_reconfig_pma_testbus_clk_1'
Slack : 0.429
TNS   : 0.000

Type  : Fast 900mV 0C Model Hold 'sv_reconfig_pma_testbus_clk_0'
Slack : 0.480
TNS   : 0.000

Type  : Fast 900mV 0C Model Hold 'n/a'
Slack : 12.298
TNS   : 0.000

Type  : Fast 900mV 0C Model Recovery 'pcihip0|p|hip|altpcie_hip_256_pipen1b|stratixv_hssi_gen3_pcie_hip|coreclkout'
Slack : 1.225
TNS   : 0.000

Type  : Fast 900mV 0C Model Recovery 'pci_pi_refclk0'
Slack : 7.218
TNS   : 0.000

Type  : Fast 900mV 0C Model Recovery 'sfp0|sfpp_phy_inst|S5|transceiver_core|gen.sv_xcvr_native_insts[0].gen_bonded_group.sv_xcvr_native_inst|inst_sv_xcvr_avmm|avmm_interface_insts[0].stratixv_hssi_avmm_interface_inst|pmatestbussel[0]'
Slack : 7.496
TNS   : 0.000

Type  : Fast 900mV 0C Model Recovery 'sv_reconfig_pma_testbus_clk_0'
Slack : 8.334
TNS   : 0.000

Type  : Fast 900mV 0C Model Recovery 'altera_reserved_tck'
Slack : 32.166
TNS   : 0.000

Type  : Fast 900mV 0C Model Removal 'pcihip0|p|hip|altpcie_hip_256_pipen1b|stratixv_hssi_gen3_pcie_hip|coreclkout'
Slack : 0.172
TNS   : 0.000

Type  : Fast 900mV 0C Model Removal 'pci_pi_refclk0'
Slack : 0.194
TNS   : 0.000

Type  : Fast 900mV 0C Model Removal 'altera_reserved_tck'
Slack : 0.269
TNS   : 0.000

Type  : Fast 900mV 0C Model Removal 'sfp0|sfpp_phy_inst|S5|transceiver_core|gen.sv_xcvr_native_insts[0].gen_bonded_group.sv_xcvr_native_inst|inst_sv_xcvr_avmm|avmm_interface_insts[0].stratixv_hssi_avmm_interface_inst|pmatestbussel[0]'
Slack : 0.441
TNS   : 0.000

Type  : Fast 900mV 0C Model Removal 'sv_reconfig_pma_testbus_clk_0'
Slack : 0.792
TNS   : 0.000

Type  : Fast 900mV 0C Model Minimum Pulse Width 'sfp0|sfpp_phy_inst|S5|transceiver_core|gen.sv_xcvr_native_insts[0].gen_bonded_group.sv_xcvr_native_inst|inst_sv_pma|rx_pma.sv_rx_pma_inst|rx_pmas[0].rx_pma.rx_cdr|clk90bdes'
Slack : 0.117
TNS   : 0.000

Type  : Fast 900mV 0C Model Minimum Pulse Width 'sfp0|sfpp_phy_inst|S5|transceiver_core|gen.sv_xcvr_native_insts[0].gen_tx_plls.gen_tx_plls.tx_plls|pll[0].pll.atx_pll.tx_pll|clk010g'
Slack : 0.117
TNS   : 0.000

Type  : Fast 900mV 0C Model Minimum Pulse Width 'sfp1|sfpp_phy_inst|S5|transceiver_core|gen.sv_xcvr_native_insts[0].gen_bonded_group.sv_xcvr_native_inst|inst_sv_pma|rx_pma.sv_rx_pma_inst|rx_pmas[0].rx_pma.rx_cdr|clk90bdes'
Slack : 0.117
TNS   : 0.000

Type  : Fast 900mV 0C Model Minimum Pulse Width 'pcihip0|p|hip|altpcie_hip_256_pipen1b|g_xcvr.sv_xcvr_pipe_native|sv_xcvr_tx_plls_inst|pll[0].pll.cmu_pll.tx_pll|clkcdr'
Slack : 0.192
TNS   : 0.000

Type  : Fast 900mV 0C Model Minimum Pulse Width 'pcihip0|p|hip|altpcie_hip_256_pipen1b|g_xcvr.sv_xcvr_pipe_native|inst_sv_xcvr_native|inst_sv_pma|rx_pma.sv_rx_pma_inst|rx_pmas[0].rx_pma.rx_cdr|clk90bdes'
Slack : 0.200
TNS   : 0.000

Type  : Fast 900mV 0C Model Minimum Pulse Width 'pcihip0|p|hip|altpcie_hip_256_pipen1b|g_xcvr.sv_xcvr_pipe_native|inst_sv_xcvr_native|inst_sv_pma|rx_pma.sv_rx_pma_inst|rx_pmas[1].rx_pma.rx_cdr|clk90bdes'
Slack : 0.200
TNS   : 0.000

Type  : Fast 900mV 0C Model Minimum Pulse Width 'pcihip0|p|hip|altpcie_hip_256_pipen1b|g_xcvr.sv_xcvr_pipe_native|inst_sv_xcvr_native|inst_sv_pma|rx_pma.sv_rx_pma_inst|rx_pmas[2].rx_pma.rx_cdr|clk90bdes'
Slack : 0.200
TNS   : 0.000

Type  : Fast 900mV 0C Model Minimum Pulse Width 'pcihip0|p|hip|altpcie_hip_256_pipen1b|g_xcvr.sv_xcvr_pipe_native|inst_sv_xcvr_native|inst_sv_pma|rx_pma.sv_rx_pma_inst|rx_pmas[3].rx_pma.rx_cdr|clk90bdes'
Slack : 0.200
TNS   : 0.000

Type  : Fast 900mV 0C Model Minimum Pulse Width 'pcihip0|p|hip|altpcie_hip_256_pipen1b|g_xcvr.sv_xcvr_pipe_native|inst_sv_xcvr_native|inst_sv_pma|rx_pma.sv_rx_pma_inst|rx_pmas[5].rx_pma.rx_cdr|clk90bdes'
Slack : 0.200
TNS   : 0.000

Type  : Fast 900mV 0C Model Minimum Pulse Width 'pcihip0|p|hip|altpcie_hip_256_pipen1b|g_xcvr.sv_xcvr_pipe_native|inst_sv_xcvr_native|inst_sv_pma|rx_pma.sv_rx_pma_inst|rx_pmas[6].rx_pma.rx_cdr|clk90bdes'
Slack : 0.200
TNS   : 0.000

Type  : Fast 900mV 0C Model Minimum Pulse Width 'pcihip0|p|hip|altpcie_hip_256_pipen1b|g_xcvr.sv_xcvr_pipe_native|inst_sv_xcvr_native|inst_sv_pma|rx_pma.sv_rx_pma_inst|rx_pmas[7].rx_pma.rx_cdr|clk90bdes'
Slack : 0.200
TNS   : 0.000

Type  : Fast 900mV 0C Model Minimum Pulse Width 'pcihip0|p|hip|altpcie_hip_256_pipen1b|g_xcvr.sv_xcvr_pipe_native|inst_sv_xcvr_native|inst_sv_pma|rx_pma.sv_rx_pma_inst|rx_pmas[8].rx_pma.rx_cdr|clk90bdes'
Slack : 0.200
TNS   : 0.000

Type  : Fast 900mV 0C Model Minimum Pulse Width 'i_refclk_sfp'
Slack : 0.938
TNS   : 0.000

Type  : Fast 900mV 0C Model Minimum Pulse Width 'pcihip0|p|hip|altpcie_hip_256_pipen1b|g_xcvr.sv_xcvr_pipe_native|inst_sv_xcvr_native|inst_sv_pma|rx_pma.sv_rx_pma_inst|rx_pmas[0].rx_pma.rx_pma_deser|clk90b'
Slack : 0.949
TNS   : 0.000

Type  : Fast 900mV 0C Model Minimum Pulse Width 'pcihip0|p|hip|altpcie_hip_256_pipen1b|g_xcvr.sv_xcvr_pipe_native|inst_sv_xcvr_native|inst_sv_pma|rx_pma.sv_rx_pma_inst|rx_pmas[1].rx_pma.rx_pma_deser|clk90b'
Slack : 0.949
TNS   : 0.000

Type  : Fast 900mV 0C Model Minimum Pulse Width 'pcihip0|p|hip|altpcie_hip_256_pipen1b|g_xcvr.sv_xcvr_pipe_native|inst_sv_xcvr_native|inst_sv_pma|rx_pma.sv_rx_pma_inst|rx_pmas[2].rx_pma.rx_pma_deser|clk90b'
Slack : 0.949
TNS   : 0.000

Type  : Fast 900mV 0C Model Minimum Pulse Width 'pcihip0|p|hip|altpcie_hip_256_pipen1b|g_xcvr.sv_xcvr_pipe_native|inst_sv_xcvr_native|inst_sv_pma|rx_pma.sv_rx_pma_inst|rx_pmas[3].rx_pma.rx_pma_deser|clk90b'
Slack : 0.949
TNS   : 0.000

Type  : Fast 900mV 0C Model Minimum Pulse Width 'pcihip0|p|hip|altpcie_hip_256_pipen1b|g_xcvr.sv_xcvr_pipe_native|inst_sv_xcvr_native|inst_sv_pma|rx_pma.sv_rx_pma_inst|rx_pmas[5].rx_pma.rx_pma_deser|clk90b'
Slack : 0.949
TNS   : 0.000

Type  : Fast 900mV 0C Model Minimum Pulse Width 'pcihip0|p|hip|altpcie_hip_256_pipen1b|g_xcvr.sv_xcvr_pipe_native|inst_sv_xcvr_native|inst_sv_pma|rx_pma.sv_rx_pma_inst|rx_pmas[6].rx_pma.rx_pma_deser|clk90b'
Slack : 0.949
TNS   : 0.000

Type  : Fast 900mV 0C Model Minimum Pulse Width 'pcihip0|p|hip|altpcie_hip_256_pipen1b|g_xcvr.sv_xcvr_pipe_native|inst_sv_xcvr_native|inst_sv_pma|rx_pma.sv_rx_pma_inst|rx_pmas[7].rx_pma.rx_pma_deser|clk90b'
Slack : 0.949
TNS   : 0.000

Type  : Fast 900mV 0C Model Minimum Pulse Width 'pcihip0|p|hip|altpcie_hip_256_pipen1b|g_xcvr.sv_xcvr_pipe_native|inst_sv_xcvr_native|inst_sv_pma|rx_pma.sv_rx_pma_inst|rx_pmas[8].rx_pma.rx_pma_deser|clk90b'
Slack : 0.949
TNS   : 0.000

Type  : Fast 900mV 0C Model Minimum Pulse Width 'pcihip0|p|hip|altpcie_hip_256_pipen1b|g_xcvr.sv_xcvr_pipe_native|inst_sv_xcvr_native|inst_sv_pma|tx_pma.sv_tx_pma_inst|tx_pma_insts[0].sv_tx_pma_ch_inst|tx_pma_ch.tx_cgb|lfclkp'
Slack : 0.986
TNS   : 0.000

Type  : Fast 900mV 0C Model Minimum Pulse Width 'pcihip0|p|hip|altpcie_hip_256_pipen1b|g_xcvr.sv_xcvr_pipe_native|inst_sv_xcvr_native|inst_sv_pma|tx_pma.sv_tx_pma_inst|tx_pma_insts[1].sv_tx_pma_ch_inst|tx_pma_ch.tx_cgb|lfclkp'
Slack : 0.986
TNS   : 0.000

Type  : Fast 900mV 0C Model Minimum Pulse Width 'pcihip0|p|hip|altpcie_hip_256_pipen1b|g_xcvr.sv_xcvr_pipe_native|inst_sv_xcvr_native|inst_sv_pma|tx_pma.sv_tx_pma_inst|tx_pma_insts[2].sv_tx_pma_ch_inst|tx_pma_ch.tx_cgb|lfclkp'
Slack : 0.986
TNS   : 0.000

Type  : Fast 900mV 0C Model Minimum Pulse Width 'pcihip0|p|hip|altpcie_hip_256_pipen1b|g_xcvr.sv_xcvr_pipe_native|inst_sv_xcvr_native|inst_sv_pma|tx_pma.sv_tx_pma_inst|tx_pma_insts[3].sv_tx_pma_ch_inst|tx_pma_ch.tx_cgb|lfclkp'
Slack : 0.986
TNS   : 0.000

Type  : Fast 900mV 0C Model Minimum Pulse Width 'pcihip0|p|hip|altpcie_hip_256_pipen1b|g_xcvr.sv_xcvr_pipe_native|inst_sv_xcvr_native|inst_sv_pma|tx_pma.sv_tx_pma_inst|tx_pma_insts[4].sv_tx_pma_ch_inst|tx_pma_ch.tx_cgb|lfclkp'
Slack : 0.986
TNS   : 0.000

Type  : Fast 900mV 0C Model Minimum Pulse Width 'pcihip0|p|hip|altpcie_hip_256_pipen1b|g_xcvr.sv_xcvr_pipe_native|inst_sv_xcvr_native|inst_sv_pma|tx_pma.sv_tx_pma_inst|tx_pma_insts[5].sv_tx_pma_ch_inst|tx_pma_ch.tx_cgb|lfclkp'
Slack : 0.986
TNS   : 0.000

Type  : Fast 900mV 0C Model Minimum Pulse Width 'pcihip0|p|hip|altpcie_hip_256_pipen1b|g_xcvr.sv_xcvr_pipe_native|inst_sv_xcvr_native|inst_sv_pma|tx_pma.sv_tx_pma_inst|tx_pma_insts[6].sv_tx_pma_ch_inst|tx_pma_ch.tx_cgb|lfclkp'
Slack : 0.986
TNS   : 0.000

Type  : Fast 900mV 0C Model Minimum Pulse Width 'pcihip0|p|hip|altpcie_hip_256_pipen1b|g_xcvr.sv_xcvr_pipe_native|inst_sv_xcvr_native|inst_sv_pma|tx_pma.sv_tx_pma_inst|tx_pma_insts[7].sv_tx_pma_ch_inst|tx_pma_ch.tx_cgb|lfclkp'
Slack : 0.986
TNS   : 0.000

Type  : Fast 900mV 0C Model Minimum Pulse Width 'pcihip0|p|hip|altpcie_hip_256_pipen1b|g_xcvr.sv_xcvr_pipe_native|inst_sv_xcvr_native|inst_sv_pma|tx_pma.sv_tx_pma_inst|tx_pma_insts[8].sv_tx_pma_ch_inst|tx_pma_ch.tx_cgb|lfclkp'
Slack : 0.986
TNS   : 0.000

Type  : Fast 900mV 0C Model Minimum Pulse Width 'pcihip0|p|hip|altpcie_hip_256_pipen1b|g_xcvr.sv_xcvr_pipe_native|inst_sv_xcvr_native|inst_sv_pma|tx_pma.sv_tx_pma_inst|tx_pma_insts[4].sv_tx_pma_ch_inst|tx_pma_ch.tx_cgb|cpulseout'
Slack : 0.992
TNS   : 0.000

Type  : Fast 900mV 0C Model Minimum Pulse Width 'pcihip0|p|hip|altpcie_hip_256_pipen1b|g_xcvr.sv_xcvr_pipe_native|inst_sv_xcvr_native|inst_sv_pma|tx_pma.sv_tx_pma_inst|tx_pma_insts[4].sv_tx_pma_ch_inst|tx_pma_ch.tx_cgb|lfclkpout'
Slack : 1.000
TNS   : 0.000

Type  : Fast 900mV 0C Model Minimum Pulse Width 'sfp0|sfpp_phy_inst|S5|transceiver_core|gen.sv_xcvr_native_insts[0].gen_bonded_group.sv_xcvr_native_inst|inst_sv_pma|rx_pma.sv_rx_pma_inst|rx_pmas[0].rx_pma.rx_pma_deser|clk90b'
Slack : 1.124
TNS   : 0.000

Type  : Fast 900mV 0C Model Minimum Pulse Width 'sfp1|sfpp_phy_inst|S5|transceiver_core|gen.sv_xcvr_native_insts[0].gen_bonded_group.sv_xcvr_native_inst|inst_sv_pma|rx_pma.sv_rx_pma_inst|rx_pmas[0].rx_pma.rx_pma_deser|clk90b'
Slack : 1.124
TNS   : 0.000

Type  : Fast 900mV 0C Model Minimum Pulse Width 'sfp0|sfpp_phy_inst|S5|transceiver_core|gen.sv_xcvr_native_insts[0].gen_bonded_group.sv_xcvr_native_inst|inst_sv_pma|tx_pma.sv_tx_pma_inst|tx_pma_insts[0].sv_tx_pma_ch_inst|tx_pma_ch.tx_cgb|pclk[0]'
Slack : 1.161
TNS   : 0.000

Type  : Fast 900mV 0C Model Minimum Pulse Width 'sfp1|sfpp_phy_inst|S5|transceiver_core|gen.sv_xcvr_native_insts[0].gen_bonded_group.sv_xcvr_native_inst|inst_sv_pma|tx_pma.sv_tx_pma_inst|tx_pma_insts[0].sv_tx_pma_ch_inst|tx_pma_ch.tx_cgb|pclk[0]'
Slack : 1.161
TNS   : 0.000

Type  : Fast 900mV 0C Model Minimum Pulse Width 'pcihip0|p|hip|altpcie_hip_256_pipen1b|stratixv_hssi_gen3_pcie_hip|coreclkout'
Slack : 1.189
TNS   : 0.000

Type  : Fast 900mV 0C Model Minimum Pulse Width 'pcihip0|p|hip|altpcie_hip_256_pipen1b|g_xcvr.sv_xcvr_pipe_native|inst_sv_xcvr_native|inst_sv_pma|tx_pma.sv_tx_pma_inst|tx_pma_insts[4].sv_tx_pma_ch_inst|tx_pma_ch.tx_cgb|pclkout[0]'
Slack : 2.000
TNS   : 0.000

Type  : Fast 900mV 0C Model Minimum Pulse Width 'pcihip0|p|hip|altpcie_hip_256_pipen1b|stratixv_hssi_gen3_pcie_hip|observablecoreclkdiv'
Slack : 2.000
TNS   : 0.000

Type  : Fast 900mV 0C Model Minimum Pulse Width 'sfp1|sfpp_phy_inst|S5|transceiver_core|gen.sv_xcvr_native_insts[0].gen_bonded_group.sv_xcvr_native_inst|inst_sv_pcs|ch[0].inst_sv_pcs_ch|inst_sv_hssi_8g_rx_pcs|wys|clocktopld'
Slack : 2.288
TNS   : 0.000

Type  : Fast 900mV 0C Model Minimum Pulse Width 'sfp0|sfpp_phy_inst|S5|transceiver_core|gen.sv_xcvr_native_insts[0].gen_bonded_group.sv_xcvr_native_inst|inst_sv_pcs|ch[0].inst_sv_pcs_ch|inst_sv_hssi_8g_rx_pcs|wys|clocktopld'
Slack : 2.291
TNS   : 0.000

Type  : Fast 900mV 0C Model Minimum Pulse Width 'sfp0|sfpp_phy_inst|S5|transceiver_core|gen.sv_xcvr_native_insts[0].gen_bonded_group.sv_xcvr_native_inst|inst_sv_pcs|ch[0].inst_sv_pcs_ch|inst_sv_hssi_8g_rx_pcs|wys|observablebyteserdesclock'
Slack : 2.319
TNS   : 0.000

Type  : Fast 900mV 0C Model Minimum Pulse Width 'sfp1|sfpp_phy_inst|S5|transceiver_core|gen.sv_xcvr_native_insts[0].gen_bonded_group.sv_xcvr_native_inst|inst_sv_pcs|ch[0].inst_sv_pcs_ch|inst_sv_hssi_8g_rx_pcs|wys|observablebyteserdesclock'
Slack : 2.319
TNS   : 0.000

Type  : Fast 900mV 0C Model Minimum Pulse Width 'sfp0|sfpp_phy_inst|S5|transceiver_core|gen.sv_xcvr_native_insts[0].gen_bonded_group.sv_xcvr_native_inst|inst_sv_pcs|ch[0].inst_sv_pcs_ch|inst_sv_hssi_8g_tx_pcs|wys|observablebyteserdesclock'
Slack : 2.352
TNS   : 0.000

Type  : Fast 900mV 0C Model Minimum Pulse Width 'sfp1|sfpp_phy_inst|S5|transceiver_core|gen.sv_xcvr_native_insts[0].gen_bonded_group.sv_xcvr_native_inst|inst_sv_pcs|ch[0].inst_sv_pcs_ch|inst_sv_hssi_8g_tx_pcs|wys|observablebyteserdesclock'
Slack : 2.352
TNS   : 0.000

Type  : Fast 900mV 0C Model Minimum Pulse Width 'pcihip0|p|hip|altpcie_hip_256_pipen1b|g_xcvr.sv_xcvr_pipe_native|inst_sv_xcvr_native|inst_sv_pcs|ch[0].inst_sv_pcs_ch|inst_sv_hssi_8g_rx_pcs|wys|observablebyteserdesclock'
Slack : 3.970
TNS   : 0.000

Type  : Fast 900mV 0C Model Minimum Pulse Width 'pcihip0|p|hip|altpcie_hip_256_pipen1b|g_xcvr.sv_xcvr_pipe_native|inst_sv_xcvr_native|inst_sv_pcs|ch[1].inst_sv_pcs_ch|inst_sv_hssi_8g_rx_pcs|wys|observablebyteserdesclock'
Slack : 3.970
TNS   : 0.000

Type  : Fast 900mV 0C Model Minimum Pulse Width 'pcihip0|p|hip|altpcie_hip_256_pipen1b|g_xcvr.sv_xcvr_pipe_native|inst_sv_xcvr_native|inst_sv_pcs|ch[2].inst_sv_pcs_ch|inst_sv_hssi_8g_rx_pcs|wys|observablebyteserdesclock'
Slack : 3.970
TNS   : 0.000

Type  : Fast 900mV 0C Model Minimum Pulse Width 'pcihip0|p|hip|altpcie_hip_256_pipen1b|g_xcvr.sv_xcvr_pipe_native|inst_sv_xcvr_native|inst_sv_pcs|ch[3].inst_sv_pcs_ch|inst_sv_hssi_8g_rx_pcs|wys|observablebyteserdesclock'
Slack : 3.970
TNS   : 0.000

Type  : Fast 900mV 0C Model Minimum Pulse Width 'pcihip0|p|hip|altpcie_hip_256_pipen1b|g_xcvr.sv_xcvr_pipe_native|inst_sv_xcvr_native|inst_sv_pcs|ch[5].inst_sv_pcs_ch|inst_sv_hssi_8g_rx_pcs|wys|observablebyteserdesclock'
Slack : 3.970
TNS   : 0.000

Type  : Fast 900mV 0C Model Minimum Pulse Width 'pcihip0|p|hip|altpcie_hip_256_pipen1b|g_xcvr.sv_xcvr_pipe_native|inst_sv_xcvr_native|inst_sv_pcs|ch[6].inst_sv_pcs_ch|inst_sv_hssi_8g_rx_pcs|wys|observablebyteserdesclock'
Slack : 3.970
TNS   : 0.000

Type  : Fast 900mV 0C Model Minimum Pulse Width 'pcihip0|p|hip|altpcie_hip_256_pipen1b|g_xcvr.sv_xcvr_pipe_native|inst_sv_xcvr_native|inst_sv_pcs|ch[7].inst_sv_pcs_ch|inst_sv_hssi_8g_rx_pcs|wys|observablebyteserdesclock'
Slack : 3.970
TNS   : 0.000

Type  : Fast 900mV 0C Model Minimum Pulse Width 'pcihip0|p|hip|altpcie_hip_256_pipen1b|g_xcvr.sv_xcvr_pipe_native|inst_sv_xcvr_native|inst_sv_pcs|ch[8].inst_sv_pcs_ch|inst_sv_hssi_8g_rx_pcs|wys|observablebyteserdesclock'
Slack : 3.970
TNS   : 0.000

Type  : Fast 900mV 0C Model Minimum Pulse Width 'pcihip0|p|hip|altpcie_hip_256_pipen1b|g_xcvr.sv_xcvr_pipe_native|inst_sv_xcvr_native|inst_sv_pcs|ch[0].inst_sv_pcs_ch|inst_sv_hssi_8g_tx_pcs|wys|observablebyteserdesclock'
Slack : 4.000
TNS   : 0.000

Type  : Fast 900mV 0C Model Minimum Pulse Width 'pcihip0|p|hip|altpcie_hip_256_pipen1b|g_xcvr.sv_xcvr_pipe_native|inst_sv_xcvr_native|inst_sv_pcs|ch[1].inst_sv_pcs_ch|inst_sv_hssi_8g_tx_pcs|wys|observablebyteserdesclock'
Slack : 4.000
TNS   : 0.000

Type  : Fast 900mV 0C Model Minimum Pulse Width 'pcihip0|p|hip|altpcie_hip_256_pipen1b|g_xcvr.sv_xcvr_pipe_native|inst_sv_xcvr_native|inst_sv_pcs|ch[2].inst_sv_pcs_ch|inst_sv_hssi_8g_tx_pcs|wys|observablebyteserdesclock'
Slack : 4.000
TNS   : 0.000

Type  : Fast 900mV 0C Model Minimum Pulse Width 'pcihip0|p|hip|altpcie_hip_256_pipen1b|g_xcvr.sv_xcvr_pipe_native|inst_sv_xcvr_native|inst_sv_pcs|ch[3].inst_sv_pcs_ch|inst_sv_hssi_8g_tx_pcs|wys|observablebyteserdesclock'
Slack : 4.000
TNS   : 0.000

Type  : Fast 900mV 0C Model Minimum Pulse Width 'pcihip0|p|hip|altpcie_hip_256_pipen1b|g_xcvr.sv_xcvr_pipe_native|inst_sv_xcvr_native|inst_sv_pcs|ch[4].inst_sv_pcs_ch|inst_sv_hssi_8g_tx_pcs|wys|observablebyteserdesclock'
Slack : 4.000
TNS   : 0.000

Type  : Fast 900mV 0C Model Minimum Pulse Width 'pcihip0|p|hip|altpcie_hip_256_pipen1b|g_xcvr.sv_xcvr_pipe_native|inst_sv_xcvr_native|inst_sv_pcs|ch[5].inst_sv_pcs_ch|inst_sv_hssi_8g_tx_pcs|wys|observablebyteserdesclock'
Slack : 4.000
TNS   : 0.000

Type  : Fast 900mV 0C Model Minimum Pulse Width 'pcihip0|p|hip|altpcie_hip_256_pipen1b|g_xcvr.sv_xcvr_pipe_native|inst_sv_xcvr_native|inst_sv_pcs|ch[6].inst_sv_pcs_ch|inst_sv_hssi_8g_tx_pcs|wys|observablebyteserdesclock'
Slack : 4.000
TNS   : 0.000

Type  : Fast 900mV 0C Model Minimum Pulse Width 'pcihip0|p|hip|altpcie_hip_256_pipen1b|g_xcvr.sv_xcvr_pipe_native|inst_sv_xcvr_native|inst_sv_pcs|ch[7].inst_sv_pcs_ch|inst_sv_hssi_8g_tx_pcs|wys|observablebyteserdesclock'
Slack : 4.000
TNS   : 0.000

Type  : Fast 900mV 0C Model Minimum Pulse Width 'pcihip0|p|hip|altpcie_hip_256_pipen1b|g_xcvr.sv_xcvr_pipe_native|inst_sv_xcvr_native|inst_sv_pcs|ch[8].inst_sv_pcs_ch|inst_sv_hssi_8g_tx_pcs|wys|observablebyteserdesclock'
Slack : 4.000
TNS   : 0.000

Type  : Fast 900mV 0C Model Minimum Pulse Width 'pcihip0|p|hip|altpcie_hip_256_pipen1b|g_xcvr.sv_xcvr_pipe_native|inst_sv_xcvr_native|inst_sv_pma|tx_pma.sv_tx_pma_inst|tx_pma_insts[4].sv_tx_pma_ch_inst|tx_pma_ch.tx_cgb|pclkout[1]'
Slack : 4.000
TNS   : 0.000

Type  : Fast 900mV 0C Model Minimum Pulse Width 'sfp0|sfpp_phy_inst|S5|transceiver_core|gen.sv_xcvr_native_insts[0].gen_bonded_group.sv_xcvr_native_inst|inst_sv_xcvr_avmm|avmm_interface_insts[0].stratixv_hssi_avmm_interface_inst|pmatestbussel[0]'
Slack : 4.056
TNS   : 0.000

Type  : Fast 900mV 0C Model Minimum Pulse Width 'sv_reconfig_pma_testbus_clk_0'
Slack : 4.205
TNS   : 0.000

Type  : Fast 900mV 0C Model Minimum Pulse Width 'sv_reconfig_pma_testbus_clk_1'
Slack : 4.251
TNS   : 0.000

Type  : Fast 900mV 0C Model Minimum Pulse Width 'pci_pi_refclk0'
Slack : 4.413
TNS   : 0.000

Type  : Fast 900mV 0C Model Minimum Pulse Width 'pcihip0|p|hip|altpcie_hip_256_pipen1b|g_xcvr.sv_xcvr_pipe_native|inst_sv_xcvr_native|inst_sv_xcvr_avmm|avmm_interface_insts[0].stratixv_hssi_avmm_interface_inst|pmatestbussel[0]'
Slack : 5.000
TNS   : 0.000

Type  : Fast 900mV 0C Model Minimum Pulse Width 'pcihip0|p|hip|altpcie_hip_256_pipen1b|g_xcvr.sv_xcvr_pipe_native|inst_sv_xcvr_native|inst_sv_xcvr_avmm|avmm_interface_insts[3].stratixv_hssi_avmm_interface_inst|pmatestbussel[0]'
Slack : 5.000
TNS   : 0.000

Type  : Fast 900mV 0C Model Minimum Pulse Width 'pcihip0|p|hip|altpcie_hip_256_pipen1b|g_xcvr.sv_xcvr_pipe_native|inst_sv_xcvr_native|inst_sv_xcvr_avmm|avmm_interface_insts[6].stratixv_hssi_avmm_interface_inst|pmatestbussel[0]'
Slack : 5.000
TNS   : 0.000

Type  : Fast 900mV 0C Model Minimum Pulse Width 'pcihip0|p|hip|altpcie_hip_256_pipen1b|g_xcvr.sv_xcvr_pipe_native|sv_xcvr_tx_plls_inst|pll[0].pll.cmu_pll.pll_mux.pll_refclk_select_mux|clkout'
Slack : 5.000
TNS   : 0.000

Type  : Fast 900mV 0C Model Minimum Pulse Width 'pcihip0|p|hip|altpcie_hip_256_pipen1b|g_xcvr.sv_xcvr_pipe_native|inst_sv_xcvr_native|inst_sv_pma|tx_pma.sv_tx_pma_inst|tx_pma_insts[4].sv_tx_pma_ch_inst|tx_pma_ch.tx_cgb|pclkout[2]'
Slack : 8.000
TNS   : 0.000

Type  : Fast 900mV 0C Model Minimum Pulse Width 'altera_reserved_tck'
Slack : 15.935
TNS   : 0.000

------------------------------------------------------------
