------------------------------------------------------------
Timing Analyzer Summary
------------------------------------------------------------

Type  : Slow 900mV 85C Model Setup 'pcihip0|p|hip|altpcie_hip_256_pipen1b|stratixv_hssi_gen3_pcie_hip|coreclkout'
Slack : 0.014
TNS   : 0.000

Type  : Slow 900mV 85C Model Setup 'sfp0|sfpp_phy_inst|S5|transceiver_core|gen.sv_xcvr_native_insts[0].gen_bonded_group.sv_xcvr_native_inst|inst_sv_xcvr_avmm|avmm_interface_insts[0].stratixv_hssi_avmm_interface_inst|pmatestbussel[0]'
Slack : 1.320
TNS   : 0.000

Type  : Slow 900mV 85C Model Setup 'n/a'
Slack : 1.534
TNS   : 0.000

Type  : Slow 900mV 85C Model Setup 'pci_pi_refclk0'
Slack : 1.879
TNS   : 0.000

Type  : Slow 900mV 85C Model Setup 'sv_reconfig_pma_testbus_clk_0'
Slack : 7.740
TNS   : 0.000

Type  : Slow 900mV 85C Model Setup 'sv_reconfig_pma_testbus_clk_1'
Slack : 7.905
TNS   : 0.000

Type  : Slow 900mV 85C Model Setup 'altera_reserved_tck'
Slack : 12.339
TNS   : 0.000

Type  : Slow 900mV 85C Model Hold 'pci_pi_refclk0'
Slack : 0.088
TNS   : 0.000

Type  : Slow 900mV 85C Model Hold 'pcihip0|p|hip|altpcie_hip_256_pipen1b|stratixv_hssi_gen3_pcie_hip|coreclkout'
Slack : 0.117
TNS   : 0.000

Type  : Slow 900mV 85C Model Hold 'altera_reserved_tck'
Slack : 0.166
TNS   : 0.000

Type  : Slow 900mV 85C Model Hold 'sfp0|sfpp_phy_inst|S5|transceiver_core|gen.sv_xcvr_native_insts[0].gen_bonded_group.sv_xcvr_native_inst|inst_sv_xcvr_avmm|avmm_interface_insts[0].stratixv_hssi_avmm_interface_inst|pmatestbussel[0]'
Slack : 0.408
TNS   : 0.000

Type  : Slow 900mV 85C Model Hold 'sv_reconfig_pma_testbus_clk_1'
Slack : 0.733
TNS   : 0.000

Type  : Slow 900mV 85C Model Hold 'sv_reconfig_pma_testbus_clk_0'
Slack : 0.738
TNS   : 0.000

Type  : Slow 900mV 85C Model Hold 'n/a'
Slack : 13.434
TNS   : 0.000

Type  : Slow 900mV 85C Model Recovery 'pcihip0|p|hip|altpcie_hip_256_pipen1b|stratixv_hssi_gen3_pcie_hip|coreclkout'
Slack : 0.111
TNS   : 0.000

Type  : Slow 900mV 85C Model Recovery 'pci_pi_refclk0'
Slack : 5.371
TNS   : 0.000

Type  : Slow 900mV 85C Model Recovery 'sfp0|sfpp_phy_inst|S5|transceiver_core|gen.sv_xcvr_native_insts[0].gen_bonded_group.sv_xcvr_native_inst|inst_sv_xcvr_avmm|avmm_interface_insts[0].stratixv_hssi_avmm_interface_inst|pmatestbussel[0]'
Slack : 5.791
TNS   : 0.000

Type  : Slow 900mV 85C Model Recovery 'sv_reconfig_pma_testbus_clk_0'
Slack : 7.041
TNS   : 0.000

Type  : Slow 900mV 85C Model Recovery 'altera_reserved_tck'
Slack : 30.972
TNS   : 0.000

Type  : Slow 900mV 85C Model Removal 'pcihip0|p|hip|altpcie_hip_256_pipen1b|stratixv_hssi_gen3_pcie_hip|coreclkout'
Slack : 0.177
TNS   : 0.000

Type  : Slow 900mV 85C Model Removal 'pci_pi_refclk0'
Slack : 0.218
TNS   : 0.000

Type  : Slow 900mV 85C Model Removal 'altera_reserved_tck'
Slack : 0.415
TNS   : 0.000

Type  : Slow 900mV 85C Model Removal 'sfp0|sfpp_phy_inst|S5|transceiver_core|gen.sv_xcvr_native_insts[0].gen_bonded_group.sv_xcvr_native_inst|inst_sv_xcvr_avmm|avmm_interface_insts[0].stratixv_hssi_avmm_interface_inst|pmatestbussel[0]'
Slack : 0.472
TNS   : 0.000

Type  : Slow 900mV 85C Model Removal 'sv_reconfig_pma_testbus_clk_0'
Slack : 1.654
TNS   : 0.000

Type  : Slow 900mV 85C Model Minimum Pulse Width 'sfp0|sfpp_phy_inst|S5|transceiver_core|gen.sv_xcvr_native_insts[0].gen_bonded_group.sv_xcvr_native_inst|inst_sv_pma|rx_pma.sv_rx_pma_inst|rx_pmas[0].rx_pma.rx_cdr|clk90bdes'
Slack : 0.117
TNS   : 0.000

Type  : Slow 900mV 85C Model Minimum Pulse Width 'sfp0|sfpp_phy_inst|S5|transceiver_core|gen.sv_xcvr_native_insts[0].gen_tx_plls.gen_tx_plls.tx_plls|pll[0].pll.atx_pll.tx_pll|clk010g'
Slack : 0.117
TNS   : 0.000

Type  : Slow 900mV 85C Model Minimum Pulse Width 'sfp1|sfpp_phy_inst|S5|transceiver_core|gen.sv_xcvr_native_insts[0].gen_bonded_group.sv_xcvr_native_inst|inst_sv_pma|rx_pma.sv_rx_pma_inst|rx_pmas[0].rx_pma.rx_cdr|clk90bdes'
Slack : 0.117
TNS   : 0.000

Type  : Slow 900mV 85C Model Minimum Pulse Width 'pcihip0|p|hip|altpcie_hip_256_pipen1b|g_xcvr.sv_xcvr_pipe_native|sv_xcvr_tx_plls_inst|pll[0].pll.cmu_pll.tx_pll|clkcdr'
Slack : 0.178
TNS   : 0.000

Type  : Slow 900mV 85C Model Minimum Pulse Width 'pcihip0|p|hip|altpcie_hip_256_pipen1b|g_xcvr.sv_xcvr_pipe_native|inst_sv_xcvr_native|inst_sv_pma|rx_pma.sv_rx_pma_inst|rx_pmas[0].rx_pma.rx_cdr|clk90bdes'
Slack : 0.200
TNS   : 0.000

Type  : Slow 900mV 85C Model Minimum Pulse Width 'pcihip0|p|hip|altpcie_hip_256_pipen1b|g_xcvr.sv_xcvr_pipe_native|inst_sv_xcvr_native|inst_sv_pma|rx_pma.sv_rx_pma_inst|rx_pmas[1].rx_pma.rx_cdr|clk90bdes'
Slack : 0.200
TNS   : 0.000

Type  : Slow 900mV 85C Model Minimum Pulse Width 'pcihip0|p|hip|altpcie_hip_256_pipen1b|g_xcvr.sv_xcvr_pipe_native|inst_sv_xcvr_native|inst_sv_pma|rx_pma.sv_rx_pma_inst|rx_pmas[2].rx_pma.rx_cdr|clk90bdes'
Slack : 0.200
TNS   : 0.000

Type  : Slow 900mV 85C Model Minimum Pulse Width 'pcihip0|p|hip|altpcie_hip_256_pipen1b|g_xcvr.sv_xcvr_pipe_native|inst_sv_xcvr_native|inst_sv_pma|rx_pma.sv_rx_pma_inst|rx_pmas[3].rx_pma.rx_cdr|clk90bdes'
Slack : 0.200
TNS   : 0.000

Type  : Slow 900mV 85C Model Minimum Pulse Width 'pcihip0|p|hip|altpcie_hip_256_pipen1b|g_xcvr.sv_xcvr_pipe_native|inst_sv_xcvr_native|inst_sv_pma|rx_pma.sv_rx_pma_inst|rx_pmas[5].rx_pma.rx_cdr|clk90bdes'
Slack : 0.200
TNS   : 0.000

Type  : Slow 900mV 85C Model Minimum Pulse Width 'pcihip0|p|hip|altpcie_hip_256_pipen1b|g_xcvr.sv_xcvr_pipe_native|inst_sv_xcvr_native|inst_sv_pma|rx_pma.sv_rx_pma_inst|rx_pmas[6].rx_pma.rx_cdr|clk90bdes'
Slack : 0.200
TNS   : 0.000

Type  : Slow 900mV 85C Model Minimum Pulse Width 'pcihip0|p|hip|altpcie_hip_256_pipen1b|g_xcvr.sv_xcvr_pipe_native|inst_sv_xcvr_native|inst_sv_pma|rx_pma.sv_rx_pma_inst|rx_pmas[7].rx_pma.rx_cdr|clk90bdes'
Slack : 0.200
TNS   : 0.000

Type  : Slow 900mV 85C Model Minimum Pulse Width 'pcihip0|p|hip|altpcie_hip_256_pipen1b|g_xcvr.sv_xcvr_pipe_native|inst_sv_xcvr_native|inst_sv_pma|rx_pma.sv_rx_pma_inst|rx_pmas[8].rx_pma.rx_cdr|clk90bdes'
Slack : 0.200
TNS   : 0.000

Type  : Slow 900mV 85C Model Minimum Pulse Width 'pcihip0|p|hip|altpcie_hip_256_pipen1b|g_xcvr.sv_xcvr_pipe_native|inst_sv_xcvr_native|inst_sv_pma|rx_pma.sv_rx_pma_inst|rx_pmas[0].rx_pma.rx_pma_deser|clk90b'
Slack : 0.871
TNS   : 0.000

Type  : Slow 900mV 85C Model Minimum Pulse Width 'pcihip0|p|hip|altpcie_hip_256_pipen1b|g_xcvr.sv_xcvr_pipe_native|inst_sv_xcvr_native|inst_sv_pma|rx_pma.sv_rx_pma_inst|rx_pmas[1].rx_pma.rx_pma_deser|clk90b'
Slack : 0.871
TNS   : 0.000

Type  : Slow 900mV 85C Model Minimum Pulse Width 'pcihip0|p|hip|altpcie_hip_256_pipen1b|g_xcvr.sv_xcvr_pipe_native|inst_sv_xcvr_native|inst_sv_pma|rx_pma.sv_rx_pma_inst|rx_pmas[2].rx_pma.rx_pma_deser|clk90b'
Slack : 0.871
TNS   : 0.000

Type  : Slow 900mV 85C Model Minimum Pulse Width 'pcihip0|p|hip|altpcie_hip_256_pipen1b|g_xcvr.sv_xcvr_pipe_native|inst_sv_xcvr_native|inst_sv_pma|rx_pma.sv_rx_pma_inst|rx_pmas[3].rx_pma.rx_pma_deser|clk90b'
Slack : 0.871
TNS   : 0.000

Type  : Slow 900mV 85C Model Minimum Pulse Width 'pcihip0|p|hip|altpcie_hip_256_pipen1b|g_xcvr.sv_xcvr_pipe_native|inst_sv_xcvr_native|inst_sv_pma|rx_pma.sv_rx_pma_inst|rx_pmas[5].rx_pma.rx_pma_deser|clk90b'
Slack : 0.871
TNS   : 0.000

Type  : Slow 900mV 85C Model Minimum Pulse Width 'pcihip0|p|hip|altpcie_hip_256_pipen1b|g_xcvr.sv_xcvr_pipe_native|inst_sv_xcvr_native|inst_sv_pma|rx_pma.sv_rx_pma_inst|rx_pmas[6].rx_pma.rx_pma_deser|clk90b'
Slack : 0.871
TNS   : 0.000

Type  : Slow 900mV 85C Model Minimum Pulse Width 'pcihip0|p|hip|altpcie_hip_256_pipen1b|g_xcvr.sv_xcvr_pipe_native|inst_sv_xcvr_native|inst_sv_pma|rx_pma.sv_rx_pma_inst|rx_pmas[7].rx_pma.rx_pma_deser|clk90b'
Slack : 0.871
TNS   : 0.000

Type  : Slow 900mV 85C Model Minimum Pulse Width 'pcihip0|p|hip|altpcie_hip_256_pipen1b|g_xcvr.sv_xcvr_pipe_native|inst_sv_xcvr_native|inst_sv_pma|rx_pma.sv_rx_pma_inst|rx_pmas[8].rx_pma.rx_pma_deser|clk90b'
Slack : 0.871
TNS   : 0.000

Type  : Slow 900mV 85C Model Minimum Pulse Width 'i_refclk_sfp'
Slack : 0.940
TNS   : 0.000

Type  : Slow 900mV 85C Model Minimum Pulse Width 'pcihip0|p|hip|altpcie_hip_256_pipen1b|g_xcvr.sv_xcvr_pipe_native|inst_sv_xcvr_native|inst_sv_pma|tx_pma.sv_tx_pma_inst|tx_pma_insts[0].sv_tx_pma_ch_inst|tx_pma_ch.tx_cgb|lfclkp'
Slack : 0.954
TNS   : 0.000

Type  : Slow 900mV 85C Model Minimum Pulse Width 'pcihip0|p|hip|altpcie_hip_256_pipen1b|g_xcvr.sv_xcvr_pipe_native|inst_sv_xcvr_native|inst_sv_pma|tx_pma.sv_tx_pma_inst|tx_pma_insts[1].sv_tx_pma_ch_inst|tx_pma_ch.tx_cgb|lfclkp'
Slack : 0.954
TNS   : 0.000

Type  : Slow 900mV 85C Model Minimum Pulse Width 'pcihip0|p|hip|altpcie_hip_256_pipen1b|g_xcvr.sv_xcvr_pipe_native|inst_sv_xcvr_native|inst_sv_pma|tx_pma.sv_tx_pma_inst|tx_pma_insts[2].sv_tx_pma_ch_inst|tx_pma_ch.tx_cgb|lfclkp'
Slack : 0.954
TNS   : 0.000

Type  : Slow 900mV 85C Model Minimum Pulse Width 'pcihip0|p|hip|altpcie_hip_256_pipen1b|g_xcvr.sv_xcvr_pipe_native|inst_sv_xcvr_native|inst_sv_pma|tx_pma.sv_tx_pma_inst|tx_pma_insts[3].sv_tx_pma_ch_inst|tx_pma_ch.tx_cgb|lfclkp'
Slack : 0.954
TNS   : 0.000

Type  : Slow 900mV 85C Model Minimum Pulse Width 'pcihip0|p|hip|altpcie_hip_256_pipen1b|g_xcvr.sv_xcvr_pipe_native|inst_sv_xcvr_native|inst_sv_pma|tx_pma.sv_tx_pma_inst|tx_pma_insts[4].sv_tx_pma_ch_inst|tx_pma_ch.tx_cgb|lfclkp'
Slack : 0.954
TNS   : 0.000

Type  : Slow 900mV 85C Model Minimum Pulse Width 'pcihip0|p|hip|altpcie_hip_256_pipen1b|g_xcvr.sv_xcvr_pipe_native|inst_sv_xcvr_native|inst_sv_pma|tx_pma.sv_tx_pma_inst|tx_pma_insts[5].sv_tx_pma_ch_inst|tx_pma_ch.tx_cgb|lfclkp'
Slack : 0.954
TNS   : 0.000

Type  : Slow 900mV 85C Model Minimum Pulse Width 'pcihip0|p|hip|altpcie_hip_256_pipen1b|g_xcvr.sv_xcvr_pipe_native|inst_sv_xcvr_native|inst_sv_pma|tx_pma.sv_tx_pma_inst|tx_pma_insts[6].sv_tx_pma_ch_inst|tx_pma_ch.tx_cgb|lfclkp'
Slack : 0.954
TNS   : 0.000

Type  : Slow 900mV 85C Model Minimum Pulse Width 'pcihip0|p|hip|altpcie_hip_256_pipen1b|g_xcvr.sv_xcvr_pipe_native|inst_sv_xcvr_native|inst_sv_pma|tx_pma.sv_tx_pma_inst|tx_pma_insts[7].sv_tx_pma_ch_inst|tx_pma_ch.tx_cgb|lfclkp'
Slack : 0.954
TNS   : 0.000

Type  : Slow 900mV 85C Model Minimum Pulse Width 'pcihip0|p|hip|altpcie_hip_256_pipen1b|g_xcvr.sv_xcvr_pipe_native|inst_sv_xcvr_native|inst_sv_pma|tx_pma.sv_tx_pma_inst|tx_pma_insts[8].sv_tx_pma_ch_inst|tx_pma_ch.tx_cgb|lfclkp'
Slack : 0.954
TNS   : 0.000

Type  : Slow 900mV 85C Model Minimum Pulse Width 'pcihip0|p|hip|altpcie_hip_256_pipen1b|g_xcvr.sv_xcvr_pipe_native|inst_sv_xcvr_native|inst_sv_pma|tx_pma.sv_tx_pma_inst|tx_pma_insts[4].sv_tx_pma_ch_inst|tx_pma_ch.tx_cgb|cpulseout'
Slack : 0.978
TNS   : 0.000

Type  : Slow 900mV 85C Model Minimum Pulse Width 'pcihip0|p|hip|altpcie_hip_256_pipen1b|g_xcvr.sv_xcvr_pipe_native|inst_sv_xcvr_native|inst_sv_pma|tx_pma.sv_tx_pma_inst|tx_pma_insts[4].sv_tx_pma_ch_inst|tx_pma_ch.tx_cgb|lfclkpout'
Slack : 1.000
TNS   : 0.000

Type  : Slow 900mV 85C Model Minimum Pulse Width 'sfp0|sfpp_phy_inst|S5|transceiver_core|gen.sv_xcvr_native_insts[0].gen_bonded_group.sv_xcvr_native_inst|inst_sv_pma|rx_pma.sv_rx_pma_inst|rx_pmas[0].rx_pma.rx_pma_deser|clk90b'
Slack : 1.046
TNS   : 0.000

Type  : Slow 900mV 85C Model Minimum Pulse Width 'sfp1|sfpp_phy_inst|S5|transceiver_core|gen.sv_xcvr_native_insts[0].gen_bonded_group.sv_xcvr_native_inst|inst_sv_pma|rx_pma.sv_rx_pma_inst|rx_pmas[0].rx_pma.rx_pma_deser|clk90b'
Slack : 1.046
TNS   : 0.000

Type  : Slow 900mV 85C Model Minimum Pulse Width 'pcihip0|p|hip|altpcie_hip_256_pipen1b|stratixv_hssi_gen3_pcie_hip|coreclkout'
Slack : 1.090
TNS   : 0.000

Type  : Slow 900mV 85C Model Minimum Pulse Width 'sfp0|sfpp_phy_inst|S5|transceiver_core|gen.sv_xcvr_native_insts[0].gen_bonded_group.sv_xcvr_native_inst|inst_sv_pma|tx_pma.sv_tx_pma_inst|tx_pma_insts[0].sv_tx_pma_ch_inst|tx_pma_ch.tx_cgb|pclk[0]'
Slack : 1.130
TNS   : 0.000

Type  : Slow 900mV 85C Model Minimum Pulse Width 'sfp1|sfpp_phy_inst|S5|transceiver_core|gen.sv_xcvr_native_insts[0].gen_bonded_group.sv_xcvr_native_inst|inst_sv_pma|tx_pma.sv_tx_pma_inst|tx_pma_insts[0].sv_tx_pma_ch_inst|tx_pma_ch.tx_cgb|pclk[0]'
Slack : 1.130
TNS   : 0.000

Type  : Slow 900mV 85C Model Minimum Pulse Width 'pcihip0|p|hip|altpcie_hip_256_pipen1b|g_xcvr.sv_xcvr_pipe_native|inst_sv_xcvr_native|inst_sv_pma|tx_pma.sv_tx_pma_inst|tx_pma_insts[4].sv_tx_pma_ch_inst|tx_pma_ch.tx_cgb|pclkout[0]'
Slack : 2.000
TNS   : 0.000

Type  : Slow 900mV 85C Model Minimum Pulse Width 'pcihip0|p|hip|altpcie_hip_256_pipen1b|stratixv_hssi_gen3_pcie_hip|observablecoreclkdiv'
Slack : 2.000
TNS   : 0.000

Type  : Slow 900mV 85C Model Minimum Pulse Width 'sfp1|sfpp_phy_inst|S5|transceiver_core|gen.sv_xcvr_native_insts[0].gen_bonded_group.sv_xcvr_native_inst|inst_sv_pcs|ch[0].inst_sv_pcs_ch|inst_sv_hssi_8g_rx_pcs|wys|clocktopld'
Slack : 2.256
TNS   : 0.000

Type  : Slow 900mV 85C Model Minimum Pulse Width 'sfp0|sfpp_phy_inst|S5|transceiver_core|gen.sv_xcvr_native_insts[0].gen_bonded_group.sv_xcvr_native_inst|inst_sv_pcs|ch[0].inst_sv_pcs_ch|inst_sv_hssi_8g_rx_pcs|wys|clocktopld'
Slack : 2.262
TNS   : 0.000

Type  : Slow 900mV 85C Model Minimum Pulse Width 'sfp0|sfpp_phy_inst|S5|transceiver_core|gen.sv_xcvr_native_insts[0].gen_bonded_group.sv_xcvr_native_inst|inst_sv_pcs|ch[0].inst_sv_pcs_ch|inst_sv_hssi_8g_rx_pcs|wys|observablebyteserdesclock'
Slack : 2.312
TNS   : 0.000

Type  : Slow 900mV 85C Model Minimum Pulse Width 'sfp1|sfpp_phy_inst|S5|transceiver_core|gen.sv_xcvr_native_insts[0].gen_bonded_group.sv_xcvr_native_inst|inst_sv_pcs|ch[0].inst_sv_pcs_ch|inst_sv_hssi_8g_rx_pcs|wys|observablebyteserdesclock'
Slack : 2.312
TNS   : 0.000

Type  : Slow 900mV 85C Model Minimum Pulse Width 'sfp0|sfpp_phy_inst|S5|transceiver_core|gen.sv_xcvr_native_insts[0].gen_bonded_group.sv_xcvr_native_inst|inst_sv_pcs|ch[0].inst_sv_pcs_ch|inst_sv_hssi_8g_tx_pcs|wys|observablebyteserdesclock'
Slack : 2.352
TNS   : 0.000

Type  : Slow 900mV 85C Model Minimum Pulse Width 'sfp1|sfpp_phy_inst|S5|transceiver_core|gen.sv_xcvr_native_insts[0].gen_bonded_group.sv_xcvr_native_inst|inst_sv_pcs|ch[0].inst_sv_pcs_ch|inst_sv_hssi_8g_tx_pcs|wys|observablebyteserdesclock'
Slack : 2.352
TNS   : 0.000

Type  : Slow 900mV 85C Model Minimum Pulse Width 'sv_reconfig_pma_testbus_clk_1'
Slack : 3.790
TNS   : 0.000

Type  : Slow 900mV 85C Model Minimum Pulse Width 'sfp0|sfpp_phy_inst|S5|transceiver_core|gen.sv_xcvr_native_insts[0].gen_bonded_group.sv_xcvr_native_inst|inst_sv_xcvr_avmm|avmm_interface_insts[0].stratixv_hssi_avmm_interface_inst|pmatestbussel[0]'
Slack : 3.792
TNS   : 0.000

Type  : Slow 900mV 85C Model Minimum Pulse Width 'pcihip0|p|hip|altpcie_hip_256_pipen1b|g_xcvr.sv_xcvr_pipe_native|inst_sv_xcvr_native|inst_sv_pcs|ch[0].inst_sv_pcs_ch|inst_sv_hssi_8g_rx_pcs|wys|observablebyteserdesclock'
Slack : 3.962
TNS   : 0.000

Type  : Slow 900mV 85C Model Minimum Pulse Width 'pcihip0|p|hip|altpcie_hip_256_pipen1b|g_xcvr.sv_xcvr_pipe_native|inst_sv_xcvr_native|inst_sv_pcs|ch[1].inst_sv_pcs_ch|inst_sv_hssi_8g_rx_pcs|wys|observablebyteserdesclock'
Slack : 3.962
TNS   : 0.000

Type  : Slow 900mV 85C Model Minimum Pulse Width 'pcihip0|p|hip|altpcie_hip_256_pipen1b|g_xcvr.sv_xcvr_pipe_native|inst_sv_xcvr_native|inst_sv_pcs|ch[2].inst_sv_pcs_ch|inst_sv_hssi_8g_rx_pcs|wys|observablebyteserdesclock'
Slack : 3.962
TNS   : 0.000

Type  : Slow 900mV 85C Model Minimum Pulse Width 'pcihip0|p|hip|altpcie_hip_256_pipen1b|g_xcvr.sv_xcvr_pipe_native|inst_sv_xcvr_native|inst_sv_pcs|ch[3].inst_sv_pcs_ch|inst_sv_hssi_8g_rx_pcs|wys|observablebyteserdesclock'
Slack : 3.962
TNS   : 0.000

Type  : Slow 900mV 85C Model Minimum Pulse Width 'pcihip0|p|hip|altpcie_hip_256_pipen1b|g_xcvr.sv_xcvr_pipe_native|inst_sv_xcvr_native|inst_sv_pcs|ch[5].inst_sv_pcs_ch|inst_sv_hssi_8g_rx_pcs|wys|observablebyteserdesclock'
Slack : 3.962
TNS   : 0.000

Type  : Slow 900mV 85C Model Minimum Pulse Width 'pcihip0|p|hip|altpcie_hip_256_pipen1b|g_xcvr.sv_xcvr_pipe_native|inst_sv_xcvr_native|inst_sv_pcs|ch[6].inst_sv_pcs_ch|inst_sv_hssi_8g_rx_pcs|wys|observablebyteserdesclock'
Slack : 3.962
TNS   : 0.000

Type  : Slow 900mV 85C Model Minimum Pulse Width 'pcihip0|p|hip|altpcie_hip_256_pipen1b|g_xcvr.sv_xcvr_pipe_native|inst_sv_xcvr_native|inst_sv_pcs|ch[7].inst_sv_pcs_ch|inst_sv_hssi_8g_rx_pcs|wys|observablebyteserdesclock'
Slack : 3.962
TNS   : 0.000

Type  : Slow 900mV 85C Model Minimum Pulse Width 'pcihip0|p|hip|altpcie_hip_256_pipen1b|g_xcvr.sv_xcvr_pipe_native|inst_sv_xcvr_native|inst_sv_pcs|ch[8].inst_sv_pcs_ch|inst_sv_hssi_8g_rx_pcs|wys|observablebyteserdesclock'
Slack : 3.962
TNS   : 0.000

Type  : Slow 900mV 85C Model Minimum Pulse Width 'pcihip0|p|hip|altpcie_hip_256_pipen1b|g_xcvr.sv_xcvr_pipe_native|inst_sv_xcvr_native|inst_sv_pcs|ch[0].inst_sv_pcs_ch|inst_sv_hssi_8g_tx_pcs|wys|observablebyteserdesclock'
Slack : 4.000
TNS   : 0.000

Type  : Slow 900mV 85C Model Minimum Pulse Width 'pcihip0|p|hip|altpcie_hip_256_pipen1b|g_xcvr.sv_xcvr_pipe_native|inst_sv_xcvr_native|inst_sv_pcs|ch[1].inst_sv_pcs_ch|inst_sv_hssi_8g_tx_pcs|wys|observablebyteserdesclock'
Slack : 4.000
TNS   : 0.000

Type  : Slow 900mV 85C Model Minimum Pulse Width 'pcihip0|p|hip|altpcie_hip_256_pipen1b|g_xcvr.sv_xcvr_pipe_native|inst_sv_xcvr_native|inst_sv_pcs|ch[2].inst_sv_pcs_ch|inst_sv_hssi_8g_tx_pcs|wys|observablebyteserdesclock'
Slack : 4.000
TNS   : 0.000

Type  : Slow 900mV 85C Model Minimum Pulse Width 'pcihip0|p|hip|altpcie_hip_256_pipen1b|g_xcvr.sv_xcvr_pipe_native|inst_sv_xcvr_native|inst_sv_pcs|ch[3].inst_sv_pcs_ch|inst_sv_hssi_8g_tx_pcs|wys|observablebyteserdesclock'
Slack : 4.000
TNS   : 0.000

Type  : Slow 900mV 85C Model Minimum Pulse Width 'pcihip0|p|hip|altpcie_hip_256_pipen1b|g_xcvr.sv_xcvr_pipe_native|inst_sv_xcvr_native|inst_sv_pcs|ch[4].inst_sv_pcs_ch|inst_sv_hssi_8g_tx_pcs|wys|observablebyteserdesclock'
Slack : 4.000
TNS   : 0.000

Type  : Slow 900mV 85C Model Minimum Pulse Width 'pcihip0|p|hip|altpcie_hip_256_pipen1b|g_xcvr.sv_xcvr_pipe_native|inst_sv_xcvr_native|inst_sv_pcs|ch[5].inst_sv_pcs_ch|inst_sv_hssi_8g_tx_pcs|wys|observablebyteserdesclock'
Slack : 4.000
TNS   : 0.000

Type  : Slow 900mV 85C Model Minimum Pulse Width 'pcihip0|p|hip|altpcie_hip_256_pipen1b|g_xcvr.sv_xcvr_pipe_native|inst_sv_xcvr_native|inst_sv_pcs|ch[6].inst_sv_pcs_ch|inst_sv_hssi_8g_tx_pcs|wys|observablebyteserdesclock'
Slack : 4.000
TNS   : 0.000

Type  : Slow 900mV 85C Model Minimum Pulse Width 'pcihip0|p|hip|altpcie_hip_256_pipen1b|g_xcvr.sv_xcvr_pipe_native|inst_sv_xcvr_native|inst_sv_pcs|ch[7].inst_sv_pcs_ch|inst_sv_hssi_8g_tx_pcs|wys|observablebyteserdesclock'
Slack : 4.000
TNS   : 0.000

Type  : Slow 900mV 85C Model Minimum Pulse Width 'pcihip0|p|hip|altpcie_hip_256_pipen1b|g_xcvr.sv_xcvr_pipe_native|inst_sv_xcvr_native|inst_sv_pcs|ch[8].inst_sv_pcs_ch|inst_sv_hssi_8g_tx_pcs|wys|observablebyteserdesclock'
Slack : 4.000
TNS   : 0.000

Type  : Slow 900mV 85C Model Minimum Pulse Width 'pcihip0|p|hip|altpcie_hip_256_pipen1b|g_xcvr.sv_xcvr_pipe_native|inst_sv_xcvr_native|inst_sv_pma|tx_pma.sv_tx_pma_inst|tx_pma_insts[4].sv_tx_pma_ch_inst|tx_pma_ch.tx_cgb|pclkout[1]'
Slack : 4.000
TNS   : 0.000

Type  : Slow 900mV 85C Model Minimum Pulse Width 'sv_reconfig_pma_testbus_clk_0'
Slack : 4.078
TNS   : 0.000

Type  : Slow 900mV 85C Model Minimum Pulse Width 'pci_pi_refclk0'
Slack : 4.323
TNS   : 0.000

Type  : Slow 900mV 85C Model Minimum Pulse Width 'pcihip0|p|hip|altpcie_hip_256_pipen1b|g_xcvr.sv_xcvr_pipe_native|inst_sv_xcvr_native|inst_sv_xcvr_avmm|avmm_interface_insts[0].stratixv_hssi_avmm_interface_inst|pmatestbussel[0]'
Slack : 5.000
TNS   : 0.000

Type  : Slow 900mV 85C Model Minimum Pulse Width 'pcihip0|p|hip|altpcie_hip_256_pipen1b|g_xcvr.sv_xcvr_pipe_native|inst_sv_xcvr_native|inst_sv_xcvr_avmm|avmm_interface_insts[3].stratixv_hssi_avmm_interface_inst|pmatestbussel[0]'
Slack : 5.000
TNS   : 0.000

Type  : Slow 900mV 85C Model Minimum Pulse Width 'pcihip0|p|hip|altpcie_hip_256_pipen1b|g_xcvr.sv_xcvr_pipe_native|inst_sv_xcvr_native|inst_sv_xcvr_avmm|avmm_interface_insts[6].stratixv_hssi_avmm_interface_inst|pmatestbussel[0]'
Slack : 5.000
TNS   : 0.000

Type  : Slow 900mV 85C Model Minimum Pulse Width 'pcihip0|p|hip|altpcie_hip_256_pipen1b|g_xcvr.sv_xcvr_pipe_native|sv_xcvr_tx_plls_inst|pll[0].pll.cmu_pll.pll_mux.pll_refclk_select_mux|clkout'
Slack : 5.000
TNS   : 0.000

Type  : Slow 900mV 85C Model Minimum Pulse Width 'pcihip0|p|hip|altpcie_hip_256_pipen1b|g_xcvr.sv_xcvr_pipe_native|inst_sv_xcvr_native|inst_sv_pma|tx_pma.sv_tx_pma_inst|tx_pma_insts[4].sv_tx_pma_ch_inst|tx_pma_ch.tx_cgb|pclkout[2]'
Slack : 8.000
TNS   : 0.000

Type  : Slow 900mV 85C Model Minimum Pulse Width 'altera_reserved_tck'
Slack : 15.946
TNS   : 0.000

Type  : Slow 900mV 0C Model Setup 'pcihip0|p|hip|altpcie_hip_256_pipen1b|stratixv_hssi_gen3_pcie_hip|coreclkout'
Slack : 0.072
TNS   : 0.000

Type  : Slow 900mV 0C Model Setup 'n/a'
Slack : 1.878
TNS   : 0.000

Type  : Slow 900mV 0C Model Setup 'sfp0|sfpp_phy_inst|S5|transceiver_core|gen.sv_xcvr_native_insts[0].gen_bonded_group.sv_xcvr_native_inst|inst_sv_xcvr_avmm|avmm_interface_insts[0].stratixv_hssi_avmm_interface_inst|pmatestbussel[0]'
Slack : 1.996
TNS   : 0.000

Type  : Slow 900mV 0C Model Setup 'pci_pi_refclk0'
Slack : 2.335
TNS   : 0.000

Type  : Slow 900mV 0C Model Setup 'sv_reconfig_pma_testbus_clk_0'
Slack : 7.844
TNS   : 0.000

Type  : Slow 900mV 0C Model Setup 'sv_reconfig_pma_testbus_clk_1'
Slack : 8.009
TNS   : 0.000

Type  : Slow 900mV 0C Model Setup 'altera_reserved_tck'
Slack : 12.474
TNS   : 0.000

Type  : Slow 900mV 0C Model Hold 'pcihip0|p|hip|altpcie_hip_256_pipen1b|stratixv_hssi_gen3_pcie_hip|coreclkout'
Slack : 0.149
TNS   : 0.000

Type  : Slow 900mV 0C Model Hold 'pci_pi_refclk0'
Slack : 0.176
TNS   : 0.000

Type  : Slow 900mV 0C Model Hold 'altera_reserved_tck'
Slack : 0.189
TNS   : 0.000

Type  : Slow 900mV 0C Model Hold 'sfp0|sfpp_phy_inst|S5|transceiver_core|gen.sv_xcvr_native_insts[0].gen_bonded_group.sv_xcvr_native_inst|inst_sv_xcvr_avmm|avmm_interface_insts[0].stratixv_hssi_avmm_interface_inst|pmatestbussel[0]'
Slack : 0.435
TNS   : 0.000

Type  : Slow 900mV 0C Model Hold 'sv_reconfig_pma_testbus_clk_0'
Slack : 0.723
TNS   : 0.000

Type  : Slow 900mV 0C Model Hold 'sv_reconfig_pma_testbus_clk_1'
Slack : 0.733
TNS   : 0.000

Type  : Slow 900mV 0C Model Hold 'n/a'
Slack : 13.378
TNS   : 0.000

Type  : Slow 900mV 0C Model Recovery 'pcihip0|p|hip|altpcie_hip_256_pipen1b|stratixv_hssi_gen3_pcie_hip|coreclkout'
Slack : 0.446
TNS   : 0.000

Type  : Slow 900mV 0C Model Recovery 'pci_pi_refclk0'
Slack : 5.752
TNS   : 0.000

Type  : Slow 900mV 0C Model Recovery 'sfp0|sfpp_phy_inst|S5|transceiver_core|gen.sv_xcvr_native_insts[0].gen_bonded_group.sv_xcvr_native_inst|inst_sv_xcvr_avmm|avmm_interface_insts[0].stratixv_hssi_avmm_interface_inst|pmatestbussel[0]'
Slack : 6.155
TNS   : 0.000

Type  : Slow 900mV 0C Model Recovery 'sv_reconfig_pma_testbus_clk_0'
Slack : 7.204
TNS   : 0.000

Type  : Slow 900mV 0C Model Recovery 'altera_reserved_tck'
Slack : 31.154
TNS   : 0.000

Type  : Slow 900mV 0C Model Removal 'pcihip0|p|hip|altpcie_hip_256_pipen1b|stratixv_hssi_gen3_pcie_hip|coreclkout'
Slack : 0.235
TNS   : 0.000

Type  : Slow 900mV 0C Model Removal 'pci_pi_refclk0'
Slack : 0.283
TNS   : 0.000

Type  : Slow 900mV 0C Model Removal 'altera_reserved_tck'
Slack : 0.405
TNS   : 0.000

Type  : Slow 900mV 0C Model Removal 'sfp0|sfpp_phy_inst|S5|transceiver_core|gen.sv_xcvr_native_insts[0].gen_bonded_group.sv_xcvr_native_inst|inst_sv_xcvr_avmm|avmm_interface_insts[0].stratixv_hssi_avmm_interface_inst|pmatestbussel[0]'
Slack : 0.449
TNS   : 0.000

Type  : Slow 900mV 0C Model Removal 'sv_reconfig_pma_testbus_clk_0'
Slack : 1.555
TNS   : 0.000

Type  : Slow 900mV 0C Model Minimum Pulse Width 'sfp0|sfpp_phy_inst|S5|transceiver_core|gen.sv_xcvr_native_insts[0].gen_bonded_group.sv_xcvr_native_inst|inst_sv_pma|rx_pma.sv_rx_pma_inst|rx_pmas[0].rx_pma.rx_cdr|clk90bdes'
Slack : 0.117
TNS   : 0.000

Type  : Slow 900mV 0C Model Minimum Pulse Width 'sfp0|sfpp_phy_inst|S5|transceiver_core|gen.sv_xcvr_native_insts[0].gen_tx_plls.gen_tx_plls.tx_plls|pll[0].pll.atx_pll.tx_pll|clk010g'
Slack : 0.117
TNS   : 0.000

Type  : Slow 900mV 0C Model Minimum Pulse Width 'sfp1|sfpp_phy_inst|S5|transceiver_core|gen.sv_xcvr_native_insts[0].gen_bonded_group.sv_xcvr_native_inst|inst_sv_pma|rx_pma.sv_rx_pma_inst|rx_pmas[0].rx_pma.rx_cdr|clk90bdes'
Slack : 0.117
TNS   : 0.000

Type  : Slow 900mV 0C Model Minimum Pulse Width 'pcihip0|p|hip|altpcie_hip_256_pipen1b|g_xcvr.sv_xcvr_pipe_native|sv_xcvr_tx_plls_inst|pll[0].pll.cmu_pll.tx_pll|clkcdr'
Slack : 0.179
TNS   : 0.000

Type  : Slow 900mV 0C Model Minimum Pulse Width 'pcihip0|p|hip|altpcie_hip_256_pipen1b|g_xcvr.sv_xcvr_pipe_native|inst_sv_xcvr_native|inst_sv_pma|rx_pma.sv_rx_pma_inst|rx_pmas[0].rx_pma.rx_cdr|clk90bdes'
Slack : 0.200
TNS   : 0.000

Type  : Slow 900mV 0C Model Minimum Pulse Width 'pcihip0|p|hip|altpcie_hip_256_pipen1b|g_xcvr.sv_xcvr_pipe_native|inst_sv_xcvr_native|inst_sv_pma|rx_pma.sv_rx_pma_inst|rx_pmas[1].rx_pma.rx_cdr|clk90bdes'
Slack : 0.200
TNS   : 0.000

Type  : Slow 900mV 0C Model Minimum Pulse Width 'pcihip0|p|hip|altpcie_hip_256_pipen1b|g_xcvr.sv_xcvr_pipe_native|inst_sv_xcvr_native|inst_sv_pma|rx_pma.sv_rx_pma_inst|rx_pmas[2].rx_pma.rx_cdr|clk90bdes'
Slack : 0.200
TNS   : 0.000

Type  : Slow 900mV 0C Model Minimum Pulse Width 'pcihip0|p|hip|altpcie_hip_256_pipen1b|g_xcvr.sv_xcvr_pipe_native|inst_sv_xcvr_native|inst_sv_pma|rx_pma.sv_rx_pma_inst|rx_pmas[3].rx_pma.rx_cdr|clk90bdes'
Slack : 0.200
TNS   : 0.000

Type  : Slow 900mV 0C Model Minimum Pulse Width 'pcihip0|p|hip|altpcie_hip_256_pipen1b|g_xcvr.sv_xcvr_pipe_native|inst_sv_xcvr_native|inst_sv_pma|rx_pma.sv_rx_pma_inst|rx_pmas[5].rx_pma.rx_cdr|clk90bdes'
Slack : 0.200
TNS   : 0.000

Type  : Slow 900mV 0C Model Minimum Pulse Width 'pcihip0|p|hip|altpcie_hip_256_pipen1b|g_xcvr.sv_xcvr_pipe_native|inst_sv_xcvr_native|inst_sv_pma|rx_pma.sv_rx_pma_inst|rx_pmas[6].rx_pma.rx_cdr|clk90bdes'
Slack : 0.200
TNS   : 0.000

Type  : Slow 900mV 0C Model Minimum Pulse Width 'pcihip0|p|hip|altpcie_hip_256_pipen1b|g_xcvr.sv_xcvr_pipe_native|inst_sv_xcvr_native|inst_sv_pma|rx_pma.sv_rx_pma_inst|rx_pmas[7].rx_pma.rx_cdr|clk90bdes'
Slack : 0.200
TNS   : 0.000

Type  : Slow 900mV 0C Model Minimum Pulse Width 'pcihip0|p|hip|altpcie_hip_256_pipen1b|g_xcvr.sv_xcvr_pipe_native|inst_sv_xcvr_native|inst_sv_pma|rx_pma.sv_rx_pma_inst|rx_pmas[8].rx_pma.rx_cdr|clk90bdes'
Slack : 0.200
TNS   : 0.000

Type  : Slow 900mV 0C Model Minimum Pulse Width 'pcihip0|p|hip|altpcie_hip_256_pipen1b|g_xcvr.sv_xcvr_pipe_native|inst_sv_xcvr_native|inst_sv_pma|rx_pma.sv_rx_pma_inst|rx_pmas[0].rx_pma.rx_pma_deser|clk90b'
Slack : 0.846
TNS   : 0.000

Type  : Slow 900mV 0C Model Minimum Pulse Width 'pcihip0|p|hip|altpcie_hip_256_pipen1b|g_xcvr.sv_xcvr_pipe_native|inst_sv_xcvr_native|inst_sv_pma|rx_pma.sv_rx_pma_inst|rx_pmas[1].rx_pma.rx_pma_deser|clk90b'
Slack : 0.846
TNS   : 0.000

Type  : Slow 900mV 0C Model Minimum Pulse Width 'pcihip0|p|hip|altpcie_hip_256_pipen1b|g_xcvr.sv_xcvr_pipe_native|inst_sv_xcvr_native|inst_sv_pma|rx_pma.sv_rx_pma_inst|rx_pmas[2].rx_pma.rx_pma_deser|clk90b'
Slack : 0.846
TNS   : 0.000

Type  : Slow 900mV 0C Model Minimum Pulse Width 'pcihip0|p|hip|altpcie_hip_256_pipen1b|g_xcvr.sv_xcvr_pipe_native|inst_sv_xcvr_native|inst_sv_pma|rx_pma.sv_rx_pma_inst|rx_pmas[3].rx_pma.rx_pma_deser|clk90b'
Slack : 0.846
TNS   : 0.000

Type  : Slow 900mV 0C Model Minimum Pulse Width 'pcihip0|p|hip|altpcie_hip_256_pipen1b|g_xcvr.sv_xcvr_pipe_native|inst_sv_xcvr_native|inst_sv_pma|rx_pma.sv_rx_pma_inst|rx_pmas[5].rx_pma.rx_pma_deser|clk90b'
Slack : 0.846
TNS   : 0.000

Type  : Slow 900mV 0C Model Minimum Pulse Width 'pcihip0|p|hip|altpcie_hip_256_pipen1b|g_xcvr.sv_xcvr_pipe_native|inst_sv_xcvr_native|inst_sv_pma|rx_pma.sv_rx_pma_inst|rx_pmas[6].rx_pma.rx_pma_deser|clk90b'
Slack : 0.846
TNS   : 0.000

Type  : Slow 900mV 0C Model Minimum Pulse Width 'pcihip0|p|hip|altpcie_hip_256_pipen1b|g_xcvr.sv_xcvr_pipe_native|inst_sv_xcvr_native|inst_sv_pma|rx_pma.sv_rx_pma_inst|rx_pmas[7].rx_pma.rx_pma_deser|clk90b'
Slack : 0.846
TNS   : 0.000

Type  : Slow 900mV 0C Model Minimum Pulse Width 'pcihip0|p|hip|altpcie_hip_256_pipen1b|g_xcvr.sv_xcvr_pipe_native|inst_sv_xcvr_native|inst_sv_pma|rx_pma.sv_rx_pma_inst|rx_pmas[8].rx_pma.rx_pma_deser|clk90b'
Slack : 0.846
TNS   : 0.000

Type  : Slow 900mV 0C Model Minimum Pulse Width 'i_refclk_sfp'
Slack : 0.940
TNS   : 0.000

Type  : Slow 900mV 0C Model Minimum Pulse Width 'pcihip0|p|hip|altpcie_hip_256_pipen1b|g_xcvr.sv_xcvr_pipe_native|inst_sv_xcvr_native|inst_sv_pma|tx_pma.sv_tx_pma_inst|tx_pma_insts[0].sv_tx_pma_ch_inst|tx_pma_ch.tx_cgb|lfclkp'
Slack : 0.949
TNS   : 0.000

Type  : Slow 900mV 0C Model Minimum Pulse Width 'pcihip0|p|hip|altpcie_hip_256_pipen1b|g_xcvr.sv_xcvr_pipe_native|inst_sv_xcvr_native|inst_sv_pma|tx_pma.sv_tx_pma_inst|tx_pma_insts[1].sv_tx_pma_ch_inst|tx_pma_ch.tx_cgb|lfclkp'
Slack : 0.949
TNS   : 0.000

Type  : Slow 900mV 0C Model Minimum Pulse Width 'pcihip0|p|hip|altpcie_hip_256_pipen1b|g_xcvr.sv_xcvr_pipe_native|inst_sv_xcvr_native|inst_sv_pma|tx_pma.sv_tx_pma_inst|tx_pma_insts[2].sv_tx_pma_ch_inst|tx_pma_ch.tx_cgb|lfclkp'
Slack : 0.949
TNS   : 0.000

Type  : Slow 900mV 0C Model Minimum Pulse Width 'pcihip0|p|hip|altpcie_hip_256_pipen1b|g_xcvr.sv_xcvr_pipe_native|inst_sv_xcvr_native|inst_sv_pma|tx_pma.sv_tx_pma_inst|tx_pma_insts[3].sv_tx_pma_ch_inst|tx_pma_ch.tx_cgb|lfclkp'
Slack : 0.949
TNS   : 0.000

Type  : Slow 900mV 0C Model Minimum Pulse Width 'pcihip0|p|hip|altpcie_hip_256_pipen1b|g_xcvr.sv_xcvr_pipe_native|inst_sv_xcvr_native|inst_sv_pma|tx_pma.sv_tx_pma_inst|tx_pma_insts[4].sv_tx_pma_ch_inst|tx_pma_ch.tx_cgb|lfclkp'
Slack : 0.949
TNS   : 0.000

Type  : Slow 900mV 0C Model Minimum Pulse Width 'pcihip0|p|hip|altpcie_hip_256_pipen1b|g_xcvr.sv_xcvr_pipe_native|inst_sv_xcvr_native|inst_sv_pma|tx_pma.sv_tx_pma_inst|tx_pma_insts[5].sv_tx_pma_ch_inst|tx_pma_ch.tx_cgb|lfclkp'
Slack : 0.949
TNS   : 0.000

Type  : Slow 900mV 0C Model Minimum Pulse Width 'pcihip0|p|hip|altpcie_hip_256_pipen1b|g_xcvr.sv_xcvr_pipe_native|inst_sv_xcvr_native|inst_sv_pma|tx_pma.sv_tx_pma_inst|tx_pma_insts[6].sv_tx_pma_ch_inst|tx_pma_ch.tx_cgb|lfclkp'
Slack : 0.949
TNS   : 0.000

Type  : Slow 900mV 0C Model Minimum Pulse Width 'pcihip0|p|hip|altpcie_hip_256_pipen1b|g_xcvr.sv_xcvr_pipe_native|inst_sv_xcvr_native|inst_sv_pma|tx_pma.sv_tx_pma_inst|tx_pma_insts[7].sv_tx_pma_ch_inst|tx_pma_ch.tx_cgb|lfclkp'
Slack : 0.949
TNS   : 0.000

Type  : Slow 900mV 0C Model Minimum Pulse Width 'pcihip0|p|hip|altpcie_hip_256_pipen1b|g_xcvr.sv_xcvr_pipe_native|inst_sv_xcvr_native|inst_sv_pma|tx_pma.sv_tx_pma_inst|tx_pma_insts[8].sv_tx_pma_ch_inst|tx_pma_ch.tx_cgb|lfclkp'
Slack : 0.949
TNS   : 0.000

Type  : Slow 900mV 0C Model Minimum Pulse Width 'pcihip0|p|hip|altpcie_hip_256_pipen1b|g_xcvr.sv_xcvr_pipe_native|inst_sv_xcvr_native|inst_sv_pma|tx_pma.sv_tx_pma_inst|tx_pma_insts[4].sv_tx_pma_ch_inst|tx_pma_ch.tx_cgb|cpulseout'
Slack : 0.979
TNS   : 0.000

Type  : Slow 900mV 0C Model Minimum Pulse Width 'pcihip0|p|hip|altpcie_hip_256_pipen1b|g_xcvr.sv_xcvr_pipe_native|inst_sv_xcvr_native|inst_sv_pma|tx_pma.sv_tx_pma_inst|tx_pma_insts[4].sv_tx_pma_ch_inst|tx_pma_ch.tx_cgb|lfclkpout'
Slack : 1.000
TNS   : 0.000

Type  : Slow 900mV 0C Model Minimum Pulse Width 'sfp0|sfpp_phy_inst|S5|transceiver_core|gen.sv_xcvr_native_insts[0].gen_bonded_group.sv_xcvr_native_inst|inst_sv_pma|rx_pma.sv_rx_pma_inst|rx_pmas[0].rx_pma.rx_pma_deser|clk90b'
Slack : 1.021
TNS   : 0.000

Type  : Slow 900mV 0C Model Minimum Pulse Width 'sfp1|sfpp_phy_inst|S5|transceiver_core|gen.sv_xcvr_native_insts[0].gen_bonded_group.sv_xcvr_native_inst|inst_sv_pma|rx_pma.sv_rx_pma_inst|rx_pmas[0].rx_pma.rx_pma_deser|clk90b'
Slack : 1.021
TNS   : 0.000

Type  : Slow 900mV 0C Model Minimum Pulse Width 'sfp0|sfpp_phy_inst|S5|transceiver_core|gen.sv_xcvr_native_insts[0].gen_bonded_group.sv_xcvr_native_inst|inst_sv_pma|tx_pma.sv_tx_pma_inst|tx_pma_insts[0].sv_tx_pma_ch_inst|tx_pma_ch.tx_cgb|pclk[0]'
Slack : 1.125
TNS   : 0.000

Type  : Slow 900mV 0C Model Minimum Pulse Width 'sfp1|sfpp_phy_inst|S5|transceiver_core|gen.sv_xcvr_native_insts[0].gen_bonded_group.sv_xcvr_native_inst|inst_sv_pma|tx_pma.sv_tx_pma_inst|tx_pma_insts[0].sv_tx_pma_ch_inst|tx_pma_ch.tx_cgb|pclk[0]'
Slack : 1.125
TNS   : 0.000

Type  : Slow 900mV 0C Model Minimum Pulse Width 'pcihip0|p|hip|altpcie_hip_256_pipen1b|stratixv_hssi_gen3_pcie_hip|coreclkout'
Slack : 1.182
TNS   : 0.000

Type  : Slow 900mV 0C Model Minimum Pulse Width 'pcihip0|p|hip|altpcie_hip_256_pipen1b|g_xcvr.sv_xcvr_pipe_native|inst_sv_xcvr_native|inst_sv_pma|tx_pma.sv_tx_pma_inst|tx_pma_insts[4].sv_tx_pma_ch_inst|tx_pma_ch.tx_cgb|pclkout[0]'
Slack : 2.000
TNS   : 0.000

Type  : Slow 900mV 0C Model Minimum Pulse Width 'pcihip0|p|hip|altpcie_hip_256_pipen1b|stratixv_hssi_gen3_pcie_hip|observablecoreclkdiv'
Slack : 2.000
TNS   : 0.000

Type  : Slow 900mV 0C Model Minimum Pulse Width 'sfp1|sfpp_phy_inst|S5|transceiver_core|gen.sv_xcvr_native_insts[0].gen_bonded_group.sv_xcvr_native_inst|inst_sv_pcs|ch[0].inst_sv_pcs_ch|inst_sv_hssi_8g_rx_pcs|wys|clocktopld'
Slack : 2.231
TNS   : 0.000

Type  : Slow 900mV 0C Model Minimum Pulse Width 'sfp0|sfpp_phy_inst|S5|transceiver_core|gen.sv_xcvr_native_insts[0].gen_bonded_group.sv_xcvr_native_inst|inst_sv_pcs|ch[0].inst_sv_pcs_ch|inst_sv_hssi_8g_rx_pcs|wys|clocktopld'
Slack : 2.234
TNS   : 0.000

Type  : Slow 900mV 0C Model Minimum Pulse Width 'sfp0|sfpp_phy_inst|S5|transceiver_core|gen.sv_xcvr_native_insts[0].gen_bonded_group.sv_xcvr_native_inst|inst_sv_pcs|ch[0].inst_sv_pcs_ch|inst_sv_hssi_8g_rx_pcs|wys|observablebyteserdesclock'
Slack : 2.309
TNS   : 0.000

Type  : Slow 900mV 0C Model Minimum Pulse Width 'sfp1|sfpp_phy_inst|S5|transceiver_core|gen.sv_xcvr_native_insts[0].gen_bonded_group.sv_xcvr_native_inst|inst_sv_pcs|ch[0].inst_sv_pcs_ch|inst_sv_hssi_8g_rx_pcs|wys|observablebyteserdesclock'
Slack : 2.309
TNS   : 0.000

Type  : Slow 900mV 0C Model Minimum Pulse Width 'sfp0|sfpp_phy_inst|S5|transceiver_core|gen.sv_xcvr_native_insts[0].gen_bonded_group.sv_xcvr_native_inst|inst_sv_pcs|ch[0].inst_sv_pcs_ch|inst_sv_hssi_8g_tx_pcs|wys|observablebyteserdesclock'
Slack : 2.352
TNS   : 0.000

Type  : Slow 900mV 0C Model Minimum Pulse Width 'sfp1|sfpp_phy_inst|S5|transceiver_core|gen.sv_xcvr_native_insts[0].gen_bonded_group.sv_xcvr_native_inst|inst_sv_pcs|ch[0].inst_sv_pcs_ch|inst_sv_hssi_8g_tx_pcs|wys|observablebyteserdesclock'
Slack : 2.352
TNS   : 0.000

Type  : Slow 900mV 0C Model Minimum Pulse Width 'sv_reconfig_pma_testbus_clk_1'
Slack : 3.788
TNS   : 0.000

Type  : Slow 900mV 0C Model Minimum Pulse Width 'sfp0|sfpp_phy_inst|S5|transceiver_core|gen.sv_xcvr_native_insts[0].gen_bonded_group.sv_xcvr_native_inst|inst_sv_xcvr_avmm|avmm_interface_insts[0].stratixv_hssi_avmm_interface_inst|pmatestbussel[0]'
Slack : 3.840
TNS   : 0.000

Type  : Slow 900mV 0C Model Minimum Pulse Width 'pcihip0|p|hip|altpcie_hip_256_pipen1b|g_xcvr.sv_xcvr_pipe_native|inst_sv_xcvr_native|inst_sv_pcs|ch[0].inst_sv_pcs_ch|inst_sv_hssi_8g_rx_pcs|wys|observablebyteserdesclock'
Slack : 3.959
TNS   : 0.000

Type  : Slow 900mV 0C Model Minimum Pulse Width 'pcihip0|p|hip|altpcie_hip_256_pipen1b|g_xcvr.sv_xcvr_pipe_native|inst_sv_xcvr_native|inst_sv_pcs|ch[1].inst_sv_pcs_ch|inst_sv_hssi_8g_rx_pcs|wys|observablebyteserdesclock'
Slack : 3.959
TNS   : 0.000

Type  : Slow 900mV 0C Model Minimum Pulse Width 'pcihip0|p|hip|altpcie_hip_256_pipen1b|g_xcvr.sv_xcvr_pipe_native|inst_sv_xcvr_native|inst_sv_pcs|ch[2].inst_sv_pcs_ch|inst_sv_hssi_8g_rx_pcs|wys|observablebyteserdesclock'
Slack : 3.959
TNS   : 0.000

Type  : Slow 900mV 0C Model Minimum Pulse Width 'pcihip0|p|hip|altpcie_hip_256_pipen1b|g_xcvr.sv_xcvr_pipe_native|inst_sv_xcvr_native|inst_sv_pcs|ch[3].inst_sv_pcs_ch|inst_sv_hssi_8g_rx_pcs|wys|observablebyteserdesclock'
Slack : 3.959
TNS   : 0.000

Type  : Slow 900mV 0C Model Minimum Pulse Width 'pcihip0|p|hip|altpcie_hip_256_pipen1b|g_xcvr.sv_xcvr_pipe_native|inst_sv_xcvr_native|inst_sv_pcs|ch[5].inst_sv_pcs_ch|inst_sv_hssi_8g_rx_pcs|wys|observablebyteserdesclock'
Slack : 3.959
TNS   : 0.000

Type  : Slow 900mV 0C Model Minimum Pulse Width 'pcihip0|p|hip|altpcie_hip_256_pipen1b|g_xcvr.sv_xcvr_pipe_native|inst_sv_xcvr_native|inst_sv_pcs|ch[6].inst_sv_pcs_ch|inst_sv_hssi_8g_rx_pcs|wys|observablebyteserdesclock'
Slack : 3.959
TNS   : 0.000

Type  : Slow 900mV 0C Model Minimum Pulse Width 'pcihip0|p|hip|altpcie_hip_256_pipen1b|g_xcvr.sv_xcvr_pipe_native|inst_sv_xcvr_native|inst_sv_pcs|ch[7].inst_sv_pcs_ch|inst_sv_hssi_8g_rx_pcs|wys|observablebyteserdesclock'
Slack : 3.959
TNS   : 0.000

Type  : Slow 900mV 0C Model Minimum Pulse Width 'pcihip0|p|hip|altpcie_hip_256_pipen1b|g_xcvr.sv_xcvr_pipe_native|inst_sv_xcvr_native|inst_sv_pcs|ch[8].inst_sv_pcs_ch|inst_sv_hssi_8g_rx_pcs|wys|observablebyteserdesclock'
Slack : 3.959
TNS   : 0.000

Type  : Slow 900mV 0C Model Minimum Pulse Width 'pcihip0|p|hip|altpcie_hip_256_pipen1b|g_xcvr.sv_xcvr_pipe_native|inst_sv_xcvr_native|inst_sv_pcs|ch[0].inst_sv_pcs_ch|inst_sv_hssi_8g_tx_pcs|wys|observablebyteserdesclock'
Slack : 4.000
TNS   : 0.000

Type  : Slow 900mV 0C Model Minimum Pulse Width 'pcihip0|p|hip|altpcie_hip_256_pipen1b|g_xcvr.sv_xcvr_pipe_native|inst_sv_xcvr_native|inst_sv_pcs|ch[1].inst_sv_pcs_ch|inst_sv_hssi_8g_tx_pcs|wys|observablebyteserdesclock'
Slack : 4.000
TNS   : 0.000

Type  : Slow 900mV 0C Model Minimum Pulse Width 'pcihip0|p|hip|altpcie_hip_256_pipen1b|g_xcvr.sv_xcvr_pipe_native|inst_sv_xcvr_native|inst_sv_pcs|ch[2].inst_sv_pcs_ch|inst_sv_hssi_8g_tx_pcs|wys|observablebyteserdesclock'
Slack : 4.000
TNS   : 0.000

Type  : Slow 900mV 0C Model Minimum Pulse Width 'pcihip0|p|hip|altpcie_hip_256_pipen1b|g_xcvr.sv_xcvr_pipe_native|inst_sv_xcvr_native|inst_sv_pcs|ch[3].inst_sv_pcs_ch|inst_sv_hssi_8g_tx_pcs|wys|observablebyteserdesclock'
Slack : 4.000
TNS   : 0.000

Type  : Slow 900mV 0C Model Minimum Pulse Width 'pcihip0|p|hip|altpcie_hip_256_pipen1b|g_xcvr.sv_xcvr_pipe_native|inst_sv_xcvr_native|inst_sv_pcs|ch[4].inst_sv_pcs_ch|inst_sv_hssi_8g_tx_pcs|wys|observablebyteserdesclock'
Slack : 4.000
TNS   : 0.000

Type  : Slow 900mV 0C Model Minimum Pulse Width 'pcihip0|p|hip|altpcie_hip_256_pipen1b|g_xcvr.sv_xcvr_pipe_native|inst_sv_xcvr_native|inst_sv_pcs|ch[5].inst_sv_pcs_ch|inst_sv_hssi_8g_tx_pcs|wys|observablebyteserdesclock'
Slack : 4.000
TNS   : 0.000

Type  : Slow 900mV 0C Model Minimum Pulse Width 'pcihip0|p|hip|altpcie_hip_256_pipen1b|g_xcvr.sv_xcvr_pipe_native|inst_sv_xcvr_native|inst_sv_pcs|ch[6].inst_sv_pcs_ch|inst_sv_hssi_8g_tx_pcs|wys|observablebyteserdesclock'
Slack : 4.000
TNS   : 0.000

Type  : Slow 900mV 0C Model Minimum Pulse Width 'pcihip0|p|hip|altpcie_hip_256_pipen1b|g_xcvr.sv_xcvr_pipe_native|inst_sv_xcvr_native|inst_sv_pcs|ch[7].inst_sv_pcs_ch|inst_sv_hssi_8g_tx_pcs|wys|observablebyteserdesclock'
Slack : 4.000
TNS   : 0.000

Type  : Slow 900mV 0C Model Minimum Pulse Width 'pcihip0|p|hip|altpcie_hip_256_pipen1b|g_xcvr.sv_xcvr_pipe_native|inst_sv_xcvr_native|inst_sv_pcs|ch[8].inst_sv_pcs_ch|inst_sv_hssi_8g_tx_pcs|wys|observablebyteserdesclock'
Slack : 4.000
TNS   : 0.000

Type  : Slow 900mV 0C Model Minimum Pulse Width 'pcihip0|p|hip|altpcie_hip_256_pipen1b|g_xcvr.sv_xcvr_pipe_native|inst_sv_xcvr_native|inst_sv_pma|tx_pma.sv_tx_pma_inst|tx_pma_insts[4].sv_tx_pma_ch_inst|tx_pma_ch.tx_cgb|pclkout[1]'
Slack : 4.000
TNS   : 0.000

Type  : Slow 900mV 0C Model Minimum Pulse Width 'sv_reconfig_pma_testbus_clk_0'
Slack : 4.038
TNS   : 0.000

Type  : Slow 900mV 0C Model Minimum Pulse Width 'pci_pi_refclk0'
Slack : 4.312
TNS   : 0.000

Type  : Slow 900mV 0C Model Minimum Pulse Width 'pcihip0|p|hip|altpcie_hip_256_pipen1b|g_xcvr.sv_xcvr_pipe_native|inst_sv_xcvr_native|inst_sv_xcvr_avmm|avmm_interface_insts[0].stratixv_hssi_avmm_interface_inst|pmatestbussel[0]'
Slack : 5.000
TNS   : 0.000

Type  : Slow 900mV 0C Model Minimum Pulse Width 'pcihip0|p|hip|altpcie_hip_256_pipen1b|g_xcvr.sv_xcvr_pipe_native|inst_sv_xcvr_native|inst_sv_xcvr_avmm|avmm_interface_insts[3].stratixv_hssi_avmm_interface_inst|pmatestbussel[0]'
Slack : 5.000
TNS   : 0.000

Type  : Slow 900mV 0C Model Minimum Pulse Width 'pcihip0|p|hip|altpcie_hip_256_pipen1b|g_xcvr.sv_xcvr_pipe_native|inst_sv_xcvr_native|inst_sv_xcvr_avmm|avmm_interface_insts[6].stratixv_hssi_avmm_interface_inst|pmatestbussel[0]'
Slack : 5.000
TNS   : 0.000

Type  : Slow 900mV 0C Model Minimum Pulse Width 'pcihip0|p|hip|altpcie_hip_256_pipen1b|g_xcvr.sv_xcvr_pipe_native|sv_xcvr_tx_plls_inst|pll[0].pll.cmu_pll.pll_mux.pll_refclk_select_mux|clkout'
Slack : 5.000
TNS   : 0.000

Type  : Slow 900mV 0C Model Minimum Pulse Width 'pcihip0|p|hip|altpcie_hip_256_pipen1b|g_xcvr.sv_xcvr_pipe_native|inst_sv_xcvr_native|inst_sv_pma|tx_pma.sv_tx_pma_inst|tx_pma_insts[4].sv_tx_pma_ch_inst|tx_pma_ch.tx_cgb|pclkout[2]'
Slack : 8.000
TNS   : 0.000

Type  : Slow 900mV 0C Model Minimum Pulse Width 'altera_reserved_tck'
Slack : 16.049
TNS   : 0.000

Type  : Fast 900mV 85C Model Setup 'pcihip0|p|hip|altpcie_hip_256_pipen1b|stratixv_hssi_gen3_pcie_hip|coreclkout'
Slack : 1.216
TNS   : 0.000

Type  : Fast 900mV 85C Model Setup 'pci_pi_refclk0'
Slack : 3.165
TNS   : 0.000

Type  : Fast 900mV 85C Model Setup 'sfp0|sfpp_phy_inst|S5|transceiver_core|gen.sv_xcvr_native_insts[0].gen_bonded_group.sv_xcvr_native_inst|inst_sv_xcvr_avmm|avmm_interface_insts[0].stratixv_hssi_avmm_interface_inst|pmatestbussel[0]'
Slack : 3.812
TNS   : 0.000

Type  : Fast 900mV 85C Model Setup 'n/a'
Slack : 4.090
TNS   : 0.000

Type  : Fast 900mV 85C Model Setup 'sv_reconfig_pma_testbus_clk_0'
Slack : 8.414
TNS   : 0.000

Type  : Fast 900mV 85C Model Setup 'sv_reconfig_pma_testbus_clk_1'
Slack : 8.557
TNS   : 0.000

Type  : Fast 900mV 85C Model Setup 'altera_reserved_tck'
Slack : 13.989
TNS   : 0.000

Type  : Fast 900mV 85C Model Hold 'altera_reserved_tck'
Slack : 0.076
TNS   : 0.000

Type  : Fast 900mV 85C Model Hold 'pcihip0|p|hip|altpcie_hip_256_pipen1b|stratixv_hssi_gen3_pcie_hip|coreclkout'
Slack : 0.092
TNS   : 0.000

Type  : Fast 900mV 85C Model Hold 'pci_pi_refclk0'
Slack : 0.109
TNS   : 0.000

Type  : Fast 900mV 85C Model Hold 'sfp0|sfpp_phy_inst|S5|transceiver_core|gen.sv_xcvr_native_insts[0].gen_bonded_group.sv_xcvr_native_inst|inst_sv_xcvr_avmm|avmm_interface_insts[0].stratixv_hssi_avmm_interface_inst|pmatestbussel[0]'
Slack : 0.209
TNS   : 0.000

Type  : Fast 900mV 85C Model Hold 'sv_reconfig_pma_testbus_clk_1'
Slack : 0.465
TNS   : 0.000

Type  : Fast 900mV 85C Model Hold 'sv_reconfig_pma_testbus_clk_0'
Slack : 0.502
TNS   : 0.000

Type  : Fast 900mV 85C Model Hold 'n/a'
Slack : 12.605
TNS   : 0.000

Type  : Fast 900mV 85C Model Recovery 'pcihip0|p|hip|altpcie_hip_256_pipen1b|stratixv_hssi_gen3_pcie_hip|coreclkout'
Slack : 1.271
TNS   : 0.000

Type  : Fast 900mV 85C Model Recovery 'pci_pi_refclk0'
Slack : 6.810
TNS   : 0.000

Type  : Fast 900mV 85C Model Recovery 'sfp0|sfpp_phy_inst|S5|transceiver_core|gen.sv_xcvr_native_insts[0].gen_bonded_group.sv_xcvr_native_inst|inst_sv_xcvr_avmm|avmm_interface_insts[0].stratixv_hssi_avmm_interface_inst|pmatestbussel[0]'
Slack : 6.858
TNS   : 0.000

Type  : Fast 900mV 85C Model Recovery 'sv_reconfig_pma_testbus_clk_0'
Slack : 7.962
TNS   : 0.000

Type  : Fast 900mV 85C Model Recovery 'altera_reserved_tck'
Slack : 31.664
TNS   : 0.000

Type  : Fast 900mV 85C Model Removal 'pcihip0|p|hip|altpcie_hip_256_pipen1b|stratixv_hssi_gen3_pcie_hip|coreclkout'
Slack : 0.132
TNS   : 0.000

Type  : Fast 900mV 85C Model Removal 'pci_pi_refclk0'
Slack : 0.158
TNS   : 0.000

Type  : Fast 900mV 85C Model Removal 'altera_reserved_tck'
Slack : 0.296
TNS   : 0.000

Type  : Fast 900mV 85C Model Removal 'sfp0|sfpp_phy_inst|S5|transceiver_core|gen.sv_xcvr_native_insts[0].gen_bonded_group.sv_xcvr_native_inst|inst_sv_xcvr_avmm|avmm_interface_insts[0].stratixv_hssi_avmm_interface_inst|pmatestbussel[0]'
Slack : 0.335
TNS   : 0.000

Type  : Fast 900mV 85C Model Removal 'sv_reconfig_pma_testbus_clk_0'
Slack : 1.211
TNS   : 0.000

Type  : Fast 900mV 85C Model Minimum Pulse Width 'sfp0|sfpp_phy_inst|S5|transceiver_core|gen.sv_xcvr_native_insts[0].gen_bonded_group.sv_xcvr_native_inst|inst_sv_pma|rx_pma.sv_rx_pma_inst|rx_pmas[0].rx_pma.rx_cdr|clk90bdes'
Slack : 0.117
TNS   : 0.000

Type  : Fast 900mV 85C Model Minimum Pulse Width 'sfp0|sfpp_phy_inst|S5|transceiver_core|gen.sv_xcvr_native_insts[0].gen_tx_plls.gen_tx_plls.tx_plls|pll[0].pll.atx_pll.tx_pll|clk010g'
Slack : 0.117
TNS   : 0.000

Type  : Fast 900mV 85C Model Minimum Pulse Width 'sfp1|sfpp_phy_inst|S5|transceiver_core|gen.sv_xcvr_native_insts[0].gen_bonded_group.sv_xcvr_native_inst|inst_sv_pma|rx_pma.sv_rx_pma_inst|rx_pmas[0].rx_pma.rx_cdr|clk90bdes'
Slack : 0.117
TNS   : 0.000

Type  : Fast 900mV 85C Model Minimum Pulse Width 'pcihip0|p|hip|altpcie_hip_256_pipen1b|g_xcvr.sv_xcvr_pipe_native|sv_xcvr_tx_plls_inst|pll[0].pll.cmu_pll.tx_pll|clkcdr'
Slack : 0.192
TNS   : 0.000

Type  : Fast 900mV 85C Model Minimum Pulse Width 'pcihip0|p|hip|altpcie_hip_256_pipen1b|g_xcvr.sv_xcvr_pipe_native|inst_sv_xcvr_native|inst_sv_pma|rx_pma.sv_rx_pma_inst|rx_pmas[0].rx_pma.rx_cdr|clk90bdes'
Slack : 0.200
TNS   : 0.000

Type  : Fast 900mV 85C Model Minimum Pulse Width 'pcihip0|p|hip|altpcie_hip_256_pipen1b|g_xcvr.sv_xcvr_pipe_native|inst_sv_xcvr_native|inst_sv_pma|rx_pma.sv_rx_pma_inst|rx_pmas[1].rx_pma.rx_cdr|clk90bdes'
Slack : 0.200
TNS   : 0.000

Type  : Fast 900mV 85C Model Minimum Pulse Width 'pcihip0|p|hip|altpcie_hip_256_pipen1b|g_xcvr.sv_xcvr_pipe_native|inst_sv_xcvr_native|inst_sv_pma|rx_pma.sv_rx_pma_inst|rx_pmas[2].rx_pma.rx_cdr|clk90bdes'
Slack : 0.200
TNS   : 0.000

Type  : Fast 900mV 85C Model Minimum Pulse Width 'pcihip0|p|hip|altpcie_hip_256_pipen1b|g_xcvr.sv_xcvr_pipe_native|inst_sv_xcvr_native|inst_sv_pma|rx_pma.sv_rx_pma_inst|rx_pmas[3].rx_pma.rx_cdr|clk90bdes'
Slack : 0.200
TNS   : 0.000

Type  : Fast 900mV 85C Model Minimum Pulse Width 'pcihip0|p|hip|altpcie_hip_256_pipen1b|g_xcvr.sv_xcvr_pipe_native|inst_sv_xcvr_native|inst_sv_pma|rx_pma.sv_rx_pma_inst|rx_pmas[5].rx_pma.rx_cdr|clk90bdes'
Slack : 0.200
TNS   : 0.000

Type  : Fast 900mV 85C Model Minimum Pulse Width 'pcihip0|p|hip|altpcie_hip_256_pipen1b|g_xcvr.sv_xcvr_pipe_native|inst_sv_xcvr_native|inst_sv_pma|rx_pma.sv_rx_pma_inst|rx_pmas[6].rx_pma.rx_cdr|clk90bdes'
Slack : 0.200
TNS   : 0.000

Type  : Fast 900mV 85C Model Minimum Pulse Width 'pcihip0|p|hip|altpcie_hip_256_pipen1b|g_xcvr.sv_xcvr_pipe_native|inst_sv_xcvr_native|inst_sv_pma|rx_pma.sv_rx_pma_inst|rx_pmas[7].rx_pma.rx_cdr|clk90bdes'
Slack : 0.200
TNS   : 0.000

Type  : Fast 900mV 85C Model Minimum Pulse Width 'pcihip0|p|hip|altpcie_hip_256_pipen1b|g_xcvr.sv_xcvr_pipe_native|inst_sv_xcvr_native|inst_sv_pma|rx_pma.sv_rx_pma_inst|rx_pmas[8].rx_pma.rx_cdr|clk90bdes'
Slack : 0.200
TNS   : 0.000

Type  : Fast 900mV 85C Model Minimum Pulse Width 'i_refclk_sfp'
Slack : 0.938
TNS   : 0.000

Type  : Fast 900mV 85C Model Minimum Pulse Width 'pcihip0|p|hip|altpcie_hip_256_pipen1b|g_xcvr.sv_xcvr_pipe_native|inst_sv_xcvr_native|inst_sv_pma|rx_pma.sv_rx_pma_inst|rx_pmas[0].rx_pma.rx_pma_deser|clk90b'
Slack : 0.950
TNS   : 0.000

Type  : Fast 900mV 85C Model Minimum Pulse Width 'pcihip0|p|hip|altpcie_hip_256_pipen1b|g_xcvr.sv_xcvr_pipe_native|inst_sv_xcvr_native|inst_sv_pma|rx_pma.sv_rx_pma_inst|rx_pmas[1].rx_pma.rx_pma_deser|clk90b'
Slack : 0.950
TNS   : 0.000

Type  : Fast 900mV 85C Model Minimum Pulse Width 'pcihip0|p|hip|altpcie_hip_256_pipen1b|g_xcvr.sv_xcvr_pipe_native|inst_sv_xcvr_native|inst_sv_pma|rx_pma.sv_rx_pma_inst|rx_pmas[2].rx_pma.rx_pma_deser|clk90b'
Slack : 0.950
TNS   : 0.000

Type  : Fast 900mV 85C Model Minimum Pulse Width 'pcihip0|p|hip|altpcie_hip_256_pipen1b|g_xcvr.sv_xcvr_pipe_native|inst_sv_xcvr_native|inst_sv_pma|rx_pma.sv_rx_pma_inst|rx_pmas[3].rx_pma.rx_pma_deser|clk90b'
Slack : 0.950
TNS   : 0.000

Type  : Fast 900mV 85C Model Minimum Pulse Width 'pcihip0|p|hip|altpcie_hip_256_pipen1b|g_xcvr.sv_xcvr_pipe_native|inst_sv_xcvr_native|inst_sv_pma|rx_pma.sv_rx_pma_inst|rx_pmas[5].rx_pma.rx_pma_deser|clk90b'
Slack : 0.950
TNS   : 0.000

Type  : Fast 900mV 85C Model Minimum Pulse Width 'pcihip0|p|hip|altpcie_hip_256_pipen1b|g_xcvr.sv_xcvr_pipe_native|inst_sv_xcvr_native|inst_sv_pma|rx_pma.sv_rx_pma_inst|rx_pmas[6].rx_pma.rx_pma_deser|clk90b'
Slack : 0.950
TNS   : 0.000

Type  : Fast 900mV 85C Model Minimum Pulse Width 'pcihip0|p|hip|altpcie_hip_256_pipen1b|g_xcvr.sv_xcvr_pipe_native|inst_sv_xcvr_native|inst_sv_pma|rx_pma.sv_rx_pma_inst|rx_pmas[7].rx_pma.rx_pma_deser|clk90b'
Slack : 0.950
TNS   : 0.000

Type  : Fast 900mV 85C Model Minimum Pulse Width 'pcihip0|p|hip|altpcie_hip_256_pipen1b|g_xcvr.sv_xcvr_pipe_native|inst_sv_xcvr_native|inst_sv_pma|rx_pma.sv_rx_pma_inst|rx_pmas[8].rx_pma.rx_pma_deser|clk90b'
Slack : 0.950
TNS   : 0.000

Type  : Fast 900mV 85C Model Minimum Pulse Width 'pcihip0|p|hip|altpcie_hip_256_pipen1b|g_xcvr.sv_xcvr_pipe_native|inst_sv_xcvr_native|inst_sv_pma|tx_pma.sv_tx_pma_inst|tx_pma_insts[0].sv_tx_pma_ch_inst|tx_pma_ch.tx_cgb|lfclkp'
Slack : 0.986
TNS   : 0.000

Type  : Fast 900mV 85C Model Minimum Pulse Width 'pcihip0|p|hip|altpcie_hip_256_pipen1b|g_xcvr.sv_xcvr_pipe_native|inst_sv_xcvr_native|inst_sv_pma|tx_pma.sv_tx_pma_inst|tx_pma_insts[1].sv_tx_pma_ch_inst|tx_pma_ch.tx_cgb|lfclkp'
Slack : 0.986
TNS   : 0.000

Type  : Fast 900mV 85C Model Minimum Pulse Width 'pcihip0|p|hip|altpcie_hip_256_pipen1b|g_xcvr.sv_xcvr_pipe_native|inst_sv_xcvr_native|inst_sv_pma|tx_pma.sv_tx_pma_inst|tx_pma_insts[2].sv_tx_pma_ch_inst|tx_pma_ch.tx_cgb|lfclkp'
Slack : 0.986
TNS   : 0.000

Type  : Fast 900mV 85C Model Minimum Pulse Width 'pcihip0|p|hip|altpcie_hip_256_pipen1b|g_xcvr.sv_xcvr_pipe_native|inst_sv_xcvr_native|inst_sv_pma|tx_pma.sv_tx_pma_inst|tx_pma_insts[3].sv_tx_pma_ch_inst|tx_pma_ch.tx_cgb|lfclkp'
Slack : 0.986
TNS   : 0.000

Type  : Fast 900mV 85C Model Minimum Pulse Width 'pcihip0|p|hip|altpcie_hip_256_pipen1b|g_xcvr.sv_xcvr_pipe_native|inst_sv_xcvr_native|inst_sv_pma|tx_pma.sv_tx_pma_inst|tx_pma_insts[4].sv_tx_pma_ch_inst|tx_pma_ch.tx_cgb|lfclkp'
Slack : 0.986
TNS   : 0.000

Type  : Fast 900mV 85C Model Minimum Pulse Width 'pcihip0|p|hip|altpcie_hip_256_pipen1b|g_xcvr.sv_xcvr_pipe_native|inst_sv_xcvr_native|inst_sv_pma|tx_pma.sv_tx_pma_inst|tx_pma_insts[5].sv_tx_pma_ch_inst|tx_pma_ch.tx_cgb|lfclkp'
Slack : 0.986
TNS   : 0.000

Type  : Fast 900mV 85C Model Minimum Pulse Width 'pcihip0|p|hip|altpcie_hip_256_pipen1b|g_xcvr.sv_xcvr_pipe_native|inst_sv_xcvr_native|inst_sv_pma|tx_pma.sv_tx_pma_inst|tx_pma_insts[6].sv_tx_pma_ch_inst|tx_pma_ch.tx_cgb|lfclkp'
Slack : 0.986
TNS   : 0.000

Type  : Fast 900mV 85C Model Minimum Pulse Width 'pcihip0|p|hip|altpcie_hip_256_pipen1b|g_xcvr.sv_xcvr_pipe_native|inst_sv_xcvr_native|inst_sv_pma|tx_pma.sv_tx_pma_inst|tx_pma_insts[7].sv_tx_pma_ch_inst|tx_pma_ch.tx_cgb|lfclkp'
Slack : 0.986
TNS   : 0.000

Type  : Fast 900mV 85C Model Minimum Pulse Width 'pcihip0|p|hip|altpcie_hip_256_pipen1b|g_xcvr.sv_xcvr_pipe_native|inst_sv_xcvr_native|inst_sv_pma|tx_pma.sv_tx_pma_inst|tx_pma_insts[8].sv_tx_pma_ch_inst|tx_pma_ch.tx_cgb|lfclkp'
Slack : 0.986
TNS   : 0.000

Type  : Fast 900mV 85C Model Minimum Pulse Width 'pcihip0|p|hip|altpcie_hip_256_pipen1b|g_xcvr.sv_xcvr_pipe_native|inst_sv_xcvr_native|inst_sv_pma|tx_pma.sv_tx_pma_inst|tx_pma_insts[4].sv_tx_pma_ch_inst|tx_pma_ch.tx_cgb|cpulseout'
Slack : 0.992
TNS   : 0.000

Type  : Fast 900mV 85C Model Minimum Pulse Width 'pcihip0|p|hip|altpcie_hip_256_pipen1b|g_xcvr.sv_xcvr_pipe_native|inst_sv_xcvr_native|inst_sv_pma|tx_pma.sv_tx_pma_inst|tx_pma_insts[4].sv_tx_pma_ch_inst|tx_pma_ch.tx_cgb|lfclkpout'
Slack : 1.000
TNS   : 0.000

Type  : Fast 900mV 85C Model Minimum Pulse Width 'sfp0|sfpp_phy_inst|S5|transceiver_core|gen.sv_xcvr_native_insts[0].gen_bonded_group.sv_xcvr_native_inst|inst_sv_pma|rx_pma.sv_rx_pma_inst|rx_pmas[0].rx_pma.rx_pma_deser|clk90b'
Slack : 1.125
TNS   : 0.000

Type  : Fast 900mV 85C Model Minimum Pulse Width 'sfp1|sfpp_phy_inst|S5|transceiver_core|gen.sv_xcvr_native_insts[0].gen_bonded_group.sv_xcvr_native_inst|inst_sv_pma|rx_pma.sv_rx_pma_inst|rx_pmas[0].rx_pma.rx_pma_deser|clk90b'
Slack : 1.125
TNS   : 0.000

Type  : Fast 900mV 85C Model Minimum Pulse Width 'sfp0|sfpp_phy_inst|S5|transceiver_core|gen.sv_xcvr_native_insts[0].gen_bonded_group.sv_xcvr_native_inst|inst_sv_pma|tx_pma.sv_tx_pma_inst|tx_pma_insts[0].sv_tx_pma_ch_inst|tx_pma_ch.tx_cgb|pclk[0]'
Slack : 1.162
TNS   : 0.000

Type  : Fast 900mV 85C Model Minimum Pulse Width 'sfp1|sfpp_phy_inst|S5|transceiver_core|gen.sv_xcvr_native_insts[0].gen_bonded_group.sv_xcvr_native_inst|inst_sv_pma|tx_pma.sv_tx_pma_inst|tx_pma_insts[0].sv_tx_pma_ch_inst|tx_pma_ch.tx_cgb|pclk[0]'
Slack : 1.162
TNS   : 0.000

Type  : Fast 900mV 85C Model Minimum Pulse Width 'pcihip0|p|hip|altpcie_hip_256_pipen1b|stratixv_hssi_gen3_pcie_hip|coreclkout'
Slack : 1.187
TNS   : 0.000

Type  : Fast 900mV 85C Model Minimum Pulse Width 'pcihip0|p|hip|altpcie_hip_256_pipen1b|g_xcvr.sv_xcvr_pipe_native|inst_sv_xcvr_native|inst_sv_pma|tx_pma.sv_tx_pma_inst|tx_pma_insts[4].sv_tx_pma_ch_inst|tx_pma_ch.tx_cgb|pclkout[0]'
Slack : 2.000
TNS   : 0.000

Type  : Fast 900mV 85C Model Minimum Pulse Width 'pcihip0|p|hip|altpcie_hip_256_pipen1b|stratixv_hssi_gen3_pcie_hip|observablecoreclkdiv'
Slack : 2.000
TNS   : 0.000

Type  : Fast 900mV 85C Model Minimum Pulse Width 'sfp1|sfpp_phy_inst|S5|transceiver_core|gen.sv_xcvr_native_insts[0].gen_bonded_group.sv_xcvr_native_inst|inst_sv_pcs|ch[0].inst_sv_pcs_ch|inst_sv_hssi_8g_rx_pcs|wys|clocktopld'
Slack : 2.295
TNS   : 0.000

Type  : Fast 900mV 85C Model Minimum Pulse Width 'sfp0|sfpp_phy_inst|S5|transceiver_core|gen.sv_xcvr_native_insts[0].gen_bonded_group.sv_xcvr_native_inst|inst_sv_pcs|ch[0].inst_sv_pcs_ch|inst_sv_hssi_8g_rx_pcs|wys|clocktopld'
Slack : 2.299
TNS   : 0.000

Type  : Fast 900mV 85C Model Minimum Pulse Width 'sfp0|sfpp_phy_inst|S5|transceiver_core|gen.sv_xcvr_native_insts[0].gen_bonded_group.sv_xcvr_native_inst|inst_sv_pcs|ch[0].inst_sv_pcs_ch|inst_sv_hssi_8g_rx_pcs|wys|observablebyteserdesclock'
Slack : 2.319
TNS   : 0.000

Type  : Fast 900mV 85C Model Minimum Pulse Width 'sfp1|sfpp_phy_inst|S5|transceiver_core|gen.sv_xcvr_native_insts[0].gen_bonded_group.sv_xcvr_native_inst|inst_sv_pcs|ch[0].inst_sv_pcs_ch|inst_sv_hssi_8g_rx_pcs|wys|observablebyteserdesclock'
Slack : 2.319
TNS   : 0.000

Type  : Fast 900mV 85C Model Minimum Pulse Width 'sfp0|sfpp_phy_inst|S5|transceiver_core|gen.sv_xcvr_native_insts[0].gen_bonded_group.sv_xcvr_native_inst|inst_sv_pcs|ch[0].inst_sv_pcs_ch|inst_sv_hssi_8g_tx_pcs|wys|observablebyteserdesclock'
Slack : 2.352
TNS   : 0.000

Type  : Fast 900mV 85C Model Minimum Pulse Width 'sfp1|sfpp_phy_inst|S5|transceiver_core|gen.sv_xcvr_native_insts[0].gen_bonded_group.sv_xcvr_native_inst|inst_sv_pcs|ch[0].inst_sv_pcs_ch|inst_sv_hssi_8g_tx_pcs|wys|observablebyteserdesclock'
Slack : 2.352
TNS   : 0.000

Type  : Fast 900mV 85C Model Minimum Pulse Width 'pcihip0|p|hip|altpcie_hip_256_pipen1b|g_xcvr.sv_xcvr_pipe_native|inst_sv_xcvr_native|inst_sv_pcs|ch[0].inst_sv_pcs_ch|inst_sv_hssi_8g_rx_pcs|wys|observablebyteserdesclock'
Slack : 3.970
TNS   : 0.000

Type  : Fast 900mV 85C Model Minimum Pulse Width 'pcihip0|p|hip|altpcie_hip_256_pipen1b|g_xcvr.sv_xcvr_pipe_native|inst_sv_xcvr_native|inst_sv_pcs|ch[1].inst_sv_pcs_ch|inst_sv_hssi_8g_rx_pcs|wys|observablebyteserdesclock'
Slack : 3.970
TNS   : 0.000

Type  : Fast 900mV 85C Model Minimum Pulse Width 'pcihip0|p|hip|altpcie_hip_256_pipen1b|g_xcvr.sv_xcvr_pipe_native|inst_sv_xcvr_native|inst_sv_pcs|ch[2].inst_sv_pcs_ch|inst_sv_hssi_8g_rx_pcs|wys|observablebyteserdesclock'
Slack : 3.970
TNS   : 0.000

Type  : Fast 900mV 85C Model Minimum Pulse Width 'pcihip0|p|hip|altpcie_hip_256_pipen1b|g_xcvr.sv_xcvr_pipe_native|inst_sv_xcvr_native|inst_sv_pcs|ch[3].inst_sv_pcs_ch|inst_sv_hssi_8g_rx_pcs|wys|observablebyteserdesclock'
Slack : 3.970
TNS   : 0.000

Type  : Fast 900mV 85C Model Minimum Pulse Width 'pcihip0|p|hip|altpcie_hip_256_pipen1b|g_xcvr.sv_xcvr_pipe_native|inst_sv_xcvr_native|inst_sv_pcs|ch[5].inst_sv_pcs_ch|inst_sv_hssi_8g_rx_pcs|wys|observablebyteserdesclock'
Slack : 3.970
TNS   : 0.000

Type  : Fast 900mV 85C Model Minimum Pulse Width 'pcihip0|p|hip|altpcie_hip_256_pipen1b|g_xcvr.sv_xcvr_pipe_native|inst_sv_xcvr_native|inst_sv_pcs|ch[6].inst_sv_pcs_ch|inst_sv_hssi_8g_rx_pcs|wys|observablebyteserdesclock'
Slack : 3.970
TNS   : 0.000

Type  : Fast 900mV 85C Model Minimum Pulse Width 'pcihip0|p|hip|altpcie_hip_256_pipen1b|g_xcvr.sv_xcvr_pipe_native|inst_sv_xcvr_native|inst_sv_pcs|ch[7].inst_sv_pcs_ch|inst_sv_hssi_8g_rx_pcs|wys|observablebyteserdesclock'
Slack : 3.970
TNS   : 0.000

Type  : Fast 900mV 85C Model Minimum Pulse Width 'pcihip0|p|hip|altpcie_hip_256_pipen1b|g_xcvr.sv_xcvr_pipe_native|inst_sv_xcvr_native|inst_sv_pcs|ch[8].inst_sv_pcs_ch|inst_sv_hssi_8g_rx_pcs|wys|observablebyteserdesclock'
Slack : 3.970
TNS   : 0.000

Type  : Fast 900mV 85C Model Minimum Pulse Width 'pcihip0|p|hip|altpcie_hip_256_pipen1b|g_xcvr.sv_xcvr_pipe_native|inst_sv_xcvr_native|inst_sv_pcs|ch[0].inst_sv_pcs_ch|inst_sv_hssi_8g_tx_pcs|wys|observablebyteserdesclock'
Slack : 4.000
TNS   : 0.000

Type  : Fast 900mV 85C Model Minimum Pulse Width 'pcihip0|p|hip|altpcie_hip_256_pipen1b|g_xcvr.sv_xcvr_pipe_native|inst_sv_xcvr_native|inst_sv_pcs|ch[1].inst_sv_pcs_ch|inst_sv_hssi_8g_tx_pcs|wys|observablebyteserdesclock'
Slack : 4.000
TNS   : 0.000

Type  : Fast 900mV 85C Model Minimum Pulse Width 'pcihip0|p|hip|altpcie_hip_256_pipen1b|g_xcvr.sv_xcvr_pipe_native|inst_sv_xcvr_native|inst_sv_pcs|ch[2].inst_sv_pcs_ch|inst_sv_hssi_8g_tx_pcs|wys|observablebyteserdesclock'
Slack : 4.000
TNS   : 0.000

Type  : Fast 900mV 85C Model Minimum Pulse Width 'pcihip0|p|hip|altpcie_hip_256_pipen1b|g_xcvr.sv_xcvr_pipe_native|inst_sv_xcvr_native|inst_sv_pcs|ch[3].inst_sv_pcs_ch|inst_sv_hssi_8g_tx_pcs|wys|observablebyteserdesclock'
Slack : 4.000
TNS   : 0.000

Type  : Fast 900mV 85C Model Minimum Pulse Width 'pcihip0|p|hip|altpcie_hip_256_pipen1b|g_xcvr.sv_xcvr_pipe_native|inst_sv_xcvr_native|inst_sv_pcs|ch[4].inst_sv_pcs_ch|inst_sv_hssi_8g_tx_pcs|wys|observablebyteserdesclock'
Slack : 4.000
TNS   : 0.000

Type  : Fast 900mV 85C Model Minimum Pulse Width 'pcihip0|p|hip|altpcie_hip_256_pipen1b|g_xcvr.sv_xcvr_pipe_native|inst_sv_xcvr_native|inst_sv_pcs|ch[5].inst_sv_pcs_ch|inst_sv_hssi_8g_tx_pcs|wys|observablebyteserdesclock'
Slack : 4.000
TNS   : 0.000

Type  : Fast 900mV 85C Model Minimum Pulse Width 'pcihip0|p|hip|altpcie_hip_256_pipen1b|g_xcvr.sv_xcvr_pipe_native|inst_sv_xcvr_native|inst_sv_pcs|ch[6].inst_sv_pcs_ch|inst_sv_hssi_8g_tx_pcs|wys|observablebyteserdesclock'
Slack : 4.000
TNS   : 0.000

Type  : Fast 900mV 85C Model Minimum Pulse Width 'pcihip0|p|hip|altpcie_hip_256_pipen1b|g_xcvr.sv_xcvr_pipe_native|inst_sv_xcvr_native|inst_sv_pcs|ch[7].inst_sv_pcs_ch|inst_sv_hssi_8g_tx_pcs|wys|observablebyteserdesclock'
Slack : 4.000
TNS   : 0.000

Type  : Fast 900mV 85C Model Minimum Pulse Width 'pcihip0|p|hip|altpcie_hip_256_pipen1b|g_xcvr.sv_xcvr_pipe_native|inst_sv_xcvr_native|inst_sv_pcs|ch[8].inst_sv_pcs_ch|inst_sv_hssi_8g_tx_pcs|wys|observablebyteserdesclock'
Slack : 4.000
TNS   : 0.000

Type  : Fast 900mV 85C Model Minimum Pulse Width 'pcihip0|p|hip|altpcie_hip_256_pipen1b|g_xcvr.sv_xcvr_pipe_native|inst_sv_xcvr_native|inst_sv_pma|tx_pma.sv_tx_pma_inst|tx_pma_insts[4].sv_tx_pma_ch_inst|tx_pma_ch.tx_cgb|pclkout[1]'
Slack : 4.000
TNS   : 0.000

Type  : Fast 900mV 85C Model Minimum Pulse Width 'sfp0|sfpp_phy_inst|S5|transceiver_core|gen.sv_xcvr_native_insts[0].gen_bonded_group.sv_xcvr_native_inst|inst_sv_xcvr_avmm|avmm_interface_insts[0].stratixv_hssi_avmm_interface_inst|pmatestbussel[0]'
Slack : 4.085
TNS   : 0.000

Type  : Fast 900mV 85C Model Minimum Pulse Width 'sv_reconfig_pma_testbus_clk_1'
Slack : 4.216
TNS   : 0.000

Type  : Fast 900mV 85C Model Minimum Pulse Width 'sv_reconfig_pma_testbus_clk_0'
Slack : 4.260
TNS   : 0.000

Type  : Fast 900mV 85C Model Minimum Pulse Width 'pci_pi_refclk0'
Slack : 4.385
TNS   : 0.000

Type  : Fast 900mV 85C Model Minimum Pulse Width 'pcihip0|p|hip|altpcie_hip_256_pipen1b|g_xcvr.sv_xcvr_pipe_native|inst_sv_xcvr_native|inst_sv_xcvr_avmm|avmm_interface_insts[0].stratixv_hssi_avmm_interface_inst|pmatestbussel[0]'
Slack : 5.000
TNS   : 0.000

Type  : Fast 900mV 85C Model Minimum Pulse Width 'pcihip0|p|hip|altpcie_hip_256_pipen1b|g_xcvr.sv_xcvr_pipe_native|inst_sv_xcvr_native|inst_sv_xcvr_avmm|avmm_interface_insts[3].stratixv_hssi_avmm_interface_inst|pmatestbussel[0]'
Slack : 5.000
TNS   : 0.000

Type  : Fast 900mV 85C Model Minimum Pulse Width 'pcihip0|p|hip|altpcie_hip_256_pipen1b|g_xcvr.sv_xcvr_pipe_native|inst_sv_xcvr_native|inst_sv_xcvr_avmm|avmm_interface_insts[6].stratixv_hssi_avmm_interface_inst|pmatestbussel[0]'
Slack : 5.000
TNS   : 0.000

Type  : Fast 900mV 85C Model Minimum Pulse Width 'pcihip0|p|hip|altpcie_hip_256_pipen1b|g_xcvr.sv_xcvr_pipe_native|sv_xcvr_tx_plls_inst|pll[0].pll.cmu_pll.pll_mux.pll_refclk_select_mux|clkout'
Slack : 5.000
TNS   : 0.000

Type  : Fast 900mV 85C Model Minimum Pulse Width 'pcihip0|p|hip|altpcie_hip_256_pipen1b|g_xcvr.sv_xcvr_pipe_native|inst_sv_xcvr_native|inst_sv_pma|tx_pma.sv_tx_pma_inst|tx_pma_insts[4].sv_tx_pma_ch_inst|tx_pma_ch.tx_cgb|pclkout[2]'
Slack : 8.000
TNS   : 0.000

Type  : Fast 900mV 85C Model Minimum Pulse Width 'altera_reserved_tck'
Slack : 15.882
TNS   : 0.000

Type  : Fast 900mV 0C Model Setup 'pcihip0|p|hip|altpcie_hip_256_pipen1b|stratixv_hssi_gen3_pcie_hip|coreclkout'
Slack : 1.400
TNS   : 0.000

Type  : Fast 900mV 0C Model Setup 'pci_pi_refclk0'
Slack : 3.230
TNS   : 0.000

Type  : Fast 900mV 0C Model Setup 'sfp0|sfpp_phy_inst|S5|transceiver_core|gen.sv_xcvr_native_insts[0].gen_bonded_group.sv_xcvr_native_inst|inst_sv_xcvr_avmm|avmm_interface_insts[0].stratixv_hssi_avmm_interface_inst|pmatestbussel[0]'
Slack : 4.251
TNS   : 0.000

Type  : Fast 900mV 0C Model Setup 'n/a'
Slack : 4.483
TNS   : 0.000

Type  : Fast 900mV 0C Model Setup 'sv_reconfig_pma_testbus_clk_0'
Slack : 8.523
TNS   : 0.000

Type  : Fast 900mV 0C Model Setup 'sv_reconfig_pma_testbus_clk_1'
Slack : 8.654
TNS   : 0.000

Type  : Fast 900mV 0C Model Setup 'altera_reserved_tck'
Slack : 14.173
TNS   : 0.000

Type  : Fast 900mV 0C Model Hold 'altera_reserved_tck'
Slack : 0.082
TNS   : 0.000

Type  : Fast 900mV 0C Model Hold 'pcihip0|p|hip|altpcie_hip_256_pipen1b|stratixv_hssi_gen3_pcie_hip|coreclkout'
Slack : 0.123
TNS   : 0.000

Type  : Fast 900mV 0C Model Hold 'pci_pi_refclk0'
Slack : 0.158
TNS   : 0.000

Type  : Fast 900mV 0C Model Hold 'sfp0|sfpp_phy_inst|S5|transceiver_core|gen.sv_xcvr_native_insts[0].gen_bonded_group.sv_xcvr_native_inst|inst_sv_xcvr_avmm|avmm_interface_insts[0].stratixv_hssi_avmm_interface_inst|pmatestbussel[0]'
Slack : 0.204
TNS   : 0.000

Type  : Fast 900mV 0C Model Hold 'sv_reconfig_pma_testbus_clk_1'
Slack : 0.446
TNS   : 0.000

Type  : Fast 900mV 0C Model Hold 'sv_reconfig_pma_testbus_clk_0'
Slack : 0.456
TNS   : 0.000

Type  : Fast 900mV 0C Model Hold 'n/a'
Slack : 12.488
TNS   : 0.000

Type  : Fast 900mV 0C Model Recovery 'pcihip0|p|hip|altpcie_hip_256_pipen1b|stratixv_hssi_gen3_pcie_hip|coreclkout'
Slack : 1.444
TNS   : 0.000

Type  : Fast 900mV 0C Model Recovery 'pci_pi_refclk0'
Slack : 7.022
TNS   : 0.000

Type  : Fast 900mV 0C Model Recovery 'sfp0|sfpp_phy_inst|S5|transceiver_core|gen.sv_xcvr_native_insts[0].gen_bonded_group.sv_xcvr_native_inst|inst_sv_xcvr_avmm|avmm_interface_insts[0].stratixv_hssi_avmm_interface_inst|pmatestbussel[0]'
Slack : 7.127
TNS   : 0.000

Type  : Fast 900mV 0C Model Recovery 'sv_reconfig_pma_testbus_clk_0'
Slack : 8.097
TNS   : 0.000

Type  : Fast 900mV 0C Model Recovery 'altera_reserved_tck'
Slack : 31.769
TNS   : 0.000

Type  : Fast 900mV 0C Model Removal 'pcihip0|p|hip|altpcie_hip_256_pipen1b|stratixv_hssi_gen3_pcie_hip|coreclkout'
Slack : 0.169
TNS   : 0.000

Type  : Fast 900mV 0C Model Removal 'pci_pi_refclk0'
Slack : 0.197
TNS   : 0.000

Type  : Fast 900mV 0C Model Removal 'altera_reserved_tck'
Slack : 0.278
TNS   : 0.000

Type  : Fast 900mV 0C Model Removal 'sfp0|sfpp_phy_inst|S5|transceiver_core|gen.sv_xcvr_native_insts[0].gen_bonded_group.sv_xcvr_native_inst|inst_sv_xcvr_avmm|avmm_interface_insts[0].stratixv_hssi_avmm_interface_inst|pmatestbussel[0]'
Slack : 0.300
TNS   : 0.000

Type  : Fast 900mV 0C Model Removal 'sv_reconfig_pma_testbus_clk_0'
Slack : 1.096
TNS   : 0.000

Type  : Fast 900mV 0C Model Minimum Pulse Width 'sfp0|sfpp_phy_inst|S5|transceiver_core|gen.sv_xcvr_native_insts[0].gen_bonded_group.sv_xcvr_native_inst|inst_sv_pma|rx_pma.sv_rx_pma_inst|rx_pmas[0].rx_pma.rx_cdr|clk90bdes'
Slack : 0.117
TNS   : 0.000

Type  : Fast 900mV 0C Model Minimum Pulse Width 'sfp0|sfpp_phy_inst|S5|transceiver_core|gen.sv_xcvr_native_insts[0].gen_tx_plls.gen_tx_plls.tx_plls|pll[0].pll.atx_pll.tx_pll|clk010g'
Slack : 0.117
TNS   : 0.000

Type  : Fast 900mV 0C Model Minimum Pulse Width 'sfp1|sfpp_phy_inst|S5|transceiver_core|gen.sv_xcvr_native_insts[0].gen_bonded_group.sv_xcvr_native_inst|inst_sv_pma|rx_pma.sv_rx_pma_inst|rx_pmas[0].rx_pma.rx_cdr|clk90bdes'
Slack : 0.117
TNS   : 0.000

Type  : Fast 900mV 0C Model Minimum Pulse Width 'pcihip0|p|hip|altpcie_hip_256_pipen1b|g_xcvr.sv_xcvr_pipe_native|sv_xcvr_tx_plls_inst|pll[0].pll.cmu_pll.tx_pll|clkcdr'
Slack : 0.192
TNS   : 0.000

Type  : Fast 900mV 0C Model Minimum Pulse Width 'pcihip0|p|hip|altpcie_hip_256_pipen1b|g_xcvr.sv_xcvr_pipe_native|inst_sv_xcvr_native|inst_sv_pma|rx_pma.sv_rx_pma_inst|rx_pmas[0].rx_pma.rx_cdr|clk90bdes'
Slack : 0.200
TNS   : 0.000

Type  : Fast 900mV 0C Model Minimum Pulse Width 'pcihip0|p|hip|altpcie_hip_256_pipen1b|g_xcvr.sv_xcvr_pipe_native|inst_sv_xcvr_native|inst_sv_pma|rx_pma.sv_rx_pma_inst|rx_pmas[1].rx_pma.rx_cdr|clk90bdes'
Slack : 0.200
TNS   : 0.000

Type  : Fast 900mV 0C Model Minimum Pulse Width 'pcihip0|p|hip|altpcie_hip_256_pipen1b|g_xcvr.sv_xcvr_pipe_native|inst_sv_xcvr_native|inst_sv_pma|rx_pma.sv_rx_pma_inst|rx_pmas[2].rx_pma.rx_cdr|clk90bdes'
Slack : 0.200
TNS   : 0.000

Type  : Fast 900mV 0C Model Minimum Pulse Width 'pcihip0|p|hip|altpcie_hip_256_pipen1b|g_xcvr.sv_xcvr_pipe_native|inst_sv_xcvr_native|inst_sv_pma|rx_pma.sv_rx_pma_inst|rx_pmas[3].rx_pma.rx_cdr|clk90bdes'
Slack : 0.200
TNS   : 0.000

Type  : Fast 900mV 0C Model Minimum Pulse Width 'pcihip0|p|hip|altpcie_hip_256_pipen1b|g_xcvr.sv_xcvr_pipe_native|inst_sv_xcvr_native|inst_sv_pma|rx_pma.sv_rx_pma_inst|rx_pmas[5].rx_pma.rx_cdr|clk90bdes'
Slack : 0.200
TNS   : 0.000

Type  : Fast 900mV 0C Model Minimum Pulse Width 'pcihip0|p|hip|altpcie_hip_256_pipen1b|g_xcvr.sv_xcvr_pipe_native|inst_sv_xcvr_native|inst_sv_pma|rx_pma.sv_rx_pma_inst|rx_pmas[6].rx_pma.rx_cdr|clk90bdes'
Slack : 0.200
TNS   : 0.000

Type  : Fast 900mV 0C Model Minimum Pulse Width 'pcihip0|p|hip|altpcie_hip_256_pipen1b|g_xcvr.sv_xcvr_pipe_native|inst_sv_xcvr_native|inst_sv_pma|rx_pma.sv_rx_pma_inst|rx_pmas[7].rx_pma.rx_cdr|clk90bdes'
Slack : 0.200
TNS   : 0.000

Type  : Fast 900mV 0C Model Minimum Pulse Width 'pcihip0|p|hip|altpcie_hip_256_pipen1b|g_xcvr.sv_xcvr_pipe_native|inst_sv_xcvr_native|inst_sv_pma|rx_pma.sv_rx_pma_inst|rx_pmas[8].rx_pma.rx_cdr|clk90bdes'
Slack : 0.200
TNS   : 0.000

Type  : Fast 900mV 0C Model Minimum Pulse Width 'i_refclk_sfp'
Slack : 0.938
TNS   : 0.000

Type  : Fast 900mV 0C Model Minimum Pulse Width 'pcihip0|p|hip|altpcie_hip_256_pipen1b|g_xcvr.sv_xcvr_pipe_native|inst_sv_xcvr_native|inst_sv_pma|rx_pma.sv_rx_pma_inst|rx_pmas[0].rx_pma.rx_pma_deser|clk90b'
Slack : 0.949
TNS   : 0.000

Type  : Fast 900mV 0C Model Minimum Pulse Width 'pcihip0|p|hip|altpcie_hip_256_pipen1b|g_xcvr.sv_xcvr_pipe_native|inst_sv_xcvr_native|inst_sv_pma|rx_pma.sv_rx_pma_inst|rx_pmas[1].rx_pma.rx_pma_deser|clk90b'
Slack : 0.949
TNS   : 0.000

Type  : Fast 900mV 0C Model Minimum Pulse Width 'pcihip0|p|hip|altpcie_hip_256_pipen1b|g_xcvr.sv_xcvr_pipe_native|inst_sv_xcvr_native|inst_sv_pma|rx_pma.sv_rx_pma_inst|rx_pmas[2].rx_pma.rx_pma_deser|clk90b'
Slack : 0.949
TNS   : 0.000

Type  : Fast 900mV 0C Model Minimum Pulse Width 'pcihip0|p|hip|altpcie_hip_256_pipen1b|g_xcvr.sv_xcvr_pipe_native|inst_sv_xcvr_native|inst_sv_pma|rx_pma.sv_rx_pma_inst|rx_pmas[3].rx_pma.rx_pma_deser|clk90b'
Slack : 0.949
TNS   : 0.000

Type  : Fast 900mV 0C Model Minimum Pulse Width 'pcihip0|p|hip|altpcie_hip_256_pipen1b|g_xcvr.sv_xcvr_pipe_native|inst_sv_xcvr_native|inst_sv_pma|rx_pma.sv_rx_pma_inst|rx_pmas[5].rx_pma.rx_pma_deser|clk90b'
Slack : 0.949
TNS   : 0.000

Type  : Fast 900mV 0C Model Minimum Pulse Width 'pcihip0|p|hip|altpcie_hip_256_pipen1b|g_xcvr.sv_xcvr_pipe_native|inst_sv_xcvr_native|inst_sv_pma|rx_pma.sv_rx_pma_inst|rx_pmas[6].rx_pma.rx_pma_deser|clk90b'
Slack : 0.949
TNS   : 0.000

Type  : Fast 900mV 0C Model Minimum Pulse Width 'pcihip0|p|hip|altpcie_hip_256_pipen1b|g_xcvr.sv_xcvr_pipe_native|inst_sv_xcvr_native|inst_sv_pma|rx_pma.sv_rx_pma_inst|rx_pmas[7].rx_pma.rx_pma_deser|clk90b'
Slack : 0.949
TNS   : 0.000

Type  : Fast 900mV 0C Model Minimum Pulse Width 'pcihip0|p|hip|altpcie_hip_256_pipen1b|g_xcvr.sv_xcvr_pipe_native|inst_sv_xcvr_native|inst_sv_pma|rx_pma.sv_rx_pma_inst|rx_pmas[8].rx_pma.rx_pma_deser|clk90b'
Slack : 0.949
TNS   : 0.000

Type  : Fast 900mV 0C Model Minimum Pulse Width 'pcihip0|p|hip|altpcie_hip_256_pipen1b|g_xcvr.sv_xcvr_pipe_native|inst_sv_xcvr_native|inst_sv_pma|tx_pma.sv_tx_pma_inst|tx_pma_insts[0].sv_tx_pma_ch_inst|tx_pma_ch.tx_cgb|lfclkp'
Slack : 0.986
TNS   : 0.000

Type  : Fast 900mV 0C Model Minimum Pulse Width 'pcihip0|p|hip|altpcie_hip_256_pipen1b|g_xcvr.sv_xcvr_pipe_native|inst_sv_xcvr_native|inst_sv_pma|tx_pma.sv_tx_pma_inst|tx_pma_insts[1].sv_tx_pma_ch_inst|tx_pma_ch.tx_cgb|lfclkp'
Slack : 0.986
TNS   : 0.000

Type  : Fast 900mV 0C Model Minimum Pulse Width 'pcihip0|p|hip|altpcie_hip_256_pipen1b|g_xcvr.sv_xcvr_pipe_native|inst_sv_xcvr_native|inst_sv_pma|tx_pma.sv_tx_pma_inst|tx_pma_insts[2].sv_tx_pma_ch_inst|tx_pma_ch.tx_cgb|lfclkp'
Slack : 0.986
TNS   : 0.000

Type  : Fast 900mV 0C Model Minimum Pulse Width 'pcihip0|p|hip|altpcie_hip_256_pipen1b|g_xcvr.sv_xcvr_pipe_native|inst_sv_xcvr_native|inst_sv_pma|tx_pma.sv_tx_pma_inst|tx_pma_insts[3].sv_tx_pma_ch_inst|tx_pma_ch.tx_cgb|lfclkp'
Slack : 0.986
TNS   : 0.000

Type  : Fast 900mV 0C Model Minimum Pulse Width 'pcihip0|p|hip|altpcie_hip_256_pipen1b|g_xcvr.sv_xcvr_pipe_native|inst_sv_xcvr_native|inst_sv_pma|tx_pma.sv_tx_pma_inst|tx_pma_insts[4].sv_tx_pma_ch_inst|tx_pma_ch.tx_cgb|lfclkp'
Slack : 0.986
TNS   : 0.000

Type  : Fast 900mV 0C Model Minimum Pulse Width 'pcihip0|p|hip|altpcie_hip_256_pipen1b|g_xcvr.sv_xcvr_pipe_native|inst_sv_xcvr_native|inst_sv_pma|tx_pma.sv_tx_pma_inst|tx_pma_insts[5].sv_tx_pma_ch_inst|tx_pma_ch.tx_cgb|lfclkp'
Slack : 0.986
TNS   : 0.000

Type  : Fast 900mV 0C Model Minimum Pulse Width 'pcihip0|p|hip|altpcie_hip_256_pipen1b|g_xcvr.sv_xcvr_pipe_native|inst_sv_xcvr_native|inst_sv_pma|tx_pma.sv_tx_pma_inst|tx_pma_insts[6].sv_tx_pma_ch_inst|tx_pma_ch.tx_cgb|lfclkp'
Slack : 0.986
TNS   : 0.000

Type  : Fast 900mV 0C Model Minimum Pulse Width 'pcihip0|p|hip|altpcie_hip_256_pipen1b|g_xcvr.sv_xcvr_pipe_native|inst_sv_xcvr_native|inst_sv_pma|tx_pma.sv_tx_pma_inst|tx_pma_insts[7].sv_tx_pma_ch_inst|tx_pma_ch.tx_cgb|lfclkp'
Slack : 0.986
TNS   : 0.000

Type  : Fast 900mV 0C Model Minimum Pulse Width 'pcihip0|p|hip|altpcie_hip_256_pipen1b|g_xcvr.sv_xcvr_pipe_native|inst_sv_xcvr_native|inst_sv_pma|tx_pma.sv_tx_pma_inst|tx_pma_insts[8].sv_tx_pma_ch_inst|tx_pma_ch.tx_cgb|lfclkp'
Slack : 0.986
TNS   : 0.000

Type  : Fast 900mV 0C Model Minimum Pulse Width 'pcihip0|p|hip|altpcie_hip_256_pipen1b|g_xcvr.sv_xcvr_pipe_native|inst_sv_xcvr_native|inst_sv_pma|tx_pma.sv_tx_pma_inst|tx_pma_insts[4].sv_tx_pma_ch_inst|tx_pma_ch.tx_cgb|cpulseout'
Slack : 0.992
TNS   : 0.000

Type  : Fast 900mV 0C Model Minimum Pulse Width 'pcihip0|p|hip|altpcie_hip_256_pipen1b|g_xcvr.sv_xcvr_pipe_native|inst_sv_xcvr_native|inst_sv_pma|tx_pma.sv_tx_pma_inst|tx_pma_insts[4].sv_tx_pma_ch_inst|tx_pma_ch.tx_cgb|lfclkpout'
Slack : 1.000
TNS   : 0.000

Type  : Fast 900mV 0C Model Minimum Pulse Width 'sfp0|sfpp_phy_inst|S5|transceiver_core|gen.sv_xcvr_native_insts[0].gen_bonded_group.sv_xcvr_native_inst|inst_sv_pma|rx_pma.sv_rx_pma_inst|rx_pmas[0].rx_pma.rx_pma_deser|clk90b'
Slack : 1.124
TNS   : 0.000

Type  : Fast 900mV 0C Model Minimum Pulse Width 'sfp1|sfpp_phy_inst|S5|transceiver_core|gen.sv_xcvr_native_insts[0].gen_bonded_group.sv_xcvr_native_inst|inst_sv_pma|rx_pma.sv_rx_pma_inst|rx_pmas[0].rx_pma.rx_pma_deser|clk90b'
Slack : 1.124
TNS   : 0.000

Type  : Fast 900mV 0C Model Minimum Pulse Width 'sfp0|sfpp_phy_inst|S5|transceiver_core|gen.sv_xcvr_native_insts[0].gen_bonded_group.sv_xcvr_native_inst|inst_sv_pma|tx_pma.sv_tx_pma_inst|tx_pma_insts[0].sv_tx_pma_ch_inst|tx_pma_ch.tx_cgb|pclk[0]'
Slack : 1.161
TNS   : 0.000

Type  : Fast 900mV 0C Model Minimum Pulse Width 'sfp1|sfpp_phy_inst|S5|transceiver_core|gen.sv_xcvr_native_insts[0].gen_bonded_group.sv_xcvr_native_inst|inst_sv_pma|tx_pma.sv_tx_pma_inst|tx_pma_insts[0].sv_tx_pma_ch_inst|tx_pma_ch.tx_cgb|pclk[0]'
Slack : 1.161
TNS   : 0.000

Type  : Fast 900mV 0C Model Minimum Pulse Width 'pcihip0|p|hip|altpcie_hip_256_pipen1b|stratixv_hssi_gen3_pcie_hip|coreclkout'
Slack : 1.188
TNS   : 0.000

Type  : Fast 900mV 0C Model Minimum Pulse Width 'pcihip0|p|hip|altpcie_hip_256_pipen1b|g_xcvr.sv_xcvr_pipe_native|inst_sv_xcvr_native|inst_sv_pma|tx_pma.sv_tx_pma_inst|tx_pma_insts[4].sv_tx_pma_ch_inst|tx_pma_ch.tx_cgb|pclkout[0]'
Slack : 2.000
TNS   : 0.000

Type  : Fast 900mV 0C Model Minimum Pulse Width 'pcihip0|p|hip|altpcie_hip_256_pipen1b|stratixv_hssi_gen3_pcie_hip|observablecoreclkdiv'
Slack : 2.000
TNS   : 0.000

Type  : Fast 900mV 0C Model Minimum Pulse Width 'sfp1|sfpp_phy_inst|S5|transceiver_core|gen.sv_xcvr_native_insts[0].gen_bonded_group.sv_xcvr_native_inst|inst_sv_pcs|ch[0].inst_sv_pcs_ch|inst_sv_hssi_8g_rx_pcs|wys|clocktopld'
Slack : 2.288
TNS   : 0.000

Type  : Fast 900mV 0C Model Minimum Pulse Width 'sfp0|sfpp_phy_inst|S5|transceiver_core|gen.sv_xcvr_native_insts[0].gen_bonded_group.sv_xcvr_native_inst|inst_sv_pcs|ch[0].inst_sv_pcs_ch|inst_sv_hssi_8g_rx_pcs|wys|clocktopld'
Slack : 2.291
TNS   : 0.000

Type  : Fast 900mV 0C Model Minimum Pulse Width 'sfp0|sfpp_phy_inst|S5|transceiver_core|gen.sv_xcvr_native_insts[0].gen_bonded_group.sv_xcvr_native_inst|inst_sv_pcs|ch[0].inst_sv_pcs_ch|inst_sv_hssi_8g_rx_pcs|wys|observablebyteserdesclock'
Slack : 2.319
TNS   : 0.000

Type  : Fast 900mV 0C Model Minimum Pulse Width 'sfp1|sfpp_phy_inst|S5|transceiver_core|gen.sv_xcvr_native_insts[0].gen_bonded_group.sv_xcvr_native_inst|inst_sv_pcs|ch[0].inst_sv_pcs_ch|inst_sv_hssi_8g_rx_pcs|wys|observablebyteserdesclock'
Slack : 2.319
TNS   : 0.000

Type  : Fast 900mV 0C Model Minimum Pulse Width 'sfp0|sfpp_phy_inst|S5|transceiver_core|gen.sv_xcvr_native_insts[0].gen_bonded_group.sv_xcvr_native_inst|inst_sv_pcs|ch[0].inst_sv_pcs_ch|inst_sv_hssi_8g_tx_pcs|wys|observablebyteserdesclock'
Slack : 2.352
TNS   : 0.000

Type  : Fast 900mV 0C Model Minimum Pulse Width 'sfp1|sfpp_phy_inst|S5|transceiver_core|gen.sv_xcvr_native_insts[0].gen_bonded_group.sv_xcvr_native_inst|inst_sv_pcs|ch[0].inst_sv_pcs_ch|inst_sv_hssi_8g_tx_pcs|wys|observablebyteserdesclock'
Slack : 2.352
TNS   : 0.000

Type  : Fast 900mV 0C Model Minimum Pulse Width 'pcihip0|p|hip|altpcie_hip_256_pipen1b|g_xcvr.sv_xcvr_pipe_native|inst_sv_xcvr_native|inst_sv_pcs|ch[0].inst_sv_pcs_ch|inst_sv_hssi_8g_rx_pcs|wys|observablebyteserdesclock'
Slack : 3.970
TNS   : 0.000

Type  : Fast 900mV 0C Model Minimum Pulse Width 'pcihip0|p|hip|altpcie_hip_256_pipen1b|g_xcvr.sv_xcvr_pipe_native|inst_sv_xcvr_native|inst_sv_pcs|ch[1].inst_sv_pcs_ch|inst_sv_hssi_8g_rx_pcs|wys|observablebyteserdesclock'
Slack : 3.970
TNS   : 0.000

Type  : Fast 900mV 0C Model Minimum Pulse Width 'pcihip0|p|hip|altpcie_hip_256_pipen1b|g_xcvr.sv_xcvr_pipe_native|inst_sv_xcvr_native|inst_sv_pcs|ch[2].inst_sv_pcs_ch|inst_sv_hssi_8g_rx_pcs|wys|observablebyteserdesclock'
Slack : 3.970
TNS   : 0.000

Type  : Fast 900mV 0C Model Minimum Pulse Width 'pcihip0|p|hip|altpcie_hip_256_pipen1b|g_xcvr.sv_xcvr_pipe_native|inst_sv_xcvr_native|inst_sv_pcs|ch[3].inst_sv_pcs_ch|inst_sv_hssi_8g_rx_pcs|wys|observablebyteserdesclock'
Slack : 3.970
TNS   : 0.000

Type  : Fast 900mV 0C Model Minimum Pulse Width 'pcihip0|p|hip|altpcie_hip_256_pipen1b|g_xcvr.sv_xcvr_pipe_native|inst_sv_xcvr_native|inst_sv_pcs|ch[5].inst_sv_pcs_ch|inst_sv_hssi_8g_rx_pcs|wys|observablebyteserdesclock'
Slack : 3.970
TNS   : 0.000

Type  : Fast 900mV 0C Model Minimum Pulse Width 'pcihip0|p|hip|altpcie_hip_256_pipen1b|g_xcvr.sv_xcvr_pipe_native|inst_sv_xcvr_native|inst_sv_pcs|ch[6].inst_sv_pcs_ch|inst_sv_hssi_8g_rx_pcs|wys|observablebyteserdesclock'
Slack : 3.970
TNS   : 0.000

Type  : Fast 900mV 0C Model Minimum Pulse Width 'pcihip0|p|hip|altpcie_hip_256_pipen1b|g_xcvr.sv_xcvr_pipe_native|inst_sv_xcvr_native|inst_sv_pcs|ch[7].inst_sv_pcs_ch|inst_sv_hssi_8g_rx_pcs|wys|observablebyteserdesclock'
Slack : 3.970
TNS   : 0.000

Type  : Fast 900mV 0C Model Minimum Pulse Width 'pcihip0|p|hip|altpcie_hip_256_pipen1b|g_xcvr.sv_xcvr_pipe_native|inst_sv_xcvr_native|inst_sv_pcs|ch[8].inst_sv_pcs_ch|inst_sv_hssi_8g_rx_pcs|wys|observablebyteserdesclock'
Slack : 3.970
TNS   : 0.000

Type  : Fast 900mV 0C Model Minimum Pulse Width 'pcihip0|p|hip|altpcie_hip_256_pipen1b|g_xcvr.sv_xcvr_pipe_native|inst_sv_xcvr_native|inst_sv_pcs|ch[0].inst_sv_pcs_ch|inst_sv_hssi_8g_tx_pcs|wys|observablebyteserdesclock'
Slack : 4.000
TNS   : 0.000

Type  : Fast 900mV 0C Model Minimum Pulse Width 'pcihip0|p|hip|altpcie_hip_256_pipen1b|g_xcvr.sv_xcvr_pipe_native|inst_sv_xcvr_native|inst_sv_pcs|ch[1].inst_sv_pcs_ch|inst_sv_hssi_8g_tx_pcs|wys|observablebyteserdesclock'
Slack : 4.000
TNS   : 0.000

Type  : Fast 900mV 0C Model Minimum Pulse Width 'pcihip0|p|hip|altpcie_hip_256_pipen1b|g_xcvr.sv_xcvr_pipe_native|inst_sv_xcvr_native|inst_sv_pcs|ch[2].inst_sv_pcs_ch|inst_sv_hssi_8g_tx_pcs|wys|observablebyteserdesclock'
Slack : 4.000
TNS   : 0.000

Type  : Fast 900mV 0C Model Minimum Pulse Width 'pcihip0|p|hip|altpcie_hip_256_pipen1b|g_xcvr.sv_xcvr_pipe_native|inst_sv_xcvr_native|inst_sv_pcs|ch[3].inst_sv_pcs_ch|inst_sv_hssi_8g_tx_pcs|wys|observablebyteserdesclock'
Slack : 4.000
TNS   : 0.000

Type  : Fast 900mV 0C Model Minimum Pulse Width 'pcihip0|p|hip|altpcie_hip_256_pipen1b|g_xcvr.sv_xcvr_pipe_native|inst_sv_xcvr_native|inst_sv_pcs|ch[4].inst_sv_pcs_ch|inst_sv_hssi_8g_tx_pcs|wys|observablebyteserdesclock'
Slack : 4.000
TNS   : 0.000

Type  : Fast 900mV 0C Model Minimum Pulse Width 'pcihip0|p|hip|altpcie_hip_256_pipen1b|g_xcvr.sv_xcvr_pipe_native|inst_sv_xcvr_native|inst_sv_pcs|ch[5].inst_sv_pcs_ch|inst_sv_hssi_8g_tx_pcs|wys|observablebyteserdesclock'
Slack : 4.000
TNS   : 0.000

Type  : Fast 900mV 0C Model Minimum Pulse Width 'pcihip0|p|hip|altpcie_hip_256_pipen1b|g_xcvr.sv_xcvr_pipe_native|inst_sv_xcvr_native|inst_sv_pcs|ch[6].inst_sv_pcs_ch|inst_sv_hssi_8g_tx_pcs|wys|observablebyteserdesclock'
Slack : 4.000
TNS   : 0.000

Type  : Fast 900mV 0C Model Minimum Pulse Width 'pcihip0|p|hip|altpcie_hip_256_pipen1b|g_xcvr.sv_xcvr_pipe_native|inst_sv_xcvr_native|inst_sv_pcs|ch[7].inst_sv_pcs_ch|inst_sv_hssi_8g_tx_pcs|wys|observablebyteserdesclock'
Slack : 4.000
TNS   : 0.000

Type  : Fast 900mV 0C Model Minimum Pulse Width 'pcihip0|p|hip|altpcie_hip_256_pipen1b|g_xcvr.sv_xcvr_pipe_native|inst_sv_xcvr_native|inst_sv_pcs|ch[8].inst_sv_pcs_ch|inst_sv_hssi_8g_tx_pcs|wys|observablebyteserdesclock'
Slack : 4.000
TNS   : 0.000

Type  : Fast 900mV 0C Model Minimum Pulse Width 'pcihip0|p|hip|altpcie_hip_256_pipen1b|g_xcvr.sv_xcvr_pipe_native|inst_sv_xcvr_native|inst_sv_pma|tx_pma.sv_tx_pma_inst|tx_pma_insts[4].sv_tx_pma_ch_inst|tx_pma_ch.tx_cgb|pclkout[1]'
Slack : 4.000
TNS   : 0.000

Type  : Fast 900mV 0C Model Minimum Pulse Width 'sfp0|sfpp_phy_inst|S5|transceiver_core|gen.sv_xcvr_native_insts[0].gen_bonded_group.sv_xcvr_native_inst|inst_sv_xcvr_avmm|avmm_interface_insts[0].stratixv_hssi_avmm_interface_inst|pmatestbussel[0]'
Slack : 4.061
TNS   : 0.000

Type  : Fast 900mV 0C Model Minimum Pulse Width 'sv_reconfig_pma_testbus_clk_1'
Slack : 4.229
TNS   : 0.000

Type  : Fast 900mV 0C Model Minimum Pulse Width 'sv_reconfig_pma_testbus_clk_0'
Slack : 4.286
TNS   : 0.000

Type  : Fast 900mV 0C Model Minimum Pulse Width 'pci_pi_refclk0'
Slack : 4.409
TNS   : 0.000

Type  : Fast 900mV 0C Model Minimum Pulse Width 'pcihip0|p|hip|altpcie_hip_256_pipen1b|g_xcvr.sv_xcvr_pipe_native|inst_sv_xcvr_native|inst_sv_xcvr_avmm|avmm_interface_insts[0].stratixv_hssi_avmm_interface_inst|pmatestbussel[0]'
Slack : 5.000
TNS   : 0.000

Type  : Fast 900mV 0C Model Minimum Pulse Width 'pcihip0|p|hip|altpcie_hip_256_pipen1b|g_xcvr.sv_xcvr_pipe_native|inst_sv_xcvr_native|inst_sv_xcvr_avmm|avmm_interface_insts[3].stratixv_hssi_avmm_interface_inst|pmatestbussel[0]'
Slack : 5.000
TNS   : 0.000

Type  : Fast 900mV 0C Model Minimum Pulse Width 'pcihip0|p|hip|altpcie_hip_256_pipen1b|g_xcvr.sv_xcvr_pipe_native|inst_sv_xcvr_native|inst_sv_xcvr_avmm|avmm_interface_insts[6].stratixv_hssi_avmm_interface_inst|pmatestbussel[0]'
Slack : 5.000
TNS   : 0.000

Type  : Fast 900mV 0C Model Minimum Pulse Width 'pcihip0|p|hip|altpcie_hip_256_pipen1b|g_xcvr.sv_xcvr_pipe_native|sv_xcvr_tx_plls_inst|pll[0].pll.cmu_pll.pll_mux.pll_refclk_select_mux|clkout'
Slack : 5.000
TNS   : 0.000

Type  : Fast 900mV 0C Model Minimum Pulse Width 'pcihip0|p|hip|altpcie_hip_256_pipen1b|g_xcvr.sv_xcvr_pipe_native|inst_sv_xcvr_native|inst_sv_pma|tx_pma.sv_tx_pma_inst|tx_pma_insts[4].sv_tx_pma_ch_inst|tx_pma_ch.tx_cgb|pclkout[2]'
Slack : 8.000
TNS   : 0.000

Type  : Fast 900mV 0C Model Minimum Pulse Width 'altera_reserved_tck'
Slack : 15.883
TNS   : 0.000

------------------------------------------------------------
