------------------------------------------------------------
Timing Analyzer Summary
------------------------------------------------------------

Type  : Slow 900mV 85C Model Setup 'pcihip0|p|hip|altpcie_hip_256_pipen1b|stratixv_hssi_gen3_pcie_hip|coreclkout'
Slack : 0.037
TNS   : 0.000

Type  : Slow 900mV 85C Model Setup 'n/a'
Slack : 1.475
TNS   : 0.000

Type  : Slow 900mV 85C Model Setup 'pci_pi_refclk0'
Slack : 2.104
TNS   : 0.000

Type  : Slow 900mV 85C Model Setup 'sfp0|sfpp_phy_inst|S5|transceiver_core|gen.sv_xcvr_native_insts[0].gen_bonded_group.sv_xcvr_native_inst|inst_sv_xcvr_avmm|avmm_interface_insts[0].stratixv_hssi_avmm_interface_inst|pmatestbussel[0]'
Slack : 2.237
TNS   : 0.000

Type  : Slow 900mV 85C Model Setup 'sv_reconfig_pma_testbus_clk_1'
Slack : 7.936
TNS   : 0.000

Type  : Slow 900mV 85C Model Setup 'sv_reconfig_pma_testbus_clk_0'
Slack : 8.294
TNS   : 0.000

Type  : Slow 900mV 85C Model Setup 'altera_reserved_tck'
Slack : 12.358
TNS   : 0.000

Type  : Slow 900mV 85C Model Hold 'altera_reserved_tck'
Slack : 0.060
TNS   : 0.000

Type  : Slow 900mV 85C Model Hold 'pci_pi_refclk0'
Slack : 0.077
TNS   : 0.000

Type  : Slow 900mV 85C Model Hold 'pcihip0|p|hip|altpcie_hip_256_pipen1b|stratixv_hssi_gen3_pcie_hip|coreclkout'
Slack : 0.124
TNS   : 0.000

Type  : Slow 900mV 85C Model Hold 'sfp0|sfpp_phy_inst|S5|transceiver_core|gen.sv_xcvr_native_insts[0].gen_bonded_group.sv_xcvr_native_inst|inst_sv_xcvr_avmm|avmm_interface_insts[0].stratixv_hssi_avmm_interface_inst|pmatestbussel[0]'
Slack : 0.610
TNS   : 0.000

Type  : Slow 900mV 85C Model Hold 'sv_reconfig_pma_testbus_clk_0'
Slack : 0.695
TNS   : 0.000

Type  : Slow 900mV 85C Model Hold 'sv_reconfig_pma_testbus_clk_1'
Slack : 0.927
TNS   : 0.000

Type  : Slow 900mV 85C Model Hold 'n/a'
Slack : 13.296
TNS   : 0.000

Type  : Slow 900mV 85C Model Recovery 'pcihip0|p|hip|altpcie_hip_256_pipen1b|stratixv_hssi_gen3_pcie_hip|coreclkout'
Slack : 0.307
TNS   : 0.000

Type  : Slow 900mV 85C Model Recovery 'sfp0|sfpp_phy_inst|S5|transceiver_core|gen.sv_xcvr_native_insts[0].gen_bonded_group.sv_xcvr_native_inst|inst_sv_xcvr_avmm|avmm_interface_insts[0].stratixv_hssi_avmm_interface_inst|pmatestbussel[0]'
Slack : 4.552
TNS   : 0.000

Type  : Slow 900mV 85C Model Recovery 'pci_pi_refclk0'
Slack : 5.902
TNS   : 0.000

Type  : Slow 900mV 85C Model Recovery 'sv_reconfig_pma_testbus_clk_0'
Slack : 6.864
TNS   : 0.000

Type  : Slow 900mV 85C Model Recovery 'altera_reserved_tck'
Slack : 31.035
TNS   : 0.000

Type  : Slow 900mV 85C Model Removal 'pcihip0|p|hip|altpcie_hip_256_pipen1b|stratixv_hssi_gen3_pcie_hip|coreclkout'
Slack : 0.172
TNS   : 0.000

Type  : Slow 900mV 85C Model Removal 'pci_pi_refclk0'
Slack : 0.248
TNS   : 0.000

Type  : Slow 900mV 85C Model Removal 'altera_reserved_tck'
Slack : 0.404
TNS   : 0.000

Type  : Slow 900mV 85C Model Removal 'sfp0|sfpp_phy_inst|S5|transceiver_core|gen.sv_xcvr_native_insts[0].gen_bonded_group.sv_xcvr_native_inst|inst_sv_xcvr_avmm|avmm_interface_insts[0].stratixv_hssi_avmm_interface_inst|pmatestbussel[0]'
Slack : 1.025
TNS   : 0.000

Type  : Slow 900mV 85C Model Removal 'sv_reconfig_pma_testbus_clk_0'
Slack : 1.740
TNS   : 0.000

Type  : Slow 900mV 85C Model Minimum Pulse Width 'sfp0|sfpp_phy_inst|S5|transceiver_core|gen.sv_xcvr_native_insts[0].gen_bonded_group.sv_xcvr_native_inst|inst_sv_pma|rx_pma.sv_rx_pma_inst|rx_pmas[0].rx_pma.rx_cdr|clk90bdes'
Slack : 0.117
TNS   : 0.000

Type  : Slow 900mV 85C Model Minimum Pulse Width 'sfp0|sfpp_phy_inst|S5|transceiver_core|gen.sv_xcvr_native_insts[0].gen_tx_plls.gen_tx_plls.tx_plls|pll[0].pll.atx_pll.tx_pll|clk010g'
Slack : 0.117
TNS   : 0.000

Type  : Slow 900mV 85C Model Minimum Pulse Width 'sfp1|sfpp_phy_inst|S5|transceiver_core|gen.sv_xcvr_native_insts[0].gen_bonded_group.sv_xcvr_native_inst|inst_sv_pma|rx_pma.sv_rx_pma_inst|rx_pmas[0].rx_pma.rx_cdr|clk90bdes'
Slack : 0.117
TNS   : 0.000

Type  : Slow 900mV 85C Model Minimum Pulse Width 'pcihip0|p|hip|altpcie_hip_256_pipen1b|g_xcvr.sv_xcvr_pipe_native|sv_xcvr_tx_plls_inst|pll[0].pll.cmu_pll.tx_pll|clkcdr'
Slack : 0.178
TNS   : 0.000

Type  : Slow 900mV 85C Model Minimum Pulse Width 'pcihip0|p|hip|altpcie_hip_256_pipen1b|g_xcvr.sv_xcvr_pipe_native|inst_sv_xcvr_native|inst_sv_pma|rx_pma.sv_rx_pma_inst|rx_pmas[0].rx_pma.rx_cdr|clk90bdes'
Slack : 0.200
TNS   : 0.000

Type  : Slow 900mV 85C Model Minimum Pulse Width 'pcihip0|p|hip|altpcie_hip_256_pipen1b|g_xcvr.sv_xcvr_pipe_native|inst_sv_xcvr_native|inst_sv_pma|rx_pma.sv_rx_pma_inst|rx_pmas[1].rx_pma.rx_cdr|clk90bdes'
Slack : 0.200
TNS   : 0.000

Type  : Slow 900mV 85C Model Minimum Pulse Width 'pcihip0|p|hip|altpcie_hip_256_pipen1b|g_xcvr.sv_xcvr_pipe_native|inst_sv_xcvr_native|inst_sv_pma|rx_pma.sv_rx_pma_inst|rx_pmas[2].rx_pma.rx_cdr|clk90bdes'
Slack : 0.200
TNS   : 0.000

Type  : Slow 900mV 85C Model Minimum Pulse Width 'pcihip0|p|hip|altpcie_hip_256_pipen1b|g_xcvr.sv_xcvr_pipe_native|inst_sv_xcvr_native|inst_sv_pma|rx_pma.sv_rx_pma_inst|rx_pmas[3].rx_pma.rx_cdr|clk90bdes'
Slack : 0.200
TNS   : 0.000

Type  : Slow 900mV 85C Model Minimum Pulse Width 'pcihip0|p|hip|altpcie_hip_256_pipen1b|g_xcvr.sv_xcvr_pipe_native|inst_sv_xcvr_native|inst_sv_pma|rx_pma.sv_rx_pma_inst|rx_pmas[5].rx_pma.rx_cdr|clk90bdes'
Slack : 0.200
TNS   : 0.000

Type  : Slow 900mV 85C Model Minimum Pulse Width 'pcihip0|p|hip|altpcie_hip_256_pipen1b|g_xcvr.sv_xcvr_pipe_native|inst_sv_xcvr_native|inst_sv_pma|rx_pma.sv_rx_pma_inst|rx_pmas[6].rx_pma.rx_cdr|clk90bdes'
Slack : 0.200
TNS   : 0.000

Type  : Slow 900mV 85C Model Minimum Pulse Width 'pcihip0|p|hip|altpcie_hip_256_pipen1b|g_xcvr.sv_xcvr_pipe_native|inst_sv_xcvr_native|inst_sv_pma|rx_pma.sv_rx_pma_inst|rx_pmas[7].rx_pma.rx_cdr|clk90bdes'
Slack : 0.200
TNS   : 0.000

Type  : Slow 900mV 85C Model Minimum Pulse Width 'pcihip0|p|hip|altpcie_hip_256_pipen1b|g_xcvr.sv_xcvr_pipe_native|inst_sv_xcvr_native|inst_sv_pma|rx_pma.sv_rx_pma_inst|rx_pmas[8].rx_pma.rx_cdr|clk90bdes'
Slack : 0.200
TNS   : 0.000

Type  : Slow 900mV 85C Model Minimum Pulse Width 'pcihip0|p|hip|altpcie_hip_256_pipen1b|g_xcvr.sv_xcvr_pipe_native|inst_sv_xcvr_native|inst_sv_pma|rx_pma.sv_rx_pma_inst|rx_pmas[0].rx_pma.rx_pma_deser|clk90b'
Slack : 0.871
TNS   : 0.000

Type  : Slow 900mV 85C Model Minimum Pulse Width 'pcihip0|p|hip|altpcie_hip_256_pipen1b|g_xcvr.sv_xcvr_pipe_native|inst_sv_xcvr_native|inst_sv_pma|rx_pma.sv_rx_pma_inst|rx_pmas[1].rx_pma.rx_pma_deser|clk90b'
Slack : 0.871
TNS   : 0.000

Type  : Slow 900mV 85C Model Minimum Pulse Width 'pcihip0|p|hip|altpcie_hip_256_pipen1b|g_xcvr.sv_xcvr_pipe_native|inst_sv_xcvr_native|inst_sv_pma|rx_pma.sv_rx_pma_inst|rx_pmas[2].rx_pma.rx_pma_deser|clk90b'
Slack : 0.871
TNS   : 0.000

Type  : Slow 900mV 85C Model Minimum Pulse Width 'pcihip0|p|hip|altpcie_hip_256_pipen1b|g_xcvr.sv_xcvr_pipe_native|inst_sv_xcvr_native|inst_sv_pma|rx_pma.sv_rx_pma_inst|rx_pmas[3].rx_pma.rx_pma_deser|clk90b'
Slack : 0.871
TNS   : 0.000

Type  : Slow 900mV 85C Model Minimum Pulse Width 'pcihip0|p|hip|altpcie_hip_256_pipen1b|g_xcvr.sv_xcvr_pipe_native|inst_sv_xcvr_native|inst_sv_pma|rx_pma.sv_rx_pma_inst|rx_pmas[5].rx_pma.rx_pma_deser|clk90b'
Slack : 0.871
TNS   : 0.000

Type  : Slow 900mV 85C Model Minimum Pulse Width 'pcihip0|p|hip|altpcie_hip_256_pipen1b|g_xcvr.sv_xcvr_pipe_native|inst_sv_xcvr_native|inst_sv_pma|rx_pma.sv_rx_pma_inst|rx_pmas[6].rx_pma.rx_pma_deser|clk90b'
Slack : 0.871
TNS   : 0.000

Type  : Slow 900mV 85C Model Minimum Pulse Width 'pcihip0|p|hip|altpcie_hip_256_pipen1b|g_xcvr.sv_xcvr_pipe_native|inst_sv_xcvr_native|inst_sv_pma|rx_pma.sv_rx_pma_inst|rx_pmas[7].rx_pma.rx_pma_deser|clk90b'
Slack : 0.871
TNS   : 0.000

Type  : Slow 900mV 85C Model Minimum Pulse Width 'pcihip0|p|hip|altpcie_hip_256_pipen1b|g_xcvr.sv_xcvr_pipe_native|inst_sv_xcvr_native|inst_sv_pma|rx_pma.sv_rx_pma_inst|rx_pmas[8].rx_pma.rx_pma_deser|clk90b'
Slack : 0.871
TNS   : 0.000

Type  : Slow 900mV 85C Model Minimum Pulse Width 'i_refclk_sfp'
Slack : 0.940
TNS   : 0.000

Type  : Slow 900mV 85C Model Minimum Pulse Width 'pcihip0|p|hip|altpcie_hip_256_pipen1b|g_xcvr.sv_xcvr_pipe_native|inst_sv_xcvr_native|inst_sv_pma|tx_pma.sv_tx_pma_inst|tx_pma_insts[0].sv_tx_pma_ch_inst|tx_pma_ch.tx_cgb|lfclkp'
Slack : 0.954
TNS   : 0.000

Type  : Slow 900mV 85C Model Minimum Pulse Width 'pcihip0|p|hip|altpcie_hip_256_pipen1b|g_xcvr.sv_xcvr_pipe_native|inst_sv_xcvr_native|inst_sv_pma|tx_pma.sv_tx_pma_inst|tx_pma_insts[1].sv_tx_pma_ch_inst|tx_pma_ch.tx_cgb|lfclkp'
Slack : 0.954
TNS   : 0.000

Type  : Slow 900mV 85C Model Minimum Pulse Width 'pcihip0|p|hip|altpcie_hip_256_pipen1b|g_xcvr.sv_xcvr_pipe_native|inst_sv_xcvr_native|inst_sv_pma|tx_pma.sv_tx_pma_inst|tx_pma_insts[2].sv_tx_pma_ch_inst|tx_pma_ch.tx_cgb|lfclkp'
Slack : 0.954
TNS   : 0.000

Type  : Slow 900mV 85C Model Minimum Pulse Width 'pcihip0|p|hip|altpcie_hip_256_pipen1b|g_xcvr.sv_xcvr_pipe_native|inst_sv_xcvr_native|inst_sv_pma|tx_pma.sv_tx_pma_inst|tx_pma_insts[3].sv_tx_pma_ch_inst|tx_pma_ch.tx_cgb|lfclkp'
Slack : 0.954
TNS   : 0.000

Type  : Slow 900mV 85C Model Minimum Pulse Width 'pcihip0|p|hip|altpcie_hip_256_pipen1b|g_xcvr.sv_xcvr_pipe_native|inst_sv_xcvr_native|inst_sv_pma|tx_pma.sv_tx_pma_inst|tx_pma_insts[4].sv_tx_pma_ch_inst|tx_pma_ch.tx_cgb|lfclkp'
Slack : 0.954
TNS   : 0.000

Type  : Slow 900mV 85C Model Minimum Pulse Width 'pcihip0|p|hip|altpcie_hip_256_pipen1b|g_xcvr.sv_xcvr_pipe_native|inst_sv_xcvr_native|inst_sv_pma|tx_pma.sv_tx_pma_inst|tx_pma_insts[5].sv_tx_pma_ch_inst|tx_pma_ch.tx_cgb|lfclkp'
Slack : 0.954
TNS   : 0.000

Type  : Slow 900mV 85C Model Minimum Pulse Width 'pcihip0|p|hip|altpcie_hip_256_pipen1b|g_xcvr.sv_xcvr_pipe_native|inst_sv_xcvr_native|inst_sv_pma|tx_pma.sv_tx_pma_inst|tx_pma_insts[6].sv_tx_pma_ch_inst|tx_pma_ch.tx_cgb|lfclkp'
Slack : 0.954
TNS   : 0.000

Type  : Slow 900mV 85C Model Minimum Pulse Width 'pcihip0|p|hip|altpcie_hip_256_pipen1b|g_xcvr.sv_xcvr_pipe_native|inst_sv_xcvr_native|inst_sv_pma|tx_pma.sv_tx_pma_inst|tx_pma_insts[7].sv_tx_pma_ch_inst|tx_pma_ch.tx_cgb|lfclkp'
Slack : 0.954
TNS   : 0.000

Type  : Slow 900mV 85C Model Minimum Pulse Width 'pcihip0|p|hip|altpcie_hip_256_pipen1b|g_xcvr.sv_xcvr_pipe_native|inst_sv_xcvr_native|inst_sv_pma|tx_pma.sv_tx_pma_inst|tx_pma_insts[8].sv_tx_pma_ch_inst|tx_pma_ch.tx_cgb|lfclkp'
Slack : 0.954
TNS   : 0.000

Type  : Slow 900mV 85C Model Minimum Pulse Width 'pcihip0|p|hip|altpcie_hip_256_pipen1b|g_xcvr.sv_xcvr_pipe_native|inst_sv_xcvr_native|inst_sv_pma|tx_pma.sv_tx_pma_inst|tx_pma_insts[4].sv_tx_pma_ch_inst|tx_pma_ch.tx_cgb|cpulseout'
Slack : 0.978
TNS   : 0.000

Type  : Slow 900mV 85C Model Minimum Pulse Width 'pcihip0|p|hip|altpcie_hip_256_pipen1b|g_xcvr.sv_xcvr_pipe_native|inst_sv_xcvr_native|inst_sv_pma|tx_pma.sv_tx_pma_inst|tx_pma_insts[4].sv_tx_pma_ch_inst|tx_pma_ch.tx_cgb|lfclkpout'
Slack : 1.000
TNS   : 0.000

Type  : Slow 900mV 85C Model Minimum Pulse Width 'sfp0|sfpp_phy_inst|S5|transceiver_core|gen.sv_xcvr_native_insts[0].gen_bonded_group.sv_xcvr_native_inst|inst_sv_pma|rx_pma.sv_rx_pma_inst|rx_pmas[0].rx_pma.rx_pma_deser|clk90b'
Slack : 1.046
TNS   : 0.000

Type  : Slow 900mV 85C Model Minimum Pulse Width 'sfp1|sfpp_phy_inst|S5|transceiver_core|gen.sv_xcvr_native_insts[0].gen_bonded_group.sv_xcvr_native_inst|inst_sv_pma|rx_pma.sv_rx_pma_inst|rx_pmas[0].rx_pma.rx_pma_deser|clk90b'
Slack : 1.046
TNS   : 0.000

Type  : Slow 900mV 85C Model Minimum Pulse Width 'pcihip0|p|hip|altpcie_hip_256_pipen1b|stratixv_hssi_gen3_pcie_hip|coreclkout'
Slack : 1.060
TNS   : 0.000

Type  : Slow 900mV 85C Model Minimum Pulse Width 'sfp0|sfpp_phy_inst|S5|transceiver_core|gen.sv_xcvr_native_insts[0].gen_bonded_group.sv_xcvr_native_inst|inst_sv_pma|tx_pma.sv_tx_pma_inst|tx_pma_insts[0].sv_tx_pma_ch_inst|tx_pma_ch.tx_cgb|pclk[0]'
Slack : 1.130
TNS   : 0.000

Type  : Slow 900mV 85C Model Minimum Pulse Width 'sfp1|sfpp_phy_inst|S5|transceiver_core|gen.sv_xcvr_native_insts[0].gen_bonded_group.sv_xcvr_native_inst|inst_sv_pma|tx_pma.sv_tx_pma_inst|tx_pma_insts[0].sv_tx_pma_ch_inst|tx_pma_ch.tx_cgb|pclk[0]'
Slack : 1.130
TNS   : 0.000

Type  : Slow 900mV 85C Model Minimum Pulse Width 'pcihip0|p|hip|altpcie_hip_256_pipen1b|g_xcvr.sv_xcvr_pipe_native|inst_sv_xcvr_native|inst_sv_pma|tx_pma.sv_tx_pma_inst|tx_pma_insts[4].sv_tx_pma_ch_inst|tx_pma_ch.tx_cgb|pclkout[0]'
Slack : 2.000
TNS   : 0.000

Type  : Slow 900mV 85C Model Minimum Pulse Width 'pcihip0|p|hip|altpcie_hip_256_pipen1b|stratixv_hssi_gen3_pcie_hip|observablecoreclkdiv'
Slack : 2.000
TNS   : 0.000

Type  : Slow 900mV 85C Model Minimum Pulse Width 'sfp1|sfpp_phy_inst|S5|transceiver_core|gen.sv_xcvr_native_insts[0].gen_bonded_group.sv_xcvr_native_inst|inst_sv_pcs|ch[0].inst_sv_pcs_ch|inst_sv_hssi_8g_rx_pcs|wys|clocktopld'
Slack : 2.256
TNS   : 0.000

Type  : Slow 900mV 85C Model Minimum Pulse Width 'sfp0|sfpp_phy_inst|S5|transceiver_core|gen.sv_xcvr_native_insts[0].gen_bonded_group.sv_xcvr_native_inst|inst_sv_pcs|ch[0].inst_sv_pcs_ch|inst_sv_hssi_8g_rx_pcs|wys|clocktopld'
Slack : 2.262
TNS   : 0.000

Type  : Slow 900mV 85C Model Minimum Pulse Width 'sfp0|sfpp_phy_inst|S5|transceiver_core|gen.sv_xcvr_native_insts[0].gen_bonded_group.sv_xcvr_native_inst|inst_sv_pcs|ch[0].inst_sv_pcs_ch|inst_sv_hssi_8g_rx_pcs|wys|observablebyteserdesclock'
Slack : 2.312
TNS   : 0.000

Type  : Slow 900mV 85C Model Minimum Pulse Width 'sfp1|sfpp_phy_inst|S5|transceiver_core|gen.sv_xcvr_native_insts[0].gen_bonded_group.sv_xcvr_native_inst|inst_sv_pcs|ch[0].inst_sv_pcs_ch|inst_sv_hssi_8g_rx_pcs|wys|observablebyteserdesclock'
Slack : 2.312
TNS   : 0.000

Type  : Slow 900mV 85C Model Minimum Pulse Width 'sfp0|sfpp_phy_inst|S5|transceiver_core|gen.sv_xcvr_native_insts[0].gen_bonded_group.sv_xcvr_native_inst|inst_sv_pcs|ch[0].inst_sv_pcs_ch|inst_sv_hssi_8g_tx_pcs|wys|observablebyteserdesclock'
Slack : 2.352
TNS   : 0.000

Type  : Slow 900mV 85C Model Minimum Pulse Width 'sfp1|sfpp_phy_inst|S5|transceiver_core|gen.sv_xcvr_native_insts[0].gen_bonded_group.sv_xcvr_native_inst|inst_sv_pcs|ch[0].inst_sv_pcs_ch|inst_sv_hssi_8g_tx_pcs|wys|observablebyteserdesclock'
Slack : 2.352
TNS   : 0.000

Type  : Slow 900mV 85C Model Minimum Pulse Width 'pcihip0|p|hip|altpcie_hip_256_pipen1b|g_xcvr.sv_xcvr_pipe_native|inst_sv_xcvr_native|inst_sv_pcs|ch[0].inst_sv_pcs_ch|inst_sv_hssi_8g_rx_pcs|wys|observablebyteserdesclock'
Slack : 3.962
TNS   : 0.000

Type  : Slow 900mV 85C Model Minimum Pulse Width 'pcihip0|p|hip|altpcie_hip_256_pipen1b|g_xcvr.sv_xcvr_pipe_native|inst_sv_xcvr_native|inst_sv_pcs|ch[1].inst_sv_pcs_ch|inst_sv_hssi_8g_rx_pcs|wys|observablebyteserdesclock'
Slack : 3.962
TNS   : 0.000

Type  : Slow 900mV 85C Model Minimum Pulse Width 'pcihip0|p|hip|altpcie_hip_256_pipen1b|g_xcvr.sv_xcvr_pipe_native|inst_sv_xcvr_native|inst_sv_pcs|ch[2].inst_sv_pcs_ch|inst_sv_hssi_8g_rx_pcs|wys|observablebyteserdesclock'
Slack : 3.962
TNS   : 0.000

Type  : Slow 900mV 85C Model Minimum Pulse Width 'pcihip0|p|hip|altpcie_hip_256_pipen1b|g_xcvr.sv_xcvr_pipe_native|inst_sv_xcvr_native|inst_sv_pcs|ch[3].inst_sv_pcs_ch|inst_sv_hssi_8g_rx_pcs|wys|observablebyteserdesclock'
Slack : 3.962
TNS   : 0.000

Type  : Slow 900mV 85C Model Minimum Pulse Width 'pcihip0|p|hip|altpcie_hip_256_pipen1b|g_xcvr.sv_xcvr_pipe_native|inst_sv_xcvr_native|inst_sv_pcs|ch[5].inst_sv_pcs_ch|inst_sv_hssi_8g_rx_pcs|wys|observablebyteserdesclock'
Slack : 3.962
TNS   : 0.000

Type  : Slow 900mV 85C Model Minimum Pulse Width 'pcihip0|p|hip|altpcie_hip_256_pipen1b|g_xcvr.sv_xcvr_pipe_native|inst_sv_xcvr_native|inst_sv_pcs|ch[6].inst_sv_pcs_ch|inst_sv_hssi_8g_rx_pcs|wys|observablebyteserdesclock'
Slack : 3.962
TNS   : 0.000

Type  : Slow 900mV 85C Model Minimum Pulse Width 'pcihip0|p|hip|altpcie_hip_256_pipen1b|g_xcvr.sv_xcvr_pipe_native|inst_sv_xcvr_native|inst_sv_pcs|ch[7].inst_sv_pcs_ch|inst_sv_hssi_8g_rx_pcs|wys|observablebyteserdesclock'
Slack : 3.962
TNS   : 0.000

Type  : Slow 900mV 85C Model Minimum Pulse Width 'pcihip0|p|hip|altpcie_hip_256_pipen1b|g_xcvr.sv_xcvr_pipe_native|inst_sv_xcvr_native|inst_sv_pcs|ch[8].inst_sv_pcs_ch|inst_sv_hssi_8g_rx_pcs|wys|observablebyteserdesclock'
Slack : 3.962
TNS   : 0.000

Type  : Slow 900mV 85C Model Minimum Pulse Width 'pcihip0|p|hip|altpcie_hip_256_pipen1b|g_xcvr.sv_xcvr_pipe_native|inst_sv_xcvr_native|inst_sv_pcs|ch[0].inst_sv_pcs_ch|inst_sv_hssi_8g_tx_pcs|wys|observablebyteserdesclock'
Slack : 4.000
TNS   : 0.000

Type  : Slow 900mV 85C Model Minimum Pulse Width 'pcihip0|p|hip|altpcie_hip_256_pipen1b|g_xcvr.sv_xcvr_pipe_native|inst_sv_xcvr_native|inst_sv_pcs|ch[1].inst_sv_pcs_ch|inst_sv_hssi_8g_tx_pcs|wys|observablebyteserdesclock'
Slack : 4.000
TNS   : 0.000

Type  : Slow 900mV 85C Model Minimum Pulse Width 'pcihip0|p|hip|altpcie_hip_256_pipen1b|g_xcvr.sv_xcvr_pipe_native|inst_sv_xcvr_native|inst_sv_pcs|ch[2].inst_sv_pcs_ch|inst_sv_hssi_8g_tx_pcs|wys|observablebyteserdesclock'
Slack : 4.000
TNS   : 0.000

Type  : Slow 900mV 85C Model Minimum Pulse Width 'pcihip0|p|hip|altpcie_hip_256_pipen1b|g_xcvr.sv_xcvr_pipe_native|inst_sv_xcvr_native|inst_sv_pcs|ch[3].inst_sv_pcs_ch|inst_sv_hssi_8g_tx_pcs|wys|observablebyteserdesclock'
Slack : 4.000
TNS   : 0.000

Type  : Slow 900mV 85C Model Minimum Pulse Width 'pcihip0|p|hip|altpcie_hip_256_pipen1b|g_xcvr.sv_xcvr_pipe_native|inst_sv_xcvr_native|inst_sv_pcs|ch[4].inst_sv_pcs_ch|inst_sv_hssi_8g_tx_pcs|wys|observablebyteserdesclock'
Slack : 4.000
TNS   : 0.000

Type  : Slow 900mV 85C Model Minimum Pulse Width 'pcihip0|p|hip|altpcie_hip_256_pipen1b|g_xcvr.sv_xcvr_pipe_native|inst_sv_xcvr_native|inst_sv_pcs|ch[5].inst_sv_pcs_ch|inst_sv_hssi_8g_tx_pcs|wys|observablebyteserdesclock'
Slack : 4.000
TNS   : 0.000

Type  : Slow 900mV 85C Model Minimum Pulse Width 'pcihip0|p|hip|altpcie_hip_256_pipen1b|g_xcvr.sv_xcvr_pipe_native|inst_sv_xcvr_native|inst_sv_pcs|ch[6].inst_sv_pcs_ch|inst_sv_hssi_8g_tx_pcs|wys|observablebyteserdesclock'
Slack : 4.000
TNS   : 0.000

Type  : Slow 900mV 85C Model Minimum Pulse Width 'pcihip0|p|hip|altpcie_hip_256_pipen1b|g_xcvr.sv_xcvr_pipe_native|inst_sv_xcvr_native|inst_sv_pcs|ch[7].inst_sv_pcs_ch|inst_sv_hssi_8g_tx_pcs|wys|observablebyteserdesclock'
Slack : 4.000
TNS   : 0.000

Type  : Slow 900mV 85C Model Minimum Pulse Width 'pcihip0|p|hip|altpcie_hip_256_pipen1b|g_xcvr.sv_xcvr_pipe_native|inst_sv_xcvr_native|inst_sv_pcs|ch[8].inst_sv_pcs_ch|inst_sv_hssi_8g_tx_pcs|wys|observablebyteserdesclock'
Slack : 4.000
TNS   : 0.000

Type  : Slow 900mV 85C Model Minimum Pulse Width 'pcihip0|p|hip|altpcie_hip_256_pipen1b|g_xcvr.sv_xcvr_pipe_native|inst_sv_xcvr_native|inst_sv_pma|tx_pma.sv_tx_pma_inst|tx_pma_insts[4].sv_tx_pma_ch_inst|tx_pma_ch.tx_cgb|pclkout[1]'
Slack : 4.000
TNS   : 0.000

Type  : Slow 900mV 85C Model Minimum Pulse Width 'sfp0|sfpp_phy_inst|S5|transceiver_core|gen.sv_xcvr_native_insts[0].gen_bonded_group.sv_xcvr_native_inst|inst_sv_xcvr_avmm|avmm_interface_insts[0].stratixv_hssi_avmm_interface_inst|pmatestbussel[0]'
Slack : 4.033
TNS   : 0.000

Type  : Slow 900mV 85C Model Minimum Pulse Width 'sv_reconfig_pma_testbus_clk_1'
Slack : 4.227
TNS   : 0.000

Type  : Slow 900mV 85C Model Minimum Pulse Width 'sv_reconfig_pma_testbus_clk_0'
Slack : 4.298
TNS   : 0.000

Type  : Slow 900mV 85C Model Minimum Pulse Width 'pci_pi_refclk0'
Slack : 4.325
TNS   : 0.000

Type  : Slow 900mV 85C Model Minimum Pulse Width 'pcihip0|p|hip|altpcie_hip_256_pipen1b|g_xcvr.sv_xcvr_pipe_native|inst_sv_xcvr_native|inst_sv_xcvr_avmm|avmm_interface_insts[0].stratixv_hssi_avmm_interface_inst|pmatestbussel[0]'
Slack : 5.000
TNS   : 0.000

Type  : Slow 900mV 85C Model Minimum Pulse Width 'pcihip0|p|hip|altpcie_hip_256_pipen1b|g_xcvr.sv_xcvr_pipe_native|inst_sv_xcvr_native|inst_sv_xcvr_avmm|avmm_interface_insts[3].stratixv_hssi_avmm_interface_inst|pmatestbussel[0]'
Slack : 5.000
TNS   : 0.000

Type  : Slow 900mV 85C Model Minimum Pulse Width 'pcihip0|p|hip|altpcie_hip_256_pipen1b|g_xcvr.sv_xcvr_pipe_native|inst_sv_xcvr_native|inst_sv_xcvr_avmm|avmm_interface_insts[6].stratixv_hssi_avmm_interface_inst|pmatestbussel[0]'
Slack : 5.000
TNS   : 0.000

Type  : Slow 900mV 85C Model Minimum Pulse Width 'pcihip0|p|hip|altpcie_hip_256_pipen1b|g_xcvr.sv_xcvr_pipe_native|sv_xcvr_tx_plls_inst|pll[0].pll.cmu_pll.pll_mux.pll_refclk_select_mux|clkout'
Slack : 5.000
TNS   : 0.000

Type  : Slow 900mV 85C Model Minimum Pulse Width 'pcihip0|p|hip|altpcie_hip_256_pipen1b|g_xcvr.sv_xcvr_pipe_native|inst_sv_xcvr_native|inst_sv_pma|tx_pma.sv_tx_pma_inst|tx_pma_insts[4].sv_tx_pma_ch_inst|tx_pma_ch.tx_cgb|pclkout[2]'
Slack : 8.000
TNS   : 0.000

Type  : Slow 900mV 85C Model Minimum Pulse Width 'altera_reserved_tck'
Slack : 15.982
TNS   : 0.000

Type  : Slow 900mV 0C Model Setup 'pcihip0|p|hip|altpcie_hip_256_pipen1b|stratixv_hssi_gen3_pcie_hip|coreclkout'
Slack : 0.072
TNS   : 0.000

Type  : Slow 900mV 0C Model Setup 'n/a'
Slack : 1.843
TNS   : 0.000

Type  : Slow 900mV 0C Model Setup 'pci_pi_refclk0'
Slack : 2.435
TNS   : 0.000

Type  : Slow 900mV 0C Model Setup 'sfp0|sfpp_phy_inst|S5|transceiver_core|gen.sv_xcvr_native_insts[0].gen_bonded_group.sv_xcvr_native_inst|inst_sv_xcvr_avmm|avmm_interface_insts[0].stratixv_hssi_avmm_interface_inst|pmatestbussel[0]'
Slack : 2.811
TNS   : 0.000

Type  : Slow 900mV 0C Model Setup 'sv_reconfig_pma_testbus_clk_1'
Slack : 8.053
TNS   : 0.000

Type  : Slow 900mV 0C Model Setup 'sv_reconfig_pma_testbus_clk_0'
Slack : 8.409
TNS   : 0.000

Type  : Slow 900mV 0C Model Setup 'altera_reserved_tck'
Slack : 12.503
TNS   : 0.000

Type  : Slow 900mV 0C Model Hold 'altera_reserved_tck'
Slack : 0.059
TNS   : 0.000

Type  : Slow 900mV 0C Model Hold 'pcihip0|p|hip|altpcie_hip_256_pipen1b|stratixv_hssi_gen3_pcie_hip|coreclkout'
Slack : 0.145
TNS   : 0.000

Type  : Slow 900mV 0C Model Hold 'pci_pi_refclk0'
Slack : 0.186
TNS   : 0.000

Type  : Slow 900mV 0C Model Hold 'sfp0|sfpp_phy_inst|S5|transceiver_core|gen.sv_xcvr_native_insts[0].gen_bonded_group.sv_xcvr_native_inst|inst_sv_xcvr_avmm|avmm_interface_insts[0].stratixv_hssi_avmm_interface_inst|pmatestbussel[0]'
Slack : 0.603
TNS   : 0.000

Type  : Slow 900mV 0C Model Hold 'sv_reconfig_pma_testbus_clk_0'
Slack : 0.673
TNS   : 0.000

Type  : Slow 900mV 0C Model Hold 'sv_reconfig_pma_testbus_clk_1'
Slack : 0.886
TNS   : 0.000

Type  : Slow 900mV 0C Model Hold 'n/a'
Slack : 13.247
TNS   : 0.000

Type  : Slow 900mV 0C Model Recovery 'pcihip0|p|hip|altpcie_hip_256_pipen1b|stratixv_hssi_gen3_pcie_hip|coreclkout'
Slack : 0.569
TNS   : 0.000

Type  : Slow 900mV 0C Model Recovery 'sfp0|sfpp_phy_inst|S5|transceiver_core|gen.sv_xcvr_native_insts[0].gen_bonded_group.sv_xcvr_native_inst|inst_sv_xcvr_avmm|avmm_interface_insts[0].stratixv_hssi_avmm_interface_inst|pmatestbussel[0]'
Slack : 4.964
TNS   : 0.000

Type  : Slow 900mV 0C Model Recovery 'pci_pi_refclk0'
Slack : 6.219
TNS   : 0.000

Type  : Slow 900mV 0C Model Recovery 'sv_reconfig_pma_testbus_clk_0'
Slack : 7.084
TNS   : 0.000

Type  : Slow 900mV 0C Model Recovery 'altera_reserved_tck'
Slack : 31.199
TNS   : 0.000

Type  : Slow 900mV 0C Model Removal 'pcihip0|p|hip|altpcie_hip_256_pipen1b|stratixv_hssi_gen3_pcie_hip|coreclkout'
Slack : 0.229
TNS   : 0.000

Type  : Slow 900mV 0C Model Removal 'pci_pi_refclk0'
Slack : 0.326
TNS   : 0.000

Type  : Slow 900mV 0C Model Removal 'altera_reserved_tck'
Slack : 0.389
TNS   : 0.000

Type  : Slow 900mV 0C Model Removal 'sfp0|sfpp_phy_inst|S5|transceiver_core|gen.sv_xcvr_native_insts[0].gen_bonded_group.sv_xcvr_native_inst|inst_sv_xcvr_avmm|avmm_interface_insts[0].stratixv_hssi_avmm_interface_inst|pmatestbussel[0]'
Slack : 0.962
TNS   : 0.000

Type  : Slow 900mV 0C Model Removal 'sv_reconfig_pma_testbus_clk_0'
Slack : 1.626
TNS   : 0.000

Type  : Slow 900mV 0C Model Minimum Pulse Width 'sfp0|sfpp_phy_inst|S5|transceiver_core|gen.sv_xcvr_native_insts[0].gen_bonded_group.sv_xcvr_native_inst|inst_sv_pma|rx_pma.sv_rx_pma_inst|rx_pmas[0].rx_pma.rx_cdr|clk90bdes'
Slack : 0.117
TNS   : 0.000

Type  : Slow 900mV 0C Model Minimum Pulse Width 'sfp0|sfpp_phy_inst|S5|transceiver_core|gen.sv_xcvr_native_insts[0].gen_tx_plls.gen_tx_plls.tx_plls|pll[0].pll.atx_pll.tx_pll|clk010g'
Slack : 0.117
TNS   : 0.000

Type  : Slow 900mV 0C Model Minimum Pulse Width 'sfp1|sfpp_phy_inst|S5|transceiver_core|gen.sv_xcvr_native_insts[0].gen_bonded_group.sv_xcvr_native_inst|inst_sv_pma|rx_pma.sv_rx_pma_inst|rx_pmas[0].rx_pma.rx_cdr|clk90bdes'
Slack : 0.117
TNS   : 0.000

Type  : Slow 900mV 0C Model Minimum Pulse Width 'pcihip0|p|hip|altpcie_hip_256_pipen1b|g_xcvr.sv_xcvr_pipe_native|sv_xcvr_tx_plls_inst|pll[0].pll.cmu_pll.tx_pll|clkcdr'
Slack : 0.179
TNS   : 0.000

Type  : Slow 900mV 0C Model Minimum Pulse Width 'pcihip0|p|hip|altpcie_hip_256_pipen1b|g_xcvr.sv_xcvr_pipe_native|inst_sv_xcvr_native|inst_sv_pma|rx_pma.sv_rx_pma_inst|rx_pmas[0].rx_pma.rx_cdr|clk90bdes'
Slack : 0.200
TNS   : 0.000

Type  : Slow 900mV 0C Model Minimum Pulse Width 'pcihip0|p|hip|altpcie_hip_256_pipen1b|g_xcvr.sv_xcvr_pipe_native|inst_sv_xcvr_native|inst_sv_pma|rx_pma.sv_rx_pma_inst|rx_pmas[1].rx_pma.rx_cdr|clk90bdes'
Slack : 0.200
TNS   : 0.000

Type  : Slow 900mV 0C Model Minimum Pulse Width 'pcihip0|p|hip|altpcie_hip_256_pipen1b|g_xcvr.sv_xcvr_pipe_native|inst_sv_xcvr_native|inst_sv_pma|rx_pma.sv_rx_pma_inst|rx_pmas[2].rx_pma.rx_cdr|clk90bdes'
Slack : 0.200
TNS   : 0.000

Type  : Slow 900mV 0C Model Minimum Pulse Width 'pcihip0|p|hip|altpcie_hip_256_pipen1b|g_xcvr.sv_xcvr_pipe_native|inst_sv_xcvr_native|inst_sv_pma|rx_pma.sv_rx_pma_inst|rx_pmas[3].rx_pma.rx_cdr|clk90bdes'
Slack : 0.200
TNS   : 0.000

Type  : Slow 900mV 0C Model Minimum Pulse Width 'pcihip0|p|hip|altpcie_hip_256_pipen1b|g_xcvr.sv_xcvr_pipe_native|inst_sv_xcvr_native|inst_sv_pma|rx_pma.sv_rx_pma_inst|rx_pmas[5].rx_pma.rx_cdr|clk90bdes'
Slack : 0.200
TNS   : 0.000

Type  : Slow 900mV 0C Model Minimum Pulse Width 'pcihip0|p|hip|altpcie_hip_256_pipen1b|g_xcvr.sv_xcvr_pipe_native|inst_sv_xcvr_native|inst_sv_pma|rx_pma.sv_rx_pma_inst|rx_pmas[6].rx_pma.rx_cdr|clk90bdes'
Slack : 0.200
TNS   : 0.000

Type  : Slow 900mV 0C Model Minimum Pulse Width 'pcihip0|p|hip|altpcie_hip_256_pipen1b|g_xcvr.sv_xcvr_pipe_native|inst_sv_xcvr_native|inst_sv_pma|rx_pma.sv_rx_pma_inst|rx_pmas[7].rx_pma.rx_cdr|clk90bdes'
Slack : 0.200
TNS   : 0.000

Type  : Slow 900mV 0C Model Minimum Pulse Width 'pcihip0|p|hip|altpcie_hip_256_pipen1b|g_xcvr.sv_xcvr_pipe_native|inst_sv_xcvr_native|inst_sv_pma|rx_pma.sv_rx_pma_inst|rx_pmas[8].rx_pma.rx_cdr|clk90bdes'
Slack : 0.200
TNS   : 0.000

Type  : Slow 900mV 0C Model Minimum Pulse Width 'pcihip0|p|hip|altpcie_hip_256_pipen1b|g_xcvr.sv_xcvr_pipe_native|inst_sv_xcvr_native|inst_sv_pma|rx_pma.sv_rx_pma_inst|rx_pmas[0].rx_pma.rx_pma_deser|clk90b'
Slack : 0.846
TNS   : 0.000

Type  : Slow 900mV 0C Model Minimum Pulse Width 'pcihip0|p|hip|altpcie_hip_256_pipen1b|g_xcvr.sv_xcvr_pipe_native|inst_sv_xcvr_native|inst_sv_pma|rx_pma.sv_rx_pma_inst|rx_pmas[1].rx_pma.rx_pma_deser|clk90b'
Slack : 0.846
TNS   : 0.000

Type  : Slow 900mV 0C Model Minimum Pulse Width 'pcihip0|p|hip|altpcie_hip_256_pipen1b|g_xcvr.sv_xcvr_pipe_native|inst_sv_xcvr_native|inst_sv_pma|rx_pma.sv_rx_pma_inst|rx_pmas[2].rx_pma.rx_pma_deser|clk90b'
Slack : 0.846
TNS   : 0.000

Type  : Slow 900mV 0C Model Minimum Pulse Width 'pcihip0|p|hip|altpcie_hip_256_pipen1b|g_xcvr.sv_xcvr_pipe_native|inst_sv_xcvr_native|inst_sv_pma|rx_pma.sv_rx_pma_inst|rx_pmas[3].rx_pma.rx_pma_deser|clk90b'
Slack : 0.846
TNS   : 0.000

Type  : Slow 900mV 0C Model Minimum Pulse Width 'pcihip0|p|hip|altpcie_hip_256_pipen1b|g_xcvr.sv_xcvr_pipe_native|inst_sv_xcvr_native|inst_sv_pma|rx_pma.sv_rx_pma_inst|rx_pmas[5].rx_pma.rx_pma_deser|clk90b'
Slack : 0.846
TNS   : 0.000

Type  : Slow 900mV 0C Model Minimum Pulse Width 'pcihip0|p|hip|altpcie_hip_256_pipen1b|g_xcvr.sv_xcvr_pipe_native|inst_sv_xcvr_native|inst_sv_pma|rx_pma.sv_rx_pma_inst|rx_pmas[6].rx_pma.rx_pma_deser|clk90b'
Slack : 0.846
TNS   : 0.000

Type  : Slow 900mV 0C Model Minimum Pulse Width 'pcihip0|p|hip|altpcie_hip_256_pipen1b|g_xcvr.sv_xcvr_pipe_native|inst_sv_xcvr_native|inst_sv_pma|rx_pma.sv_rx_pma_inst|rx_pmas[7].rx_pma.rx_pma_deser|clk90b'
Slack : 0.846
TNS   : 0.000

Type  : Slow 900mV 0C Model Minimum Pulse Width 'pcihip0|p|hip|altpcie_hip_256_pipen1b|g_xcvr.sv_xcvr_pipe_native|inst_sv_xcvr_native|inst_sv_pma|rx_pma.sv_rx_pma_inst|rx_pmas[8].rx_pma.rx_pma_deser|clk90b'
Slack : 0.846
TNS   : 0.000

Type  : Slow 900mV 0C Model Minimum Pulse Width 'i_refclk_sfp'
Slack : 0.940
TNS   : 0.000

Type  : Slow 900mV 0C Model Minimum Pulse Width 'pcihip0|p|hip|altpcie_hip_256_pipen1b|g_xcvr.sv_xcvr_pipe_native|inst_sv_xcvr_native|inst_sv_pma|tx_pma.sv_tx_pma_inst|tx_pma_insts[0].sv_tx_pma_ch_inst|tx_pma_ch.tx_cgb|lfclkp'
Slack : 0.949
TNS   : 0.000

Type  : Slow 900mV 0C Model Minimum Pulse Width 'pcihip0|p|hip|altpcie_hip_256_pipen1b|g_xcvr.sv_xcvr_pipe_native|inst_sv_xcvr_native|inst_sv_pma|tx_pma.sv_tx_pma_inst|tx_pma_insts[1].sv_tx_pma_ch_inst|tx_pma_ch.tx_cgb|lfclkp'
Slack : 0.949
TNS   : 0.000

Type  : Slow 900mV 0C Model Minimum Pulse Width 'pcihip0|p|hip|altpcie_hip_256_pipen1b|g_xcvr.sv_xcvr_pipe_native|inst_sv_xcvr_native|inst_sv_pma|tx_pma.sv_tx_pma_inst|tx_pma_insts[2].sv_tx_pma_ch_inst|tx_pma_ch.tx_cgb|lfclkp'
Slack : 0.949
TNS   : 0.000

Type  : Slow 900mV 0C Model Minimum Pulse Width 'pcihip0|p|hip|altpcie_hip_256_pipen1b|g_xcvr.sv_xcvr_pipe_native|inst_sv_xcvr_native|inst_sv_pma|tx_pma.sv_tx_pma_inst|tx_pma_insts[3].sv_tx_pma_ch_inst|tx_pma_ch.tx_cgb|lfclkp'
Slack : 0.949
TNS   : 0.000

Type  : Slow 900mV 0C Model Minimum Pulse Width 'pcihip0|p|hip|altpcie_hip_256_pipen1b|g_xcvr.sv_xcvr_pipe_native|inst_sv_xcvr_native|inst_sv_pma|tx_pma.sv_tx_pma_inst|tx_pma_insts[4].sv_tx_pma_ch_inst|tx_pma_ch.tx_cgb|lfclkp'
Slack : 0.949
TNS   : 0.000

Type  : Slow 900mV 0C Model Minimum Pulse Width 'pcihip0|p|hip|altpcie_hip_256_pipen1b|g_xcvr.sv_xcvr_pipe_native|inst_sv_xcvr_native|inst_sv_pma|tx_pma.sv_tx_pma_inst|tx_pma_insts[5].sv_tx_pma_ch_inst|tx_pma_ch.tx_cgb|lfclkp'
Slack : 0.949
TNS   : 0.000

Type  : Slow 900mV 0C Model Minimum Pulse Width 'pcihip0|p|hip|altpcie_hip_256_pipen1b|g_xcvr.sv_xcvr_pipe_native|inst_sv_xcvr_native|inst_sv_pma|tx_pma.sv_tx_pma_inst|tx_pma_insts[6].sv_tx_pma_ch_inst|tx_pma_ch.tx_cgb|lfclkp'
Slack : 0.949
TNS   : 0.000

Type  : Slow 900mV 0C Model Minimum Pulse Width 'pcihip0|p|hip|altpcie_hip_256_pipen1b|g_xcvr.sv_xcvr_pipe_native|inst_sv_xcvr_native|inst_sv_pma|tx_pma.sv_tx_pma_inst|tx_pma_insts[7].sv_tx_pma_ch_inst|tx_pma_ch.tx_cgb|lfclkp'
Slack : 0.949
TNS   : 0.000

Type  : Slow 900mV 0C Model Minimum Pulse Width 'pcihip0|p|hip|altpcie_hip_256_pipen1b|g_xcvr.sv_xcvr_pipe_native|inst_sv_xcvr_native|inst_sv_pma|tx_pma.sv_tx_pma_inst|tx_pma_insts[8].sv_tx_pma_ch_inst|tx_pma_ch.tx_cgb|lfclkp'
Slack : 0.949
TNS   : 0.000

Type  : Slow 900mV 0C Model Minimum Pulse Width 'pcihip0|p|hip|altpcie_hip_256_pipen1b|g_xcvr.sv_xcvr_pipe_native|inst_sv_xcvr_native|inst_sv_pma|tx_pma.sv_tx_pma_inst|tx_pma_insts[4].sv_tx_pma_ch_inst|tx_pma_ch.tx_cgb|cpulseout'
Slack : 0.979
TNS   : 0.000

Type  : Slow 900mV 0C Model Minimum Pulse Width 'pcihip0|p|hip|altpcie_hip_256_pipen1b|g_xcvr.sv_xcvr_pipe_native|inst_sv_xcvr_native|inst_sv_pma|tx_pma.sv_tx_pma_inst|tx_pma_insts[4].sv_tx_pma_ch_inst|tx_pma_ch.tx_cgb|lfclkpout'
Slack : 1.000
TNS   : 0.000

Type  : Slow 900mV 0C Model Minimum Pulse Width 'sfp0|sfpp_phy_inst|S5|transceiver_core|gen.sv_xcvr_native_insts[0].gen_bonded_group.sv_xcvr_native_inst|inst_sv_pma|rx_pma.sv_rx_pma_inst|rx_pmas[0].rx_pma.rx_pma_deser|clk90b'
Slack : 1.021
TNS   : 0.000

Type  : Slow 900mV 0C Model Minimum Pulse Width 'sfp1|sfpp_phy_inst|S5|transceiver_core|gen.sv_xcvr_native_insts[0].gen_bonded_group.sv_xcvr_native_inst|inst_sv_pma|rx_pma.sv_rx_pma_inst|rx_pmas[0].rx_pma.rx_pma_deser|clk90b'
Slack : 1.021
TNS   : 0.000

Type  : Slow 900mV 0C Model Minimum Pulse Width 'sfp0|sfpp_phy_inst|S5|transceiver_core|gen.sv_xcvr_native_insts[0].gen_bonded_group.sv_xcvr_native_inst|inst_sv_pma|tx_pma.sv_tx_pma_inst|tx_pma_insts[0].sv_tx_pma_ch_inst|tx_pma_ch.tx_cgb|pclk[0]'
Slack : 1.125
TNS   : 0.000

Type  : Slow 900mV 0C Model Minimum Pulse Width 'sfp1|sfpp_phy_inst|S5|transceiver_core|gen.sv_xcvr_native_insts[0].gen_bonded_group.sv_xcvr_native_inst|inst_sv_pma|tx_pma.sv_tx_pma_inst|tx_pma_insts[0].sv_tx_pma_ch_inst|tx_pma_ch.tx_cgb|pclk[0]'
Slack : 1.125
TNS   : 0.000

Type  : Slow 900mV 0C Model Minimum Pulse Width 'pcihip0|p|hip|altpcie_hip_256_pipen1b|stratixv_hssi_gen3_pcie_hip|coreclkout'
Slack : 1.153
TNS   : 0.000

Type  : Slow 900mV 0C Model Minimum Pulse Width 'pcihip0|p|hip|altpcie_hip_256_pipen1b|g_xcvr.sv_xcvr_pipe_native|inst_sv_xcvr_native|inst_sv_pma|tx_pma.sv_tx_pma_inst|tx_pma_insts[4].sv_tx_pma_ch_inst|tx_pma_ch.tx_cgb|pclkout[0]'
Slack : 2.000
TNS   : 0.000

Type  : Slow 900mV 0C Model Minimum Pulse Width 'pcihip0|p|hip|altpcie_hip_256_pipen1b|stratixv_hssi_gen3_pcie_hip|observablecoreclkdiv'
Slack : 2.000
TNS   : 0.000

Type  : Slow 900mV 0C Model Minimum Pulse Width 'sfp1|sfpp_phy_inst|S5|transceiver_core|gen.sv_xcvr_native_insts[0].gen_bonded_group.sv_xcvr_native_inst|inst_sv_pcs|ch[0].inst_sv_pcs_ch|inst_sv_hssi_8g_rx_pcs|wys|clocktopld'
Slack : 2.231
TNS   : 0.000

Type  : Slow 900mV 0C Model Minimum Pulse Width 'sfp0|sfpp_phy_inst|S5|transceiver_core|gen.sv_xcvr_native_insts[0].gen_bonded_group.sv_xcvr_native_inst|inst_sv_pcs|ch[0].inst_sv_pcs_ch|inst_sv_hssi_8g_rx_pcs|wys|clocktopld'
Slack : 2.234
TNS   : 0.000

Type  : Slow 900mV 0C Model Minimum Pulse Width 'sfp0|sfpp_phy_inst|S5|transceiver_core|gen.sv_xcvr_native_insts[0].gen_bonded_group.sv_xcvr_native_inst|inst_sv_pcs|ch[0].inst_sv_pcs_ch|inst_sv_hssi_8g_rx_pcs|wys|observablebyteserdesclock'
Slack : 2.309
TNS   : 0.000

Type  : Slow 900mV 0C Model Minimum Pulse Width 'sfp1|sfpp_phy_inst|S5|transceiver_core|gen.sv_xcvr_native_insts[0].gen_bonded_group.sv_xcvr_native_inst|inst_sv_pcs|ch[0].inst_sv_pcs_ch|inst_sv_hssi_8g_rx_pcs|wys|observablebyteserdesclock'
Slack : 2.309
TNS   : 0.000

Type  : Slow 900mV 0C Model Minimum Pulse Width 'sfp0|sfpp_phy_inst|S5|transceiver_core|gen.sv_xcvr_native_insts[0].gen_bonded_group.sv_xcvr_native_inst|inst_sv_pcs|ch[0].inst_sv_pcs_ch|inst_sv_hssi_8g_tx_pcs|wys|observablebyteserdesclock'
Slack : 2.352
TNS   : 0.000

Type  : Slow 900mV 0C Model Minimum Pulse Width 'sfp1|sfpp_phy_inst|S5|transceiver_core|gen.sv_xcvr_native_insts[0].gen_bonded_group.sv_xcvr_native_inst|inst_sv_pcs|ch[0].inst_sv_pcs_ch|inst_sv_hssi_8g_tx_pcs|wys|observablebyteserdesclock'
Slack : 2.352
TNS   : 0.000

Type  : Slow 900mV 0C Model Minimum Pulse Width 'pcihip0|p|hip|altpcie_hip_256_pipen1b|g_xcvr.sv_xcvr_pipe_native|inst_sv_xcvr_native|inst_sv_pcs|ch[0].inst_sv_pcs_ch|inst_sv_hssi_8g_rx_pcs|wys|observablebyteserdesclock'
Slack : 3.959
TNS   : 0.000

Type  : Slow 900mV 0C Model Minimum Pulse Width 'pcihip0|p|hip|altpcie_hip_256_pipen1b|g_xcvr.sv_xcvr_pipe_native|inst_sv_xcvr_native|inst_sv_pcs|ch[1].inst_sv_pcs_ch|inst_sv_hssi_8g_rx_pcs|wys|observablebyteserdesclock'
Slack : 3.959
TNS   : 0.000

Type  : Slow 900mV 0C Model Minimum Pulse Width 'pcihip0|p|hip|altpcie_hip_256_pipen1b|g_xcvr.sv_xcvr_pipe_native|inst_sv_xcvr_native|inst_sv_pcs|ch[2].inst_sv_pcs_ch|inst_sv_hssi_8g_rx_pcs|wys|observablebyteserdesclock'
Slack : 3.959
TNS   : 0.000

Type  : Slow 900mV 0C Model Minimum Pulse Width 'pcihip0|p|hip|altpcie_hip_256_pipen1b|g_xcvr.sv_xcvr_pipe_native|inst_sv_xcvr_native|inst_sv_pcs|ch[3].inst_sv_pcs_ch|inst_sv_hssi_8g_rx_pcs|wys|observablebyteserdesclock'
Slack : 3.959
TNS   : 0.000

Type  : Slow 900mV 0C Model Minimum Pulse Width 'pcihip0|p|hip|altpcie_hip_256_pipen1b|g_xcvr.sv_xcvr_pipe_native|inst_sv_xcvr_native|inst_sv_pcs|ch[5].inst_sv_pcs_ch|inst_sv_hssi_8g_rx_pcs|wys|observablebyteserdesclock'
Slack : 3.959
TNS   : 0.000

Type  : Slow 900mV 0C Model Minimum Pulse Width 'pcihip0|p|hip|altpcie_hip_256_pipen1b|g_xcvr.sv_xcvr_pipe_native|inst_sv_xcvr_native|inst_sv_pcs|ch[6].inst_sv_pcs_ch|inst_sv_hssi_8g_rx_pcs|wys|observablebyteserdesclock'
Slack : 3.959
TNS   : 0.000

Type  : Slow 900mV 0C Model Minimum Pulse Width 'pcihip0|p|hip|altpcie_hip_256_pipen1b|g_xcvr.sv_xcvr_pipe_native|inst_sv_xcvr_native|inst_sv_pcs|ch[7].inst_sv_pcs_ch|inst_sv_hssi_8g_rx_pcs|wys|observablebyteserdesclock'
Slack : 3.959
TNS   : 0.000

Type  : Slow 900mV 0C Model Minimum Pulse Width 'pcihip0|p|hip|altpcie_hip_256_pipen1b|g_xcvr.sv_xcvr_pipe_native|inst_sv_xcvr_native|inst_sv_pcs|ch[8].inst_sv_pcs_ch|inst_sv_hssi_8g_rx_pcs|wys|observablebyteserdesclock'
Slack : 3.959
TNS   : 0.000

Type  : Slow 900mV 0C Model Minimum Pulse Width 'pcihip0|p|hip|altpcie_hip_256_pipen1b|g_xcvr.sv_xcvr_pipe_native|inst_sv_xcvr_native|inst_sv_pcs|ch[0].inst_sv_pcs_ch|inst_sv_hssi_8g_tx_pcs|wys|observablebyteserdesclock'
Slack : 4.000
TNS   : 0.000

Type  : Slow 900mV 0C Model Minimum Pulse Width 'pcihip0|p|hip|altpcie_hip_256_pipen1b|g_xcvr.sv_xcvr_pipe_native|inst_sv_xcvr_native|inst_sv_pcs|ch[1].inst_sv_pcs_ch|inst_sv_hssi_8g_tx_pcs|wys|observablebyteserdesclock'
Slack : 4.000
TNS   : 0.000

Type  : Slow 900mV 0C Model Minimum Pulse Width 'pcihip0|p|hip|altpcie_hip_256_pipen1b|g_xcvr.sv_xcvr_pipe_native|inst_sv_xcvr_native|inst_sv_pcs|ch[2].inst_sv_pcs_ch|inst_sv_hssi_8g_tx_pcs|wys|observablebyteserdesclock'
Slack : 4.000
TNS   : 0.000

Type  : Slow 900mV 0C Model Minimum Pulse Width 'pcihip0|p|hip|altpcie_hip_256_pipen1b|g_xcvr.sv_xcvr_pipe_native|inst_sv_xcvr_native|inst_sv_pcs|ch[3].inst_sv_pcs_ch|inst_sv_hssi_8g_tx_pcs|wys|observablebyteserdesclock'
Slack : 4.000
TNS   : 0.000

Type  : Slow 900mV 0C Model Minimum Pulse Width 'pcihip0|p|hip|altpcie_hip_256_pipen1b|g_xcvr.sv_xcvr_pipe_native|inst_sv_xcvr_native|inst_sv_pcs|ch[4].inst_sv_pcs_ch|inst_sv_hssi_8g_tx_pcs|wys|observablebyteserdesclock'
Slack : 4.000
TNS   : 0.000

Type  : Slow 900mV 0C Model Minimum Pulse Width 'pcihip0|p|hip|altpcie_hip_256_pipen1b|g_xcvr.sv_xcvr_pipe_native|inst_sv_xcvr_native|inst_sv_pcs|ch[5].inst_sv_pcs_ch|inst_sv_hssi_8g_tx_pcs|wys|observablebyteserdesclock'
Slack : 4.000
TNS   : 0.000

Type  : Slow 900mV 0C Model Minimum Pulse Width 'pcihip0|p|hip|altpcie_hip_256_pipen1b|g_xcvr.sv_xcvr_pipe_native|inst_sv_xcvr_native|inst_sv_pcs|ch[6].inst_sv_pcs_ch|inst_sv_hssi_8g_tx_pcs|wys|observablebyteserdesclock'
Slack : 4.000
TNS   : 0.000

Type  : Slow 900mV 0C Model Minimum Pulse Width 'pcihip0|p|hip|altpcie_hip_256_pipen1b|g_xcvr.sv_xcvr_pipe_native|inst_sv_xcvr_native|inst_sv_pcs|ch[7].inst_sv_pcs_ch|inst_sv_hssi_8g_tx_pcs|wys|observablebyteserdesclock'
Slack : 4.000
TNS   : 0.000

Type  : Slow 900mV 0C Model Minimum Pulse Width 'pcihip0|p|hip|altpcie_hip_256_pipen1b|g_xcvr.sv_xcvr_pipe_native|inst_sv_xcvr_native|inst_sv_pcs|ch[8].inst_sv_pcs_ch|inst_sv_hssi_8g_tx_pcs|wys|observablebyteserdesclock'
Slack : 4.000
TNS   : 0.000

Type  : Slow 900mV 0C Model Minimum Pulse Width 'pcihip0|p|hip|altpcie_hip_256_pipen1b|g_xcvr.sv_xcvr_pipe_native|inst_sv_xcvr_native|inst_sv_pma|tx_pma.sv_tx_pma_inst|tx_pma_insts[4].sv_tx_pma_ch_inst|tx_pma_ch.tx_cgb|pclkout[1]'
Slack : 4.000
TNS   : 0.000

Type  : Slow 900mV 0C Model Minimum Pulse Width 'sfp0|sfpp_phy_inst|S5|transceiver_core|gen.sv_xcvr_native_insts[0].gen_bonded_group.sv_xcvr_native_inst|inst_sv_xcvr_avmm|avmm_interface_insts[0].stratixv_hssi_avmm_interface_inst|pmatestbussel[0]'
Slack : 4.108
TNS   : 0.000

Type  : Slow 900mV 0C Model Minimum Pulse Width 'sv_reconfig_pma_testbus_clk_1'
Slack : 4.224
TNS   : 0.000

Type  : Slow 900mV 0C Model Minimum Pulse Width 'sv_reconfig_pma_testbus_clk_0'
Slack : 4.299
TNS   : 0.000

Type  : Slow 900mV 0C Model Minimum Pulse Width 'pci_pi_refclk0'
Slack : 4.313
TNS   : 0.000

Type  : Slow 900mV 0C Model Minimum Pulse Width 'pcihip0|p|hip|altpcie_hip_256_pipen1b|g_xcvr.sv_xcvr_pipe_native|inst_sv_xcvr_native|inst_sv_xcvr_avmm|avmm_interface_insts[0].stratixv_hssi_avmm_interface_inst|pmatestbussel[0]'
Slack : 5.000
TNS   : 0.000

Type  : Slow 900mV 0C Model Minimum Pulse Width 'pcihip0|p|hip|altpcie_hip_256_pipen1b|g_xcvr.sv_xcvr_pipe_native|inst_sv_xcvr_native|inst_sv_xcvr_avmm|avmm_interface_insts[3].stratixv_hssi_avmm_interface_inst|pmatestbussel[0]'
Slack : 5.000
TNS   : 0.000

Type  : Slow 900mV 0C Model Minimum Pulse Width 'pcihip0|p|hip|altpcie_hip_256_pipen1b|g_xcvr.sv_xcvr_pipe_native|inst_sv_xcvr_native|inst_sv_xcvr_avmm|avmm_interface_insts[6].stratixv_hssi_avmm_interface_inst|pmatestbussel[0]'
Slack : 5.000
TNS   : 0.000

Type  : Slow 900mV 0C Model Minimum Pulse Width 'pcihip0|p|hip|altpcie_hip_256_pipen1b|g_xcvr.sv_xcvr_pipe_native|sv_xcvr_tx_plls_inst|pll[0].pll.cmu_pll.pll_mux.pll_refclk_select_mux|clkout'
Slack : 5.000
TNS   : 0.000

Type  : Slow 900mV 0C Model Minimum Pulse Width 'pcihip0|p|hip|altpcie_hip_256_pipen1b|g_xcvr.sv_xcvr_pipe_native|inst_sv_xcvr_native|inst_sv_pma|tx_pma.sv_tx_pma_inst|tx_pma_insts[4].sv_tx_pma_ch_inst|tx_pma_ch.tx_cgb|pclkout[2]'
Slack : 8.000
TNS   : 0.000

Type  : Slow 900mV 0C Model Minimum Pulse Width 'altera_reserved_tck'
Slack : 16.093
TNS   : 0.000

Type  : Fast 900mV 85C Model Setup 'pcihip0|p|hip|altpcie_hip_256_pipen1b|stratixv_hssi_gen3_pcie_hip|coreclkout'
Slack : 1.217
TNS   : 0.000

Type  : Fast 900mV 85C Model Setup 'pci_pi_refclk0'
Slack : 3.121
TNS   : 0.000

Type  : Fast 900mV 85C Model Setup 'n/a'
Slack : 4.025
TNS   : 0.000

Type  : Fast 900mV 85C Model Setup 'sfp0|sfpp_phy_inst|S5|transceiver_core|gen.sv_xcvr_native_insts[0].gen_bonded_group.sv_xcvr_native_inst|inst_sv_xcvr_avmm|avmm_interface_insts[0].stratixv_hssi_avmm_interface_inst|pmatestbussel[0]'
Slack : 4.568
TNS   : 0.000

Type  : Fast 900mV 85C Model Setup 'sv_reconfig_pma_testbus_clk_1'
Slack : 8.615
TNS   : 0.000

Type  : Fast 900mV 85C Model Setup 'sv_reconfig_pma_testbus_clk_0'
Slack : 8.780
TNS   : 0.000

Type  : Fast 900mV 85C Model Setup 'altera_reserved_tck'
Slack : 14.137
TNS   : 0.000

Type  : Fast 900mV 85C Model Hold 'altera_reserved_tck'
Slack : 0.021
TNS   : 0.000

Type  : Fast 900mV 85C Model Hold 'pcihip0|p|hip|altpcie_hip_256_pipen1b|stratixv_hssi_gen3_pcie_hip|coreclkout'
Slack : 0.085
TNS   : 0.000

Type  : Fast 900mV 85C Model Hold 'pci_pi_refclk0'
Slack : 0.097
TNS   : 0.000

Type  : Fast 900mV 85C Model Hold 'sfp0|sfpp_phy_inst|S5|transceiver_core|gen.sv_xcvr_native_insts[0].gen_bonded_group.sv_xcvr_native_inst|inst_sv_xcvr_avmm|avmm_interface_insts[0].stratixv_hssi_avmm_interface_inst|pmatestbussel[0]'
Slack : 0.360
TNS   : 0.000

Type  : Fast 900mV 85C Model Hold 'sv_reconfig_pma_testbus_clk_0'
Slack : 0.481
TNS   : 0.000

Type  : Fast 900mV 85C Model Hold 'sv_reconfig_pma_testbus_clk_1'
Slack : 0.649
TNS   : 0.000

Type  : Fast 900mV 85C Model Hold 'n/a'
Slack : 12.508
TNS   : 0.000

Type  : Fast 900mV 85C Model Recovery 'pcihip0|p|hip|altpcie_hip_256_pipen1b|stratixv_hssi_gen3_pcie_hip|coreclkout'
Slack : 1.275
TNS   : 0.000

Type  : Fast 900mV 85C Model Recovery 'sfp0|sfpp_phy_inst|S5|transceiver_core|gen.sv_xcvr_native_insts[0].gen_bonded_group.sv_xcvr_native_inst|inst_sv_xcvr_avmm|avmm_interface_insts[0].stratixv_hssi_avmm_interface_inst|pmatestbussel[0]'
Slack : 6.032
TNS   : 0.000

Type  : Fast 900mV 85C Model Recovery 'pci_pi_refclk0'
Slack : 7.192
TNS   : 0.000

Type  : Fast 900mV 85C Model Recovery 'sv_reconfig_pma_testbus_clk_0'
Slack : 7.795
TNS   : 0.000

Type  : Fast 900mV 85C Model Recovery 'altera_reserved_tck'
Slack : 31.729
TNS   : 0.000

Type  : Fast 900mV 85C Model Removal 'pcihip0|p|hip|altpcie_hip_256_pipen1b|stratixv_hssi_gen3_pcie_hip|coreclkout'
Slack : 0.126
TNS   : 0.000

Type  : Fast 900mV 85C Model Removal 'pci_pi_refclk0'
Slack : 0.176
TNS   : 0.000

Type  : Fast 900mV 85C Model Removal 'altera_reserved_tck'
Slack : 0.280
TNS   : 0.000

Type  : Fast 900mV 85C Model Removal 'sfp0|sfpp_phy_inst|S5|transceiver_core|gen.sv_xcvr_native_insts[0].gen_bonded_group.sv_xcvr_native_inst|inst_sv_xcvr_avmm|avmm_interface_insts[0].stratixv_hssi_avmm_interface_inst|pmatestbussel[0]'
Slack : 0.780
TNS   : 0.000

Type  : Fast 900mV 85C Model Removal 'sv_reconfig_pma_testbus_clk_0'
Slack : 1.311
TNS   : 0.000

Type  : Fast 900mV 85C Model Minimum Pulse Width 'sfp0|sfpp_phy_inst|S5|transceiver_core|gen.sv_xcvr_native_insts[0].gen_bonded_group.sv_xcvr_native_inst|inst_sv_pma|rx_pma.sv_rx_pma_inst|rx_pmas[0].rx_pma.rx_cdr|clk90bdes'
Slack : 0.117
TNS   : 0.000

Type  : Fast 900mV 85C Model Minimum Pulse Width 'sfp0|sfpp_phy_inst|S5|transceiver_core|gen.sv_xcvr_native_insts[0].gen_tx_plls.gen_tx_plls.tx_plls|pll[0].pll.atx_pll.tx_pll|clk010g'
Slack : 0.117
TNS   : 0.000

Type  : Fast 900mV 85C Model Minimum Pulse Width 'sfp1|sfpp_phy_inst|S5|transceiver_core|gen.sv_xcvr_native_insts[0].gen_bonded_group.sv_xcvr_native_inst|inst_sv_pma|rx_pma.sv_rx_pma_inst|rx_pmas[0].rx_pma.rx_cdr|clk90bdes'
Slack : 0.117
TNS   : 0.000

Type  : Fast 900mV 85C Model Minimum Pulse Width 'pcihip0|p|hip|altpcie_hip_256_pipen1b|g_xcvr.sv_xcvr_pipe_native|sv_xcvr_tx_plls_inst|pll[0].pll.cmu_pll.tx_pll|clkcdr'
Slack : 0.192
TNS   : 0.000

Type  : Fast 900mV 85C Model Minimum Pulse Width 'pcihip0|p|hip|altpcie_hip_256_pipen1b|g_xcvr.sv_xcvr_pipe_native|inst_sv_xcvr_native|inst_sv_pma|rx_pma.sv_rx_pma_inst|rx_pmas[0].rx_pma.rx_cdr|clk90bdes'
Slack : 0.200
TNS   : 0.000

Type  : Fast 900mV 85C Model Minimum Pulse Width 'pcihip0|p|hip|altpcie_hip_256_pipen1b|g_xcvr.sv_xcvr_pipe_native|inst_sv_xcvr_native|inst_sv_pma|rx_pma.sv_rx_pma_inst|rx_pmas[1].rx_pma.rx_cdr|clk90bdes'
Slack : 0.200
TNS   : 0.000

Type  : Fast 900mV 85C Model Minimum Pulse Width 'pcihip0|p|hip|altpcie_hip_256_pipen1b|g_xcvr.sv_xcvr_pipe_native|inst_sv_xcvr_native|inst_sv_pma|rx_pma.sv_rx_pma_inst|rx_pmas[2].rx_pma.rx_cdr|clk90bdes'
Slack : 0.200
TNS   : 0.000

Type  : Fast 900mV 85C Model Minimum Pulse Width 'pcihip0|p|hip|altpcie_hip_256_pipen1b|g_xcvr.sv_xcvr_pipe_native|inst_sv_xcvr_native|inst_sv_pma|rx_pma.sv_rx_pma_inst|rx_pmas[3].rx_pma.rx_cdr|clk90bdes'
Slack : 0.200
TNS   : 0.000

Type  : Fast 900mV 85C Model Minimum Pulse Width 'pcihip0|p|hip|altpcie_hip_256_pipen1b|g_xcvr.sv_xcvr_pipe_native|inst_sv_xcvr_native|inst_sv_pma|rx_pma.sv_rx_pma_inst|rx_pmas[5].rx_pma.rx_cdr|clk90bdes'
Slack : 0.200
TNS   : 0.000

Type  : Fast 900mV 85C Model Minimum Pulse Width 'pcihip0|p|hip|altpcie_hip_256_pipen1b|g_xcvr.sv_xcvr_pipe_native|inst_sv_xcvr_native|inst_sv_pma|rx_pma.sv_rx_pma_inst|rx_pmas[6].rx_pma.rx_cdr|clk90bdes'
Slack : 0.200
TNS   : 0.000

Type  : Fast 900mV 85C Model Minimum Pulse Width 'pcihip0|p|hip|altpcie_hip_256_pipen1b|g_xcvr.sv_xcvr_pipe_native|inst_sv_xcvr_native|inst_sv_pma|rx_pma.sv_rx_pma_inst|rx_pmas[7].rx_pma.rx_cdr|clk90bdes'
Slack : 0.200
TNS   : 0.000

Type  : Fast 900mV 85C Model Minimum Pulse Width 'pcihip0|p|hip|altpcie_hip_256_pipen1b|g_xcvr.sv_xcvr_pipe_native|inst_sv_xcvr_native|inst_sv_pma|rx_pma.sv_rx_pma_inst|rx_pmas[8].rx_pma.rx_cdr|clk90bdes'
Slack : 0.200
TNS   : 0.000

Type  : Fast 900mV 85C Model Minimum Pulse Width 'i_refclk_sfp'
Slack : 0.938
TNS   : 0.000

Type  : Fast 900mV 85C Model Minimum Pulse Width 'pcihip0|p|hip|altpcie_hip_256_pipen1b|g_xcvr.sv_xcvr_pipe_native|inst_sv_xcvr_native|inst_sv_pma|rx_pma.sv_rx_pma_inst|rx_pmas[0].rx_pma.rx_pma_deser|clk90b'
Slack : 0.950
TNS   : 0.000

Type  : Fast 900mV 85C Model Minimum Pulse Width 'pcihip0|p|hip|altpcie_hip_256_pipen1b|g_xcvr.sv_xcvr_pipe_native|inst_sv_xcvr_native|inst_sv_pma|rx_pma.sv_rx_pma_inst|rx_pmas[1].rx_pma.rx_pma_deser|clk90b'
Slack : 0.950
TNS   : 0.000

Type  : Fast 900mV 85C Model Minimum Pulse Width 'pcihip0|p|hip|altpcie_hip_256_pipen1b|g_xcvr.sv_xcvr_pipe_native|inst_sv_xcvr_native|inst_sv_pma|rx_pma.sv_rx_pma_inst|rx_pmas[2].rx_pma.rx_pma_deser|clk90b'
Slack : 0.950
TNS   : 0.000

Type  : Fast 900mV 85C Model Minimum Pulse Width 'pcihip0|p|hip|altpcie_hip_256_pipen1b|g_xcvr.sv_xcvr_pipe_native|inst_sv_xcvr_native|inst_sv_pma|rx_pma.sv_rx_pma_inst|rx_pmas[3].rx_pma.rx_pma_deser|clk90b'
Slack : 0.950
TNS   : 0.000

Type  : Fast 900mV 85C Model Minimum Pulse Width 'pcihip0|p|hip|altpcie_hip_256_pipen1b|g_xcvr.sv_xcvr_pipe_native|inst_sv_xcvr_native|inst_sv_pma|rx_pma.sv_rx_pma_inst|rx_pmas[5].rx_pma.rx_pma_deser|clk90b'
Slack : 0.950
TNS   : 0.000

Type  : Fast 900mV 85C Model Minimum Pulse Width 'pcihip0|p|hip|altpcie_hip_256_pipen1b|g_xcvr.sv_xcvr_pipe_native|inst_sv_xcvr_native|inst_sv_pma|rx_pma.sv_rx_pma_inst|rx_pmas[6].rx_pma.rx_pma_deser|clk90b'
Slack : 0.950
TNS   : 0.000

Type  : Fast 900mV 85C Model Minimum Pulse Width 'pcihip0|p|hip|altpcie_hip_256_pipen1b|g_xcvr.sv_xcvr_pipe_native|inst_sv_xcvr_native|inst_sv_pma|rx_pma.sv_rx_pma_inst|rx_pmas[7].rx_pma.rx_pma_deser|clk90b'
Slack : 0.950
TNS   : 0.000

Type  : Fast 900mV 85C Model Minimum Pulse Width 'pcihip0|p|hip|altpcie_hip_256_pipen1b|g_xcvr.sv_xcvr_pipe_native|inst_sv_xcvr_native|inst_sv_pma|rx_pma.sv_rx_pma_inst|rx_pmas[8].rx_pma.rx_pma_deser|clk90b'
Slack : 0.950
TNS   : 0.000

Type  : Fast 900mV 85C Model Minimum Pulse Width 'pcihip0|p|hip|altpcie_hip_256_pipen1b|g_xcvr.sv_xcvr_pipe_native|inst_sv_xcvr_native|inst_sv_pma|tx_pma.sv_tx_pma_inst|tx_pma_insts[0].sv_tx_pma_ch_inst|tx_pma_ch.tx_cgb|lfclkp'
Slack : 0.986
TNS   : 0.000

Type  : Fast 900mV 85C Model Minimum Pulse Width 'pcihip0|p|hip|altpcie_hip_256_pipen1b|g_xcvr.sv_xcvr_pipe_native|inst_sv_xcvr_native|inst_sv_pma|tx_pma.sv_tx_pma_inst|tx_pma_insts[1].sv_tx_pma_ch_inst|tx_pma_ch.tx_cgb|lfclkp'
Slack : 0.986
TNS   : 0.000

Type  : Fast 900mV 85C Model Minimum Pulse Width 'pcihip0|p|hip|altpcie_hip_256_pipen1b|g_xcvr.sv_xcvr_pipe_native|inst_sv_xcvr_native|inst_sv_pma|tx_pma.sv_tx_pma_inst|tx_pma_insts[2].sv_tx_pma_ch_inst|tx_pma_ch.tx_cgb|lfclkp'
Slack : 0.986
TNS   : 0.000

Type  : Fast 900mV 85C Model Minimum Pulse Width 'pcihip0|p|hip|altpcie_hip_256_pipen1b|g_xcvr.sv_xcvr_pipe_native|inst_sv_xcvr_native|inst_sv_pma|tx_pma.sv_tx_pma_inst|tx_pma_insts[3].sv_tx_pma_ch_inst|tx_pma_ch.tx_cgb|lfclkp'
Slack : 0.986
TNS   : 0.000

Type  : Fast 900mV 85C Model Minimum Pulse Width 'pcihip0|p|hip|altpcie_hip_256_pipen1b|g_xcvr.sv_xcvr_pipe_native|inst_sv_xcvr_native|inst_sv_pma|tx_pma.sv_tx_pma_inst|tx_pma_insts[4].sv_tx_pma_ch_inst|tx_pma_ch.tx_cgb|lfclkp'
Slack : 0.986
TNS   : 0.000

Type  : Fast 900mV 85C Model Minimum Pulse Width 'pcihip0|p|hip|altpcie_hip_256_pipen1b|g_xcvr.sv_xcvr_pipe_native|inst_sv_xcvr_native|inst_sv_pma|tx_pma.sv_tx_pma_inst|tx_pma_insts[5].sv_tx_pma_ch_inst|tx_pma_ch.tx_cgb|lfclkp'
Slack : 0.986
TNS   : 0.000

Type  : Fast 900mV 85C Model Minimum Pulse Width 'pcihip0|p|hip|altpcie_hip_256_pipen1b|g_xcvr.sv_xcvr_pipe_native|inst_sv_xcvr_native|inst_sv_pma|tx_pma.sv_tx_pma_inst|tx_pma_insts[6].sv_tx_pma_ch_inst|tx_pma_ch.tx_cgb|lfclkp'
Slack : 0.986
TNS   : 0.000

Type  : Fast 900mV 85C Model Minimum Pulse Width 'pcihip0|p|hip|altpcie_hip_256_pipen1b|g_xcvr.sv_xcvr_pipe_native|inst_sv_xcvr_native|inst_sv_pma|tx_pma.sv_tx_pma_inst|tx_pma_insts[7].sv_tx_pma_ch_inst|tx_pma_ch.tx_cgb|lfclkp'
Slack : 0.986
TNS   : 0.000

Type  : Fast 900mV 85C Model Minimum Pulse Width 'pcihip0|p|hip|altpcie_hip_256_pipen1b|g_xcvr.sv_xcvr_pipe_native|inst_sv_xcvr_native|inst_sv_pma|tx_pma.sv_tx_pma_inst|tx_pma_insts[8].sv_tx_pma_ch_inst|tx_pma_ch.tx_cgb|lfclkp'
Slack : 0.986
TNS   : 0.000

Type  : Fast 900mV 85C Model Minimum Pulse Width 'pcihip0|p|hip|altpcie_hip_256_pipen1b|g_xcvr.sv_xcvr_pipe_native|inst_sv_xcvr_native|inst_sv_pma|tx_pma.sv_tx_pma_inst|tx_pma_insts[4].sv_tx_pma_ch_inst|tx_pma_ch.tx_cgb|cpulseout'
Slack : 0.992
TNS   : 0.000

Type  : Fast 900mV 85C Model Minimum Pulse Width 'pcihip0|p|hip|altpcie_hip_256_pipen1b|g_xcvr.sv_xcvr_pipe_native|inst_sv_xcvr_native|inst_sv_pma|tx_pma.sv_tx_pma_inst|tx_pma_insts[4].sv_tx_pma_ch_inst|tx_pma_ch.tx_cgb|lfclkpout'
Slack : 1.000
TNS   : 0.000

Type  : Fast 900mV 85C Model Minimum Pulse Width 'sfp0|sfpp_phy_inst|S5|transceiver_core|gen.sv_xcvr_native_insts[0].gen_bonded_group.sv_xcvr_native_inst|inst_sv_pma|rx_pma.sv_rx_pma_inst|rx_pmas[0].rx_pma.rx_pma_deser|clk90b'
Slack : 1.125
TNS   : 0.000

Type  : Fast 900mV 85C Model Minimum Pulse Width 'sfp1|sfpp_phy_inst|S5|transceiver_core|gen.sv_xcvr_native_insts[0].gen_bonded_group.sv_xcvr_native_inst|inst_sv_pma|rx_pma.sv_rx_pma_inst|rx_pmas[0].rx_pma.rx_pma_deser|clk90b'
Slack : 1.125
TNS   : 0.000

Type  : Fast 900mV 85C Model Minimum Pulse Width 'pcihip0|p|hip|altpcie_hip_256_pipen1b|stratixv_hssi_gen3_pcie_hip|coreclkout'
Slack : 1.162
TNS   : 0.000

Type  : Fast 900mV 85C Model Minimum Pulse Width 'sfp0|sfpp_phy_inst|S5|transceiver_core|gen.sv_xcvr_native_insts[0].gen_bonded_group.sv_xcvr_native_inst|inst_sv_pma|tx_pma.sv_tx_pma_inst|tx_pma_insts[0].sv_tx_pma_ch_inst|tx_pma_ch.tx_cgb|pclk[0]'
Slack : 1.162
TNS   : 0.000

Type  : Fast 900mV 85C Model Minimum Pulse Width 'sfp1|sfpp_phy_inst|S5|transceiver_core|gen.sv_xcvr_native_insts[0].gen_bonded_group.sv_xcvr_native_inst|inst_sv_pma|tx_pma.sv_tx_pma_inst|tx_pma_insts[0].sv_tx_pma_ch_inst|tx_pma_ch.tx_cgb|pclk[0]'
Slack : 1.162
TNS   : 0.000

Type  : Fast 900mV 85C Model Minimum Pulse Width 'pcihip0|p|hip|altpcie_hip_256_pipen1b|g_xcvr.sv_xcvr_pipe_native|inst_sv_xcvr_native|inst_sv_pma|tx_pma.sv_tx_pma_inst|tx_pma_insts[4].sv_tx_pma_ch_inst|tx_pma_ch.tx_cgb|pclkout[0]'
Slack : 2.000
TNS   : 0.000

Type  : Fast 900mV 85C Model Minimum Pulse Width 'pcihip0|p|hip|altpcie_hip_256_pipen1b|stratixv_hssi_gen3_pcie_hip|observablecoreclkdiv'
Slack : 2.000
TNS   : 0.000

Type  : Fast 900mV 85C Model Minimum Pulse Width 'sfp1|sfpp_phy_inst|S5|transceiver_core|gen.sv_xcvr_native_insts[0].gen_bonded_group.sv_xcvr_native_inst|inst_sv_pcs|ch[0].inst_sv_pcs_ch|inst_sv_hssi_8g_rx_pcs|wys|clocktopld'
Slack : 2.295
TNS   : 0.000

Type  : Fast 900mV 85C Model Minimum Pulse Width 'sfp0|sfpp_phy_inst|S5|transceiver_core|gen.sv_xcvr_native_insts[0].gen_bonded_group.sv_xcvr_native_inst|inst_sv_pcs|ch[0].inst_sv_pcs_ch|inst_sv_hssi_8g_rx_pcs|wys|clocktopld'
Slack : 2.299
TNS   : 0.000

Type  : Fast 900mV 85C Model Minimum Pulse Width 'sfp0|sfpp_phy_inst|S5|transceiver_core|gen.sv_xcvr_native_insts[0].gen_bonded_group.sv_xcvr_native_inst|inst_sv_pcs|ch[0].inst_sv_pcs_ch|inst_sv_hssi_8g_rx_pcs|wys|observablebyteserdesclock'
Slack : 2.319
TNS   : 0.000

Type  : Fast 900mV 85C Model Minimum Pulse Width 'sfp1|sfpp_phy_inst|S5|transceiver_core|gen.sv_xcvr_native_insts[0].gen_bonded_group.sv_xcvr_native_inst|inst_sv_pcs|ch[0].inst_sv_pcs_ch|inst_sv_hssi_8g_rx_pcs|wys|observablebyteserdesclock'
Slack : 2.319
TNS   : 0.000

Type  : Fast 900mV 85C Model Minimum Pulse Width 'sfp0|sfpp_phy_inst|S5|transceiver_core|gen.sv_xcvr_native_insts[0].gen_bonded_group.sv_xcvr_native_inst|inst_sv_pcs|ch[0].inst_sv_pcs_ch|inst_sv_hssi_8g_tx_pcs|wys|observablebyteserdesclock'
Slack : 2.352
TNS   : 0.000

Type  : Fast 900mV 85C Model Minimum Pulse Width 'sfp1|sfpp_phy_inst|S5|transceiver_core|gen.sv_xcvr_native_insts[0].gen_bonded_group.sv_xcvr_native_inst|inst_sv_pcs|ch[0].inst_sv_pcs_ch|inst_sv_hssi_8g_tx_pcs|wys|observablebyteserdesclock'
Slack : 2.352
TNS   : 0.000

Type  : Fast 900mV 85C Model Minimum Pulse Width 'pcihip0|p|hip|altpcie_hip_256_pipen1b|g_xcvr.sv_xcvr_pipe_native|inst_sv_xcvr_native|inst_sv_pcs|ch[0].inst_sv_pcs_ch|inst_sv_hssi_8g_rx_pcs|wys|observablebyteserdesclock'
Slack : 3.970
TNS   : 0.000

Type  : Fast 900mV 85C Model Minimum Pulse Width 'pcihip0|p|hip|altpcie_hip_256_pipen1b|g_xcvr.sv_xcvr_pipe_native|inst_sv_xcvr_native|inst_sv_pcs|ch[1].inst_sv_pcs_ch|inst_sv_hssi_8g_rx_pcs|wys|observablebyteserdesclock'
Slack : 3.970
TNS   : 0.000

Type  : Fast 900mV 85C Model Minimum Pulse Width 'pcihip0|p|hip|altpcie_hip_256_pipen1b|g_xcvr.sv_xcvr_pipe_native|inst_sv_xcvr_native|inst_sv_pcs|ch[2].inst_sv_pcs_ch|inst_sv_hssi_8g_rx_pcs|wys|observablebyteserdesclock'
Slack : 3.970
TNS   : 0.000

Type  : Fast 900mV 85C Model Minimum Pulse Width 'pcihip0|p|hip|altpcie_hip_256_pipen1b|g_xcvr.sv_xcvr_pipe_native|inst_sv_xcvr_native|inst_sv_pcs|ch[3].inst_sv_pcs_ch|inst_sv_hssi_8g_rx_pcs|wys|observablebyteserdesclock'
Slack : 3.970
TNS   : 0.000

Type  : Fast 900mV 85C Model Minimum Pulse Width 'pcihip0|p|hip|altpcie_hip_256_pipen1b|g_xcvr.sv_xcvr_pipe_native|inst_sv_xcvr_native|inst_sv_pcs|ch[5].inst_sv_pcs_ch|inst_sv_hssi_8g_rx_pcs|wys|observablebyteserdesclock'
Slack : 3.970
TNS   : 0.000

Type  : Fast 900mV 85C Model Minimum Pulse Width 'pcihip0|p|hip|altpcie_hip_256_pipen1b|g_xcvr.sv_xcvr_pipe_native|inst_sv_xcvr_native|inst_sv_pcs|ch[6].inst_sv_pcs_ch|inst_sv_hssi_8g_rx_pcs|wys|observablebyteserdesclock'
Slack : 3.970
TNS   : 0.000

Type  : Fast 900mV 85C Model Minimum Pulse Width 'pcihip0|p|hip|altpcie_hip_256_pipen1b|g_xcvr.sv_xcvr_pipe_native|inst_sv_xcvr_native|inst_sv_pcs|ch[7].inst_sv_pcs_ch|inst_sv_hssi_8g_rx_pcs|wys|observablebyteserdesclock'
Slack : 3.970
TNS   : 0.000

Type  : Fast 900mV 85C Model Minimum Pulse Width 'pcihip0|p|hip|altpcie_hip_256_pipen1b|g_xcvr.sv_xcvr_pipe_native|inst_sv_xcvr_native|inst_sv_pcs|ch[8].inst_sv_pcs_ch|inst_sv_hssi_8g_rx_pcs|wys|observablebyteserdesclock'
Slack : 3.970
TNS   : 0.000

Type  : Fast 900mV 85C Model Minimum Pulse Width 'pcihip0|p|hip|altpcie_hip_256_pipen1b|g_xcvr.sv_xcvr_pipe_native|inst_sv_xcvr_native|inst_sv_pcs|ch[0].inst_sv_pcs_ch|inst_sv_hssi_8g_tx_pcs|wys|observablebyteserdesclock'
Slack : 4.000
TNS   : 0.000

Type  : Fast 900mV 85C Model Minimum Pulse Width 'pcihip0|p|hip|altpcie_hip_256_pipen1b|g_xcvr.sv_xcvr_pipe_native|inst_sv_xcvr_native|inst_sv_pcs|ch[1].inst_sv_pcs_ch|inst_sv_hssi_8g_tx_pcs|wys|observablebyteserdesclock'
Slack : 4.000
TNS   : 0.000

Type  : Fast 900mV 85C Model Minimum Pulse Width 'pcihip0|p|hip|altpcie_hip_256_pipen1b|g_xcvr.sv_xcvr_pipe_native|inst_sv_xcvr_native|inst_sv_pcs|ch[2].inst_sv_pcs_ch|inst_sv_hssi_8g_tx_pcs|wys|observablebyteserdesclock'
Slack : 4.000
TNS   : 0.000

Type  : Fast 900mV 85C Model Minimum Pulse Width 'pcihip0|p|hip|altpcie_hip_256_pipen1b|g_xcvr.sv_xcvr_pipe_native|inst_sv_xcvr_native|inst_sv_pcs|ch[3].inst_sv_pcs_ch|inst_sv_hssi_8g_tx_pcs|wys|observablebyteserdesclock'
Slack : 4.000
TNS   : 0.000

Type  : Fast 900mV 85C Model Minimum Pulse Width 'pcihip0|p|hip|altpcie_hip_256_pipen1b|g_xcvr.sv_xcvr_pipe_native|inst_sv_xcvr_native|inst_sv_pcs|ch[4].inst_sv_pcs_ch|inst_sv_hssi_8g_tx_pcs|wys|observablebyteserdesclock'
Slack : 4.000
TNS   : 0.000

Type  : Fast 900mV 85C Model Minimum Pulse Width 'pcihip0|p|hip|altpcie_hip_256_pipen1b|g_xcvr.sv_xcvr_pipe_native|inst_sv_xcvr_native|inst_sv_pcs|ch[5].inst_sv_pcs_ch|inst_sv_hssi_8g_tx_pcs|wys|observablebyteserdesclock'
Slack : 4.000
TNS   : 0.000

Type  : Fast 900mV 85C Model Minimum Pulse Width 'pcihip0|p|hip|altpcie_hip_256_pipen1b|g_xcvr.sv_xcvr_pipe_native|inst_sv_xcvr_native|inst_sv_pcs|ch[6].inst_sv_pcs_ch|inst_sv_hssi_8g_tx_pcs|wys|observablebyteserdesclock'
Slack : 4.000
TNS   : 0.000

Type  : Fast 900mV 85C Model Minimum Pulse Width 'pcihip0|p|hip|altpcie_hip_256_pipen1b|g_xcvr.sv_xcvr_pipe_native|inst_sv_xcvr_native|inst_sv_pcs|ch[7].inst_sv_pcs_ch|inst_sv_hssi_8g_tx_pcs|wys|observablebyteserdesclock'
Slack : 4.000
TNS   : 0.000

Type  : Fast 900mV 85C Model Minimum Pulse Width 'pcihip0|p|hip|altpcie_hip_256_pipen1b|g_xcvr.sv_xcvr_pipe_native|inst_sv_xcvr_native|inst_sv_pcs|ch[8].inst_sv_pcs_ch|inst_sv_hssi_8g_tx_pcs|wys|observablebyteserdesclock'
Slack : 4.000
TNS   : 0.000

Type  : Fast 900mV 85C Model Minimum Pulse Width 'pcihip0|p|hip|altpcie_hip_256_pipen1b|g_xcvr.sv_xcvr_pipe_native|inst_sv_xcvr_native|inst_sv_pma|tx_pma.sv_tx_pma_inst|tx_pma_insts[4].sv_tx_pma_ch_inst|tx_pma_ch.tx_cgb|pclkout[1]'
Slack : 4.000
TNS   : 0.000

Type  : Fast 900mV 85C Model Minimum Pulse Width 'sfp0|sfpp_phy_inst|S5|transceiver_core|gen.sv_xcvr_native_insts[0].gen_bonded_group.sv_xcvr_native_inst|inst_sv_xcvr_avmm|avmm_interface_insts[0].stratixv_hssi_avmm_interface_inst|pmatestbussel[0]'
Slack : 4.182
TNS   : 0.000

Type  : Fast 900mV 85C Model Minimum Pulse Width 'sv_reconfig_pma_testbus_clk_0'
Slack : 4.363
TNS   : 0.000

Type  : Fast 900mV 85C Model Minimum Pulse Width 'pci_pi_refclk0'
Slack : 4.388
TNS   : 0.000

Type  : Fast 900mV 85C Model Minimum Pulse Width 'sv_reconfig_pma_testbus_clk_1'
Slack : 4.521
TNS   : 0.000

Type  : Fast 900mV 85C Model Minimum Pulse Width 'pcihip0|p|hip|altpcie_hip_256_pipen1b|g_xcvr.sv_xcvr_pipe_native|inst_sv_xcvr_native|inst_sv_xcvr_avmm|avmm_interface_insts[0].stratixv_hssi_avmm_interface_inst|pmatestbussel[0]'
Slack : 5.000
TNS   : 0.000

Type  : Fast 900mV 85C Model Minimum Pulse Width 'pcihip0|p|hip|altpcie_hip_256_pipen1b|g_xcvr.sv_xcvr_pipe_native|inst_sv_xcvr_native|inst_sv_xcvr_avmm|avmm_interface_insts[3].stratixv_hssi_avmm_interface_inst|pmatestbussel[0]'
Slack : 5.000
TNS   : 0.000

Type  : Fast 900mV 85C Model Minimum Pulse Width 'pcihip0|p|hip|altpcie_hip_256_pipen1b|g_xcvr.sv_xcvr_pipe_native|inst_sv_xcvr_native|inst_sv_xcvr_avmm|avmm_interface_insts[6].stratixv_hssi_avmm_interface_inst|pmatestbussel[0]'
Slack : 5.000
TNS   : 0.000

Type  : Fast 900mV 85C Model Minimum Pulse Width 'pcihip0|p|hip|altpcie_hip_256_pipen1b|g_xcvr.sv_xcvr_pipe_native|sv_xcvr_tx_plls_inst|pll[0].pll.cmu_pll.pll_mux.pll_refclk_select_mux|clkout'
Slack : 5.000
TNS   : 0.000

Type  : Fast 900mV 85C Model Minimum Pulse Width 'pcihip0|p|hip|altpcie_hip_256_pipen1b|g_xcvr.sv_xcvr_pipe_native|inst_sv_xcvr_native|inst_sv_pma|tx_pma.sv_tx_pma_inst|tx_pma_insts[4].sv_tx_pma_ch_inst|tx_pma_ch.tx_cgb|pclkout[2]'
Slack : 8.000
TNS   : 0.000

Type  : Fast 900mV 85C Model Minimum Pulse Width 'altera_reserved_tck'
Slack : 15.899
TNS   : 0.000

Type  : Fast 900mV 0C Model Setup 'pcihip0|p|hip|altpcie_hip_256_pipen1b|stratixv_hssi_gen3_pcie_hip|coreclkout'
Slack : 1.411
TNS   : 0.000

Type  : Fast 900mV 0C Model Setup 'pci_pi_refclk0'
Slack : 3.226
TNS   : 0.000

Type  : Fast 900mV 0C Model Setup 'n/a'
Slack : 4.435
TNS   : 0.000

Type  : Fast 900mV 0C Model Setup 'sfp0|sfpp_phy_inst|S5|transceiver_core|gen.sv_xcvr_native_insts[0].gen_bonded_group.sv_xcvr_native_inst|inst_sv_xcvr_avmm|avmm_interface_insts[0].stratixv_hssi_avmm_interface_inst|pmatestbussel[0]'
Slack : 4.923
TNS   : 0.000

Type  : Fast 900mV 0C Model Setup 'sv_reconfig_pma_testbus_clk_1'
Slack : 8.709
TNS   : 0.000

Type  : Fast 900mV 0C Model Setup 'sv_reconfig_pma_testbus_clk_0'
Slack : 8.850
TNS   : 0.000

Type  : Fast 900mV 0C Model Setup 'altera_reserved_tck'
Slack : 14.285
TNS   : 0.000

Type  : Fast 900mV 0C Model Hold 'altera_reserved_tck'
Slack : 0.020
TNS   : 0.000

Type  : Fast 900mV 0C Model Hold 'pcihip0|p|hip|altpcie_hip_256_pipen1b|stratixv_hssi_gen3_pcie_hip|coreclkout'
Slack : 0.119
TNS   : 0.000

Type  : Fast 900mV 0C Model Hold 'pci_pi_refclk0'
Slack : 0.144
TNS   : 0.000

Type  : Fast 900mV 0C Model Hold 'sfp0|sfpp_phy_inst|S5|transceiver_core|gen.sv_xcvr_native_insts[0].gen_bonded_group.sv_xcvr_native_inst|inst_sv_xcvr_avmm|avmm_interface_insts[0].stratixv_hssi_avmm_interface_inst|pmatestbussel[0]'
Slack : 0.340
TNS   : 0.000

Type  : Fast 900mV 0C Model Hold 'sv_reconfig_pma_testbus_clk_0'
Slack : 0.435
TNS   : 0.000

Type  : Fast 900mV 0C Model Hold 'sv_reconfig_pma_testbus_clk_1'
Slack : 0.593
TNS   : 0.000

Type  : Fast 900mV 0C Model Hold 'n/a'
Slack : 12.403
TNS   : 0.000

Type  : Fast 900mV 0C Model Recovery 'pcihip0|p|hip|altpcie_hip_256_pipen1b|stratixv_hssi_gen3_pcie_hip|coreclkout'
Slack : 1.469
TNS   : 0.000

Type  : Fast 900mV 0C Model Recovery 'sfp0|sfpp_phy_inst|S5|transceiver_core|gen.sv_xcvr_native_insts[0].gen_bonded_group.sv_xcvr_native_inst|inst_sv_xcvr_avmm|avmm_interface_insts[0].stratixv_hssi_avmm_interface_inst|pmatestbussel[0]'
Slack : 6.334
TNS   : 0.000

Type  : Fast 900mV 0C Model Recovery 'pci_pi_refclk0'
Slack : 7.359
TNS   : 0.000

Type  : Fast 900mV 0C Model Recovery 'sv_reconfig_pma_testbus_clk_0'
Slack : 7.923
TNS   : 0.000

Type  : Fast 900mV 0C Model Recovery 'altera_reserved_tck'
Slack : 31.833
TNS   : 0.000

Type  : Fast 900mV 0C Model Removal 'pcihip0|p|hip|altpcie_hip_256_pipen1b|stratixv_hssi_gen3_pcie_hip|coreclkout'
Slack : 0.170
TNS   : 0.000

Type  : Fast 900mV 0C Model Removal 'pci_pi_refclk0'
Slack : 0.226
TNS   : 0.000

Type  : Fast 900mV 0C Model Removal 'altera_reserved_tck'
Slack : 0.259
TNS   : 0.000

Type  : Fast 900mV 0C Model Removal 'sfp0|sfpp_phy_inst|S5|transceiver_core|gen.sv_xcvr_native_insts[0].gen_bonded_group.sv_xcvr_native_inst|inst_sv_xcvr_avmm|avmm_interface_insts[0].stratixv_hssi_avmm_interface_inst|pmatestbussel[0]'
Slack : 0.709
TNS   : 0.000

Type  : Fast 900mV 0C Model Removal 'sv_reconfig_pma_testbus_clk_0'
Slack : 1.203
TNS   : 0.000

Type  : Fast 900mV 0C Model Minimum Pulse Width 'sfp0|sfpp_phy_inst|S5|transceiver_core|gen.sv_xcvr_native_insts[0].gen_bonded_group.sv_xcvr_native_inst|inst_sv_pma|rx_pma.sv_rx_pma_inst|rx_pmas[0].rx_pma.rx_cdr|clk90bdes'
Slack : 0.117
TNS   : 0.000

Type  : Fast 900mV 0C Model Minimum Pulse Width 'sfp0|sfpp_phy_inst|S5|transceiver_core|gen.sv_xcvr_native_insts[0].gen_tx_plls.gen_tx_plls.tx_plls|pll[0].pll.atx_pll.tx_pll|clk010g'
Slack : 0.117
TNS   : 0.000

Type  : Fast 900mV 0C Model Minimum Pulse Width 'sfp1|sfpp_phy_inst|S5|transceiver_core|gen.sv_xcvr_native_insts[0].gen_bonded_group.sv_xcvr_native_inst|inst_sv_pma|rx_pma.sv_rx_pma_inst|rx_pmas[0].rx_pma.rx_cdr|clk90bdes'
Slack : 0.117
TNS   : 0.000

Type  : Fast 900mV 0C Model Minimum Pulse Width 'pcihip0|p|hip|altpcie_hip_256_pipen1b|g_xcvr.sv_xcvr_pipe_native|sv_xcvr_tx_plls_inst|pll[0].pll.cmu_pll.tx_pll|clkcdr'
Slack : 0.192
TNS   : 0.000

Type  : Fast 900mV 0C Model Minimum Pulse Width 'pcihip0|p|hip|altpcie_hip_256_pipen1b|g_xcvr.sv_xcvr_pipe_native|inst_sv_xcvr_native|inst_sv_pma|rx_pma.sv_rx_pma_inst|rx_pmas[0].rx_pma.rx_cdr|clk90bdes'
Slack : 0.200
TNS   : 0.000

Type  : Fast 900mV 0C Model Minimum Pulse Width 'pcihip0|p|hip|altpcie_hip_256_pipen1b|g_xcvr.sv_xcvr_pipe_native|inst_sv_xcvr_native|inst_sv_pma|rx_pma.sv_rx_pma_inst|rx_pmas[1].rx_pma.rx_cdr|clk90bdes'
Slack : 0.200
TNS   : 0.000

Type  : Fast 900mV 0C Model Minimum Pulse Width 'pcihip0|p|hip|altpcie_hip_256_pipen1b|g_xcvr.sv_xcvr_pipe_native|inst_sv_xcvr_native|inst_sv_pma|rx_pma.sv_rx_pma_inst|rx_pmas[2].rx_pma.rx_cdr|clk90bdes'
Slack : 0.200
TNS   : 0.000

Type  : Fast 900mV 0C Model Minimum Pulse Width 'pcihip0|p|hip|altpcie_hip_256_pipen1b|g_xcvr.sv_xcvr_pipe_native|inst_sv_xcvr_native|inst_sv_pma|rx_pma.sv_rx_pma_inst|rx_pmas[3].rx_pma.rx_cdr|clk90bdes'
Slack : 0.200
TNS   : 0.000

Type  : Fast 900mV 0C Model Minimum Pulse Width 'pcihip0|p|hip|altpcie_hip_256_pipen1b|g_xcvr.sv_xcvr_pipe_native|inst_sv_xcvr_native|inst_sv_pma|rx_pma.sv_rx_pma_inst|rx_pmas[5].rx_pma.rx_cdr|clk90bdes'
Slack : 0.200
TNS   : 0.000

Type  : Fast 900mV 0C Model Minimum Pulse Width 'pcihip0|p|hip|altpcie_hip_256_pipen1b|g_xcvr.sv_xcvr_pipe_native|inst_sv_xcvr_native|inst_sv_pma|rx_pma.sv_rx_pma_inst|rx_pmas[6].rx_pma.rx_cdr|clk90bdes'
Slack : 0.200
TNS   : 0.000

Type  : Fast 900mV 0C Model Minimum Pulse Width 'pcihip0|p|hip|altpcie_hip_256_pipen1b|g_xcvr.sv_xcvr_pipe_native|inst_sv_xcvr_native|inst_sv_pma|rx_pma.sv_rx_pma_inst|rx_pmas[7].rx_pma.rx_cdr|clk90bdes'
Slack : 0.200
TNS   : 0.000

Type  : Fast 900mV 0C Model Minimum Pulse Width 'pcihip0|p|hip|altpcie_hip_256_pipen1b|g_xcvr.sv_xcvr_pipe_native|inst_sv_xcvr_native|inst_sv_pma|rx_pma.sv_rx_pma_inst|rx_pmas[8].rx_pma.rx_cdr|clk90bdes'
Slack : 0.200
TNS   : 0.000

Type  : Fast 900mV 0C Model Minimum Pulse Width 'i_refclk_sfp'
Slack : 0.938
TNS   : 0.000

Type  : Fast 900mV 0C Model Minimum Pulse Width 'pcihip0|p|hip|altpcie_hip_256_pipen1b|g_xcvr.sv_xcvr_pipe_native|inst_sv_xcvr_native|inst_sv_pma|rx_pma.sv_rx_pma_inst|rx_pmas[0].rx_pma.rx_pma_deser|clk90b'
Slack : 0.949
TNS   : 0.000

Type  : Fast 900mV 0C Model Minimum Pulse Width 'pcihip0|p|hip|altpcie_hip_256_pipen1b|g_xcvr.sv_xcvr_pipe_native|inst_sv_xcvr_native|inst_sv_pma|rx_pma.sv_rx_pma_inst|rx_pmas[1].rx_pma.rx_pma_deser|clk90b'
Slack : 0.949
TNS   : 0.000

Type  : Fast 900mV 0C Model Minimum Pulse Width 'pcihip0|p|hip|altpcie_hip_256_pipen1b|g_xcvr.sv_xcvr_pipe_native|inst_sv_xcvr_native|inst_sv_pma|rx_pma.sv_rx_pma_inst|rx_pmas[2].rx_pma.rx_pma_deser|clk90b'
Slack : 0.949
TNS   : 0.000

Type  : Fast 900mV 0C Model Minimum Pulse Width 'pcihip0|p|hip|altpcie_hip_256_pipen1b|g_xcvr.sv_xcvr_pipe_native|inst_sv_xcvr_native|inst_sv_pma|rx_pma.sv_rx_pma_inst|rx_pmas[3].rx_pma.rx_pma_deser|clk90b'
Slack : 0.949
TNS   : 0.000

Type  : Fast 900mV 0C Model Minimum Pulse Width 'pcihip0|p|hip|altpcie_hip_256_pipen1b|g_xcvr.sv_xcvr_pipe_native|inst_sv_xcvr_native|inst_sv_pma|rx_pma.sv_rx_pma_inst|rx_pmas[5].rx_pma.rx_pma_deser|clk90b'
Slack : 0.949
TNS   : 0.000

Type  : Fast 900mV 0C Model Minimum Pulse Width 'pcihip0|p|hip|altpcie_hip_256_pipen1b|g_xcvr.sv_xcvr_pipe_native|inst_sv_xcvr_native|inst_sv_pma|rx_pma.sv_rx_pma_inst|rx_pmas[6].rx_pma.rx_pma_deser|clk90b'
Slack : 0.949
TNS   : 0.000

Type  : Fast 900mV 0C Model Minimum Pulse Width 'pcihip0|p|hip|altpcie_hip_256_pipen1b|g_xcvr.sv_xcvr_pipe_native|inst_sv_xcvr_native|inst_sv_pma|rx_pma.sv_rx_pma_inst|rx_pmas[7].rx_pma.rx_pma_deser|clk90b'
Slack : 0.949
TNS   : 0.000

Type  : Fast 900mV 0C Model Minimum Pulse Width 'pcihip0|p|hip|altpcie_hip_256_pipen1b|g_xcvr.sv_xcvr_pipe_native|inst_sv_xcvr_native|inst_sv_pma|rx_pma.sv_rx_pma_inst|rx_pmas[8].rx_pma.rx_pma_deser|clk90b'
Slack : 0.949
TNS   : 0.000

Type  : Fast 900mV 0C Model Minimum Pulse Width 'pcihip0|p|hip|altpcie_hip_256_pipen1b|g_xcvr.sv_xcvr_pipe_native|inst_sv_xcvr_native|inst_sv_pma|tx_pma.sv_tx_pma_inst|tx_pma_insts[0].sv_tx_pma_ch_inst|tx_pma_ch.tx_cgb|lfclkp'
Slack : 0.986
TNS   : 0.000

Type  : Fast 900mV 0C Model Minimum Pulse Width 'pcihip0|p|hip|altpcie_hip_256_pipen1b|g_xcvr.sv_xcvr_pipe_native|inst_sv_xcvr_native|inst_sv_pma|tx_pma.sv_tx_pma_inst|tx_pma_insts[1].sv_tx_pma_ch_inst|tx_pma_ch.tx_cgb|lfclkp'
Slack : 0.986
TNS   : 0.000

Type  : Fast 900mV 0C Model Minimum Pulse Width 'pcihip0|p|hip|altpcie_hip_256_pipen1b|g_xcvr.sv_xcvr_pipe_native|inst_sv_xcvr_native|inst_sv_pma|tx_pma.sv_tx_pma_inst|tx_pma_insts[2].sv_tx_pma_ch_inst|tx_pma_ch.tx_cgb|lfclkp'
Slack : 0.986
TNS   : 0.000

Type  : Fast 900mV 0C Model Minimum Pulse Width 'pcihip0|p|hip|altpcie_hip_256_pipen1b|g_xcvr.sv_xcvr_pipe_native|inst_sv_xcvr_native|inst_sv_pma|tx_pma.sv_tx_pma_inst|tx_pma_insts[3].sv_tx_pma_ch_inst|tx_pma_ch.tx_cgb|lfclkp'
Slack : 0.986
TNS   : 0.000

Type  : Fast 900mV 0C Model Minimum Pulse Width 'pcihip0|p|hip|altpcie_hip_256_pipen1b|g_xcvr.sv_xcvr_pipe_native|inst_sv_xcvr_native|inst_sv_pma|tx_pma.sv_tx_pma_inst|tx_pma_insts[4].sv_tx_pma_ch_inst|tx_pma_ch.tx_cgb|lfclkp'
Slack : 0.986
TNS   : 0.000

Type  : Fast 900mV 0C Model Minimum Pulse Width 'pcihip0|p|hip|altpcie_hip_256_pipen1b|g_xcvr.sv_xcvr_pipe_native|inst_sv_xcvr_native|inst_sv_pma|tx_pma.sv_tx_pma_inst|tx_pma_insts[5].sv_tx_pma_ch_inst|tx_pma_ch.tx_cgb|lfclkp'
Slack : 0.986
TNS   : 0.000

Type  : Fast 900mV 0C Model Minimum Pulse Width 'pcihip0|p|hip|altpcie_hip_256_pipen1b|g_xcvr.sv_xcvr_pipe_native|inst_sv_xcvr_native|inst_sv_pma|tx_pma.sv_tx_pma_inst|tx_pma_insts[6].sv_tx_pma_ch_inst|tx_pma_ch.tx_cgb|lfclkp'
Slack : 0.986
TNS   : 0.000

Type  : Fast 900mV 0C Model Minimum Pulse Width 'pcihip0|p|hip|altpcie_hip_256_pipen1b|g_xcvr.sv_xcvr_pipe_native|inst_sv_xcvr_native|inst_sv_pma|tx_pma.sv_tx_pma_inst|tx_pma_insts[7].sv_tx_pma_ch_inst|tx_pma_ch.tx_cgb|lfclkp'
Slack : 0.986
TNS   : 0.000

Type  : Fast 900mV 0C Model Minimum Pulse Width 'pcihip0|p|hip|altpcie_hip_256_pipen1b|g_xcvr.sv_xcvr_pipe_native|inst_sv_xcvr_native|inst_sv_pma|tx_pma.sv_tx_pma_inst|tx_pma_insts[8].sv_tx_pma_ch_inst|tx_pma_ch.tx_cgb|lfclkp'
Slack : 0.986
TNS   : 0.000

Type  : Fast 900mV 0C Model Minimum Pulse Width 'pcihip0|p|hip|altpcie_hip_256_pipen1b|g_xcvr.sv_xcvr_pipe_native|inst_sv_xcvr_native|inst_sv_pma|tx_pma.sv_tx_pma_inst|tx_pma_insts[4].sv_tx_pma_ch_inst|tx_pma_ch.tx_cgb|cpulseout'
Slack : 0.992
TNS   : 0.000

Type  : Fast 900mV 0C Model Minimum Pulse Width 'pcihip0|p|hip|altpcie_hip_256_pipen1b|g_xcvr.sv_xcvr_pipe_native|inst_sv_xcvr_native|inst_sv_pma|tx_pma.sv_tx_pma_inst|tx_pma_insts[4].sv_tx_pma_ch_inst|tx_pma_ch.tx_cgb|lfclkpout'
Slack : 1.000
TNS   : 0.000

Type  : Fast 900mV 0C Model Minimum Pulse Width 'sfp0|sfpp_phy_inst|S5|transceiver_core|gen.sv_xcvr_native_insts[0].gen_bonded_group.sv_xcvr_native_inst|inst_sv_pma|rx_pma.sv_rx_pma_inst|rx_pmas[0].rx_pma.rx_pma_deser|clk90b'
Slack : 1.124
TNS   : 0.000

Type  : Fast 900mV 0C Model Minimum Pulse Width 'sfp1|sfpp_phy_inst|S5|transceiver_core|gen.sv_xcvr_native_insts[0].gen_bonded_group.sv_xcvr_native_inst|inst_sv_pma|rx_pma.sv_rx_pma_inst|rx_pmas[0].rx_pma.rx_pma_deser|clk90b'
Slack : 1.124
TNS   : 0.000

Type  : Fast 900mV 0C Model Minimum Pulse Width 'pcihip0|p|hip|altpcie_hip_256_pipen1b|stratixv_hssi_gen3_pcie_hip|coreclkout'
Slack : 1.161
TNS   : 0.000

Type  : Fast 900mV 0C Model Minimum Pulse Width 'sfp0|sfpp_phy_inst|S5|transceiver_core|gen.sv_xcvr_native_insts[0].gen_bonded_group.sv_xcvr_native_inst|inst_sv_pma|tx_pma.sv_tx_pma_inst|tx_pma_insts[0].sv_tx_pma_ch_inst|tx_pma_ch.tx_cgb|pclk[0]'
Slack : 1.161
TNS   : 0.000

Type  : Fast 900mV 0C Model Minimum Pulse Width 'sfp1|sfpp_phy_inst|S5|transceiver_core|gen.sv_xcvr_native_insts[0].gen_bonded_group.sv_xcvr_native_inst|inst_sv_pma|tx_pma.sv_tx_pma_inst|tx_pma_insts[0].sv_tx_pma_ch_inst|tx_pma_ch.tx_cgb|pclk[0]'
Slack : 1.161
TNS   : 0.000

Type  : Fast 900mV 0C Model Minimum Pulse Width 'pcihip0|p|hip|altpcie_hip_256_pipen1b|g_xcvr.sv_xcvr_pipe_native|inst_sv_xcvr_native|inst_sv_pma|tx_pma.sv_tx_pma_inst|tx_pma_insts[4].sv_tx_pma_ch_inst|tx_pma_ch.tx_cgb|pclkout[0]'
Slack : 2.000
TNS   : 0.000

Type  : Fast 900mV 0C Model Minimum Pulse Width 'pcihip0|p|hip|altpcie_hip_256_pipen1b|stratixv_hssi_gen3_pcie_hip|observablecoreclkdiv'
Slack : 2.000
TNS   : 0.000

Type  : Fast 900mV 0C Model Minimum Pulse Width 'sfp1|sfpp_phy_inst|S5|transceiver_core|gen.sv_xcvr_native_insts[0].gen_bonded_group.sv_xcvr_native_inst|inst_sv_pcs|ch[0].inst_sv_pcs_ch|inst_sv_hssi_8g_rx_pcs|wys|clocktopld'
Slack : 2.288
TNS   : 0.000

Type  : Fast 900mV 0C Model Minimum Pulse Width 'sfp0|sfpp_phy_inst|S5|transceiver_core|gen.sv_xcvr_native_insts[0].gen_bonded_group.sv_xcvr_native_inst|inst_sv_pcs|ch[0].inst_sv_pcs_ch|inst_sv_hssi_8g_rx_pcs|wys|clocktopld'
Slack : 2.291
TNS   : 0.000

Type  : Fast 900mV 0C Model Minimum Pulse Width 'sfp0|sfpp_phy_inst|S5|transceiver_core|gen.sv_xcvr_native_insts[0].gen_bonded_group.sv_xcvr_native_inst|inst_sv_pcs|ch[0].inst_sv_pcs_ch|inst_sv_hssi_8g_rx_pcs|wys|observablebyteserdesclock'
Slack : 2.319
TNS   : 0.000

Type  : Fast 900mV 0C Model Minimum Pulse Width 'sfp1|sfpp_phy_inst|S5|transceiver_core|gen.sv_xcvr_native_insts[0].gen_bonded_group.sv_xcvr_native_inst|inst_sv_pcs|ch[0].inst_sv_pcs_ch|inst_sv_hssi_8g_rx_pcs|wys|observablebyteserdesclock'
Slack : 2.319
TNS   : 0.000

Type  : Fast 900mV 0C Model Minimum Pulse Width 'sfp0|sfpp_phy_inst|S5|transceiver_core|gen.sv_xcvr_native_insts[0].gen_bonded_group.sv_xcvr_native_inst|inst_sv_pcs|ch[0].inst_sv_pcs_ch|inst_sv_hssi_8g_tx_pcs|wys|observablebyteserdesclock'
Slack : 2.352
TNS   : 0.000

Type  : Fast 900mV 0C Model Minimum Pulse Width 'sfp1|sfpp_phy_inst|S5|transceiver_core|gen.sv_xcvr_native_insts[0].gen_bonded_group.sv_xcvr_native_inst|inst_sv_pcs|ch[0].inst_sv_pcs_ch|inst_sv_hssi_8g_tx_pcs|wys|observablebyteserdesclock'
Slack : 2.352
TNS   : 0.000

Type  : Fast 900mV 0C Model Minimum Pulse Width 'pcihip0|p|hip|altpcie_hip_256_pipen1b|g_xcvr.sv_xcvr_pipe_native|inst_sv_xcvr_native|inst_sv_pcs|ch[0].inst_sv_pcs_ch|inst_sv_hssi_8g_rx_pcs|wys|observablebyteserdesclock'
Slack : 3.970
TNS   : 0.000

Type  : Fast 900mV 0C Model Minimum Pulse Width 'pcihip0|p|hip|altpcie_hip_256_pipen1b|g_xcvr.sv_xcvr_pipe_native|inst_sv_xcvr_native|inst_sv_pcs|ch[1].inst_sv_pcs_ch|inst_sv_hssi_8g_rx_pcs|wys|observablebyteserdesclock'
Slack : 3.970
TNS   : 0.000

Type  : Fast 900mV 0C Model Minimum Pulse Width 'pcihip0|p|hip|altpcie_hip_256_pipen1b|g_xcvr.sv_xcvr_pipe_native|inst_sv_xcvr_native|inst_sv_pcs|ch[2].inst_sv_pcs_ch|inst_sv_hssi_8g_rx_pcs|wys|observablebyteserdesclock'
Slack : 3.970
TNS   : 0.000

Type  : Fast 900mV 0C Model Minimum Pulse Width 'pcihip0|p|hip|altpcie_hip_256_pipen1b|g_xcvr.sv_xcvr_pipe_native|inst_sv_xcvr_native|inst_sv_pcs|ch[3].inst_sv_pcs_ch|inst_sv_hssi_8g_rx_pcs|wys|observablebyteserdesclock'
Slack : 3.970
TNS   : 0.000

Type  : Fast 900mV 0C Model Minimum Pulse Width 'pcihip0|p|hip|altpcie_hip_256_pipen1b|g_xcvr.sv_xcvr_pipe_native|inst_sv_xcvr_native|inst_sv_pcs|ch[5].inst_sv_pcs_ch|inst_sv_hssi_8g_rx_pcs|wys|observablebyteserdesclock'
Slack : 3.970
TNS   : 0.000

Type  : Fast 900mV 0C Model Minimum Pulse Width 'pcihip0|p|hip|altpcie_hip_256_pipen1b|g_xcvr.sv_xcvr_pipe_native|inst_sv_xcvr_native|inst_sv_pcs|ch[6].inst_sv_pcs_ch|inst_sv_hssi_8g_rx_pcs|wys|observablebyteserdesclock'
Slack : 3.970
TNS   : 0.000

Type  : Fast 900mV 0C Model Minimum Pulse Width 'pcihip0|p|hip|altpcie_hip_256_pipen1b|g_xcvr.sv_xcvr_pipe_native|inst_sv_xcvr_native|inst_sv_pcs|ch[7].inst_sv_pcs_ch|inst_sv_hssi_8g_rx_pcs|wys|observablebyteserdesclock'
Slack : 3.970
TNS   : 0.000

Type  : Fast 900mV 0C Model Minimum Pulse Width 'pcihip0|p|hip|altpcie_hip_256_pipen1b|g_xcvr.sv_xcvr_pipe_native|inst_sv_xcvr_native|inst_sv_pcs|ch[8].inst_sv_pcs_ch|inst_sv_hssi_8g_rx_pcs|wys|observablebyteserdesclock'
Slack : 3.970
TNS   : 0.000

Type  : Fast 900mV 0C Model Minimum Pulse Width 'pcihip0|p|hip|altpcie_hip_256_pipen1b|g_xcvr.sv_xcvr_pipe_native|inst_sv_xcvr_native|inst_sv_pcs|ch[0].inst_sv_pcs_ch|inst_sv_hssi_8g_tx_pcs|wys|observablebyteserdesclock'
Slack : 4.000
TNS   : 0.000

Type  : Fast 900mV 0C Model Minimum Pulse Width 'pcihip0|p|hip|altpcie_hip_256_pipen1b|g_xcvr.sv_xcvr_pipe_native|inst_sv_xcvr_native|inst_sv_pcs|ch[1].inst_sv_pcs_ch|inst_sv_hssi_8g_tx_pcs|wys|observablebyteserdesclock'
Slack : 4.000
TNS   : 0.000

Type  : Fast 900mV 0C Model Minimum Pulse Width 'pcihip0|p|hip|altpcie_hip_256_pipen1b|g_xcvr.sv_xcvr_pipe_native|inst_sv_xcvr_native|inst_sv_pcs|ch[2].inst_sv_pcs_ch|inst_sv_hssi_8g_tx_pcs|wys|observablebyteserdesclock'
Slack : 4.000
TNS   : 0.000

Type  : Fast 900mV 0C Model Minimum Pulse Width 'pcihip0|p|hip|altpcie_hip_256_pipen1b|g_xcvr.sv_xcvr_pipe_native|inst_sv_xcvr_native|inst_sv_pcs|ch[3].inst_sv_pcs_ch|inst_sv_hssi_8g_tx_pcs|wys|observablebyteserdesclock'
Slack : 4.000
TNS   : 0.000

Type  : Fast 900mV 0C Model Minimum Pulse Width 'pcihip0|p|hip|altpcie_hip_256_pipen1b|g_xcvr.sv_xcvr_pipe_native|inst_sv_xcvr_native|inst_sv_pcs|ch[4].inst_sv_pcs_ch|inst_sv_hssi_8g_tx_pcs|wys|observablebyteserdesclock'
Slack : 4.000
TNS   : 0.000

Type  : Fast 900mV 0C Model Minimum Pulse Width 'pcihip0|p|hip|altpcie_hip_256_pipen1b|g_xcvr.sv_xcvr_pipe_native|inst_sv_xcvr_native|inst_sv_pcs|ch[5].inst_sv_pcs_ch|inst_sv_hssi_8g_tx_pcs|wys|observablebyteserdesclock'
Slack : 4.000
TNS   : 0.000

Type  : Fast 900mV 0C Model Minimum Pulse Width 'pcihip0|p|hip|altpcie_hip_256_pipen1b|g_xcvr.sv_xcvr_pipe_native|inst_sv_xcvr_native|inst_sv_pcs|ch[6].inst_sv_pcs_ch|inst_sv_hssi_8g_tx_pcs|wys|observablebyteserdesclock'
Slack : 4.000
TNS   : 0.000

Type  : Fast 900mV 0C Model Minimum Pulse Width 'pcihip0|p|hip|altpcie_hip_256_pipen1b|g_xcvr.sv_xcvr_pipe_native|inst_sv_xcvr_native|inst_sv_pcs|ch[7].inst_sv_pcs_ch|inst_sv_hssi_8g_tx_pcs|wys|observablebyteserdesclock'
Slack : 4.000
TNS   : 0.000

Type  : Fast 900mV 0C Model Minimum Pulse Width 'pcihip0|p|hip|altpcie_hip_256_pipen1b|g_xcvr.sv_xcvr_pipe_native|inst_sv_xcvr_native|inst_sv_pcs|ch[8].inst_sv_pcs_ch|inst_sv_hssi_8g_tx_pcs|wys|observablebyteserdesclock'
Slack : 4.000
TNS   : 0.000

Type  : Fast 900mV 0C Model Minimum Pulse Width 'pcihip0|p|hip|altpcie_hip_256_pipen1b|g_xcvr.sv_xcvr_pipe_native|inst_sv_xcvr_native|inst_sv_pma|tx_pma.sv_tx_pma_inst|tx_pma_insts[4].sv_tx_pma_ch_inst|tx_pma_ch.tx_cgb|pclkout[1]'
Slack : 4.000
TNS   : 0.000

Type  : Fast 900mV 0C Model Minimum Pulse Width 'sfp0|sfpp_phy_inst|S5|transceiver_core|gen.sv_xcvr_native_insts[0].gen_bonded_group.sv_xcvr_native_inst|inst_sv_xcvr_avmm|avmm_interface_insts[0].stratixv_hssi_avmm_interface_inst|pmatestbussel[0]'
Slack : 4.157
TNS   : 0.000

Type  : Fast 900mV 0C Model Minimum Pulse Width 'sv_reconfig_pma_testbus_clk_0'
Slack : 4.357
TNS   : 0.000

Type  : Fast 900mV 0C Model Minimum Pulse Width 'pci_pi_refclk0'
Slack : 4.408
TNS   : 0.000

Type  : Fast 900mV 0C Model Minimum Pulse Width 'sv_reconfig_pma_testbus_clk_1'
Slack : 4.547
TNS   : 0.000

Type  : Fast 900mV 0C Model Minimum Pulse Width 'pcihip0|p|hip|altpcie_hip_256_pipen1b|g_xcvr.sv_xcvr_pipe_native|inst_sv_xcvr_native|inst_sv_xcvr_avmm|avmm_interface_insts[0].stratixv_hssi_avmm_interface_inst|pmatestbussel[0]'
Slack : 5.000
TNS   : 0.000

Type  : Fast 900mV 0C Model Minimum Pulse Width 'pcihip0|p|hip|altpcie_hip_256_pipen1b|g_xcvr.sv_xcvr_pipe_native|inst_sv_xcvr_native|inst_sv_xcvr_avmm|avmm_interface_insts[3].stratixv_hssi_avmm_interface_inst|pmatestbussel[0]'
Slack : 5.000
TNS   : 0.000

Type  : Fast 900mV 0C Model Minimum Pulse Width 'pcihip0|p|hip|altpcie_hip_256_pipen1b|g_xcvr.sv_xcvr_pipe_native|inst_sv_xcvr_native|inst_sv_xcvr_avmm|avmm_interface_insts[6].stratixv_hssi_avmm_interface_inst|pmatestbussel[0]'
Slack : 5.000
TNS   : 0.000

Type  : Fast 900mV 0C Model Minimum Pulse Width 'pcihip0|p|hip|altpcie_hip_256_pipen1b|g_xcvr.sv_xcvr_pipe_native|sv_xcvr_tx_plls_inst|pll[0].pll.cmu_pll.pll_mux.pll_refclk_select_mux|clkout'
Slack : 5.000
TNS   : 0.000

Type  : Fast 900mV 0C Model Minimum Pulse Width 'pcihip0|p|hip|altpcie_hip_256_pipen1b|g_xcvr.sv_xcvr_pipe_native|inst_sv_xcvr_native|inst_sv_pma|tx_pma.sv_tx_pma_inst|tx_pma_insts[4].sv_tx_pma_ch_inst|tx_pma_ch.tx_cgb|pclkout[2]'
Slack : 8.000
TNS   : 0.000

Type  : Fast 900mV 0C Model Minimum Pulse Width 'altera_reserved_tck'
Slack : 15.905
TNS   : 0.000

------------------------------------------------------------
