------------------------------------------------------------
Timing Analyzer Summary
------------------------------------------------------------

Type  : Slow 900mV 85C Model Setup 'pcihip0|p|hip|altpcie_hip_256_pipen1b|stratixv_hssi_gen3_pcie_hip|coreclkout'
Slack : 0.011
TNS   : 0.000

Type  : Slow 900mV 85C Model Setup 'n/a'
Slack : 1.652
TNS   : 0.000

Type  : Slow 900mV 85C Model Setup 'sfp0|sfpp_phy_inst|S5|transceiver_core|gen.sv_xcvr_native_insts[0].gen_bonded_group.sv_xcvr_native_inst|inst_sv_xcvr_avmm|avmm_interface_insts[0].stratixv_hssi_avmm_interface_inst|pmatestbussel[0]'
Slack : 1.753
TNS   : 0.000

Type  : Slow 900mV 85C Model Setup 'pci_pi_refclk0'
Slack : 1.810
TNS   : 0.000

Type  : Slow 900mV 85C Model Setup 'sv_reconfig_pma_testbus_clk_0'
Slack : 7.728
TNS   : 0.000

Type  : Slow 900mV 85C Model Setup 'sv_reconfig_pma_testbus_clk_1'
Slack : 8.236
TNS   : 0.000

Type  : Slow 900mV 85C Model Setup 'altera_reserved_tck'
Slack : 12.616
TNS   : 0.000

Type  : Slow 900mV 85C Model Hold 'altera_reserved_tck'
Slack : 0.063
TNS   : 0.000

Type  : Slow 900mV 85C Model Hold 'pcihip0|p|hip|altpcie_hip_256_pipen1b|stratixv_hssi_gen3_pcie_hip|coreclkout'
Slack : 0.105
TNS   : 0.000

Type  : Slow 900mV 85C Model Hold 'pci_pi_refclk0'
Slack : 0.128
TNS   : 0.000

Type  : Slow 900mV 85C Model Hold 'sfp0|sfpp_phy_inst|S5|transceiver_core|gen.sv_xcvr_native_insts[0].gen_bonded_group.sv_xcvr_native_inst|inst_sv_xcvr_avmm|avmm_interface_insts[0].stratixv_hssi_avmm_interface_inst|pmatestbussel[0]'
Slack : 0.577
TNS   : 0.000

Type  : Slow 900mV 85C Model Hold 'sv_reconfig_pma_testbus_clk_1'
Slack : 0.719
TNS   : 0.000

Type  : Slow 900mV 85C Model Hold 'sv_reconfig_pma_testbus_clk_0'
Slack : 0.738
TNS   : 0.000

Type  : Slow 900mV 85C Model Hold 'n/a'
Slack : 13.196
TNS   : 0.000

Type  : Slow 900mV 85C Model Recovery 'pcihip0|p|hip|altpcie_hip_256_pipen1b|stratixv_hssi_gen3_pcie_hip|coreclkout'
Slack : 0.336
TNS   : 0.000

Type  : Slow 900mV 85C Model Recovery 'sfp0|sfpp_phy_inst|S5|transceiver_core|gen.sv_xcvr_native_insts[0].gen_bonded_group.sv_xcvr_native_inst|inst_sv_xcvr_avmm|avmm_interface_insts[0].stratixv_hssi_avmm_interface_inst|pmatestbussel[0]'
Slack : 3.896
TNS   : 0.000

Type  : Slow 900mV 85C Model Recovery 'pci_pi_refclk0'
Slack : 3.911
TNS   : 0.000

Type  : Slow 900mV 85C Model Recovery 'sv_reconfig_pma_testbus_clk_0'
Slack : 7.299
TNS   : 0.000

Type  : Slow 900mV 85C Model Recovery 'altera_reserved_tck'
Slack : 31.185
TNS   : 0.000

Type  : Slow 900mV 85C Model Removal 'pcihip0|p|hip|altpcie_hip_256_pipen1b|stratixv_hssi_gen3_pcie_hip|coreclkout'
Slack : 0.178
TNS   : 0.000

Type  : Slow 900mV 85C Model Removal 'pci_pi_refclk0'
Slack : 0.186
TNS   : 0.000

Type  : Slow 900mV 85C Model Removal 'altera_reserved_tck'
Slack : 0.625
TNS   : 0.000

Type  : Slow 900mV 85C Model Removal 'sfp0|sfpp_phy_inst|S5|transceiver_core|gen.sv_xcvr_native_insts[0].gen_bonded_group.sv_xcvr_native_inst|inst_sv_xcvr_avmm|avmm_interface_insts[0].stratixv_hssi_avmm_interface_inst|pmatestbussel[0]'
Slack : 0.859
TNS   : 0.000

Type  : Slow 900mV 85C Model Removal 'sv_reconfig_pma_testbus_clk_0'
Slack : 1.237
TNS   : 0.000

Type  : Slow 900mV 85C Model Minimum Pulse Width 'sfp0|sfpp_phy_inst|S5|transceiver_core|gen.sv_xcvr_native_insts[0].gen_bonded_group.sv_xcvr_native_inst|inst_sv_pma|rx_pma.sv_rx_pma_inst|rx_pmas[0].rx_pma.rx_cdr|clk90bdes'
Slack : 0.117
TNS   : 0.000

Type  : Slow 900mV 85C Model Minimum Pulse Width 'sfp0|sfpp_phy_inst|S5|transceiver_core|gen.sv_xcvr_native_insts[0].gen_tx_plls.gen_tx_plls.tx_plls|pll[0].pll.atx_pll.tx_pll|clk010g'
Slack : 0.117
TNS   : 0.000

Type  : Slow 900mV 85C Model Minimum Pulse Width 'sfp1|sfpp_phy_inst|S5|transceiver_core|gen.sv_xcvr_native_insts[0].gen_bonded_group.sv_xcvr_native_inst|inst_sv_pma|rx_pma.sv_rx_pma_inst|rx_pmas[0].rx_pma.rx_cdr|clk90bdes'
Slack : 0.117
TNS   : 0.000

Type  : Slow 900mV 85C Model Minimum Pulse Width 'pcihip0|p|hip|altpcie_hip_256_pipen1b|g_xcvr.sv_xcvr_pipe_native|sv_xcvr_tx_plls_inst|pll[0].pll.cmu_pll.tx_pll|clkcdr'
Slack : 0.178
TNS   : 0.000

Type  : Slow 900mV 85C Model Minimum Pulse Width 'pcihip0|p|hip|altpcie_hip_256_pipen1b|g_xcvr.sv_xcvr_pipe_native|inst_sv_xcvr_native|inst_sv_pma|rx_pma.sv_rx_pma_inst|rx_pmas[0].rx_pma.rx_cdr|clk90bdes'
Slack : 0.200
TNS   : 0.000

Type  : Slow 900mV 85C Model Minimum Pulse Width 'pcihip0|p|hip|altpcie_hip_256_pipen1b|g_xcvr.sv_xcvr_pipe_native|inst_sv_xcvr_native|inst_sv_pma|rx_pma.sv_rx_pma_inst|rx_pmas[1].rx_pma.rx_cdr|clk90bdes'
Slack : 0.200
TNS   : 0.000

Type  : Slow 900mV 85C Model Minimum Pulse Width 'pcihip0|p|hip|altpcie_hip_256_pipen1b|g_xcvr.sv_xcvr_pipe_native|inst_sv_xcvr_native|inst_sv_pma|rx_pma.sv_rx_pma_inst|rx_pmas[2].rx_pma.rx_cdr|clk90bdes'
Slack : 0.200
TNS   : 0.000

Type  : Slow 900mV 85C Model Minimum Pulse Width 'pcihip0|p|hip|altpcie_hip_256_pipen1b|g_xcvr.sv_xcvr_pipe_native|inst_sv_xcvr_native|inst_sv_pma|rx_pma.sv_rx_pma_inst|rx_pmas[3].rx_pma.rx_cdr|clk90bdes'
Slack : 0.200
TNS   : 0.000

Type  : Slow 900mV 85C Model Minimum Pulse Width 'pcihip0|p|hip|altpcie_hip_256_pipen1b|g_xcvr.sv_xcvr_pipe_native|inst_sv_xcvr_native|inst_sv_pma|rx_pma.sv_rx_pma_inst|rx_pmas[5].rx_pma.rx_cdr|clk90bdes'
Slack : 0.200
TNS   : 0.000

Type  : Slow 900mV 85C Model Minimum Pulse Width 'pcihip0|p|hip|altpcie_hip_256_pipen1b|g_xcvr.sv_xcvr_pipe_native|inst_sv_xcvr_native|inst_sv_pma|rx_pma.sv_rx_pma_inst|rx_pmas[6].rx_pma.rx_cdr|clk90bdes'
Slack : 0.200
TNS   : 0.000

Type  : Slow 900mV 85C Model Minimum Pulse Width 'pcihip0|p|hip|altpcie_hip_256_pipen1b|g_xcvr.sv_xcvr_pipe_native|inst_sv_xcvr_native|inst_sv_pma|rx_pma.sv_rx_pma_inst|rx_pmas[7].rx_pma.rx_cdr|clk90bdes'
Slack : 0.200
TNS   : 0.000

Type  : Slow 900mV 85C Model Minimum Pulse Width 'pcihip0|p|hip|altpcie_hip_256_pipen1b|g_xcvr.sv_xcvr_pipe_native|inst_sv_xcvr_native|inst_sv_pma|rx_pma.sv_rx_pma_inst|rx_pmas[8].rx_pma.rx_cdr|clk90bdes'
Slack : 0.200
TNS   : 0.000

Type  : Slow 900mV 85C Model Minimum Pulse Width 'pcihip0|p|hip|altpcie_hip_256_pipen1b|g_xcvr.sv_xcvr_pipe_native|inst_sv_xcvr_native|inst_sv_pma|rx_pma.sv_rx_pma_inst|rx_pmas[0].rx_pma.rx_pma_deser|clk90b'
Slack : 0.871
TNS   : 0.000

Type  : Slow 900mV 85C Model Minimum Pulse Width 'pcihip0|p|hip|altpcie_hip_256_pipen1b|g_xcvr.sv_xcvr_pipe_native|inst_sv_xcvr_native|inst_sv_pma|rx_pma.sv_rx_pma_inst|rx_pmas[1].rx_pma.rx_pma_deser|clk90b'
Slack : 0.871
TNS   : 0.000

Type  : Slow 900mV 85C Model Minimum Pulse Width 'pcihip0|p|hip|altpcie_hip_256_pipen1b|g_xcvr.sv_xcvr_pipe_native|inst_sv_xcvr_native|inst_sv_pma|rx_pma.sv_rx_pma_inst|rx_pmas[2].rx_pma.rx_pma_deser|clk90b'
Slack : 0.871
TNS   : 0.000

Type  : Slow 900mV 85C Model Minimum Pulse Width 'pcihip0|p|hip|altpcie_hip_256_pipen1b|g_xcvr.sv_xcvr_pipe_native|inst_sv_xcvr_native|inst_sv_pma|rx_pma.sv_rx_pma_inst|rx_pmas[3].rx_pma.rx_pma_deser|clk90b'
Slack : 0.871
TNS   : 0.000

Type  : Slow 900mV 85C Model Minimum Pulse Width 'pcihip0|p|hip|altpcie_hip_256_pipen1b|g_xcvr.sv_xcvr_pipe_native|inst_sv_xcvr_native|inst_sv_pma|rx_pma.sv_rx_pma_inst|rx_pmas[5].rx_pma.rx_pma_deser|clk90b'
Slack : 0.871
TNS   : 0.000

Type  : Slow 900mV 85C Model Minimum Pulse Width 'pcihip0|p|hip|altpcie_hip_256_pipen1b|g_xcvr.sv_xcvr_pipe_native|inst_sv_xcvr_native|inst_sv_pma|rx_pma.sv_rx_pma_inst|rx_pmas[6].rx_pma.rx_pma_deser|clk90b'
Slack : 0.871
TNS   : 0.000

Type  : Slow 900mV 85C Model Minimum Pulse Width 'pcihip0|p|hip|altpcie_hip_256_pipen1b|g_xcvr.sv_xcvr_pipe_native|inst_sv_xcvr_native|inst_sv_pma|rx_pma.sv_rx_pma_inst|rx_pmas[7].rx_pma.rx_pma_deser|clk90b'
Slack : 0.871
TNS   : 0.000

Type  : Slow 900mV 85C Model Minimum Pulse Width 'pcihip0|p|hip|altpcie_hip_256_pipen1b|g_xcvr.sv_xcvr_pipe_native|inst_sv_xcvr_native|inst_sv_pma|rx_pma.sv_rx_pma_inst|rx_pmas[8].rx_pma.rx_pma_deser|clk90b'
Slack : 0.871
TNS   : 0.000

Type  : Slow 900mV 85C Model Minimum Pulse Width 'i_refclk_sfp'
Slack : 0.940
TNS   : 0.000

Type  : Slow 900mV 85C Model Minimum Pulse Width 'pcihip0|p|hip|altpcie_hip_256_pipen1b|g_xcvr.sv_xcvr_pipe_native|inst_sv_xcvr_native|inst_sv_pma|tx_pma.sv_tx_pma_inst|tx_pma_insts[0].sv_tx_pma_ch_inst|tx_pma_ch.tx_cgb|lfclkp'
Slack : 0.954
TNS   : 0.000

Type  : Slow 900mV 85C Model Minimum Pulse Width 'pcihip0|p|hip|altpcie_hip_256_pipen1b|g_xcvr.sv_xcvr_pipe_native|inst_sv_xcvr_native|inst_sv_pma|tx_pma.sv_tx_pma_inst|tx_pma_insts[1].sv_tx_pma_ch_inst|tx_pma_ch.tx_cgb|lfclkp'
Slack : 0.954
TNS   : 0.000

Type  : Slow 900mV 85C Model Minimum Pulse Width 'pcihip0|p|hip|altpcie_hip_256_pipen1b|g_xcvr.sv_xcvr_pipe_native|inst_sv_xcvr_native|inst_sv_pma|tx_pma.sv_tx_pma_inst|tx_pma_insts[2].sv_tx_pma_ch_inst|tx_pma_ch.tx_cgb|lfclkp'
Slack : 0.954
TNS   : 0.000

Type  : Slow 900mV 85C Model Minimum Pulse Width 'pcihip0|p|hip|altpcie_hip_256_pipen1b|g_xcvr.sv_xcvr_pipe_native|inst_sv_xcvr_native|inst_sv_pma|tx_pma.sv_tx_pma_inst|tx_pma_insts[3].sv_tx_pma_ch_inst|tx_pma_ch.tx_cgb|lfclkp'
Slack : 0.954
TNS   : 0.000

Type  : Slow 900mV 85C Model Minimum Pulse Width 'pcihip0|p|hip|altpcie_hip_256_pipen1b|g_xcvr.sv_xcvr_pipe_native|inst_sv_xcvr_native|inst_sv_pma|tx_pma.sv_tx_pma_inst|tx_pma_insts[4].sv_tx_pma_ch_inst|tx_pma_ch.tx_cgb|lfclkp'
Slack : 0.954
TNS   : 0.000

Type  : Slow 900mV 85C Model Minimum Pulse Width 'pcihip0|p|hip|altpcie_hip_256_pipen1b|g_xcvr.sv_xcvr_pipe_native|inst_sv_xcvr_native|inst_sv_pma|tx_pma.sv_tx_pma_inst|tx_pma_insts[5].sv_tx_pma_ch_inst|tx_pma_ch.tx_cgb|lfclkp'
Slack : 0.954
TNS   : 0.000

Type  : Slow 900mV 85C Model Minimum Pulse Width 'pcihip0|p|hip|altpcie_hip_256_pipen1b|g_xcvr.sv_xcvr_pipe_native|inst_sv_xcvr_native|inst_sv_pma|tx_pma.sv_tx_pma_inst|tx_pma_insts[6].sv_tx_pma_ch_inst|tx_pma_ch.tx_cgb|lfclkp'
Slack : 0.954
TNS   : 0.000

Type  : Slow 900mV 85C Model Minimum Pulse Width 'pcihip0|p|hip|altpcie_hip_256_pipen1b|g_xcvr.sv_xcvr_pipe_native|inst_sv_xcvr_native|inst_sv_pma|tx_pma.sv_tx_pma_inst|tx_pma_insts[7].sv_tx_pma_ch_inst|tx_pma_ch.tx_cgb|lfclkp'
Slack : 0.954
TNS   : 0.000

Type  : Slow 900mV 85C Model Minimum Pulse Width 'pcihip0|p|hip|altpcie_hip_256_pipen1b|g_xcvr.sv_xcvr_pipe_native|inst_sv_xcvr_native|inst_sv_pma|tx_pma.sv_tx_pma_inst|tx_pma_insts[8].sv_tx_pma_ch_inst|tx_pma_ch.tx_cgb|lfclkp'
Slack : 0.954
TNS   : 0.000

Type  : Slow 900mV 85C Model Minimum Pulse Width 'pcihip0|p|hip|altpcie_hip_256_pipen1b|g_xcvr.sv_xcvr_pipe_native|inst_sv_xcvr_native|inst_sv_pma|tx_pma.sv_tx_pma_inst|tx_pma_insts[4].sv_tx_pma_ch_inst|tx_pma_ch.tx_cgb|cpulseout'
Slack : 0.978
TNS   : 0.000

Type  : Slow 900mV 85C Model Minimum Pulse Width 'pcihip0|p|hip|altpcie_hip_256_pipen1b|g_xcvr.sv_xcvr_pipe_native|inst_sv_xcvr_native|inst_sv_pma|tx_pma.sv_tx_pma_inst|tx_pma_insts[4].sv_tx_pma_ch_inst|tx_pma_ch.tx_cgb|lfclkpout'
Slack : 1.000
TNS   : 0.000

Type  : Slow 900mV 85C Model Minimum Pulse Width 'sfp0|sfpp_phy_inst|S5|transceiver_core|gen.sv_xcvr_native_insts[0].gen_bonded_group.sv_xcvr_native_inst|inst_sv_pma|rx_pma.sv_rx_pma_inst|rx_pmas[0].rx_pma.rx_pma_deser|clk90b'
Slack : 1.046
TNS   : 0.000

Type  : Slow 900mV 85C Model Minimum Pulse Width 'sfp1|sfpp_phy_inst|S5|transceiver_core|gen.sv_xcvr_native_insts[0].gen_bonded_group.sv_xcvr_native_inst|inst_sv_pma|rx_pma.sv_rx_pma_inst|rx_pmas[0].rx_pma.rx_pma_deser|clk90b'
Slack : 1.046
TNS   : 0.000

Type  : Slow 900mV 85C Model Minimum Pulse Width 'pcihip0|p|hip|altpcie_hip_256_pipen1b|stratixv_hssi_gen3_pcie_hip|coreclkout'
Slack : 1.096
TNS   : 0.000

Type  : Slow 900mV 85C Model Minimum Pulse Width 'sfp0|sfpp_phy_inst|S5|transceiver_core|gen.sv_xcvr_native_insts[0].gen_bonded_group.sv_xcvr_native_inst|inst_sv_pma|tx_pma.sv_tx_pma_inst|tx_pma_insts[0].sv_tx_pma_ch_inst|tx_pma_ch.tx_cgb|pclk[0]'
Slack : 1.130
TNS   : 0.000

Type  : Slow 900mV 85C Model Minimum Pulse Width 'sfp1|sfpp_phy_inst|S5|transceiver_core|gen.sv_xcvr_native_insts[0].gen_bonded_group.sv_xcvr_native_inst|inst_sv_pma|tx_pma.sv_tx_pma_inst|tx_pma_insts[0].sv_tx_pma_ch_inst|tx_pma_ch.tx_cgb|pclk[0]'
Slack : 1.130
TNS   : 0.000

Type  : Slow 900mV 85C Model Minimum Pulse Width 'pcihip0|p|hip|altpcie_hip_256_pipen1b|g_xcvr.sv_xcvr_pipe_native|inst_sv_xcvr_native|inst_sv_pma|tx_pma.sv_tx_pma_inst|tx_pma_insts[4].sv_tx_pma_ch_inst|tx_pma_ch.tx_cgb|pclkout[0]'
Slack : 2.000
TNS   : 0.000

Type  : Slow 900mV 85C Model Minimum Pulse Width 'pcihip0|p|hip|altpcie_hip_256_pipen1b|stratixv_hssi_gen3_pcie_hip|observablecoreclkdiv'
Slack : 2.000
TNS   : 0.000

Type  : Slow 900mV 85C Model Minimum Pulse Width 'sfp1|sfpp_phy_inst|S5|transceiver_core|gen.sv_xcvr_native_insts[0].gen_bonded_group.sv_xcvr_native_inst|inst_sv_pcs|ch[0].inst_sv_pcs_ch|inst_sv_hssi_8g_rx_pcs|wys|clocktopld'
Slack : 2.256
TNS   : 0.000

Type  : Slow 900mV 85C Model Minimum Pulse Width 'sfp0|sfpp_phy_inst|S5|transceiver_core|gen.sv_xcvr_native_insts[0].gen_bonded_group.sv_xcvr_native_inst|inst_sv_pcs|ch[0].inst_sv_pcs_ch|inst_sv_hssi_8g_rx_pcs|wys|clocktopld'
Slack : 2.262
TNS   : 0.000

Type  : Slow 900mV 85C Model Minimum Pulse Width 'sfp0|sfpp_phy_inst|S5|transceiver_core|gen.sv_xcvr_native_insts[0].gen_bonded_group.sv_xcvr_native_inst|inst_sv_pcs|ch[0].inst_sv_pcs_ch|inst_sv_hssi_8g_rx_pcs|wys|observablebyteserdesclock'
Slack : 2.312
TNS   : 0.000

Type  : Slow 900mV 85C Model Minimum Pulse Width 'sfp1|sfpp_phy_inst|S5|transceiver_core|gen.sv_xcvr_native_insts[0].gen_bonded_group.sv_xcvr_native_inst|inst_sv_pcs|ch[0].inst_sv_pcs_ch|inst_sv_hssi_8g_rx_pcs|wys|observablebyteserdesclock'
Slack : 2.312
TNS   : 0.000

Type  : Slow 900mV 85C Model Minimum Pulse Width 'sfp0|sfpp_phy_inst|S5|transceiver_core|gen.sv_xcvr_native_insts[0].gen_bonded_group.sv_xcvr_native_inst|inst_sv_pcs|ch[0].inst_sv_pcs_ch|inst_sv_hssi_8g_tx_pcs|wys|observablebyteserdesclock'
Slack : 2.352
TNS   : 0.000

Type  : Slow 900mV 85C Model Minimum Pulse Width 'sfp1|sfpp_phy_inst|S5|transceiver_core|gen.sv_xcvr_native_insts[0].gen_bonded_group.sv_xcvr_native_inst|inst_sv_pcs|ch[0].inst_sv_pcs_ch|inst_sv_hssi_8g_tx_pcs|wys|observablebyteserdesclock'
Slack : 2.352
TNS   : 0.000

Type  : Slow 900mV 85C Model Minimum Pulse Width 'sfp0|sfpp_phy_inst|S5|transceiver_core|gen.sv_xcvr_native_insts[0].gen_bonded_group.sv_xcvr_native_inst|inst_sv_xcvr_avmm|avmm_interface_insts[0].stratixv_hssi_avmm_interface_inst|pmatestbussel[0]'
Slack : 3.587
TNS   : 0.000

Type  : Slow 900mV 85C Model Minimum Pulse Width 'pcihip0|p|hip|altpcie_hip_256_pipen1b|g_xcvr.sv_xcvr_pipe_native|inst_sv_xcvr_native|inst_sv_pcs|ch[0].inst_sv_pcs_ch|inst_sv_hssi_8g_rx_pcs|wys|observablebyteserdesclock'
Slack : 3.962
TNS   : 0.000

Type  : Slow 900mV 85C Model Minimum Pulse Width 'pcihip0|p|hip|altpcie_hip_256_pipen1b|g_xcvr.sv_xcvr_pipe_native|inst_sv_xcvr_native|inst_sv_pcs|ch[1].inst_sv_pcs_ch|inst_sv_hssi_8g_rx_pcs|wys|observablebyteserdesclock'
Slack : 3.962
TNS   : 0.000

Type  : Slow 900mV 85C Model Minimum Pulse Width 'pcihip0|p|hip|altpcie_hip_256_pipen1b|g_xcvr.sv_xcvr_pipe_native|inst_sv_xcvr_native|inst_sv_pcs|ch[2].inst_sv_pcs_ch|inst_sv_hssi_8g_rx_pcs|wys|observablebyteserdesclock'
Slack : 3.962
TNS   : 0.000

Type  : Slow 900mV 85C Model Minimum Pulse Width 'pcihip0|p|hip|altpcie_hip_256_pipen1b|g_xcvr.sv_xcvr_pipe_native|inst_sv_xcvr_native|inst_sv_pcs|ch[3].inst_sv_pcs_ch|inst_sv_hssi_8g_rx_pcs|wys|observablebyteserdesclock'
Slack : 3.962
TNS   : 0.000

Type  : Slow 900mV 85C Model Minimum Pulse Width 'pcihip0|p|hip|altpcie_hip_256_pipen1b|g_xcvr.sv_xcvr_pipe_native|inst_sv_xcvr_native|inst_sv_pcs|ch[5].inst_sv_pcs_ch|inst_sv_hssi_8g_rx_pcs|wys|observablebyteserdesclock'
Slack : 3.962
TNS   : 0.000

Type  : Slow 900mV 85C Model Minimum Pulse Width 'pcihip0|p|hip|altpcie_hip_256_pipen1b|g_xcvr.sv_xcvr_pipe_native|inst_sv_xcvr_native|inst_sv_pcs|ch[6].inst_sv_pcs_ch|inst_sv_hssi_8g_rx_pcs|wys|observablebyteserdesclock'
Slack : 3.962
TNS   : 0.000

Type  : Slow 900mV 85C Model Minimum Pulse Width 'pcihip0|p|hip|altpcie_hip_256_pipen1b|g_xcvr.sv_xcvr_pipe_native|inst_sv_xcvr_native|inst_sv_pcs|ch[7].inst_sv_pcs_ch|inst_sv_hssi_8g_rx_pcs|wys|observablebyteserdesclock'
Slack : 3.962
TNS   : 0.000

Type  : Slow 900mV 85C Model Minimum Pulse Width 'pcihip0|p|hip|altpcie_hip_256_pipen1b|g_xcvr.sv_xcvr_pipe_native|inst_sv_xcvr_native|inst_sv_pcs|ch[8].inst_sv_pcs_ch|inst_sv_hssi_8g_rx_pcs|wys|observablebyteserdesclock'
Slack : 3.962
TNS   : 0.000

Type  : Slow 900mV 85C Model Minimum Pulse Width 'sv_reconfig_pma_testbus_clk_0'
Slack : 3.983
TNS   : 0.000

Type  : Slow 900mV 85C Model Minimum Pulse Width 'pcihip0|p|hip|altpcie_hip_256_pipen1b|g_xcvr.sv_xcvr_pipe_native|inst_sv_xcvr_native|inst_sv_pcs|ch[0].inst_sv_pcs_ch|inst_sv_hssi_8g_tx_pcs|wys|observablebyteserdesclock'
Slack : 4.000
TNS   : 0.000

Type  : Slow 900mV 85C Model Minimum Pulse Width 'pcihip0|p|hip|altpcie_hip_256_pipen1b|g_xcvr.sv_xcvr_pipe_native|inst_sv_xcvr_native|inst_sv_pcs|ch[1].inst_sv_pcs_ch|inst_sv_hssi_8g_tx_pcs|wys|observablebyteserdesclock'
Slack : 4.000
TNS   : 0.000

Type  : Slow 900mV 85C Model Minimum Pulse Width 'pcihip0|p|hip|altpcie_hip_256_pipen1b|g_xcvr.sv_xcvr_pipe_native|inst_sv_xcvr_native|inst_sv_pcs|ch[2].inst_sv_pcs_ch|inst_sv_hssi_8g_tx_pcs|wys|observablebyteserdesclock'
Slack : 4.000
TNS   : 0.000

Type  : Slow 900mV 85C Model Minimum Pulse Width 'pcihip0|p|hip|altpcie_hip_256_pipen1b|g_xcvr.sv_xcvr_pipe_native|inst_sv_xcvr_native|inst_sv_pcs|ch[3].inst_sv_pcs_ch|inst_sv_hssi_8g_tx_pcs|wys|observablebyteserdesclock'
Slack : 4.000
TNS   : 0.000

Type  : Slow 900mV 85C Model Minimum Pulse Width 'pcihip0|p|hip|altpcie_hip_256_pipen1b|g_xcvr.sv_xcvr_pipe_native|inst_sv_xcvr_native|inst_sv_pcs|ch[4].inst_sv_pcs_ch|inst_sv_hssi_8g_tx_pcs|wys|observablebyteserdesclock'
Slack : 4.000
TNS   : 0.000

Type  : Slow 900mV 85C Model Minimum Pulse Width 'pcihip0|p|hip|altpcie_hip_256_pipen1b|g_xcvr.sv_xcvr_pipe_native|inst_sv_xcvr_native|inst_sv_pcs|ch[5].inst_sv_pcs_ch|inst_sv_hssi_8g_tx_pcs|wys|observablebyteserdesclock'
Slack : 4.000
TNS   : 0.000

Type  : Slow 900mV 85C Model Minimum Pulse Width 'pcihip0|p|hip|altpcie_hip_256_pipen1b|g_xcvr.sv_xcvr_pipe_native|inst_sv_xcvr_native|inst_sv_pcs|ch[6].inst_sv_pcs_ch|inst_sv_hssi_8g_tx_pcs|wys|observablebyteserdesclock'
Slack : 4.000
TNS   : 0.000

Type  : Slow 900mV 85C Model Minimum Pulse Width 'pcihip0|p|hip|altpcie_hip_256_pipen1b|g_xcvr.sv_xcvr_pipe_native|inst_sv_xcvr_native|inst_sv_pcs|ch[7].inst_sv_pcs_ch|inst_sv_hssi_8g_tx_pcs|wys|observablebyteserdesclock'
Slack : 4.000
TNS   : 0.000

Type  : Slow 900mV 85C Model Minimum Pulse Width 'pcihip0|p|hip|altpcie_hip_256_pipen1b|g_xcvr.sv_xcvr_pipe_native|inst_sv_xcvr_native|inst_sv_pcs|ch[8].inst_sv_pcs_ch|inst_sv_hssi_8g_tx_pcs|wys|observablebyteserdesclock'
Slack : 4.000
TNS   : 0.000

Type  : Slow 900mV 85C Model Minimum Pulse Width 'pcihip0|p|hip|altpcie_hip_256_pipen1b|g_xcvr.sv_xcvr_pipe_native|inst_sv_xcvr_native|inst_sv_pma|tx_pma.sv_tx_pma_inst|tx_pma_insts[4].sv_tx_pma_ch_inst|tx_pma_ch.tx_cgb|pclkout[1]'
Slack : 4.000
TNS   : 0.000

Type  : Slow 900mV 85C Model Minimum Pulse Width 'sv_reconfig_pma_testbus_clk_1'
Slack : 4.014
TNS   : 0.000

Type  : Slow 900mV 85C Model Minimum Pulse Width 'pci_pi_refclk0'
Slack : 4.332
TNS   : 0.000

Type  : Slow 900mV 85C Model Minimum Pulse Width 'pcihip0|p|hip|altpcie_hip_256_pipen1b|g_xcvr.sv_xcvr_pipe_native|inst_sv_xcvr_native|inst_sv_xcvr_avmm|avmm_interface_insts[0].stratixv_hssi_avmm_interface_inst|pmatestbussel[0]'
Slack : 5.000
TNS   : 0.000

Type  : Slow 900mV 85C Model Minimum Pulse Width 'pcihip0|p|hip|altpcie_hip_256_pipen1b|g_xcvr.sv_xcvr_pipe_native|inst_sv_xcvr_native|inst_sv_xcvr_avmm|avmm_interface_insts[3].stratixv_hssi_avmm_interface_inst|pmatestbussel[0]'
Slack : 5.000
TNS   : 0.000

Type  : Slow 900mV 85C Model Minimum Pulse Width 'pcihip0|p|hip|altpcie_hip_256_pipen1b|g_xcvr.sv_xcvr_pipe_native|inst_sv_xcvr_native|inst_sv_xcvr_avmm|avmm_interface_insts[6].stratixv_hssi_avmm_interface_inst|pmatestbussel[0]'
Slack : 5.000
TNS   : 0.000

Type  : Slow 900mV 85C Model Minimum Pulse Width 'pcihip0|p|hip|altpcie_hip_256_pipen1b|g_xcvr.sv_xcvr_pipe_native|inst_sv_xcvr_native|inst_sv_pma|tx_pma.sv_tx_pma_inst|tx_pma_insts[4].sv_tx_pma_ch_inst|tx_pma_ch.tx_cgb|pclkout[2]'
Slack : 8.000
TNS   : 0.000

Type  : Slow 900mV 85C Model Minimum Pulse Width 'altera_reserved_tck'
Slack : 15.972
TNS   : 0.000

Type  : Slow 900mV 0C Model Setup 'pcihip0|p|hip|altpcie_hip_256_pipen1b|stratixv_hssi_gen3_pcie_hip|coreclkout'
Slack : 0.074
TNS   : 0.000

Type  : Slow 900mV 0C Model Setup 'n/a'
Slack : 1.992
TNS   : 0.000

Type  : Slow 900mV 0C Model Setup 'sfp0|sfpp_phy_inst|S5|transceiver_core|gen.sv_xcvr_native_insts[0].gen_bonded_group.sv_xcvr_native_inst|inst_sv_xcvr_avmm|avmm_interface_insts[0].stratixv_hssi_avmm_interface_inst|pmatestbussel[0]'
Slack : 2.346
TNS   : 0.000

Type  : Slow 900mV 0C Model Setup 'pci_pi_refclk0'
Slack : 2.348
TNS   : 0.000

Type  : Slow 900mV 0C Model Setup 'sv_reconfig_pma_testbus_clk_0'
Slack : 7.809
TNS   : 0.000

Type  : Slow 900mV 0C Model Setup 'sv_reconfig_pma_testbus_clk_1'
Slack : 8.309
TNS   : 0.000

Type  : Slow 900mV 0C Model Setup 'altera_reserved_tck'
Slack : 12.784
TNS   : 0.000

Type  : Slow 900mV 0C Model Hold 'altera_reserved_tck'
Slack : 0.062
TNS   : 0.000

Type  : Slow 900mV 0C Model Hold 'pcihip0|p|hip|altpcie_hip_256_pipen1b|stratixv_hssi_gen3_pcie_hip|coreclkout'
Slack : 0.141
TNS   : 0.000

Type  : Slow 900mV 0C Model Hold 'pci_pi_refclk0'
Slack : 0.189
TNS   : 0.000

Type  : Slow 900mV 0C Model Hold 'sfp0|sfpp_phy_inst|S5|transceiver_core|gen.sv_xcvr_native_insts[0].gen_bonded_group.sv_xcvr_native_inst|inst_sv_xcvr_avmm|avmm_interface_insts[0].stratixv_hssi_avmm_interface_inst|pmatestbussel[0]'
Slack : 0.579
TNS   : 0.000

Type  : Slow 900mV 0C Model Hold 'sv_reconfig_pma_testbus_clk_1'
Slack : 0.710
TNS   : 0.000

Type  : Slow 900mV 0C Model Hold 'sv_reconfig_pma_testbus_clk_0'
Slack : 0.711
TNS   : 0.000

Type  : Slow 900mV 0C Model Hold 'n/a'
Slack : 13.134
TNS   : 0.000

Type  : Slow 900mV 0C Model Recovery 'pcihip0|p|hip|altpcie_hip_256_pipen1b|stratixv_hssi_gen3_pcie_hip|coreclkout'
Slack : 0.539
TNS   : 0.000

Type  : Slow 900mV 0C Model Recovery 'sfp0|sfpp_phy_inst|S5|transceiver_core|gen.sv_xcvr_native_insts[0].gen_bonded_group.sv_xcvr_native_inst|inst_sv_xcvr_avmm|avmm_interface_insts[0].stratixv_hssi_avmm_interface_inst|pmatestbussel[0]'
Slack : 4.294
TNS   : 0.000

Type  : Slow 900mV 0C Model Recovery 'pci_pi_refclk0'
Slack : 4.421
TNS   : 0.000

Type  : Slow 900mV 0C Model Recovery 'sv_reconfig_pma_testbus_clk_0'
Slack : 7.435
TNS   : 0.000

Type  : Slow 900mV 0C Model Recovery 'altera_reserved_tck'
Slack : 31.326
TNS   : 0.000

Type  : Slow 900mV 0C Model Removal 'pcihip0|p|hip|altpcie_hip_256_pipen1b|stratixv_hssi_gen3_pcie_hip|coreclkout'
Slack : 0.231
TNS   : 0.000

Type  : Slow 900mV 0C Model Removal 'pci_pi_refclk0'
Slack : 0.248
TNS   : 0.000

Type  : Slow 900mV 0C Model Removal 'altera_reserved_tck'
Slack : 0.597
TNS   : 0.000

Type  : Slow 900mV 0C Model Removal 'sfp0|sfpp_phy_inst|S5|transceiver_core|gen.sv_xcvr_native_insts[0].gen_bonded_group.sv_xcvr_native_inst|inst_sv_xcvr_avmm|avmm_interface_insts[0].stratixv_hssi_avmm_interface_inst|pmatestbussel[0]'
Slack : 0.821
TNS   : 0.000

Type  : Slow 900mV 0C Model Removal 'sv_reconfig_pma_testbus_clk_0'
Slack : 1.155
TNS   : 0.000

Type  : Slow 900mV 0C Model Minimum Pulse Width 'sfp0|sfpp_phy_inst|S5|transceiver_core|gen.sv_xcvr_native_insts[0].gen_bonded_group.sv_xcvr_native_inst|inst_sv_pma|rx_pma.sv_rx_pma_inst|rx_pmas[0].rx_pma.rx_cdr|clk90bdes'
Slack : 0.117
TNS   : 0.000

Type  : Slow 900mV 0C Model Minimum Pulse Width 'sfp0|sfpp_phy_inst|S5|transceiver_core|gen.sv_xcvr_native_insts[0].gen_tx_plls.gen_tx_plls.tx_plls|pll[0].pll.atx_pll.tx_pll|clk010g'
Slack : 0.117
TNS   : 0.000

Type  : Slow 900mV 0C Model Minimum Pulse Width 'sfp1|sfpp_phy_inst|S5|transceiver_core|gen.sv_xcvr_native_insts[0].gen_bonded_group.sv_xcvr_native_inst|inst_sv_pma|rx_pma.sv_rx_pma_inst|rx_pmas[0].rx_pma.rx_cdr|clk90bdes'
Slack : 0.117
TNS   : 0.000

Type  : Slow 900mV 0C Model Minimum Pulse Width 'pcihip0|p|hip|altpcie_hip_256_pipen1b|g_xcvr.sv_xcvr_pipe_native|sv_xcvr_tx_plls_inst|pll[0].pll.cmu_pll.tx_pll|clkcdr'
Slack : 0.179
TNS   : 0.000

Type  : Slow 900mV 0C Model Minimum Pulse Width 'pcihip0|p|hip|altpcie_hip_256_pipen1b|g_xcvr.sv_xcvr_pipe_native|inst_sv_xcvr_native|inst_sv_pma|rx_pma.sv_rx_pma_inst|rx_pmas[0].rx_pma.rx_cdr|clk90bdes'
Slack : 0.200
TNS   : 0.000

Type  : Slow 900mV 0C Model Minimum Pulse Width 'pcihip0|p|hip|altpcie_hip_256_pipen1b|g_xcvr.sv_xcvr_pipe_native|inst_sv_xcvr_native|inst_sv_pma|rx_pma.sv_rx_pma_inst|rx_pmas[1].rx_pma.rx_cdr|clk90bdes'
Slack : 0.200
TNS   : 0.000

Type  : Slow 900mV 0C Model Minimum Pulse Width 'pcihip0|p|hip|altpcie_hip_256_pipen1b|g_xcvr.sv_xcvr_pipe_native|inst_sv_xcvr_native|inst_sv_pma|rx_pma.sv_rx_pma_inst|rx_pmas[2].rx_pma.rx_cdr|clk90bdes'
Slack : 0.200
TNS   : 0.000

Type  : Slow 900mV 0C Model Minimum Pulse Width 'pcihip0|p|hip|altpcie_hip_256_pipen1b|g_xcvr.sv_xcvr_pipe_native|inst_sv_xcvr_native|inst_sv_pma|rx_pma.sv_rx_pma_inst|rx_pmas[3].rx_pma.rx_cdr|clk90bdes'
Slack : 0.200
TNS   : 0.000

Type  : Slow 900mV 0C Model Minimum Pulse Width 'pcihip0|p|hip|altpcie_hip_256_pipen1b|g_xcvr.sv_xcvr_pipe_native|inst_sv_xcvr_native|inst_sv_pma|rx_pma.sv_rx_pma_inst|rx_pmas[5].rx_pma.rx_cdr|clk90bdes'
Slack : 0.200
TNS   : 0.000

Type  : Slow 900mV 0C Model Minimum Pulse Width 'pcihip0|p|hip|altpcie_hip_256_pipen1b|g_xcvr.sv_xcvr_pipe_native|inst_sv_xcvr_native|inst_sv_pma|rx_pma.sv_rx_pma_inst|rx_pmas[6].rx_pma.rx_cdr|clk90bdes'
Slack : 0.200
TNS   : 0.000

Type  : Slow 900mV 0C Model Minimum Pulse Width 'pcihip0|p|hip|altpcie_hip_256_pipen1b|g_xcvr.sv_xcvr_pipe_native|inst_sv_xcvr_native|inst_sv_pma|rx_pma.sv_rx_pma_inst|rx_pmas[7].rx_pma.rx_cdr|clk90bdes'
Slack : 0.200
TNS   : 0.000

Type  : Slow 900mV 0C Model Minimum Pulse Width 'pcihip0|p|hip|altpcie_hip_256_pipen1b|g_xcvr.sv_xcvr_pipe_native|inst_sv_xcvr_native|inst_sv_pma|rx_pma.sv_rx_pma_inst|rx_pmas[8].rx_pma.rx_cdr|clk90bdes'
Slack : 0.200
TNS   : 0.000

Type  : Slow 900mV 0C Model Minimum Pulse Width 'pcihip0|p|hip|altpcie_hip_256_pipen1b|g_xcvr.sv_xcvr_pipe_native|inst_sv_xcvr_native|inst_sv_pma|rx_pma.sv_rx_pma_inst|rx_pmas[0].rx_pma.rx_pma_deser|clk90b'
Slack : 0.846
TNS   : 0.000

Type  : Slow 900mV 0C Model Minimum Pulse Width 'pcihip0|p|hip|altpcie_hip_256_pipen1b|g_xcvr.sv_xcvr_pipe_native|inst_sv_xcvr_native|inst_sv_pma|rx_pma.sv_rx_pma_inst|rx_pmas[1].rx_pma.rx_pma_deser|clk90b'
Slack : 0.846
TNS   : 0.000

Type  : Slow 900mV 0C Model Minimum Pulse Width 'pcihip0|p|hip|altpcie_hip_256_pipen1b|g_xcvr.sv_xcvr_pipe_native|inst_sv_xcvr_native|inst_sv_pma|rx_pma.sv_rx_pma_inst|rx_pmas[2].rx_pma.rx_pma_deser|clk90b'
Slack : 0.846
TNS   : 0.000

Type  : Slow 900mV 0C Model Minimum Pulse Width 'pcihip0|p|hip|altpcie_hip_256_pipen1b|g_xcvr.sv_xcvr_pipe_native|inst_sv_xcvr_native|inst_sv_pma|rx_pma.sv_rx_pma_inst|rx_pmas[3].rx_pma.rx_pma_deser|clk90b'
Slack : 0.846
TNS   : 0.000

Type  : Slow 900mV 0C Model Minimum Pulse Width 'pcihip0|p|hip|altpcie_hip_256_pipen1b|g_xcvr.sv_xcvr_pipe_native|inst_sv_xcvr_native|inst_sv_pma|rx_pma.sv_rx_pma_inst|rx_pmas[5].rx_pma.rx_pma_deser|clk90b'
Slack : 0.846
TNS   : 0.000

Type  : Slow 900mV 0C Model Minimum Pulse Width 'pcihip0|p|hip|altpcie_hip_256_pipen1b|g_xcvr.sv_xcvr_pipe_native|inst_sv_xcvr_native|inst_sv_pma|rx_pma.sv_rx_pma_inst|rx_pmas[6].rx_pma.rx_pma_deser|clk90b'
Slack : 0.846
TNS   : 0.000

Type  : Slow 900mV 0C Model Minimum Pulse Width 'pcihip0|p|hip|altpcie_hip_256_pipen1b|g_xcvr.sv_xcvr_pipe_native|inst_sv_xcvr_native|inst_sv_pma|rx_pma.sv_rx_pma_inst|rx_pmas[7].rx_pma.rx_pma_deser|clk90b'
Slack : 0.846
TNS   : 0.000

Type  : Slow 900mV 0C Model Minimum Pulse Width 'pcihip0|p|hip|altpcie_hip_256_pipen1b|g_xcvr.sv_xcvr_pipe_native|inst_sv_xcvr_native|inst_sv_pma|rx_pma.sv_rx_pma_inst|rx_pmas[8].rx_pma.rx_pma_deser|clk90b'
Slack : 0.846
TNS   : 0.000

Type  : Slow 900mV 0C Model Minimum Pulse Width 'i_refclk_sfp'
Slack : 0.940
TNS   : 0.000

Type  : Slow 900mV 0C Model Minimum Pulse Width 'pcihip0|p|hip|altpcie_hip_256_pipen1b|g_xcvr.sv_xcvr_pipe_native|inst_sv_xcvr_native|inst_sv_pma|tx_pma.sv_tx_pma_inst|tx_pma_insts[0].sv_tx_pma_ch_inst|tx_pma_ch.tx_cgb|lfclkp'
Slack : 0.949
TNS   : 0.000

Type  : Slow 900mV 0C Model Minimum Pulse Width 'pcihip0|p|hip|altpcie_hip_256_pipen1b|g_xcvr.sv_xcvr_pipe_native|inst_sv_xcvr_native|inst_sv_pma|tx_pma.sv_tx_pma_inst|tx_pma_insts[1].sv_tx_pma_ch_inst|tx_pma_ch.tx_cgb|lfclkp'
Slack : 0.949
TNS   : 0.000

Type  : Slow 900mV 0C Model Minimum Pulse Width 'pcihip0|p|hip|altpcie_hip_256_pipen1b|g_xcvr.sv_xcvr_pipe_native|inst_sv_xcvr_native|inst_sv_pma|tx_pma.sv_tx_pma_inst|tx_pma_insts[2].sv_tx_pma_ch_inst|tx_pma_ch.tx_cgb|lfclkp'
Slack : 0.949
TNS   : 0.000

Type  : Slow 900mV 0C Model Minimum Pulse Width 'pcihip0|p|hip|altpcie_hip_256_pipen1b|g_xcvr.sv_xcvr_pipe_native|inst_sv_xcvr_native|inst_sv_pma|tx_pma.sv_tx_pma_inst|tx_pma_insts[3].sv_tx_pma_ch_inst|tx_pma_ch.tx_cgb|lfclkp'
Slack : 0.949
TNS   : 0.000

Type  : Slow 900mV 0C Model Minimum Pulse Width 'pcihip0|p|hip|altpcie_hip_256_pipen1b|g_xcvr.sv_xcvr_pipe_native|inst_sv_xcvr_native|inst_sv_pma|tx_pma.sv_tx_pma_inst|tx_pma_insts[4].sv_tx_pma_ch_inst|tx_pma_ch.tx_cgb|lfclkp'
Slack : 0.949
TNS   : 0.000

Type  : Slow 900mV 0C Model Minimum Pulse Width 'pcihip0|p|hip|altpcie_hip_256_pipen1b|g_xcvr.sv_xcvr_pipe_native|inst_sv_xcvr_native|inst_sv_pma|tx_pma.sv_tx_pma_inst|tx_pma_insts[5].sv_tx_pma_ch_inst|tx_pma_ch.tx_cgb|lfclkp'
Slack : 0.949
TNS   : 0.000

Type  : Slow 900mV 0C Model Minimum Pulse Width 'pcihip0|p|hip|altpcie_hip_256_pipen1b|g_xcvr.sv_xcvr_pipe_native|inst_sv_xcvr_native|inst_sv_pma|tx_pma.sv_tx_pma_inst|tx_pma_insts[6].sv_tx_pma_ch_inst|tx_pma_ch.tx_cgb|lfclkp'
Slack : 0.949
TNS   : 0.000

Type  : Slow 900mV 0C Model Minimum Pulse Width 'pcihip0|p|hip|altpcie_hip_256_pipen1b|g_xcvr.sv_xcvr_pipe_native|inst_sv_xcvr_native|inst_sv_pma|tx_pma.sv_tx_pma_inst|tx_pma_insts[7].sv_tx_pma_ch_inst|tx_pma_ch.tx_cgb|lfclkp'
Slack : 0.949
TNS   : 0.000

Type  : Slow 900mV 0C Model Minimum Pulse Width 'pcihip0|p|hip|altpcie_hip_256_pipen1b|g_xcvr.sv_xcvr_pipe_native|inst_sv_xcvr_native|inst_sv_pma|tx_pma.sv_tx_pma_inst|tx_pma_insts[8].sv_tx_pma_ch_inst|tx_pma_ch.tx_cgb|lfclkp'
Slack : 0.949
TNS   : 0.000

Type  : Slow 900mV 0C Model Minimum Pulse Width 'pcihip0|p|hip|altpcie_hip_256_pipen1b|g_xcvr.sv_xcvr_pipe_native|inst_sv_xcvr_native|inst_sv_pma|tx_pma.sv_tx_pma_inst|tx_pma_insts[4].sv_tx_pma_ch_inst|tx_pma_ch.tx_cgb|cpulseout'
Slack : 0.979
TNS   : 0.000

Type  : Slow 900mV 0C Model Minimum Pulse Width 'pcihip0|p|hip|altpcie_hip_256_pipen1b|g_xcvr.sv_xcvr_pipe_native|inst_sv_xcvr_native|inst_sv_pma|tx_pma.sv_tx_pma_inst|tx_pma_insts[4].sv_tx_pma_ch_inst|tx_pma_ch.tx_cgb|lfclkpout'
Slack : 1.000
TNS   : 0.000

Type  : Slow 900mV 0C Model Minimum Pulse Width 'sfp0|sfpp_phy_inst|S5|transceiver_core|gen.sv_xcvr_native_insts[0].gen_bonded_group.sv_xcvr_native_inst|inst_sv_pma|rx_pma.sv_rx_pma_inst|rx_pmas[0].rx_pma.rx_pma_deser|clk90b'
Slack : 1.021
TNS   : 0.000

Type  : Slow 900mV 0C Model Minimum Pulse Width 'sfp1|sfpp_phy_inst|S5|transceiver_core|gen.sv_xcvr_native_insts[0].gen_bonded_group.sv_xcvr_native_inst|inst_sv_pma|rx_pma.sv_rx_pma_inst|rx_pmas[0].rx_pma.rx_pma_deser|clk90b'
Slack : 1.021
TNS   : 0.000

Type  : Slow 900mV 0C Model Minimum Pulse Width 'sfp0|sfpp_phy_inst|S5|transceiver_core|gen.sv_xcvr_native_insts[0].gen_bonded_group.sv_xcvr_native_inst|inst_sv_pma|tx_pma.sv_tx_pma_inst|tx_pma_insts[0].sv_tx_pma_ch_inst|tx_pma_ch.tx_cgb|pclk[0]'
Slack : 1.125
TNS   : 0.000

Type  : Slow 900mV 0C Model Minimum Pulse Width 'sfp1|sfpp_phy_inst|S5|transceiver_core|gen.sv_xcvr_native_insts[0].gen_bonded_group.sv_xcvr_native_inst|inst_sv_pma|tx_pma.sv_tx_pma_inst|tx_pma_insts[0].sv_tx_pma_ch_inst|tx_pma_ch.tx_cgb|pclk[0]'
Slack : 1.125
TNS   : 0.000

Type  : Slow 900mV 0C Model Minimum Pulse Width 'pcihip0|p|hip|altpcie_hip_256_pipen1b|stratixv_hssi_gen3_pcie_hip|coreclkout'
Slack : 1.193
TNS   : 0.000

Type  : Slow 900mV 0C Model Minimum Pulse Width 'pcihip0|p|hip|altpcie_hip_256_pipen1b|g_xcvr.sv_xcvr_pipe_native|inst_sv_xcvr_native|inst_sv_pma|tx_pma.sv_tx_pma_inst|tx_pma_insts[4].sv_tx_pma_ch_inst|tx_pma_ch.tx_cgb|pclkout[0]'
Slack : 2.000
TNS   : 0.000

Type  : Slow 900mV 0C Model Minimum Pulse Width 'pcihip0|p|hip|altpcie_hip_256_pipen1b|stratixv_hssi_gen3_pcie_hip|observablecoreclkdiv'
Slack : 2.000
TNS   : 0.000

Type  : Slow 900mV 0C Model Minimum Pulse Width 'sfp1|sfpp_phy_inst|S5|transceiver_core|gen.sv_xcvr_native_insts[0].gen_bonded_group.sv_xcvr_native_inst|inst_sv_pcs|ch[0].inst_sv_pcs_ch|inst_sv_hssi_8g_rx_pcs|wys|clocktopld'
Slack : 2.231
TNS   : 0.000

Type  : Slow 900mV 0C Model Minimum Pulse Width 'sfp0|sfpp_phy_inst|S5|transceiver_core|gen.sv_xcvr_native_insts[0].gen_bonded_group.sv_xcvr_native_inst|inst_sv_pcs|ch[0].inst_sv_pcs_ch|inst_sv_hssi_8g_rx_pcs|wys|clocktopld'
Slack : 2.234
TNS   : 0.000

Type  : Slow 900mV 0C Model Minimum Pulse Width 'sfp0|sfpp_phy_inst|S5|transceiver_core|gen.sv_xcvr_native_insts[0].gen_bonded_group.sv_xcvr_native_inst|inst_sv_pcs|ch[0].inst_sv_pcs_ch|inst_sv_hssi_8g_rx_pcs|wys|observablebyteserdesclock'
Slack : 2.309
TNS   : 0.000

Type  : Slow 900mV 0C Model Minimum Pulse Width 'sfp1|sfpp_phy_inst|S5|transceiver_core|gen.sv_xcvr_native_insts[0].gen_bonded_group.sv_xcvr_native_inst|inst_sv_pcs|ch[0].inst_sv_pcs_ch|inst_sv_hssi_8g_rx_pcs|wys|observablebyteserdesclock'
Slack : 2.309
TNS   : 0.000

Type  : Slow 900mV 0C Model Minimum Pulse Width 'sfp0|sfpp_phy_inst|S5|transceiver_core|gen.sv_xcvr_native_insts[0].gen_bonded_group.sv_xcvr_native_inst|inst_sv_pcs|ch[0].inst_sv_pcs_ch|inst_sv_hssi_8g_tx_pcs|wys|observablebyteserdesclock'
Slack : 2.352
TNS   : 0.000

Type  : Slow 900mV 0C Model Minimum Pulse Width 'sfp1|sfpp_phy_inst|S5|transceiver_core|gen.sv_xcvr_native_insts[0].gen_bonded_group.sv_xcvr_native_inst|inst_sv_pcs|ch[0].inst_sv_pcs_ch|inst_sv_hssi_8g_tx_pcs|wys|observablebyteserdesclock'
Slack : 2.352
TNS   : 0.000

Type  : Slow 900mV 0C Model Minimum Pulse Width 'sfp0|sfpp_phy_inst|S5|transceiver_core|gen.sv_xcvr_native_insts[0].gen_bonded_group.sv_xcvr_native_inst|inst_sv_xcvr_avmm|avmm_interface_insts[0].stratixv_hssi_avmm_interface_inst|pmatestbussel[0]'
Slack : 3.636
TNS   : 0.000

Type  : Slow 900mV 0C Model Minimum Pulse Width 'pcihip0|p|hip|altpcie_hip_256_pipen1b|g_xcvr.sv_xcvr_pipe_native|inst_sv_xcvr_native|inst_sv_pcs|ch[0].inst_sv_pcs_ch|inst_sv_hssi_8g_rx_pcs|wys|observablebyteserdesclock'
Slack : 3.959
TNS   : 0.000

Type  : Slow 900mV 0C Model Minimum Pulse Width 'pcihip0|p|hip|altpcie_hip_256_pipen1b|g_xcvr.sv_xcvr_pipe_native|inst_sv_xcvr_native|inst_sv_pcs|ch[1].inst_sv_pcs_ch|inst_sv_hssi_8g_rx_pcs|wys|observablebyteserdesclock'
Slack : 3.959
TNS   : 0.000

Type  : Slow 900mV 0C Model Minimum Pulse Width 'pcihip0|p|hip|altpcie_hip_256_pipen1b|g_xcvr.sv_xcvr_pipe_native|inst_sv_xcvr_native|inst_sv_pcs|ch[2].inst_sv_pcs_ch|inst_sv_hssi_8g_rx_pcs|wys|observablebyteserdesclock'
Slack : 3.959
TNS   : 0.000

Type  : Slow 900mV 0C Model Minimum Pulse Width 'pcihip0|p|hip|altpcie_hip_256_pipen1b|g_xcvr.sv_xcvr_pipe_native|inst_sv_xcvr_native|inst_sv_pcs|ch[3].inst_sv_pcs_ch|inst_sv_hssi_8g_rx_pcs|wys|observablebyteserdesclock'
Slack : 3.959
TNS   : 0.000

Type  : Slow 900mV 0C Model Minimum Pulse Width 'pcihip0|p|hip|altpcie_hip_256_pipen1b|g_xcvr.sv_xcvr_pipe_native|inst_sv_xcvr_native|inst_sv_pcs|ch[5].inst_sv_pcs_ch|inst_sv_hssi_8g_rx_pcs|wys|observablebyteserdesclock'
Slack : 3.959
TNS   : 0.000

Type  : Slow 900mV 0C Model Minimum Pulse Width 'pcihip0|p|hip|altpcie_hip_256_pipen1b|g_xcvr.sv_xcvr_pipe_native|inst_sv_xcvr_native|inst_sv_pcs|ch[6].inst_sv_pcs_ch|inst_sv_hssi_8g_rx_pcs|wys|observablebyteserdesclock'
Slack : 3.959
TNS   : 0.000

Type  : Slow 900mV 0C Model Minimum Pulse Width 'pcihip0|p|hip|altpcie_hip_256_pipen1b|g_xcvr.sv_xcvr_pipe_native|inst_sv_xcvr_native|inst_sv_pcs|ch[7].inst_sv_pcs_ch|inst_sv_hssi_8g_rx_pcs|wys|observablebyteserdesclock'
Slack : 3.959
TNS   : 0.000

Type  : Slow 900mV 0C Model Minimum Pulse Width 'pcihip0|p|hip|altpcie_hip_256_pipen1b|g_xcvr.sv_xcvr_pipe_native|inst_sv_xcvr_native|inst_sv_pcs|ch[8].inst_sv_pcs_ch|inst_sv_hssi_8g_rx_pcs|wys|observablebyteserdesclock'
Slack : 3.959
TNS   : 0.000

Type  : Slow 900mV 0C Model Minimum Pulse Width 'sv_reconfig_pma_testbus_clk_0'
Slack : 3.977
TNS   : 0.000

Type  : Slow 900mV 0C Model Minimum Pulse Width 'pcihip0|p|hip|altpcie_hip_256_pipen1b|g_xcvr.sv_xcvr_pipe_native|inst_sv_xcvr_native|inst_sv_pcs|ch[0].inst_sv_pcs_ch|inst_sv_hssi_8g_tx_pcs|wys|observablebyteserdesclock'
Slack : 4.000
TNS   : 0.000

Type  : Slow 900mV 0C Model Minimum Pulse Width 'pcihip0|p|hip|altpcie_hip_256_pipen1b|g_xcvr.sv_xcvr_pipe_native|inst_sv_xcvr_native|inst_sv_pcs|ch[1].inst_sv_pcs_ch|inst_sv_hssi_8g_tx_pcs|wys|observablebyteserdesclock'
Slack : 4.000
TNS   : 0.000

Type  : Slow 900mV 0C Model Minimum Pulse Width 'pcihip0|p|hip|altpcie_hip_256_pipen1b|g_xcvr.sv_xcvr_pipe_native|inst_sv_xcvr_native|inst_sv_pcs|ch[2].inst_sv_pcs_ch|inst_sv_hssi_8g_tx_pcs|wys|observablebyteserdesclock'
Slack : 4.000
TNS   : 0.000

Type  : Slow 900mV 0C Model Minimum Pulse Width 'pcihip0|p|hip|altpcie_hip_256_pipen1b|g_xcvr.sv_xcvr_pipe_native|inst_sv_xcvr_native|inst_sv_pcs|ch[3].inst_sv_pcs_ch|inst_sv_hssi_8g_tx_pcs|wys|observablebyteserdesclock'
Slack : 4.000
TNS   : 0.000

Type  : Slow 900mV 0C Model Minimum Pulse Width 'pcihip0|p|hip|altpcie_hip_256_pipen1b|g_xcvr.sv_xcvr_pipe_native|inst_sv_xcvr_native|inst_sv_pcs|ch[4].inst_sv_pcs_ch|inst_sv_hssi_8g_tx_pcs|wys|observablebyteserdesclock'
Slack : 4.000
TNS   : 0.000

Type  : Slow 900mV 0C Model Minimum Pulse Width 'pcihip0|p|hip|altpcie_hip_256_pipen1b|g_xcvr.sv_xcvr_pipe_native|inst_sv_xcvr_native|inst_sv_pcs|ch[5].inst_sv_pcs_ch|inst_sv_hssi_8g_tx_pcs|wys|observablebyteserdesclock'
Slack : 4.000
TNS   : 0.000

Type  : Slow 900mV 0C Model Minimum Pulse Width 'pcihip0|p|hip|altpcie_hip_256_pipen1b|g_xcvr.sv_xcvr_pipe_native|inst_sv_xcvr_native|inst_sv_pcs|ch[6].inst_sv_pcs_ch|inst_sv_hssi_8g_tx_pcs|wys|observablebyteserdesclock'
Slack : 4.000
TNS   : 0.000

Type  : Slow 900mV 0C Model Minimum Pulse Width 'pcihip0|p|hip|altpcie_hip_256_pipen1b|g_xcvr.sv_xcvr_pipe_native|inst_sv_xcvr_native|inst_sv_pcs|ch[7].inst_sv_pcs_ch|inst_sv_hssi_8g_tx_pcs|wys|observablebyteserdesclock'
Slack : 4.000
TNS   : 0.000

Type  : Slow 900mV 0C Model Minimum Pulse Width 'pcihip0|p|hip|altpcie_hip_256_pipen1b|g_xcvr.sv_xcvr_pipe_native|inst_sv_xcvr_native|inst_sv_pcs|ch[8].inst_sv_pcs_ch|inst_sv_hssi_8g_tx_pcs|wys|observablebyteserdesclock'
Slack : 4.000
TNS   : 0.000

Type  : Slow 900mV 0C Model Minimum Pulse Width 'pcihip0|p|hip|altpcie_hip_256_pipen1b|g_xcvr.sv_xcvr_pipe_native|inst_sv_xcvr_native|inst_sv_pma|tx_pma.sv_tx_pma_inst|tx_pma_insts[4].sv_tx_pma_ch_inst|tx_pma_ch.tx_cgb|pclkout[1]'
Slack : 4.000
TNS   : 0.000

Type  : Slow 900mV 0C Model Minimum Pulse Width 'sv_reconfig_pma_testbus_clk_1'
Slack : 4.073
TNS   : 0.000

Type  : Slow 900mV 0C Model Minimum Pulse Width 'pci_pi_refclk0'
Slack : 4.318
TNS   : 0.000

Type  : Slow 900mV 0C Model Minimum Pulse Width 'pcihip0|p|hip|altpcie_hip_256_pipen1b|g_xcvr.sv_xcvr_pipe_native|inst_sv_xcvr_native|inst_sv_xcvr_avmm|avmm_interface_insts[0].stratixv_hssi_avmm_interface_inst|pmatestbussel[0]'
Slack : 5.000
TNS   : 0.000

Type  : Slow 900mV 0C Model Minimum Pulse Width 'pcihip0|p|hip|altpcie_hip_256_pipen1b|g_xcvr.sv_xcvr_pipe_native|inst_sv_xcvr_native|inst_sv_xcvr_avmm|avmm_interface_insts[3].stratixv_hssi_avmm_interface_inst|pmatestbussel[0]'
Slack : 5.000
TNS   : 0.000

Type  : Slow 900mV 0C Model Minimum Pulse Width 'pcihip0|p|hip|altpcie_hip_256_pipen1b|g_xcvr.sv_xcvr_pipe_native|inst_sv_xcvr_native|inst_sv_xcvr_avmm|avmm_interface_insts[6].stratixv_hssi_avmm_interface_inst|pmatestbussel[0]'
Slack : 5.000
TNS   : 0.000

Type  : Slow 900mV 0C Model Minimum Pulse Width 'pcihip0|p|hip|altpcie_hip_256_pipen1b|g_xcvr.sv_xcvr_pipe_native|inst_sv_xcvr_native|inst_sv_pma|tx_pma.sv_tx_pma_inst|tx_pma_insts[4].sv_tx_pma_ch_inst|tx_pma_ch.tx_cgb|pclkout[2]'
Slack : 8.000
TNS   : 0.000

Type  : Slow 900mV 0C Model Minimum Pulse Width 'altera_reserved_tck'
Slack : 16.081
TNS   : 0.000

Type  : Fast 900mV 85C Model Setup 'pcihip0|p|hip|altpcie_hip_256_pipen1b|stratixv_hssi_gen3_pcie_hip|coreclkout'
Slack : 1.245
TNS   : 0.000

Type  : Fast 900mV 85C Model Setup 'pci_pi_refclk0'
Slack : 3.180
TNS   : 0.000

Type  : Fast 900mV 85C Model Setup 'sfp0|sfpp_phy_inst|S5|transceiver_core|gen.sv_xcvr_native_insts[0].gen_bonded_group.sv_xcvr_native_inst|inst_sv_xcvr_avmm|avmm_interface_insts[0].stratixv_hssi_avmm_interface_inst|pmatestbussel[0]'
Slack : 4.046
TNS   : 0.000

Type  : Fast 900mV 85C Model Setup 'n/a'
Slack : 4.124
TNS   : 0.000

Type  : Fast 900mV 85C Model Setup 'sv_reconfig_pma_testbus_clk_0'
Slack : 8.499
TNS   : 0.000

Type  : Fast 900mV 85C Model Setup 'sv_reconfig_pma_testbus_clk_1'
Slack : 8.772
TNS   : 0.000

Type  : Fast 900mV 85C Model Setup 'altera_reserved_tck'
Slack : 14.263
TNS   : 0.000

Type  : Fast 900mV 85C Model Hold 'altera_reserved_tck'
Slack : 0.025
TNS   : 0.000

Type  : Fast 900mV 85C Model Hold 'pcihip0|p|hip|altpcie_hip_256_pipen1b|stratixv_hssi_gen3_pcie_hip|coreclkout'
Slack : 0.072
TNS   : 0.000

Type  : Fast 900mV 85C Model Hold 'pci_pi_refclk0'
Slack : 0.103
TNS   : 0.000

Type  : Fast 900mV 85C Model Hold 'sfp0|sfpp_phy_inst|S5|transceiver_core|gen.sv_xcvr_native_insts[0].gen_bonded_group.sv_xcvr_native_inst|inst_sv_xcvr_avmm|avmm_interface_insts[0].stratixv_hssi_avmm_interface_inst|pmatestbussel[0]'
Slack : 0.336
TNS   : 0.000

Type  : Fast 900mV 85C Model Hold 'sv_reconfig_pma_testbus_clk_1'
Slack : 0.489
TNS   : 0.000

Type  : Fast 900mV 85C Model Hold 'sv_reconfig_pma_testbus_clk_0'
Slack : 0.532
TNS   : 0.000

Type  : Fast 900mV 85C Model Hold 'n/a'
Slack : 12.451
TNS   : 0.000

Type  : Fast 900mV 85C Model Recovery 'pcihip0|p|hip|altpcie_hip_256_pipen1b|stratixv_hssi_gen3_pcie_hip|coreclkout'
Slack : 1.207
TNS   : 0.000

Type  : Fast 900mV 85C Model Recovery 'sfp0|sfpp_phy_inst|S5|transceiver_core|gen.sv_xcvr_native_insts[0].gen_bonded_group.sv_xcvr_native_inst|inst_sv_xcvr_avmm|avmm_interface_insts[0].stratixv_hssi_avmm_interface_inst|pmatestbussel[0]'
Slack : 5.722
TNS   : 0.000

Type  : Fast 900mV 85C Model Recovery 'pci_pi_refclk0'
Slack : 5.900
TNS   : 0.000

Type  : Fast 900mV 85C Model Recovery 'sv_reconfig_pma_testbus_clk_0'
Slack : 8.206
TNS   : 0.000

Type  : Fast 900mV 85C Model Recovery 'altera_reserved_tck'
Slack : 31.804
TNS   : 0.000

Type  : Fast 900mV 85C Model Removal 'pcihip0|p|hip|altpcie_hip_256_pipen1b|stratixv_hssi_gen3_pcie_hip|coreclkout'
Slack : 0.132
TNS   : 0.000

Type  : Fast 900mV 85C Model Removal 'pci_pi_refclk0'
Slack : 0.137
TNS   : 0.000

Type  : Fast 900mV 85C Model Removal 'altera_reserved_tck'
Slack : 0.410
TNS   : 0.000

Type  : Fast 900mV 85C Model Removal 'sfp0|sfpp_phy_inst|S5|transceiver_core|gen.sv_xcvr_native_insts[0].gen_bonded_group.sv_xcvr_native_inst|inst_sv_xcvr_avmm|avmm_interface_insts[0].stratixv_hssi_avmm_interface_inst|pmatestbussel[0]'
Slack : 0.638
TNS   : 0.000

Type  : Fast 900mV 85C Model Removal 'sv_reconfig_pma_testbus_clk_0'
Slack : 0.899
TNS   : 0.000

Type  : Fast 900mV 85C Model Minimum Pulse Width 'sfp0|sfpp_phy_inst|S5|transceiver_core|gen.sv_xcvr_native_insts[0].gen_bonded_group.sv_xcvr_native_inst|inst_sv_pma|rx_pma.sv_rx_pma_inst|rx_pmas[0].rx_pma.rx_cdr|clk90bdes'
Slack : 0.117
TNS   : 0.000

Type  : Fast 900mV 85C Model Minimum Pulse Width 'sfp0|sfpp_phy_inst|S5|transceiver_core|gen.sv_xcvr_native_insts[0].gen_tx_plls.gen_tx_plls.tx_plls|pll[0].pll.atx_pll.tx_pll|clk010g'
Slack : 0.117
TNS   : 0.000

Type  : Fast 900mV 85C Model Minimum Pulse Width 'sfp1|sfpp_phy_inst|S5|transceiver_core|gen.sv_xcvr_native_insts[0].gen_bonded_group.sv_xcvr_native_inst|inst_sv_pma|rx_pma.sv_rx_pma_inst|rx_pmas[0].rx_pma.rx_cdr|clk90bdes'
Slack : 0.117
TNS   : 0.000

Type  : Fast 900mV 85C Model Minimum Pulse Width 'pcihip0|p|hip|altpcie_hip_256_pipen1b|g_xcvr.sv_xcvr_pipe_native|sv_xcvr_tx_plls_inst|pll[0].pll.cmu_pll.tx_pll|clkcdr'
Slack : 0.192
TNS   : 0.000

Type  : Fast 900mV 85C Model Minimum Pulse Width 'pcihip0|p|hip|altpcie_hip_256_pipen1b|g_xcvr.sv_xcvr_pipe_native|inst_sv_xcvr_native|inst_sv_pma|rx_pma.sv_rx_pma_inst|rx_pmas[0].rx_pma.rx_cdr|clk90bdes'
Slack : 0.200
TNS   : 0.000

Type  : Fast 900mV 85C Model Minimum Pulse Width 'pcihip0|p|hip|altpcie_hip_256_pipen1b|g_xcvr.sv_xcvr_pipe_native|inst_sv_xcvr_native|inst_sv_pma|rx_pma.sv_rx_pma_inst|rx_pmas[1].rx_pma.rx_cdr|clk90bdes'
Slack : 0.200
TNS   : 0.000

Type  : Fast 900mV 85C Model Minimum Pulse Width 'pcihip0|p|hip|altpcie_hip_256_pipen1b|g_xcvr.sv_xcvr_pipe_native|inst_sv_xcvr_native|inst_sv_pma|rx_pma.sv_rx_pma_inst|rx_pmas[2].rx_pma.rx_cdr|clk90bdes'
Slack : 0.200
TNS   : 0.000

Type  : Fast 900mV 85C Model Minimum Pulse Width 'pcihip0|p|hip|altpcie_hip_256_pipen1b|g_xcvr.sv_xcvr_pipe_native|inst_sv_xcvr_native|inst_sv_pma|rx_pma.sv_rx_pma_inst|rx_pmas[3].rx_pma.rx_cdr|clk90bdes'
Slack : 0.200
TNS   : 0.000

Type  : Fast 900mV 85C Model Minimum Pulse Width 'pcihip0|p|hip|altpcie_hip_256_pipen1b|g_xcvr.sv_xcvr_pipe_native|inst_sv_xcvr_native|inst_sv_pma|rx_pma.sv_rx_pma_inst|rx_pmas[5].rx_pma.rx_cdr|clk90bdes'
Slack : 0.200
TNS   : 0.000

Type  : Fast 900mV 85C Model Minimum Pulse Width 'pcihip0|p|hip|altpcie_hip_256_pipen1b|g_xcvr.sv_xcvr_pipe_native|inst_sv_xcvr_native|inst_sv_pma|rx_pma.sv_rx_pma_inst|rx_pmas[6].rx_pma.rx_cdr|clk90bdes'
Slack : 0.200
TNS   : 0.000

Type  : Fast 900mV 85C Model Minimum Pulse Width 'pcihip0|p|hip|altpcie_hip_256_pipen1b|g_xcvr.sv_xcvr_pipe_native|inst_sv_xcvr_native|inst_sv_pma|rx_pma.sv_rx_pma_inst|rx_pmas[7].rx_pma.rx_cdr|clk90bdes'
Slack : 0.200
TNS   : 0.000

Type  : Fast 900mV 85C Model Minimum Pulse Width 'pcihip0|p|hip|altpcie_hip_256_pipen1b|g_xcvr.sv_xcvr_pipe_native|inst_sv_xcvr_native|inst_sv_pma|rx_pma.sv_rx_pma_inst|rx_pmas[8].rx_pma.rx_cdr|clk90bdes'
Slack : 0.200
TNS   : 0.000

Type  : Fast 900mV 85C Model Minimum Pulse Width 'i_refclk_sfp'
Slack : 0.938
TNS   : 0.000

Type  : Fast 900mV 85C Model Minimum Pulse Width 'pcihip0|p|hip|altpcie_hip_256_pipen1b|g_xcvr.sv_xcvr_pipe_native|inst_sv_xcvr_native|inst_sv_pma|rx_pma.sv_rx_pma_inst|rx_pmas[0].rx_pma.rx_pma_deser|clk90b'
Slack : 0.950
TNS   : 0.000

Type  : Fast 900mV 85C Model Minimum Pulse Width 'pcihip0|p|hip|altpcie_hip_256_pipen1b|g_xcvr.sv_xcvr_pipe_native|inst_sv_xcvr_native|inst_sv_pma|rx_pma.sv_rx_pma_inst|rx_pmas[1].rx_pma.rx_pma_deser|clk90b'
Slack : 0.950
TNS   : 0.000

Type  : Fast 900mV 85C Model Minimum Pulse Width 'pcihip0|p|hip|altpcie_hip_256_pipen1b|g_xcvr.sv_xcvr_pipe_native|inst_sv_xcvr_native|inst_sv_pma|rx_pma.sv_rx_pma_inst|rx_pmas[2].rx_pma.rx_pma_deser|clk90b'
Slack : 0.950
TNS   : 0.000

Type  : Fast 900mV 85C Model Minimum Pulse Width 'pcihip0|p|hip|altpcie_hip_256_pipen1b|g_xcvr.sv_xcvr_pipe_native|inst_sv_xcvr_native|inst_sv_pma|rx_pma.sv_rx_pma_inst|rx_pmas[3].rx_pma.rx_pma_deser|clk90b'
Slack : 0.950
TNS   : 0.000

Type  : Fast 900mV 85C Model Minimum Pulse Width 'pcihip0|p|hip|altpcie_hip_256_pipen1b|g_xcvr.sv_xcvr_pipe_native|inst_sv_xcvr_native|inst_sv_pma|rx_pma.sv_rx_pma_inst|rx_pmas[5].rx_pma.rx_pma_deser|clk90b'
Slack : 0.950
TNS   : 0.000

Type  : Fast 900mV 85C Model Minimum Pulse Width 'pcihip0|p|hip|altpcie_hip_256_pipen1b|g_xcvr.sv_xcvr_pipe_native|inst_sv_xcvr_native|inst_sv_pma|rx_pma.sv_rx_pma_inst|rx_pmas[6].rx_pma.rx_pma_deser|clk90b'
Slack : 0.950
TNS   : 0.000

Type  : Fast 900mV 85C Model Minimum Pulse Width 'pcihip0|p|hip|altpcie_hip_256_pipen1b|g_xcvr.sv_xcvr_pipe_native|inst_sv_xcvr_native|inst_sv_pma|rx_pma.sv_rx_pma_inst|rx_pmas[7].rx_pma.rx_pma_deser|clk90b'
Slack : 0.950
TNS   : 0.000

Type  : Fast 900mV 85C Model Minimum Pulse Width 'pcihip0|p|hip|altpcie_hip_256_pipen1b|g_xcvr.sv_xcvr_pipe_native|inst_sv_xcvr_native|inst_sv_pma|rx_pma.sv_rx_pma_inst|rx_pmas[8].rx_pma.rx_pma_deser|clk90b'
Slack : 0.950
TNS   : 0.000

Type  : Fast 900mV 85C Model Minimum Pulse Width 'pcihip0|p|hip|altpcie_hip_256_pipen1b|g_xcvr.sv_xcvr_pipe_native|inst_sv_xcvr_native|inst_sv_pma|tx_pma.sv_tx_pma_inst|tx_pma_insts[0].sv_tx_pma_ch_inst|tx_pma_ch.tx_cgb|lfclkp'
Slack : 0.986
TNS   : 0.000

Type  : Fast 900mV 85C Model Minimum Pulse Width 'pcihip0|p|hip|altpcie_hip_256_pipen1b|g_xcvr.sv_xcvr_pipe_native|inst_sv_xcvr_native|inst_sv_pma|tx_pma.sv_tx_pma_inst|tx_pma_insts[1].sv_tx_pma_ch_inst|tx_pma_ch.tx_cgb|lfclkp'
Slack : 0.986
TNS   : 0.000

Type  : Fast 900mV 85C Model Minimum Pulse Width 'pcihip0|p|hip|altpcie_hip_256_pipen1b|g_xcvr.sv_xcvr_pipe_native|inst_sv_xcvr_native|inst_sv_pma|tx_pma.sv_tx_pma_inst|tx_pma_insts[2].sv_tx_pma_ch_inst|tx_pma_ch.tx_cgb|lfclkp'
Slack : 0.986
TNS   : 0.000

Type  : Fast 900mV 85C Model Minimum Pulse Width 'pcihip0|p|hip|altpcie_hip_256_pipen1b|g_xcvr.sv_xcvr_pipe_native|inst_sv_xcvr_native|inst_sv_pma|tx_pma.sv_tx_pma_inst|tx_pma_insts[3].sv_tx_pma_ch_inst|tx_pma_ch.tx_cgb|lfclkp'
Slack : 0.986
TNS   : 0.000

Type  : Fast 900mV 85C Model Minimum Pulse Width 'pcihip0|p|hip|altpcie_hip_256_pipen1b|g_xcvr.sv_xcvr_pipe_native|inst_sv_xcvr_native|inst_sv_pma|tx_pma.sv_tx_pma_inst|tx_pma_insts[4].sv_tx_pma_ch_inst|tx_pma_ch.tx_cgb|lfclkp'
Slack : 0.986
TNS   : 0.000

Type  : Fast 900mV 85C Model Minimum Pulse Width 'pcihip0|p|hip|altpcie_hip_256_pipen1b|g_xcvr.sv_xcvr_pipe_native|inst_sv_xcvr_native|inst_sv_pma|tx_pma.sv_tx_pma_inst|tx_pma_insts[5].sv_tx_pma_ch_inst|tx_pma_ch.tx_cgb|lfclkp'
Slack : 0.986
TNS   : 0.000

Type  : Fast 900mV 85C Model Minimum Pulse Width 'pcihip0|p|hip|altpcie_hip_256_pipen1b|g_xcvr.sv_xcvr_pipe_native|inst_sv_xcvr_native|inst_sv_pma|tx_pma.sv_tx_pma_inst|tx_pma_insts[6].sv_tx_pma_ch_inst|tx_pma_ch.tx_cgb|lfclkp'
Slack : 0.986
TNS   : 0.000

Type  : Fast 900mV 85C Model Minimum Pulse Width 'pcihip0|p|hip|altpcie_hip_256_pipen1b|g_xcvr.sv_xcvr_pipe_native|inst_sv_xcvr_native|inst_sv_pma|tx_pma.sv_tx_pma_inst|tx_pma_insts[7].sv_tx_pma_ch_inst|tx_pma_ch.tx_cgb|lfclkp'
Slack : 0.986
TNS   : 0.000

Type  : Fast 900mV 85C Model Minimum Pulse Width 'pcihip0|p|hip|altpcie_hip_256_pipen1b|g_xcvr.sv_xcvr_pipe_native|inst_sv_xcvr_native|inst_sv_pma|tx_pma.sv_tx_pma_inst|tx_pma_insts[8].sv_tx_pma_ch_inst|tx_pma_ch.tx_cgb|lfclkp'
Slack : 0.986
TNS   : 0.000

Type  : Fast 900mV 85C Model Minimum Pulse Width 'pcihip0|p|hip|altpcie_hip_256_pipen1b|g_xcvr.sv_xcvr_pipe_native|inst_sv_xcvr_native|inst_sv_pma|tx_pma.sv_tx_pma_inst|tx_pma_insts[4].sv_tx_pma_ch_inst|tx_pma_ch.tx_cgb|cpulseout'
Slack : 0.992
TNS   : 0.000

Type  : Fast 900mV 85C Model Minimum Pulse Width 'pcihip0|p|hip|altpcie_hip_256_pipen1b|g_xcvr.sv_xcvr_pipe_native|inst_sv_xcvr_native|inst_sv_pma|tx_pma.sv_tx_pma_inst|tx_pma_insts[4].sv_tx_pma_ch_inst|tx_pma_ch.tx_cgb|lfclkpout'
Slack : 1.000
TNS   : 0.000

Type  : Fast 900mV 85C Model Minimum Pulse Width 'sfp0|sfpp_phy_inst|S5|transceiver_core|gen.sv_xcvr_native_insts[0].gen_bonded_group.sv_xcvr_native_inst|inst_sv_pma|rx_pma.sv_rx_pma_inst|rx_pmas[0].rx_pma.rx_pma_deser|clk90b'
Slack : 1.125
TNS   : 0.000

Type  : Fast 900mV 85C Model Minimum Pulse Width 'sfp1|sfpp_phy_inst|S5|transceiver_core|gen.sv_xcvr_native_insts[0].gen_bonded_group.sv_xcvr_native_inst|inst_sv_pma|rx_pma.sv_rx_pma_inst|rx_pmas[0].rx_pma.rx_pma_deser|clk90b'
Slack : 1.125
TNS   : 0.000

Type  : Fast 900mV 85C Model Minimum Pulse Width 'sfp0|sfpp_phy_inst|S5|transceiver_core|gen.sv_xcvr_native_insts[0].gen_bonded_group.sv_xcvr_native_inst|inst_sv_pma|tx_pma.sv_tx_pma_inst|tx_pma_insts[0].sv_tx_pma_ch_inst|tx_pma_ch.tx_cgb|pclk[0]'
Slack : 1.162
TNS   : 0.000

Type  : Fast 900mV 85C Model Minimum Pulse Width 'sfp1|sfpp_phy_inst|S5|transceiver_core|gen.sv_xcvr_native_insts[0].gen_bonded_group.sv_xcvr_native_inst|inst_sv_pma|tx_pma.sv_tx_pma_inst|tx_pma_insts[0].sv_tx_pma_ch_inst|tx_pma_ch.tx_cgb|pclk[0]'
Slack : 1.162
TNS   : 0.000

Type  : Fast 900mV 85C Model Minimum Pulse Width 'pcihip0|p|hip|altpcie_hip_256_pipen1b|stratixv_hssi_gen3_pcie_hip|coreclkout'
Slack : 1.187
TNS   : 0.000

Type  : Fast 900mV 85C Model Minimum Pulse Width 'pcihip0|p|hip|altpcie_hip_256_pipen1b|g_xcvr.sv_xcvr_pipe_native|inst_sv_xcvr_native|inst_sv_pma|tx_pma.sv_tx_pma_inst|tx_pma_insts[4].sv_tx_pma_ch_inst|tx_pma_ch.tx_cgb|pclkout[0]'
Slack : 2.000
TNS   : 0.000

Type  : Fast 900mV 85C Model Minimum Pulse Width 'pcihip0|p|hip|altpcie_hip_256_pipen1b|stratixv_hssi_gen3_pcie_hip|observablecoreclkdiv'
Slack : 2.000
TNS   : 0.000

Type  : Fast 900mV 85C Model Minimum Pulse Width 'sfp1|sfpp_phy_inst|S5|transceiver_core|gen.sv_xcvr_native_insts[0].gen_bonded_group.sv_xcvr_native_inst|inst_sv_pcs|ch[0].inst_sv_pcs_ch|inst_sv_hssi_8g_rx_pcs|wys|clocktopld'
Slack : 2.295
TNS   : 0.000

Type  : Fast 900mV 85C Model Minimum Pulse Width 'sfp0|sfpp_phy_inst|S5|transceiver_core|gen.sv_xcvr_native_insts[0].gen_bonded_group.sv_xcvr_native_inst|inst_sv_pcs|ch[0].inst_sv_pcs_ch|inst_sv_hssi_8g_rx_pcs|wys|clocktopld'
Slack : 2.299
TNS   : 0.000

Type  : Fast 900mV 85C Model Minimum Pulse Width 'sfp0|sfpp_phy_inst|S5|transceiver_core|gen.sv_xcvr_native_insts[0].gen_bonded_group.sv_xcvr_native_inst|inst_sv_pcs|ch[0].inst_sv_pcs_ch|inst_sv_hssi_8g_rx_pcs|wys|observablebyteserdesclock'
Slack : 2.319
TNS   : 0.000

Type  : Fast 900mV 85C Model Minimum Pulse Width 'sfp1|sfpp_phy_inst|S5|transceiver_core|gen.sv_xcvr_native_insts[0].gen_bonded_group.sv_xcvr_native_inst|inst_sv_pcs|ch[0].inst_sv_pcs_ch|inst_sv_hssi_8g_rx_pcs|wys|observablebyteserdesclock'
Slack : 2.319
TNS   : 0.000

Type  : Fast 900mV 85C Model Minimum Pulse Width 'sfp0|sfpp_phy_inst|S5|transceiver_core|gen.sv_xcvr_native_insts[0].gen_bonded_group.sv_xcvr_native_inst|inst_sv_pcs|ch[0].inst_sv_pcs_ch|inst_sv_hssi_8g_tx_pcs|wys|observablebyteserdesclock'
Slack : 2.352
TNS   : 0.000

Type  : Fast 900mV 85C Model Minimum Pulse Width 'sfp1|sfpp_phy_inst|S5|transceiver_core|gen.sv_xcvr_native_insts[0].gen_bonded_group.sv_xcvr_native_inst|inst_sv_pcs|ch[0].inst_sv_pcs_ch|inst_sv_hssi_8g_tx_pcs|wys|observablebyteserdesclock'
Slack : 2.352
TNS   : 0.000

Type  : Fast 900mV 85C Model Minimum Pulse Width 'sfp0|sfpp_phy_inst|S5|transceiver_core|gen.sv_xcvr_native_insts[0].gen_bonded_group.sv_xcvr_native_inst|inst_sv_xcvr_avmm|avmm_interface_insts[0].stratixv_hssi_avmm_interface_inst|pmatestbussel[0]'
Slack : 3.836
TNS   : 0.000

Type  : Fast 900mV 85C Model Minimum Pulse Width 'pcihip0|p|hip|altpcie_hip_256_pipen1b|g_xcvr.sv_xcvr_pipe_native|inst_sv_xcvr_native|inst_sv_pcs|ch[0].inst_sv_pcs_ch|inst_sv_hssi_8g_rx_pcs|wys|observablebyteserdesclock'
Slack : 3.970
TNS   : 0.000

Type  : Fast 900mV 85C Model Minimum Pulse Width 'pcihip0|p|hip|altpcie_hip_256_pipen1b|g_xcvr.sv_xcvr_pipe_native|inst_sv_xcvr_native|inst_sv_pcs|ch[1].inst_sv_pcs_ch|inst_sv_hssi_8g_rx_pcs|wys|observablebyteserdesclock'
Slack : 3.970
TNS   : 0.000

Type  : Fast 900mV 85C Model Minimum Pulse Width 'pcihip0|p|hip|altpcie_hip_256_pipen1b|g_xcvr.sv_xcvr_pipe_native|inst_sv_xcvr_native|inst_sv_pcs|ch[2].inst_sv_pcs_ch|inst_sv_hssi_8g_rx_pcs|wys|observablebyteserdesclock'
Slack : 3.970
TNS   : 0.000

Type  : Fast 900mV 85C Model Minimum Pulse Width 'pcihip0|p|hip|altpcie_hip_256_pipen1b|g_xcvr.sv_xcvr_pipe_native|inst_sv_xcvr_native|inst_sv_pcs|ch[3].inst_sv_pcs_ch|inst_sv_hssi_8g_rx_pcs|wys|observablebyteserdesclock'
Slack : 3.970
TNS   : 0.000

Type  : Fast 900mV 85C Model Minimum Pulse Width 'pcihip0|p|hip|altpcie_hip_256_pipen1b|g_xcvr.sv_xcvr_pipe_native|inst_sv_xcvr_native|inst_sv_pcs|ch[5].inst_sv_pcs_ch|inst_sv_hssi_8g_rx_pcs|wys|observablebyteserdesclock'
Slack : 3.970
TNS   : 0.000

Type  : Fast 900mV 85C Model Minimum Pulse Width 'pcihip0|p|hip|altpcie_hip_256_pipen1b|g_xcvr.sv_xcvr_pipe_native|inst_sv_xcvr_native|inst_sv_pcs|ch[6].inst_sv_pcs_ch|inst_sv_hssi_8g_rx_pcs|wys|observablebyteserdesclock'
Slack : 3.970
TNS   : 0.000

Type  : Fast 900mV 85C Model Minimum Pulse Width 'pcihip0|p|hip|altpcie_hip_256_pipen1b|g_xcvr.sv_xcvr_pipe_native|inst_sv_xcvr_native|inst_sv_pcs|ch[7].inst_sv_pcs_ch|inst_sv_hssi_8g_rx_pcs|wys|observablebyteserdesclock'
Slack : 3.970
TNS   : 0.000

Type  : Fast 900mV 85C Model Minimum Pulse Width 'pcihip0|p|hip|altpcie_hip_256_pipen1b|g_xcvr.sv_xcvr_pipe_native|inst_sv_xcvr_native|inst_sv_pcs|ch[8].inst_sv_pcs_ch|inst_sv_hssi_8g_rx_pcs|wys|observablebyteserdesclock'
Slack : 3.970
TNS   : 0.000

Type  : Fast 900mV 85C Model Minimum Pulse Width 'pcihip0|p|hip|altpcie_hip_256_pipen1b|g_xcvr.sv_xcvr_pipe_native|inst_sv_xcvr_native|inst_sv_pcs|ch[0].inst_sv_pcs_ch|inst_sv_hssi_8g_tx_pcs|wys|observablebyteserdesclock'
Slack : 4.000
TNS   : 0.000

Type  : Fast 900mV 85C Model Minimum Pulse Width 'pcihip0|p|hip|altpcie_hip_256_pipen1b|g_xcvr.sv_xcvr_pipe_native|inst_sv_xcvr_native|inst_sv_pcs|ch[1].inst_sv_pcs_ch|inst_sv_hssi_8g_tx_pcs|wys|observablebyteserdesclock'
Slack : 4.000
TNS   : 0.000

Type  : Fast 900mV 85C Model Minimum Pulse Width 'pcihip0|p|hip|altpcie_hip_256_pipen1b|g_xcvr.sv_xcvr_pipe_native|inst_sv_xcvr_native|inst_sv_pcs|ch[2].inst_sv_pcs_ch|inst_sv_hssi_8g_tx_pcs|wys|observablebyteserdesclock'
Slack : 4.000
TNS   : 0.000

Type  : Fast 900mV 85C Model Minimum Pulse Width 'pcihip0|p|hip|altpcie_hip_256_pipen1b|g_xcvr.sv_xcvr_pipe_native|inst_sv_xcvr_native|inst_sv_pcs|ch[3].inst_sv_pcs_ch|inst_sv_hssi_8g_tx_pcs|wys|observablebyteserdesclock'
Slack : 4.000
TNS   : 0.000

Type  : Fast 900mV 85C Model Minimum Pulse Width 'pcihip0|p|hip|altpcie_hip_256_pipen1b|g_xcvr.sv_xcvr_pipe_native|inst_sv_xcvr_native|inst_sv_pcs|ch[4].inst_sv_pcs_ch|inst_sv_hssi_8g_tx_pcs|wys|observablebyteserdesclock'
Slack : 4.000
TNS   : 0.000

Type  : Fast 900mV 85C Model Minimum Pulse Width 'pcihip0|p|hip|altpcie_hip_256_pipen1b|g_xcvr.sv_xcvr_pipe_native|inst_sv_xcvr_native|inst_sv_pcs|ch[5].inst_sv_pcs_ch|inst_sv_hssi_8g_tx_pcs|wys|observablebyteserdesclock'
Slack : 4.000
TNS   : 0.000

Type  : Fast 900mV 85C Model Minimum Pulse Width 'pcihip0|p|hip|altpcie_hip_256_pipen1b|g_xcvr.sv_xcvr_pipe_native|inst_sv_xcvr_native|inst_sv_pcs|ch[6].inst_sv_pcs_ch|inst_sv_hssi_8g_tx_pcs|wys|observablebyteserdesclock'
Slack : 4.000
TNS   : 0.000

Type  : Fast 900mV 85C Model Minimum Pulse Width 'pcihip0|p|hip|altpcie_hip_256_pipen1b|g_xcvr.sv_xcvr_pipe_native|inst_sv_xcvr_native|inst_sv_pcs|ch[7].inst_sv_pcs_ch|inst_sv_hssi_8g_tx_pcs|wys|observablebyteserdesclock'
Slack : 4.000
TNS   : 0.000

Type  : Fast 900mV 85C Model Minimum Pulse Width 'pcihip0|p|hip|altpcie_hip_256_pipen1b|g_xcvr.sv_xcvr_pipe_native|inst_sv_xcvr_native|inst_sv_pcs|ch[8].inst_sv_pcs_ch|inst_sv_hssi_8g_tx_pcs|wys|observablebyteserdesclock'
Slack : 4.000
TNS   : 0.000

Type  : Fast 900mV 85C Model Minimum Pulse Width 'pcihip0|p|hip|altpcie_hip_256_pipen1b|g_xcvr.sv_xcvr_pipe_native|inst_sv_xcvr_native|inst_sv_pma|tx_pma.sv_tx_pma_inst|tx_pma_insts[4].sv_tx_pma_ch_inst|tx_pma_ch.tx_cgb|pclkout[1]'
Slack : 4.000
TNS   : 0.000

Type  : Fast 900mV 85C Model Minimum Pulse Width 'sv_reconfig_pma_testbus_clk_0'
Slack : 4.205
TNS   : 0.000

Type  : Fast 900mV 85C Model Minimum Pulse Width 'sv_reconfig_pma_testbus_clk_1'
Slack : 4.380
TNS   : 0.000

Type  : Fast 900mV 85C Model Minimum Pulse Width 'pci_pi_refclk0'
Slack : 4.393
TNS   : 0.000

Type  : Fast 900mV 85C Model Minimum Pulse Width 'pcihip0|p|hip|altpcie_hip_256_pipen1b|g_xcvr.sv_xcvr_pipe_native|inst_sv_xcvr_native|inst_sv_xcvr_avmm|avmm_interface_insts[0].stratixv_hssi_avmm_interface_inst|pmatestbussel[0]'
Slack : 5.000
TNS   : 0.000

Type  : Fast 900mV 85C Model Minimum Pulse Width 'pcihip0|p|hip|altpcie_hip_256_pipen1b|g_xcvr.sv_xcvr_pipe_native|inst_sv_xcvr_native|inst_sv_xcvr_avmm|avmm_interface_insts[3].stratixv_hssi_avmm_interface_inst|pmatestbussel[0]'
Slack : 5.000
TNS   : 0.000

Type  : Fast 900mV 85C Model Minimum Pulse Width 'pcihip0|p|hip|altpcie_hip_256_pipen1b|g_xcvr.sv_xcvr_pipe_native|inst_sv_xcvr_native|inst_sv_xcvr_avmm|avmm_interface_insts[6].stratixv_hssi_avmm_interface_inst|pmatestbussel[0]'
Slack : 5.000
TNS   : 0.000

Type  : Fast 900mV 85C Model Minimum Pulse Width 'pcihip0|p|hip|altpcie_hip_256_pipen1b|g_xcvr.sv_xcvr_pipe_native|inst_sv_xcvr_native|inst_sv_pma|tx_pma.sv_tx_pma_inst|tx_pma_insts[4].sv_tx_pma_ch_inst|tx_pma_ch.tx_cgb|pclkout[2]'
Slack : 8.000
TNS   : 0.000

Type  : Fast 900mV 85C Model Minimum Pulse Width 'altera_reserved_tck'
Slack : 15.906
TNS   : 0.000

Type  : Fast 900mV 0C Model Setup 'pcihip0|p|hip|altpcie_hip_256_pipen1b|stratixv_hssi_gen3_pcie_hip|coreclkout'
Slack : 1.397
TNS   : 0.000

Type  : Fast 900mV 0C Model Setup 'pci_pi_refclk0'
Slack : 3.257
TNS   : 0.000

Type  : Fast 900mV 0C Model Setup 'sfp0|sfpp_phy_inst|S5|transceiver_core|gen.sv_xcvr_native_insts[0].gen_bonded_group.sv_xcvr_native_inst|inst_sv_xcvr_avmm|avmm_interface_insts[0].stratixv_hssi_avmm_interface_inst|pmatestbussel[0]'
Slack : 4.515
TNS   : 0.000

Type  : Fast 900mV 0C Model Setup 'n/a'
Slack : 4.536
TNS   : 0.000

Type  : Fast 900mV 0C Model Setup 'sv_reconfig_pma_testbus_clk_0'
Slack : 8.577
TNS   : 0.000

Type  : Fast 900mV 0C Model Setup 'sv_reconfig_pma_testbus_clk_1'
Slack : 8.864
TNS   : 0.000

Type  : Fast 900mV 0C Model Setup 'altera_reserved_tck'
Slack : 14.413
TNS   : 0.000

Type  : Fast 900mV 0C Model Hold 'altera_reserved_tck'
Slack : 0.019
TNS   : 0.000

Type  : Fast 900mV 0C Model Hold 'pcihip0|p|hip|altpcie_hip_256_pipen1b|stratixv_hssi_gen3_pcie_hip|coreclkout'
Slack : 0.100
TNS   : 0.000

Type  : Fast 900mV 0C Model Hold 'pci_pi_refclk0'
Slack : 0.148
TNS   : 0.000

Type  : Fast 900mV 0C Model Hold 'sfp0|sfpp_phy_inst|S5|transceiver_core|gen.sv_xcvr_native_insts[0].gen_bonded_group.sv_xcvr_native_inst|inst_sv_xcvr_avmm|avmm_interface_insts[0].stratixv_hssi_avmm_interface_inst|pmatestbussel[0]'
Slack : 0.327
TNS   : 0.000

Type  : Fast 900mV 0C Model Hold 'sv_reconfig_pma_testbus_clk_1'
Slack : 0.453
TNS   : 0.000

Type  : Fast 900mV 0C Model Hold 'sv_reconfig_pma_testbus_clk_0'
Slack : 0.495
TNS   : 0.000

Type  : Fast 900mV 0C Model Hold 'n/a'
Slack : 12.341
TNS   : 0.000

Type  : Fast 900mV 0C Model Recovery 'pcihip0|p|hip|altpcie_hip_256_pipen1b|stratixv_hssi_gen3_pcie_hip|coreclkout'
Slack : 1.405
TNS   : 0.000

Type  : Fast 900mV 0C Model Recovery 'sfp0|sfpp_phy_inst|S5|transceiver_core|gen.sv_xcvr_native_insts[0].gen_bonded_group.sv_xcvr_native_inst|inst_sv_xcvr_avmm|avmm_interface_insts[0].stratixv_hssi_avmm_interface_inst|pmatestbussel[0]'
Slack : 5.975
TNS   : 0.000

Type  : Fast 900mV 0C Model Recovery 'pci_pi_refclk0'
Slack : 6.201
TNS   : 0.000

Type  : Fast 900mV 0C Model Recovery 'sv_reconfig_pma_testbus_clk_0'
Slack : 8.297
TNS   : 0.000

Type  : Fast 900mV 0C Model Recovery 'altera_reserved_tck'
Slack : 31.900
TNS   : 0.000

Type  : Fast 900mV 0C Model Removal 'pcihip0|p|hip|altpcie_hip_256_pipen1b|stratixv_hssi_gen3_pcie_hip|coreclkout'
Slack : 0.169
TNS   : 0.000

Type  : Fast 900mV 0C Model Removal 'pci_pi_refclk0'
Slack : 0.180
TNS   : 0.000

Type  : Fast 900mV 0C Model Removal 'altera_reserved_tck'
Slack : 0.372
TNS   : 0.000

Type  : Fast 900mV 0C Model Removal 'sfp0|sfpp_phy_inst|S5|transceiver_core|gen.sv_xcvr_native_insts[0].gen_bonded_group.sv_xcvr_native_inst|inst_sv_xcvr_avmm|avmm_interface_insts[0].stratixv_hssi_avmm_interface_inst|pmatestbussel[0]'
Slack : 0.585
TNS   : 0.000

Type  : Fast 900mV 0C Model Removal 'sv_reconfig_pma_testbus_clk_0'
Slack : 0.820
TNS   : 0.000

Type  : Fast 900mV 0C Model Minimum Pulse Width 'sfp0|sfpp_phy_inst|S5|transceiver_core|gen.sv_xcvr_native_insts[0].gen_bonded_group.sv_xcvr_native_inst|inst_sv_pma|rx_pma.sv_rx_pma_inst|rx_pmas[0].rx_pma.rx_cdr|clk90bdes'
Slack : 0.117
TNS   : 0.000

Type  : Fast 900mV 0C Model Minimum Pulse Width 'sfp0|sfpp_phy_inst|S5|transceiver_core|gen.sv_xcvr_native_insts[0].gen_tx_plls.gen_tx_plls.tx_plls|pll[0].pll.atx_pll.tx_pll|clk010g'
Slack : 0.117
TNS   : 0.000

Type  : Fast 900mV 0C Model Minimum Pulse Width 'sfp1|sfpp_phy_inst|S5|transceiver_core|gen.sv_xcvr_native_insts[0].gen_bonded_group.sv_xcvr_native_inst|inst_sv_pma|rx_pma.sv_rx_pma_inst|rx_pmas[0].rx_pma.rx_cdr|clk90bdes'
Slack : 0.117
TNS   : 0.000

Type  : Fast 900mV 0C Model Minimum Pulse Width 'pcihip0|p|hip|altpcie_hip_256_pipen1b|g_xcvr.sv_xcvr_pipe_native|sv_xcvr_tx_plls_inst|pll[0].pll.cmu_pll.tx_pll|clkcdr'
Slack : 0.192
TNS   : 0.000

Type  : Fast 900mV 0C Model Minimum Pulse Width 'pcihip0|p|hip|altpcie_hip_256_pipen1b|g_xcvr.sv_xcvr_pipe_native|inst_sv_xcvr_native|inst_sv_pma|rx_pma.sv_rx_pma_inst|rx_pmas[0].rx_pma.rx_cdr|clk90bdes'
Slack : 0.200
TNS   : 0.000

Type  : Fast 900mV 0C Model Minimum Pulse Width 'pcihip0|p|hip|altpcie_hip_256_pipen1b|g_xcvr.sv_xcvr_pipe_native|inst_sv_xcvr_native|inst_sv_pma|rx_pma.sv_rx_pma_inst|rx_pmas[1].rx_pma.rx_cdr|clk90bdes'
Slack : 0.200
TNS   : 0.000

Type  : Fast 900mV 0C Model Minimum Pulse Width 'pcihip0|p|hip|altpcie_hip_256_pipen1b|g_xcvr.sv_xcvr_pipe_native|inst_sv_xcvr_native|inst_sv_pma|rx_pma.sv_rx_pma_inst|rx_pmas[2].rx_pma.rx_cdr|clk90bdes'
Slack : 0.200
TNS   : 0.000

Type  : Fast 900mV 0C Model Minimum Pulse Width 'pcihip0|p|hip|altpcie_hip_256_pipen1b|g_xcvr.sv_xcvr_pipe_native|inst_sv_xcvr_native|inst_sv_pma|rx_pma.sv_rx_pma_inst|rx_pmas[3].rx_pma.rx_cdr|clk90bdes'
Slack : 0.200
TNS   : 0.000

Type  : Fast 900mV 0C Model Minimum Pulse Width 'pcihip0|p|hip|altpcie_hip_256_pipen1b|g_xcvr.sv_xcvr_pipe_native|inst_sv_xcvr_native|inst_sv_pma|rx_pma.sv_rx_pma_inst|rx_pmas[5].rx_pma.rx_cdr|clk90bdes'
Slack : 0.200
TNS   : 0.000

Type  : Fast 900mV 0C Model Minimum Pulse Width 'pcihip0|p|hip|altpcie_hip_256_pipen1b|g_xcvr.sv_xcvr_pipe_native|inst_sv_xcvr_native|inst_sv_pma|rx_pma.sv_rx_pma_inst|rx_pmas[6].rx_pma.rx_cdr|clk90bdes'
Slack : 0.200
TNS   : 0.000

Type  : Fast 900mV 0C Model Minimum Pulse Width 'pcihip0|p|hip|altpcie_hip_256_pipen1b|g_xcvr.sv_xcvr_pipe_native|inst_sv_xcvr_native|inst_sv_pma|rx_pma.sv_rx_pma_inst|rx_pmas[7].rx_pma.rx_cdr|clk90bdes'
Slack : 0.200
TNS   : 0.000

Type  : Fast 900mV 0C Model Minimum Pulse Width 'pcihip0|p|hip|altpcie_hip_256_pipen1b|g_xcvr.sv_xcvr_pipe_native|inst_sv_xcvr_native|inst_sv_pma|rx_pma.sv_rx_pma_inst|rx_pmas[8].rx_pma.rx_cdr|clk90bdes'
Slack : 0.200
TNS   : 0.000

Type  : Fast 900mV 0C Model Minimum Pulse Width 'i_refclk_sfp'
Slack : 0.938
TNS   : 0.000

Type  : Fast 900mV 0C Model Minimum Pulse Width 'pcihip0|p|hip|altpcie_hip_256_pipen1b|g_xcvr.sv_xcvr_pipe_native|inst_sv_xcvr_native|inst_sv_pma|rx_pma.sv_rx_pma_inst|rx_pmas[0].rx_pma.rx_pma_deser|clk90b'
Slack : 0.949
TNS   : 0.000

Type  : Fast 900mV 0C Model Minimum Pulse Width 'pcihip0|p|hip|altpcie_hip_256_pipen1b|g_xcvr.sv_xcvr_pipe_native|inst_sv_xcvr_native|inst_sv_pma|rx_pma.sv_rx_pma_inst|rx_pmas[1].rx_pma.rx_pma_deser|clk90b'
Slack : 0.949
TNS   : 0.000

Type  : Fast 900mV 0C Model Minimum Pulse Width 'pcihip0|p|hip|altpcie_hip_256_pipen1b|g_xcvr.sv_xcvr_pipe_native|inst_sv_xcvr_native|inst_sv_pma|rx_pma.sv_rx_pma_inst|rx_pmas[2].rx_pma.rx_pma_deser|clk90b'
Slack : 0.949
TNS   : 0.000

Type  : Fast 900mV 0C Model Minimum Pulse Width 'pcihip0|p|hip|altpcie_hip_256_pipen1b|g_xcvr.sv_xcvr_pipe_native|inst_sv_xcvr_native|inst_sv_pma|rx_pma.sv_rx_pma_inst|rx_pmas[3].rx_pma.rx_pma_deser|clk90b'
Slack : 0.949
TNS   : 0.000

Type  : Fast 900mV 0C Model Minimum Pulse Width 'pcihip0|p|hip|altpcie_hip_256_pipen1b|g_xcvr.sv_xcvr_pipe_native|inst_sv_xcvr_native|inst_sv_pma|rx_pma.sv_rx_pma_inst|rx_pmas[5].rx_pma.rx_pma_deser|clk90b'
Slack : 0.949
TNS   : 0.000

Type  : Fast 900mV 0C Model Minimum Pulse Width 'pcihip0|p|hip|altpcie_hip_256_pipen1b|g_xcvr.sv_xcvr_pipe_native|inst_sv_xcvr_native|inst_sv_pma|rx_pma.sv_rx_pma_inst|rx_pmas[6].rx_pma.rx_pma_deser|clk90b'
Slack : 0.949
TNS   : 0.000

Type  : Fast 900mV 0C Model Minimum Pulse Width 'pcihip0|p|hip|altpcie_hip_256_pipen1b|g_xcvr.sv_xcvr_pipe_native|inst_sv_xcvr_native|inst_sv_pma|rx_pma.sv_rx_pma_inst|rx_pmas[7].rx_pma.rx_pma_deser|clk90b'
Slack : 0.949
TNS   : 0.000

Type  : Fast 900mV 0C Model Minimum Pulse Width 'pcihip0|p|hip|altpcie_hip_256_pipen1b|g_xcvr.sv_xcvr_pipe_native|inst_sv_xcvr_native|inst_sv_pma|rx_pma.sv_rx_pma_inst|rx_pmas[8].rx_pma.rx_pma_deser|clk90b'
Slack : 0.949
TNS   : 0.000

Type  : Fast 900mV 0C Model Minimum Pulse Width 'pcihip0|p|hip|altpcie_hip_256_pipen1b|g_xcvr.sv_xcvr_pipe_native|inst_sv_xcvr_native|inst_sv_pma|tx_pma.sv_tx_pma_inst|tx_pma_insts[0].sv_tx_pma_ch_inst|tx_pma_ch.tx_cgb|lfclkp'
Slack : 0.986
TNS   : 0.000

Type  : Fast 900mV 0C Model Minimum Pulse Width 'pcihip0|p|hip|altpcie_hip_256_pipen1b|g_xcvr.sv_xcvr_pipe_native|inst_sv_xcvr_native|inst_sv_pma|tx_pma.sv_tx_pma_inst|tx_pma_insts[1].sv_tx_pma_ch_inst|tx_pma_ch.tx_cgb|lfclkp'
Slack : 0.986
TNS   : 0.000

Type  : Fast 900mV 0C Model Minimum Pulse Width 'pcihip0|p|hip|altpcie_hip_256_pipen1b|g_xcvr.sv_xcvr_pipe_native|inst_sv_xcvr_native|inst_sv_pma|tx_pma.sv_tx_pma_inst|tx_pma_insts[2].sv_tx_pma_ch_inst|tx_pma_ch.tx_cgb|lfclkp'
Slack : 0.986
TNS   : 0.000

Type  : Fast 900mV 0C Model Minimum Pulse Width 'pcihip0|p|hip|altpcie_hip_256_pipen1b|g_xcvr.sv_xcvr_pipe_native|inst_sv_xcvr_native|inst_sv_pma|tx_pma.sv_tx_pma_inst|tx_pma_insts[3].sv_tx_pma_ch_inst|tx_pma_ch.tx_cgb|lfclkp'
Slack : 0.986
TNS   : 0.000

Type  : Fast 900mV 0C Model Minimum Pulse Width 'pcihip0|p|hip|altpcie_hip_256_pipen1b|g_xcvr.sv_xcvr_pipe_native|inst_sv_xcvr_native|inst_sv_pma|tx_pma.sv_tx_pma_inst|tx_pma_insts[4].sv_tx_pma_ch_inst|tx_pma_ch.tx_cgb|lfclkp'
Slack : 0.986
TNS   : 0.000

Type  : Fast 900mV 0C Model Minimum Pulse Width 'pcihip0|p|hip|altpcie_hip_256_pipen1b|g_xcvr.sv_xcvr_pipe_native|inst_sv_xcvr_native|inst_sv_pma|tx_pma.sv_tx_pma_inst|tx_pma_insts[5].sv_tx_pma_ch_inst|tx_pma_ch.tx_cgb|lfclkp'
Slack : 0.986
TNS   : 0.000

Type  : Fast 900mV 0C Model Minimum Pulse Width 'pcihip0|p|hip|altpcie_hip_256_pipen1b|g_xcvr.sv_xcvr_pipe_native|inst_sv_xcvr_native|inst_sv_pma|tx_pma.sv_tx_pma_inst|tx_pma_insts[6].sv_tx_pma_ch_inst|tx_pma_ch.tx_cgb|lfclkp'
Slack : 0.986
TNS   : 0.000

Type  : Fast 900mV 0C Model Minimum Pulse Width 'pcihip0|p|hip|altpcie_hip_256_pipen1b|g_xcvr.sv_xcvr_pipe_native|inst_sv_xcvr_native|inst_sv_pma|tx_pma.sv_tx_pma_inst|tx_pma_insts[7].sv_tx_pma_ch_inst|tx_pma_ch.tx_cgb|lfclkp'
Slack : 0.986
TNS   : 0.000

Type  : Fast 900mV 0C Model Minimum Pulse Width 'pcihip0|p|hip|altpcie_hip_256_pipen1b|g_xcvr.sv_xcvr_pipe_native|inst_sv_xcvr_native|inst_sv_pma|tx_pma.sv_tx_pma_inst|tx_pma_insts[8].sv_tx_pma_ch_inst|tx_pma_ch.tx_cgb|lfclkp'
Slack : 0.986
TNS   : 0.000

Type  : Fast 900mV 0C Model Minimum Pulse Width 'pcihip0|p|hip|altpcie_hip_256_pipen1b|g_xcvr.sv_xcvr_pipe_native|inst_sv_xcvr_native|inst_sv_pma|tx_pma.sv_tx_pma_inst|tx_pma_insts[4].sv_tx_pma_ch_inst|tx_pma_ch.tx_cgb|cpulseout'
Slack : 0.992
TNS   : 0.000

Type  : Fast 900mV 0C Model Minimum Pulse Width 'pcihip0|p|hip|altpcie_hip_256_pipen1b|g_xcvr.sv_xcvr_pipe_native|inst_sv_xcvr_native|inst_sv_pma|tx_pma.sv_tx_pma_inst|tx_pma_insts[4].sv_tx_pma_ch_inst|tx_pma_ch.tx_cgb|lfclkpout'
Slack : 1.000
TNS   : 0.000

Type  : Fast 900mV 0C Model Minimum Pulse Width 'sfp0|sfpp_phy_inst|S5|transceiver_core|gen.sv_xcvr_native_insts[0].gen_bonded_group.sv_xcvr_native_inst|inst_sv_pma|rx_pma.sv_rx_pma_inst|rx_pmas[0].rx_pma.rx_pma_deser|clk90b'
Slack : 1.124
TNS   : 0.000

Type  : Fast 900mV 0C Model Minimum Pulse Width 'sfp1|sfpp_phy_inst|S5|transceiver_core|gen.sv_xcvr_native_insts[0].gen_bonded_group.sv_xcvr_native_inst|inst_sv_pma|rx_pma.sv_rx_pma_inst|rx_pmas[0].rx_pma.rx_pma_deser|clk90b'
Slack : 1.124
TNS   : 0.000

Type  : Fast 900mV 0C Model Minimum Pulse Width 'sfp0|sfpp_phy_inst|S5|transceiver_core|gen.sv_xcvr_native_insts[0].gen_bonded_group.sv_xcvr_native_inst|inst_sv_pma|tx_pma.sv_tx_pma_inst|tx_pma_insts[0].sv_tx_pma_ch_inst|tx_pma_ch.tx_cgb|pclk[0]'
Slack : 1.161
TNS   : 0.000

Type  : Fast 900mV 0C Model Minimum Pulse Width 'sfp1|sfpp_phy_inst|S5|transceiver_core|gen.sv_xcvr_native_insts[0].gen_bonded_group.sv_xcvr_native_inst|inst_sv_pma|tx_pma.sv_tx_pma_inst|tx_pma_insts[0].sv_tx_pma_ch_inst|tx_pma_ch.tx_cgb|pclk[0]'
Slack : 1.161
TNS   : 0.000

Type  : Fast 900mV 0C Model Minimum Pulse Width 'pcihip0|p|hip|altpcie_hip_256_pipen1b|stratixv_hssi_gen3_pcie_hip|coreclkout'
Slack : 1.191
TNS   : 0.000

Type  : Fast 900mV 0C Model Minimum Pulse Width 'pcihip0|p|hip|altpcie_hip_256_pipen1b|g_xcvr.sv_xcvr_pipe_native|inst_sv_xcvr_native|inst_sv_pma|tx_pma.sv_tx_pma_inst|tx_pma_insts[4].sv_tx_pma_ch_inst|tx_pma_ch.tx_cgb|pclkout[0]'
Slack : 2.000
TNS   : 0.000

Type  : Fast 900mV 0C Model Minimum Pulse Width 'pcihip0|p|hip|altpcie_hip_256_pipen1b|stratixv_hssi_gen3_pcie_hip|observablecoreclkdiv'
Slack : 2.000
TNS   : 0.000

Type  : Fast 900mV 0C Model Minimum Pulse Width 'sfp1|sfpp_phy_inst|S5|transceiver_core|gen.sv_xcvr_native_insts[0].gen_bonded_group.sv_xcvr_native_inst|inst_sv_pcs|ch[0].inst_sv_pcs_ch|inst_sv_hssi_8g_rx_pcs|wys|clocktopld'
Slack : 2.288
TNS   : 0.000

Type  : Fast 900mV 0C Model Minimum Pulse Width 'sfp0|sfpp_phy_inst|S5|transceiver_core|gen.sv_xcvr_native_insts[0].gen_bonded_group.sv_xcvr_native_inst|inst_sv_pcs|ch[0].inst_sv_pcs_ch|inst_sv_hssi_8g_rx_pcs|wys|clocktopld'
Slack : 2.291
TNS   : 0.000

Type  : Fast 900mV 0C Model Minimum Pulse Width 'sfp0|sfpp_phy_inst|S5|transceiver_core|gen.sv_xcvr_native_insts[0].gen_bonded_group.sv_xcvr_native_inst|inst_sv_pcs|ch[0].inst_sv_pcs_ch|inst_sv_hssi_8g_rx_pcs|wys|observablebyteserdesclock'
Slack : 2.319
TNS   : 0.000

Type  : Fast 900mV 0C Model Minimum Pulse Width 'sfp1|sfpp_phy_inst|S5|transceiver_core|gen.sv_xcvr_native_insts[0].gen_bonded_group.sv_xcvr_native_inst|inst_sv_pcs|ch[0].inst_sv_pcs_ch|inst_sv_hssi_8g_rx_pcs|wys|observablebyteserdesclock'
Slack : 2.319
TNS   : 0.000

Type  : Fast 900mV 0C Model Minimum Pulse Width 'sfp0|sfpp_phy_inst|S5|transceiver_core|gen.sv_xcvr_native_insts[0].gen_bonded_group.sv_xcvr_native_inst|inst_sv_pcs|ch[0].inst_sv_pcs_ch|inst_sv_hssi_8g_tx_pcs|wys|observablebyteserdesclock'
Slack : 2.352
TNS   : 0.000

Type  : Fast 900mV 0C Model Minimum Pulse Width 'sfp1|sfpp_phy_inst|S5|transceiver_core|gen.sv_xcvr_native_insts[0].gen_bonded_group.sv_xcvr_native_inst|inst_sv_pcs|ch[0].inst_sv_pcs_ch|inst_sv_hssi_8g_tx_pcs|wys|observablebyteserdesclock'
Slack : 2.352
TNS   : 0.000

Type  : Fast 900mV 0C Model Minimum Pulse Width 'sfp0|sfpp_phy_inst|S5|transceiver_core|gen.sv_xcvr_native_insts[0].gen_bonded_group.sv_xcvr_native_inst|inst_sv_xcvr_avmm|avmm_interface_insts[0].stratixv_hssi_avmm_interface_inst|pmatestbussel[0]'
Slack : 3.829
TNS   : 0.000

Type  : Fast 900mV 0C Model Minimum Pulse Width 'pcihip0|p|hip|altpcie_hip_256_pipen1b|g_xcvr.sv_xcvr_pipe_native|inst_sv_xcvr_native|inst_sv_pcs|ch[0].inst_sv_pcs_ch|inst_sv_hssi_8g_rx_pcs|wys|observablebyteserdesclock'
Slack : 3.970
TNS   : 0.000

Type  : Fast 900mV 0C Model Minimum Pulse Width 'pcihip0|p|hip|altpcie_hip_256_pipen1b|g_xcvr.sv_xcvr_pipe_native|inst_sv_xcvr_native|inst_sv_pcs|ch[1].inst_sv_pcs_ch|inst_sv_hssi_8g_rx_pcs|wys|observablebyteserdesclock'
Slack : 3.970
TNS   : 0.000

Type  : Fast 900mV 0C Model Minimum Pulse Width 'pcihip0|p|hip|altpcie_hip_256_pipen1b|g_xcvr.sv_xcvr_pipe_native|inst_sv_xcvr_native|inst_sv_pcs|ch[2].inst_sv_pcs_ch|inst_sv_hssi_8g_rx_pcs|wys|observablebyteserdesclock'
Slack : 3.970
TNS   : 0.000

Type  : Fast 900mV 0C Model Minimum Pulse Width 'pcihip0|p|hip|altpcie_hip_256_pipen1b|g_xcvr.sv_xcvr_pipe_native|inst_sv_xcvr_native|inst_sv_pcs|ch[3].inst_sv_pcs_ch|inst_sv_hssi_8g_rx_pcs|wys|observablebyteserdesclock'
Slack : 3.970
TNS   : 0.000

Type  : Fast 900mV 0C Model Minimum Pulse Width 'pcihip0|p|hip|altpcie_hip_256_pipen1b|g_xcvr.sv_xcvr_pipe_native|inst_sv_xcvr_native|inst_sv_pcs|ch[5].inst_sv_pcs_ch|inst_sv_hssi_8g_rx_pcs|wys|observablebyteserdesclock'
Slack : 3.970
TNS   : 0.000

Type  : Fast 900mV 0C Model Minimum Pulse Width 'pcihip0|p|hip|altpcie_hip_256_pipen1b|g_xcvr.sv_xcvr_pipe_native|inst_sv_xcvr_native|inst_sv_pcs|ch[6].inst_sv_pcs_ch|inst_sv_hssi_8g_rx_pcs|wys|observablebyteserdesclock'
Slack : 3.970
TNS   : 0.000

Type  : Fast 900mV 0C Model Minimum Pulse Width 'pcihip0|p|hip|altpcie_hip_256_pipen1b|g_xcvr.sv_xcvr_pipe_native|inst_sv_xcvr_native|inst_sv_pcs|ch[7].inst_sv_pcs_ch|inst_sv_hssi_8g_rx_pcs|wys|observablebyteserdesclock'
Slack : 3.970
TNS   : 0.000

Type  : Fast 900mV 0C Model Minimum Pulse Width 'pcihip0|p|hip|altpcie_hip_256_pipen1b|g_xcvr.sv_xcvr_pipe_native|inst_sv_xcvr_native|inst_sv_pcs|ch[8].inst_sv_pcs_ch|inst_sv_hssi_8g_rx_pcs|wys|observablebyteserdesclock'
Slack : 3.970
TNS   : 0.000

Type  : Fast 900mV 0C Model Minimum Pulse Width 'pcihip0|p|hip|altpcie_hip_256_pipen1b|g_xcvr.sv_xcvr_pipe_native|inst_sv_xcvr_native|inst_sv_pcs|ch[0].inst_sv_pcs_ch|inst_sv_hssi_8g_tx_pcs|wys|observablebyteserdesclock'
Slack : 4.000
TNS   : 0.000

Type  : Fast 900mV 0C Model Minimum Pulse Width 'pcihip0|p|hip|altpcie_hip_256_pipen1b|g_xcvr.sv_xcvr_pipe_native|inst_sv_xcvr_native|inst_sv_pcs|ch[1].inst_sv_pcs_ch|inst_sv_hssi_8g_tx_pcs|wys|observablebyteserdesclock'
Slack : 4.000
TNS   : 0.000

Type  : Fast 900mV 0C Model Minimum Pulse Width 'pcihip0|p|hip|altpcie_hip_256_pipen1b|g_xcvr.sv_xcvr_pipe_native|inst_sv_xcvr_native|inst_sv_pcs|ch[2].inst_sv_pcs_ch|inst_sv_hssi_8g_tx_pcs|wys|observablebyteserdesclock'
Slack : 4.000
TNS   : 0.000

Type  : Fast 900mV 0C Model Minimum Pulse Width 'pcihip0|p|hip|altpcie_hip_256_pipen1b|g_xcvr.sv_xcvr_pipe_native|inst_sv_xcvr_native|inst_sv_pcs|ch[3].inst_sv_pcs_ch|inst_sv_hssi_8g_tx_pcs|wys|observablebyteserdesclock'
Slack : 4.000
TNS   : 0.000

Type  : Fast 900mV 0C Model Minimum Pulse Width 'pcihip0|p|hip|altpcie_hip_256_pipen1b|g_xcvr.sv_xcvr_pipe_native|inst_sv_xcvr_native|inst_sv_pcs|ch[4].inst_sv_pcs_ch|inst_sv_hssi_8g_tx_pcs|wys|observablebyteserdesclock'
Slack : 4.000
TNS   : 0.000

Type  : Fast 900mV 0C Model Minimum Pulse Width 'pcihip0|p|hip|altpcie_hip_256_pipen1b|g_xcvr.sv_xcvr_pipe_native|inst_sv_xcvr_native|inst_sv_pcs|ch[5].inst_sv_pcs_ch|inst_sv_hssi_8g_tx_pcs|wys|observablebyteserdesclock'
Slack : 4.000
TNS   : 0.000

Type  : Fast 900mV 0C Model Minimum Pulse Width 'pcihip0|p|hip|altpcie_hip_256_pipen1b|g_xcvr.sv_xcvr_pipe_native|inst_sv_xcvr_native|inst_sv_pcs|ch[6].inst_sv_pcs_ch|inst_sv_hssi_8g_tx_pcs|wys|observablebyteserdesclock'
Slack : 4.000
TNS   : 0.000

Type  : Fast 900mV 0C Model Minimum Pulse Width 'pcihip0|p|hip|altpcie_hip_256_pipen1b|g_xcvr.sv_xcvr_pipe_native|inst_sv_xcvr_native|inst_sv_pcs|ch[7].inst_sv_pcs_ch|inst_sv_hssi_8g_tx_pcs|wys|observablebyteserdesclock'
Slack : 4.000
TNS   : 0.000

Type  : Fast 900mV 0C Model Minimum Pulse Width 'pcihip0|p|hip|altpcie_hip_256_pipen1b|g_xcvr.sv_xcvr_pipe_native|inst_sv_xcvr_native|inst_sv_pcs|ch[8].inst_sv_pcs_ch|inst_sv_hssi_8g_tx_pcs|wys|observablebyteserdesclock'
Slack : 4.000
TNS   : 0.000

Type  : Fast 900mV 0C Model Minimum Pulse Width 'pcihip0|p|hip|altpcie_hip_256_pipen1b|g_xcvr.sv_xcvr_pipe_native|inst_sv_xcvr_native|inst_sv_pma|tx_pma.sv_tx_pma_inst|tx_pma_insts[4].sv_tx_pma_ch_inst|tx_pma_ch.tx_cgb|pclkout[1]'
Slack : 4.000
TNS   : 0.000

Type  : Fast 900mV 0C Model Minimum Pulse Width 'sv_reconfig_pma_testbus_clk_0'
Slack : 4.193
TNS   : 0.000

Type  : Fast 900mV 0C Model Minimum Pulse Width 'sv_reconfig_pma_testbus_clk_1'
Slack : 4.388
TNS   : 0.000

Type  : Fast 900mV 0C Model Minimum Pulse Width 'pci_pi_refclk0'
Slack : 4.412
TNS   : 0.000

Type  : Fast 900mV 0C Model Minimum Pulse Width 'pcihip0|p|hip|altpcie_hip_256_pipen1b|g_xcvr.sv_xcvr_pipe_native|inst_sv_xcvr_native|inst_sv_xcvr_avmm|avmm_interface_insts[0].stratixv_hssi_avmm_interface_inst|pmatestbussel[0]'
Slack : 5.000
TNS   : 0.000

Type  : Fast 900mV 0C Model Minimum Pulse Width 'pcihip0|p|hip|altpcie_hip_256_pipen1b|g_xcvr.sv_xcvr_pipe_native|inst_sv_xcvr_native|inst_sv_xcvr_avmm|avmm_interface_insts[3].stratixv_hssi_avmm_interface_inst|pmatestbussel[0]'
Slack : 5.000
TNS   : 0.000

Type  : Fast 900mV 0C Model Minimum Pulse Width 'pcihip0|p|hip|altpcie_hip_256_pipen1b|g_xcvr.sv_xcvr_pipe_native|inst_sv_xcvr_native|inst_sv_xcvr_avmm|avmm_interface_insts[6].stratixv_hssi_avmm_interface_inst|pmatestbussel[0]'
Slack : 5.000
TNS   : 0.000

Type  : Fast 900mV 0C Model Minimum Pulse Width 'pcihip0|p|hip|altpcie_hip_256_pipen1b|g_xcvr.sv_xcvr_pipe_native|inst_sv_xcvr_native|inst_sv_pma|tx_pma.sv_tx_pma_inst|tx_pma_insts[4].sv_tx_pma_ch_inst|tx_pma_ch.tx_cgb|pclkout[2]'
Slack : 8.000
TNS   : 0.000

Type  : Fast 900mV 0C Model Minimum Pulse Width 'altera_reserved_tck'
Slack : 15.906
TNS   : 0.000

------------------------------------------------------------
