------------------------------------------------------------
Timing Analyzer Summary
------------------------------------------------------------

Type  : Slow 900mV 85C Model Setup 'pcihip0|p|hip|altpcie_hip_256_pipen1b|stratixv_hssi_gen3_pcie_hip|coreclkout'
Slack : 0.046
TNS   : 0.000

Type  : Slow 900mV 85C Model Setup 'sfp0|sfpp_phy_inst|S5|transceiver_core|gen.sv_xcvr_native_insts[0].gen_bonded_group.sv_xcvr_native_inst|inst_sv_xcvr_avmm|avmm_interface_insts[0].stratixv_hssi_avmm_interface_inst|pmatestbussel[0]'
Slack : 0.865
TNS   : 0.000

Type  : Slow 900mV 85C Model Setup 'n/a'
Slack : 1.462
TNS   : 0.000

Type  : Slow 900mV 85C Model Setup 'pci_pi_refclk0'
Slack : 2.562
TNS   : 0.000

Type  : Slow 900mV 85C Model Setup 'sv_reconfig_pma_testbus_clk_0'
Slack : 8.107
TNS   : 0.000

Type  : Slow 900mV 85C Model Setup 'sv_reconfig_pma_testbus_clk_1'
Slack : 8.180
TNS   : 0.000

Type  : Slow 900mV 85C Model Setup 'altera_reserved_tck'
Slack : 12.507
TNS   : 0.000

Type  : Slow 900mV 85C Model Hold 'altera_reserved_tck'
Slack : 0.083
TNS   : 0.000

Type  : Slow 900mV 85C Model Hold 'pci_pi_refclk0'
Slack : 0.108
TNS   : 0.000

Type  : Slow 900mV 85C Model Hold 'pcihip0|p|hip|altpcie_hip_256_pipen1b|stratixv_hssi_gen3_pcie_hip|coreclkout'
Slack : 0.140
TNS   : 0.000

Type  : Slow 900mV 85C Model Hold 'sfp0|sfpp_phy_inst|S5|transceiver_core|gen.sv_xcvr_native_insts[0].gen_bonded_group.sv_xcvr_native_inst|inst_sv_xcvr_avmm|avmm_interface_insts[0].stratixv_hssi_avmm_interface_inst|pmatestbussel[0]'
Slack : 0.620
TNS   : 0.000

Type  : Slow 900mV 85C Model Hold 'sv_reconfig_pma_testbus_clk_1'
Slack : 0.726
TNS   : 0.000

Type  : Slow 900mV 85C Model Hold 'sv_reconfig_pma_testbus_clk_0'
Slack : 0.760
TNS   : 0.000

Type  : Slow 900mV 85C Model Hold 'n/a'
Slack : 13.136
TNS   : 0.000

Type  : Slow 900mV 85C Model Recovery 'pcihip0|p|hip|altpcie_hip_256_pipen1b|stratixv_hssi_gen3_pcie_hip|coreclkout'
Slack : -0.585
TNS   : -13147.565

Type  : Slow 900mV 85C Model Recovery 'pci_pi_refclk0'
Slack : 5.852
TNS   : 0.000

Type  : Slow 900mV 85C Model Recovery 'sfp0|sfpp_phy_inst|S5|transceiver_core|gen.sv_xcvr_native_insts[0].gen_bonded_group.sv_xcvr_native_inst|inst_sv_xcvr_avmm|avmm_interface_insts[0].stratixv_hssi_avmm_interface_inst|pmatestbussel[0]'
Slack : 6.224
TNS   : 0.000

Type  : Slow 900mV 85C Model Recovery 'sv_reconfig_pma_testbus_clk_1'
Slack : 7.449
TNS   : 0.000

Type  : Slow 900mV 85C Model Recovery 'altera_reserved_tck'
Slack : 30.980
TNS   : 0.000

Type  : Slow 900mV 85C Model Removal 'pcihip0|p|hip|altpcie_hip_256_pipen1b|stratixv_hssi_gen3_pcie_hip|coreclkout'
Slack : 0.183
TNS   : 0.000

Type  : Slow 900mV 85C Model Removal 'pci_pi_refclk0'
Slack : 0.265
TNS   : 0.000

Type  : Slow 900mV 85C Model Removal 'altera_reserved_tck'
Slack : 0.470
TNS   : 0.000

Type  : Slow 900mV 85C Model Removal 'sfp0|sfpp_phy_inst|S5|transceiver_core|gen.sv_xcvr_native_insts[0].gen_bonded_group.sv_xcvr_native_inst|inst_sv_xcvr_avmm|avmm_interface_insts[0].stratixv_hssi_avmm_interface_inst|pmatestbussel[0]'
Slack : 0.569
TNS   : 0.000

Type  : Slow 900mV 85C Model Removal 'sv_reconfig_pma_testbus_clk_1'
Slack : 1.361
TNS   : 0.000

Type  : Slow 900mV 85C Model Minimum Pulse Width 'sfp0|sfpp_phy_inst|S5|transceiver_core|gen.sv_xcvr_native_insts[0].gen_bonded_group.sv_xcvr_native_inst|inst_sv_pma|rx_pma.sv_rx_pma_inst|rx_pmas[0].rx_pma.rx_cdr|clk90bdes'
Slack : 0.117
TNS   : 0.000

Type  : Slow 900mV 85C Model Minimum Pulse Width 'sfp0|sfpp_phy_inst|S5|transceiver_core|gen.sv_xcvr_native_insts[0].gen_tx_plls.gen_tx_plls.tx_plls|pll[0].pll.atx_pll.tx_pll|clk010g'
Slack : 0.117
TNS   : 0.000

Type  : Slow 900mV 85C Model Minimum Pulse Width 'sfp1|sfpp_phy_inst|S5|transceiver_core|gen.sv_xcvr_native_insts[0].gen_bonded_group.sv_xcvr_native_inst|inst_sv_pma|rx_pma.sv_rx_pma_inst|rx_pmas[0].rx_pma.rx_cdr|clk90bdes'
Slack : 0.117
TNS   : 0.000

Type  : Slow 900mV 85C Model Minimum Pulse Width 'pcihip0|p|hip|altpcie_hip_256_pipen1b|g_xcvr.sv_xcvr_pipe_native|sv_xcvr_tx_plls_inst|pll[0].pll.cmu_pll.tx_pll|clkcdr'
Slack : 0.178
TNS   : 0.000

Type  : Slow 900mV 85C Model Minimum Pulse Width 'pcihip0|p|hip|altpcie_hip_256_pipen1b|g_xcvr.sv_xcvr_pipe_native|inst_sv_xcvr_native|inst_sv_pma|rx_pma.sv_rx_pma_inst|rx_pmas[0].rx_pma.rx_cdr|clk90bdes'
Slack : 0.200
TNS   : 0.000

Type  : Slow 900mV 85C Model Minimum Pulse Width 'pcihip0|p|hip|altpcie_hip_256_pipen1b|g_xcvr.sv_xcvr_pipe_native|inst_sv_xcvr_native|inst_sv_pma|rx_pma.sv_rx_pma_inst|rx_pmas[1].rx_pma.rx_cdr|clk90bdes'
Slack : 0.200
TNS   : 0.000

Type  : Slow 900mV 85C Model Minimum Pulse Width 'pcihip0|p|hip|altpcie_hip_256_pipen1b|g_xcvr.sv_xcvr_pipe_native|inst_sv_xcvr_native|inst_sv_pma|rx_pma.sv_rx_pma_inst|rx_pmas[2].rx_pma.rx_cdr|clk90bdes'
Slack : 0.200
TNS   : 0.000

Type  : Slow 900mV 85C Model Minimum Pulse Width 'pcihip0|p|hip|altpcie_hip_256_pipen1b|g_xcvr.sv_xcvr_pipe_native|inst_sv_xcvr_native|inst_sv_pma|rx_pma.sv_rx_pma_inst|rx_pmas[3].rx_pma.rx_cdr|clk90bdes'
Slack : 0.200
TNS   : 0.000

Type  : Slow 900mV 85C Model Minimum Pulse Width 'pcihip0|p|hip|altpcie_hip_256_pipen1b|g_xcvr.sv_xcvr_pipe_native|inst_sv_xcvr_native|inst_sv_pma|rx_pma.sv_rx_pma_inst|rx_pmas[5].rx_pma.rx_cdr|clk90bdes'
Slack : 0.200
TNS   : 0.000

Type  : Slow 900mV 85C Model Minimum Pulse Width 'pcihip0|p|hip|altpcie_hip_256_pipen1b|g_xcvr.sv_xcvr_pipe_native|inst_sv_xcvr_native|inst_sv_pma|rx_pma.sv_rx_pma_inst|rx_pmas[6].rx_pma.rx_cdr|clk90bdes'
Slack : 0.200
TNS   : 0.000

Type  : Slow 900mV 85C Model Minimum Pulse Width 'pcihip0|p|hip|altpcie_hip_256_pipen1b|g_xcvr.sv_xcvr_pipe_native|inst_sv_xcvr_native|inst_sv_pma|rx_pma.sv_rx_pma_inst|rx_pmas[7].rx_pma.rx_cdr|clk90bdes'
Slack : 0.200
TNS   : 0.000

Type  : Slow 900mV 85C Model Minimum Pulse Width 'pcihip0|p|hip|altpcie_hip_256_pipen1b|g_xcvr.sv_xcvr_pipe_native|inst_sv_xcvr_native|inst_sv_pma|rx_pma.sv_rx_pma_inst|rx_pmas[8].rx_pma.rx_cdr|clk90bdes'
Slack : 0.200
TNS   : 0.000

Type  : Slow 900mV 85C Model Minimum Pulse Width 'pcihip0|p|hip|altpcie_hip_256_pipen1b|g_xcvr.sv_xcvr_pipe_native|inst_sv_xcvr_native|inst_sv_pma|rx_pma.sv_rx_pma_inst|rx_pmas[0].rx_pma.rx_pma_deser|clk90b'
Slack : 0.871
TNS   : 0.000

Type  : Slow 900mV 85C Model Minimum Pulse Width 'pcihip0|p|hip|altpcie_hip_256_pipen1b|g_xcvr.sv_xcvr_pipe_native|inst_sv_xcvr_native|inst_sv_pma|rx_pma.sv_rx_pma_inst|rx_pmas[1].rx_pma.rx_pma_deser|clk90b'
Slack : 0.871
TNS   : 0.000

Type  : Slow 900mV 85C Model Minimum Pulse Width 'pcihip0|p|hip|altpcie_hip_256_pipen1b|g_xcvr.sv_xcvr_pipe_native|inst_sv_xcvr_native|inst_sv_pma|rx_pma.sv_rx_pma_inst|rx_pmas[2].rx_pma.rx_pma_deser|clk90b'
Slack : 0.871
TNS   : 0.000

Type  : Slow 900mV 85C Model Minimum Pulse Width 'pcihip0|p|hip|altpcie_hip_256_pipen1b|g_xcvr.sv_xcvr_pipe_native|inst_sv_xcvr_native|inst_sv_pma|rx_pma.sv_rx_pma_inst|rx_pmas[3].rx_pma.rx_pma_deser|clk90b'
Slack : 0.871
TNS   : 0.000

Type  : Slow 900mV 85C Model Minimum Pulse Width 'pcihip0|p|hip|altpcie_hip_256_pipen1b|g_xcvr.sv_xcvr_pipe_native|inst_sv_xcvr_native|inst_sv_pma|rx_pma.sv_rx_pma_inst|rx_pmas[5].rx_pma.rx_pma_deser|clk90b'
Slack : 0.871
TNS   : 0.000

Type  : Slow 900mV 85C Model Minimum Pulse Width 'pcihip0|p|hip|altpcie_hip_256_pipen1b|g_xcvr.sv_xcvr_pipe_native|inst_sv_xcvr_native|inst_sv_pma|rx_pma.sv_rx_pma_inst|rx_pmas[6].rx_pma.rx_pma_deser|clk90b'
Slack : 0.871
TNS   : 0.000

Type  : Slow 900mV 85C Model Minimum Pulse Width 'pcihip0|p|hip|altpcie_hip_256_pipen1b|g_xcvr.sv_xcvr_pipe_native|inst_sv_xcvr_native|inst_sv_pma|rx_pma.sv_rx_pma_inst|rx_pmas[7].rx_pma.rx_pma_deser|clk90b'
Slack : 0.871
TNS   : 0.000

Type  : Slow 900mV 85C Model Minimum Pulse Width 'pcihip0|p|hip|altpcie_hip_256_pipen1b|g_xcvr.sv_xcvr_pipe_native|inst_sv_xcvr_native|inst_sv_pma|rx_pma.sv_rx_pma_inst|rx_pmas[8].rx_pma.rx_pma_deser|clk90b'
Slack : 0.871
TNS   : 0.000

Type  : Slow 900mV 85C Model Minimum Pulse Width 'i_refclk_sfp'
Slack : 0.940
TNS   : 0.000

Type  : Slow 900mV 85C Model Minimum Pulse Width 'pcihip0|p|hip|altpcie_hip_256_pipen1b|g_xcvr.sv_xcvr_pipe_native|inst_sv_xcvr_native|inst_sv_pma|tx_pma.sv_tx_pma_inst|tx_pma_insts[0].sv_tx_pma_ch_inst|tx_pma_ch.tx_cgb|lfclkp'
Slack : 0.954
TNS   : 0.000

Type  : Slow 900mV 85C Model Minimum Pulse Width 'pcihip0|p|hip|altpcie_hip_256_pipen1b|g_xcvr.sv_xcvr_pipe_native|inst_sv_xcvr_native|inst_sv_pma|tx_pma.sv_tx_pma_inst|tx_pma_insts[1].sv_tx_pma_ch_inst|tx_pma_ch.tx_cgb|lfclkp'
Slack : 0.954
TNS   : 0.000

Type  : Slow 900mV 85C Model Minimum Pulse Width 'pcihip0|p|hip|altpcie_hip_256_pipen1b|g_xcvr.sv_xcvr_pipe_native|inst_sv_xcvr_native|inst_sv_pma|tx_pma.sv_tx_pma_inst|tx_pma_insts[2].sv_tx_pma_ch_inst|tx_pma_ch.tx_cgb|lfclkp'
Slack : 0.954
TNS   : 0.000

Type  : Slow 900mV 85C Model Minimum Pulse Width 'pcihip0|p|hip|altpcie_hip_256_pipen1b|g_xcvr.sv_xcvr_pipe_native|inst_sv_xcvr_native|inst_sv_pma|tx_pma.sv_tx_pma_inst|tx_pma_insts[3].sv_tx_pma_ch_inst|tx_pma_ch.tx_cgb|lfclkp'
Slack : 0.954
TNS   : 0.000

Type  : Slow 900mV 85C Model Minimum Pulse Width 'pcihip0|p|hip|altpcie_hip_256_pipen1b|g_xcvr.sv_xcvr_pipe_native|inst_sv_xcvr_native|inst_sv_pma|tx_pma.sv_tx_pma_inst|tx_pma_insts[4].sv_tx_pma_ch_inst|tx_pma_ch.tx_cgb|lfclkp'
Slack : 0.954
TNS   : 0.000

Type  : Slow 900mV 85C Model Minimum Pulse Width 'pcihip0|p|hip|altpcie_hip_256_pipen1b|g_xcvr.sv_xcvr_pipe_native|inst_sv_xcvr_native|inst_sv_pma|tx_pma.sv_tx_pma_inst|tx_pma_insts[5].sv_tx_pma_ch_inst|tx_pma_ch.tx_cgb|lfclkp'
Slack : 0.954
TNS   : 0.000

Type  : Slow 900mV 85C Model Minimum Pulse Width 'pcihip0|p|hip|altpcie_hip_256_pipen1b|g_xcvr.sv_xcvr_pipe_native|inst_sv_xcvr_native|inst_sv_pma|tx_pma.sv_tx_pma_inst|tx_pma_insts[6].sv_tx_pma_ch_inst|tx_pma_ch.tx_cgb|lfclkp'
Slack : 0.954
TNS   : 0.000

Type  : Slow 900mV 85C Model Minimum Pulse Width 'pcihip0|p|hip|altpcie_hip_256_pipen1b|g_xcvr.sv_xcvr_pipe_native|inst_sv_xcvr_native|inst_sv_pma|tx_pma.sv_tx_pma_inst|tx_pma_insts[7].sv_tx_pma_ch_inst|tx_pma_ch.tx_cgb|lfclkp'
Slack : 0.954
TNS   : 0.000

Type  : Slow 900mV 85C Model Minimum Pulse Width 'pcihip0|p|hip|altpcie_hip_256_pipen1b|g_xcvr.sv_xcvr_pipe_native|inst_sv_xcvr_native|inst_sv_pma|tx_pma.sv_tx_pma_inst|tx_pma_insts[8].sv_tx_pma_ch_inst|tx_pma_ch.tx_cgb|lfclkp'
Slack : 0.954
TNS   : 0.000

Type  : Slow 900mV 85C Model Minimum Pulse Width 'pcihip0|p|hip|altpcie_hip_256_pipen1b|g_xcvr.sv_xcvr_pipe_native|inst_sv_xcvr_native|inst_sv_pma|tx_pma.sv_tx_pma_inst|tx_pma_insts[4].sv_tx_pma_ch_inst|tx_pma_ch.tx_cgb|cpulseout'
Slack : 0.978
TNS   : 0.000

Type  : Slow 900mV 85C Model Minimum Pulse Width 'pcihip0|p|hip|altpcie_hip_256_pipen1b|g_xcvr.sv_xcvr_pipe_native|inst_sv_xcvr_native|inst_sv_pma|tx_pma.sv_tx_pma_inst|tx_pma_insts[4].sv_tx_pma_ch_inst|tx_pma_ch.tx_cgb|lfclkpout'
Slack : 1.000
TNS   : 0.000

Type  : Slow 900mV 85C Model Minimum Pulse Width 'pcihip0|p|hip|altpcie_hip_256_pipen1b|stratixv_hssi_gen3_pcie_hip|coreclkout'
Slack : 1.041
TNS   : 0.000

Type  : Slow 900mV 85C Model Minimum Pulse Width 'sfp0|sfpp_phy_inst|S5|transceiver_core|gen.sv_xcvr_native_insts[0].gen_bonded_group.sv_xcvr_native_inst|inst_sv_pma|rx_pma.sv_rx_pma_inst|rx_pmas[0].rx_pma.rx_pma_deser|clk90b'
Slack : 1.046
TNS   : 0.000

Type  : Slow 900mV 85C Model Minimum Pulse Width 'sfp1|sfpp_phy_inst|S5|transceiver_core|gen.sv_xcvr_native_insts[0].gen_bonded_group.sv_xcvr_native_inst|inst_sv_pma|rx_pma.sv_rx_pma_inst|rx_pmas[0].rx_pma.rx_pma_deser|clk90b'
Slack : 1.046
TNS   : 0.000

Type  : Slow 900mV 85C Model Minimum Pulse Width 'sfp0|sfpp_phy_inst|S5|transceiver_core|gen.sv_xcvr_native_insts[0].gen_bonded_group.sv_xcvr_native_inst|inst_sv_pma|tx_pma.sv_tx_pma_inst|tx_pma_insts[0].sv_tx_pma_ch_inst|tx_pma_ch.tx_cgb|pclk[0]'
Slack : 1.130
TNS   : 0.000

Type  : Slow 900mV 85C Model Minimum Pulse Width 'sfp1|sfpp_phy_inst|S5|transceiver_core|gen.sv_xcvr_native_insts[0].gen_bonded_group.sv_xcvr_native_inst|inst_sv_pma|tx_pma.sv_tx_pma_inst|tx_pma_insts[0].sv_tx_pma_ch_inst|tx_pma_ch.tx_cgb|pclk[0]'
Slack : 1.130
TNS   : 0.000

Type  : Slow 900mV 85C Model Minimum Pulse Width 'pcihip0|p|hip|altpcie_hip_256_pipen1b|g_xcvr.sv_xcvr_pipe_native|inst_sv_xcvr_native|inst_sv_pma|tx_pma.sv_tx_pma_inst|tx_pma_insts[4].sv_tx_pma_ch_inst|tx_pma_ch.tx_cgb|pclkout[0]'
Slack : 2.000
TNS   : 0.000

Type  : Slow 900mV 85C Model Minimum Pulse Width 'pcihip0|p|hip|altpcie_hip_256_pipen1b|stratixv_hssi_gen3_pcie_hip|observablecoreclkdiv'
Slack : 2.000
TNS   : 0.000

Type  : Slow 900mV 85C Model Minimum Pulse Width 'sfp1|sfpp_phy_inst|S5|transceiver_core|gen.sv_xcvr_native_insts[0].gen_bonded_group.sv_xcvr_native_inst|inst_sv_pcs|ch[0].inst_sv_pcs_ch|inst_sv_hssi_8g_rx_pcs|wys|clocktopld'
Slack : 2.256
TNS   : 0.000

Type  : Slow 900mV 85C Model Minimum Pulse Width 'sfp0|sfpp_phy_inst|S5|transceiver_core|gen.sv_xcvr_native_insts[0].gen_bonded_group.sv_xcvr_native_inst|inst_sv_pcs|ch[0].inst_sv_pcs_ch|inst_sv_hssi_8g_rx_pcs|wys|clocktopld'
Slack : 2.262
TNS   : 0.000

Type  : Slow 900mV 85C Model Minimum Pulse Width 'sfp0|sfpp_phy_inst|S5|transceiver_core|gen.sv_xcvr_native_insts[0].gen_bonded_group.sv_xcvr_native_inst|inst_sv_pcs|ch[0].inst_sv_pcs_ch|inst_sv_hssi_8g_rx_pcs|wys|observablebyteserdesclock'
Slack : 2.312
TNS   : 0.000

Type  : Slow 900mV 85C Model Minimum Pulse Width 'sfp1|sfpp_phy_inst|S5|transceiver_core|gen.sv_xcvr_native_insts[0].gen_bonded_group.sv_xcvr_native_inst|inst_sv_pcs|ch[0].inst_sv_pcs_ch|inst_sv_hssi_8g_rx_pcs|wys|observablebyteserdesclock'
Slack : 2.312
TNS   : 0.000

Type  : Slow 900mV 85C Model Minimum Pulse Width 'sfp0|sfpp_phy_inst|S5|transceiver_core|gen.sv_xcvr_native_insts[0].gen_bonded_group.sv_xcvr_native_inst|inst_sv_pcs|ch[0].inst_sv_pcs_ch|inst_sv_hssi_8g_tx_pcs|wys|observablebyteserdesclock'
Slack : 2.352
TNS   : 0.000

Type  : Slow 900mV 85C Model Minimum Pulse Width 'sfp1|sfpp_phy_inst|S5|transceiver_core|gen.sv_xcvr_native_insts[0].gen_bonded_group.sv_xcvr_native_inst|inst_sv_pcs|ch[0].inst_sv_pcs_ch|inst_sv_hssi_8g_tx_pcs|wys|observablebyteserdesclock'
Slack : 2.352
TNS   : 0.000

Type  : Slow 900mV 85C Model Minimum Pulse Width 'sv_reconfig_pma_testbus_clk_0'
Slack : 3.833
TNS   : 0.000

Type  : Slow 900mV 85C Model Minimum Pulse Width 'pcihip0|p|hip|altpcie_hip_256_pipen1b|g_xcvr.sv_xcvr_pipe_native|inst_sv_xcvr_native|inst_sv_pcs|ch[0].inst_sv_pcs_ch|inst_sv_hssi_8g_rx_pcs|wys|observablebyteserdesclock'
Slack : 3.962
TNS   : 0.000

Type  : Slow 900mV 85C Model Minimum Pulse Width 'pcihip0|p|hip|altpcie_hip_256_pipen1b|g_xcvr.sv_xcvr_pipe_native|inst_sv_xcvr_native|inst_sv_pcs|ch[1].inst_sv_pcs_ch|inst_sv_hssi_8g_rx_pcs|wys|observablebyteserdesclock'
Slack : 3.962
TNS   : 0.000

Type  : Slow 900mV 85C Model Minimum Pulse Width 'pcihip0|p|hip|altpcie_hip_256_pipen1b|g_xcvr.sv_xcvr_pipe_native|inst_sv_xcvr_native|inst_sv_pcs|ch[2].inst_sv_pcs_ch|inst_sv_hssi_8g_rx_pcs|wys|observablebyteserdesclock'
Slack : 3.962
TNS   : 0.000

Type  : Slow 900mV 85C Model Minimum Pulse Width 'pcihip0|p|hip|altpcie_hip_256_pipen1b|g_xcvr.sv_xcvr_pipe_native|inst_sv_xcvr_native|inst_sv_pcs|ch[3].inst_sv_pcs_ch|inst_sv_hssi_8g_rx_pcs|wys|observablebyteserdesclock'
Slack : 3.962
TNS   : 0.000

Type  : Slow 900mV 85C Model Minimum Pulse Width 'pcihip0|p|hip|altpcie_hip_256_pipen1b|g_xcvr.sv_xcvr_pipe_native|inst_sv_xcvr_native|inst_sv_pcs|ch[5].inst_sv_pcs_ch|inst_sv_hssi_8g_rx_pcs|wys|observablebyteserdesclock'
Slack : 3.962
TNS   : 0.000

Type  : Slow 900mV 85C Model Minimum Pulse Width 'pcihip0|p|hip|altpcie_hip_256_pipen1b|g_xcvr.sv_xcvr_pipe_native|inst_sv_xcvr_native|inst_sv_pcs|ch[6].inst_sv_pcs_ch|inst_sv_hssi_8g_rx_pcs|wys|observablebyteserdesclock'
Slack : 3.962
TNS   : 0.000

Type  : Slow 900mV 85C Model Minimum Pulse Width 'pcihip0|p|hip|altpcie_hip_256_pipen1b|g_xcvr.sv_xcvr_pipe_native|inst_sv_xcvr_native|inst_sv_pcs|ch[7].inst_sv_pcs_ch|inst_sv_hssi_8g_rx_pcs|wys|observablebyteserdesclock'
Slack : 3.962
TNS   : 0.000

Type  : Slow 900mV 85C Model Minimum Pulse Width 'pcihip0|p|hip|altpcie_hip_256_pipen1b|g_xcvr.sv_xcvr_pipe_native|inst_sv_xcvr_native|inst_sv_pcs|ch[8].inst_sv_pcs_ch|inst_sv_hssi_8g_rx_pcs|wys|observablebyteserdesclock'
Slack : 3.962
TNS   : 0.000

Type  : Slow 900mV 85C Model Minimum Pulse Width 'pcihip0|p|hip|altpcie_hip_256_pipen1b|g_xcvr.sv_xcvr_pipe_native|inst_sv_xcvr_native|inst_sv_pcs|ch[0].inst_sv_pcs_ch|inst_sv_hssi_8g_tx_pcs|wys|observablebyteserdesclock'
Slack : 4.000
TNS   : 0.000

Type  : Slow 900mV 85C Model Minimum Pulse Width 'pcihip0|p|hip|altpcie_hip_256_pipen1b|g_xcvr.sv_xcvr_pipe_native|inst_sv_xcvr_native|inst_sv_pcs|ch[1].inst_sv_pcs_ch|inst_sv_hssi_8g_tx_pcs|wys|observablebyteserdesclock'
Slack : 4.000
TNS   : 0.000

Type  : Slow 900mV 85C Model Minimum Pulse Width 'pcihip0|p|hip|altpcie_hip_256_pipen1b|g_xcvr.sv_xcvr_pipe_native|inst_sv_xcvr_native|inst_sv_pcs|ch[2].inst_sv_pcs_ch|inst_sv_hssi_8g_tx_pcs|wys|observablebyteserdesclock'
Slack : 4.000
TNS   : 0.000

Type  : Slow 900mV 85C Model Minimum Pulse Width 'pcihip0|p|hip|altpcie_hip_256_pipen1b|g_xcvr.sv_xcvr_pipe_native|inst_sv_xcvr_native|inst_sv_pcs|ch[3].inst_sv_pcs_ch|inst_sv_hssi_8g_tx_pcs|wys|observablebyteserdesclock'
Slack : 4.000
TNS   : 0.000

Type  : Slow 900mV 85C Model Minimum Pulse Width 'pcihip0|p|hip|altpcie_hip_256_pipen1b|g_xcvr.sv_xcvr_pipe_native|inst_sv_xcvr_native|inst_sv_pcs|ch[4].inst_sv_pcs_ch|inst_sv_hssi_8g_tx_pcs|wys|observablebyteserdesclock'
Slack : 4.000
TNS   : 0.000

Type  : Slow 900mV 85C Model Minimum Pulse Width 'pcihip0|p|hip|altpcie_hip_256_pipen1b|g_xcvr.sv_xcvr_pipe_native|inst_sv_xcvr_native|inst_sv_pcs|ch[5].inst_sv_pcs_ch|inst_sv_hssi_8g_tx_pcs|wys|observablebyteserdesclock'
Slack : 4.000
TNS   : 0.000

Type  : Slow 900mV 85C Model Minimum Pulse Width 'pcihip0|p|hip|altpcie_hip_256_pipen1b|g_xcvr.sv_xcvr_pipe_native|inst_sv_xcvr_native|inst_sv_pcs|ch[6].inst_sv_pcs_ch|inst_sv_hssi_8g_tx_pcs|wys|observablebyteserdesclock'
Slack : 4.000
TNS   : 0.000

Type  : Slow 900mV 85C Model Minimum Pulse Width 'pcihip0|p|hip|altpcie_hip_256_pipen1b|g_xcvr.sv_xcvr_pipe_native|inst_sv_xcvr_native|inst_sv_pcs|ch[7].inst_sv_pcs_ch|inst_sv_hssi_8g_tx_pcs|wys|observablebyteserdesclock'
Slack : 4.000
TNS   : 0.000

Type  : Slow 900mV 85C Model Minimum Pulse Width 'pcihip0|p|hip|altpcie_hip_256_pipen1b|g_xcvr.sv_xcvr_pipe_native|inst_sv_xcvr_native|inst_sv_pcs|ch[8].inst_sv_pcs_ch|inst_sv_hssi_8g_tx_pcs|wys|observablebyteserdesclock'
Slack : 4.000
TNS   : 0.000

Type  : Slow 900mV 85C Model Minimum Pulse Width 'pcihip0|p|hip|altpcie_hip_256_pipen1b|g_xcvr.sv_xcvr_pipe_native|inst_sv_xcvr_native|inst_sv_pma|tx_pma.sv_tx_pma_inst|tx_pma_insts[4].sv_tx_pma_ch_inst|tx_pma_ch.tx_cgb|pclkout[1]'
Slack : 4.000
TNS   : 0.000

Type  : Slow 900mV 85C Model Minimum Pulse Width 'sfp0|sfpp_phy_inst|S5|transceiver_core|gen.sv_xcvr_native_insts[0].gen_bonded_group.sv_xcvr_native_inst|inst_sv_xcvr_avmm|avmm_interface_insts[0].stratixv_hssi_avmm_interface_inst|pmatestbussel[0]'
Slack : 4.029
TNS   : 0.000

Type  : Slow 900mV 85C Model Minimum Pulse Width 'pci_pi_refclk0'
Slack : 4.170
TNS   : 0.000

Type  : Slow 900mV 85C Model Minimum Pulse Width 'sv_reconfig_pma_testbus_clk_1'
Slack : 4.217
TNS   : 0.000

Type  : Slow 900mV 85C Model Minimum Pulse Width 'pcihip0|p|hip|altpcie_hip_256_pipen1b|g_xcvr.sv_xcvr_pipe_native|inst_sv_xcvr_native|inst_sv_xcvr_avmm|avmm_interface_insts[0].stratixv_hssi_avmm_interface_inst|pmatestbussel[0]'
Slack : 5.000
TNS   : 0.000

Type  : Slow 900mV 85C Model Minimum Pulse Width 'pcihip0|p|hip|altpcie_hip_256_pipen1b|g_xcvr.sv_xcvr_pipe_native|inst_sv_xcvr_native|inst_sv_xcvr_avmm|avmm_interface_insts[3].stratixv_hssi_avmm_interface_inst|pmatestbussel[0]'
Slack : 5.000
TNS   : 0.000

Type  : Slow 900mV 85C Model Minimum Pulse Width 'pcihip0|p|hip|altpcie_hip_256_pipen1b|g_xcvr.sv_xcvr_pipe_native|inst_sv_xcvr_native|inst_sv_xcvr_avmm|avmm_interface_insts[6].stratixv_hssi_avmm_interface_inst|pmatestbussel[0]'
Slack : 5.000
TNS   : 0.000

Type  : Slow 900mV 85C Model Minimum Pulse Width 'pcihip0|p|hip|altpcie_hip_256_pipen1b|g_xcvr.sv_xcvr_pipe_native|inst_sv_xcvr_native|inst_sv_pma|tx_pma.sv_tx_pma_inst|tx_pma_insts[4].sv_tx_pma_ch_inst|tx_pma_ch.tx_cgb|pclkout[2]'
Slack : 8.000
TNS   : 0.000

Type  : Slow 900mV 85C Model Minimum Pulse Width 'altera_reserved_tck'
Slack : 15.997
TNS   : 0.000

Type  : Slow 900mV 0C Model Setup 'pcihip0|p|hip|altpcie_hip_256_pipen1b|stratixv_hssi_gen3_pcie_hip|coreclkout'
Slack : 0.072
TNS   : 0.000

Type  : Slow 900mV 0C Model Setup 'sfp0|sfpp_phy_inst|S5|transceiver_core|gen.sv_xcvr_native_insts[0].gen_bonded_group.sv_xcvr_native_inst|inst_sv_xcvr_avmm|avmm_interface_insts[0].stratixv_hssi_avmm_interface_inst|pmatestbussel[0]'
Slack : 1.547
TNS   : 0.000

Type  : Slow 900mV 0C Model Setup 'n/a'
Slack : 1.824
TNS   : 0.000

Type  : Slow 900mV 0C Model Setup 'pci_pi_refclk0'
Slack : 2.838
TNS   : 0.000

Type  : Slow 900mV 0C Model Setup 'sv_reconfig_pma_testbus_clk_0'
Slack : 8.272
TNS   : 0.000

Type  : Slow 900mV 0C Model Setup 'sv_reconfig_pma_testbus_clk_1'
Slack : 8.317
TNS   : 0.000

Type  : Slow 900mV 0C Model Setup 'altera_reserved_tck'
Slack : 12.707
TNS   : 0.000

Type  : Slow 900mV 0C Model Hold 'altera_reserved_tck'
Slack : 0.076
TNS   : 0.000

Type  : Slow 900mV 0C Model Hold 'pcihip0|p|hip|altpcie_hip_256_pipen1b|stratixv_hssi_gen3_pcie_hip|coreclkout'
Slack : 0.162
TNS   : 0.000

Type  : Slow 900mV 0C Model Hold 'pci_pi_refclk0'
Slack : 0.192
TNS   : 0.000

Type  : Slow 900mV 0C Model Hold 'sfp0|sfpp_phy_inst|S5|transceiver_core|gen.sv_xcvr_native_insts[0].gen_bonded_group.sv_xcvr_native_inst|inst_sv_xcvr_avmm|avmm_interface_insts[0].stratixv_hssi_avmm_interface_inst|pmatestbussel[0]'
Slack : 0.579
TNS   : 0.000

Type  : Slow 900mV 0C Model Hold 'sv_reconfig_pma_testbus_clk_1'
Slack : 0.709
TNS   : 0.000

Type  : Slow 900mV 0C Model Hold 'sv_reconfig_pma_testbus_clk_0'
Slack : 0.714
TNS   : 0.000

Type  : Slow 900mV 0C Model Hold 'n/a'
Slack : 13.084
TNS   : 0.000

Type  : Slow 900mV 0C Model Recovery 'pcihip0|p|hip|altpcie_hip_256_pipen1b|stratixv_hssi_gen3_pcie_hip|coreclkout'
Slack : -0.324
TNS   : -5003.358

Type  : Slow 900mV 0C Model Recovery 'pci_pi_refclk0'
Slack : 6.211
TNS   : 0.000

Type  : Slow 900mV 0C Model Recovery 'sfp0|sfpp_phy_inst|S5|transceiver_core|gen.sv_xcvr_native_insts[0].gen_bonded_group.sv_xcvr_native_inst|inst_sv_xcvr_avmm|avmm_interface_insts[0].stratixv_hssi_avmm_interface_inst|pmatestbussel[0]'
Slack : 6.524
TNS   : 0.000

Type  : Slow 900mV 0C Model Recovery 'sv_reconfig_pma_testbus_clk_1'
Slack : 7.618
TNS   : 0.000

Type  : Slow 900mV 0C Model Recovery 'altera_reserved_tck'
Slack : 31.159
TNS   : 0.000

Type  : Slow 900mV 0C Model Removal 'pcihip0|p|hip|altpcie_hip_256_pipen1b|stratixv_hssi_gen3_pcie_hip|coreclkout'
Slack : 0.239
TNS   : 0.000

Type  : Slow 900mV 0C Model Removal 'pci_pi_refclk0'
Slack : 0.344
TNS   : 0.000

Type  : Slow 900mV 0C Model Removal 'altera_reserved_tck'
Slack : 0.450
TNS   : 0.000

Type  : Slow 900mV 0C Model Removal 'sfp0|sfpp_phy_inst|S5|transceiver_core|gen.sv_xcvr_native_insts[0].gen_bonded_group.sv_xcvr_native_inst|inst_sv_xcvr_avmm|avmm_interface_insts[0].stratixv_hssi_avmm_interface_inst|pmatestbussel[0]'
Slack : 0.535
TNS   : 0.000

Type  : Slow 900mV 0C Model Removal 'sv_reconfig_pma_testbus_clk_1'
Slack : 1.286
TNS   : 0.000

Type  : Slow 900mV 0C Model Minimum Pulse Width 'sfp0|sfpp_phy_inst|S5|transceiver_core|gen.sv_xcvr_native_insts[0].gen_bonded_group.sv_xcvr_native_inst|inst_sv_pma|rx_pma.sv_rx_pma_inst|rx_pmas[0].rx_pma.rx_cdr|clk90bdes'
Slack : 0.117
TNS   : 0.000

Type  : Slow 900mV 0C Model Minimum Pulse Width 'sfp0|sfpp_phy_inst|S5|transceiver_core|gen.sv_xcvr_native_insts[0].gen_tx_plls.gen_tx_plls.tx_plls|pll[0].pll.atx_pll.tx_pll|clk010g'
Slack : 0.117
TNS   : 0.000

Type  : Slow 900mV 0C Model Minimum Pulse Width 'sfp1|sfpp_phy_inst|S5|transceiver_core|gen.sv_xcvr_native_insts[0].gen_bonded_group.sv_xcvr_native_inst|inst_sv_pma|rx_pma.sv_rx_pma_inst|rx_pmas[0].rx_pma.rx_cdr|clk90bdes'
Slack : 0.117
TNS   : 0.000

Type  : Slow 900mV 0C Model Minimum Pulse Width 'pcihip0|p|hip|altpcie_hip_256_pipen1b|g_xcvr.sv_xcvr_pipe_native|sv_xcvr_tx_plls_inst|pll[0].pll.cmu_pll.tx_pll|clkcdr'
Slack : 0.179
TNS   : 0.000

Type  : Slow 900mV 0C Model Minimum Pulse Width 'pcihip0|p|hip|altpcie_hip_256_pipen1b|g_xcvr.sv_xcvr_pipe_native|inst_sv_xcvr_native|inst_sv_pma|rx_pma.sv_rx_pma_inst|rx_pmas[0].rx_pma.rx_cdr|clk90bdes'
Slack : 0.200
TNS   : 0.000

Type  : Slow 900mV 0C Model Minimum Pulse Width 'pcihip0|p|hip|altpcie_hip_256_pipen1b|g_xcvr.sv_xcvr_pipe_native|inst_sv_xcvr_native|inst_sv_pma|rx_pma.sv_rx_pma_inst|rx_pmas[1].rx_pma.rx_cdr|clk90bdes'
Slack : 0.200
TNS   : 0.000

Type  : Slow 900mV 0C Model Minimum Pulse Width 'pcihip0|p|hip|altpcie_hip_256_pipen1b|g_xcvr.sv_xcvr_pipe_native|inst_sv_xcvr_native|inst_sv_pma|rx_pma.sv_rx_pma_inst|rx_pmas[2].rx_pma.rx_cdr|clk90bdes'
Slack : 0.200
TNS   : 0.000

Type  : Slow 900mV 0C Model Minimum Pulse Width 'pcihip0|p|hip|altpcie_hip_256_pipen1b|g_xcvr.sv_xcvr_pipe_native|inst_sv_xcvr_native|inst_sv_pma|rx_pma.sv_rx_pma_inst|rx_pmas[3].rx_pma.rx_cdr|clk90bdes'
Slack : 0.200
TNS   : 0.000

Type  : Slow 900mV 0C Model Minimum Pulse Width 'pcihip0|p|hip|altpcie_hip_256_pipen1b|g_xcvr.sv_xcvr_pipe_native|inst_sv_xcvr_native|inst_sv_pma|rx_pma.sv_rx_pma_inst|rx_pmas[5].rx_pma.rx_cdr|clk90bdes'
Slack : 0.200
TNS   : 0.000

Type  : Slow 900mV 0C Model Minimum Pulse Width 'pcihip0|p|hip|altpcie_hip_256_pipen1b|g_xcvr.sv_xcvr_pipe_native|inst_sv_xcvr_native|inst_sv_pma|rx_pma.sv_rx_pma_inst|rx_pmas[6].rx_pma.rx_cdr|clk90bdes'
Slack : 0.200
TNS   : 0.000

Type  : Slow 900mV 0C Model Minimum Pulse Width 'pcihip0|p|hip|altpcie_hip_256_pipen1b|g_xcvr.sv_xcvr_pipe_native|inst_sv_xcvr_native|inst_sv_pma|rx_pma.sv_rx_pma_inst|rx_pmas[7].rx_pma.rx_cdr|clk90bdes'
Slack : 0.200
TNS   : 0.000

Type  : Slow 900mV 0C Model Minimum Pulse Width 'pcihip0|p|hip|altpcie_hip_256_pipen1b|g_xcvr.sv_xcvr_pipe_native|inst_sv_xcvr_native|inst_sv_pma|rx_pma.sv_rx_pma_inst|rx_pmas[8].rx_pma.rx_cdr|clk90bdes'
Slack : 0.200
TNS   : 0.000

Type  : Slow 900mV 0C Model Minimum Pulse Width 'pcihip0|p|hip|altpcie_hip_256_pipen1b|g_xcvr.sv_xcvr_pipe_native|inst_sv_xcvr_native|inst_sv_pma|rx_pma.sv_rx_pma_inst|rx_pmas[0].rx_pma.rx_pma_deser|clk90b'
Slack : 0.846
TNS   : 0.000

Type  : Slow 900mV 0C Model Minimum Pulse Width 'pcihip0|p|hip|altpcie_hip_256_pipen1b|g_xcvr.sv_xcvr_pipe_native|inst_sv_xcvr_native|inst_sv_pma|rx_pma.sv_rx_pma_inst|rx_pmas[1].rx_pma.rx_pma_deser|clk90b'
Slack : 0.846
TNS   : 0.000

Type  : Slow 900mV 0C Model Minimum Pulse Width 'pcihip0|p|hip|altpcie_hip_256_pipen1b|g_xcvr.sv_xcvr_pipe_native|inst_sv_xcvr_native|inst_sv_pma|rx_pma.sv_rx_pma_inst|rx_pmas[2].rx_pma.rx_pma_deser|clk90b'
Slack : 0.846
TNS   : 0.000

Type  : Slow 900mV 0C Model Minimum Pulse Width 'pcihip0|p|hip|altpcie_hip_256_pipen1b|g_xcvr.sv_xcvr_pipe_native|inst_sv_xcvr_native|inst_sv_pma|rx_pma.sv_rx_pma_inst|rx_pmas[3].rx_pma.rx_pma_deser|clk90b'
Slack : 0.846
TNS   : 0.000

Type  : Slow 900mV 0C Model Minimum Pulse Width 'pcihip0|p|hip|altpcie_hip_256_pipen1b|g_xcvr.sv_xcvr_pipe_native|inst_sv_xcvr_native|inst_sv_pma|rx_pma.sv_rx_pma_inst|rx_pmas[5].rx_pma.rx_pma_deser|clk90b'
Slack : 0.846
TNS   : 0.000

Type  : Slow 900mV 0C Model Minimum Pulse Width 'pcihip0|p|hip|altpcie_hip_256_pipen1b|g_xcvr.sv_xcvr_pipe_native|inst_sv_xcvr_native|inst_sv_pma|rx_pma.sv_rx_pma_inst|rx_pmas[6].rx_pma.rx_pma_deser|clk90b'
Slack : 0.846
TNS   : 0.000

Type  : Slow 900mV 0C Model Minimum Pulse Width 'pcihip0|p|hip|altpcie_hip_256_pipen1b|g_xcvr.sv_xcvr_pipe_native|inst_sv_xcvr_native|inst_sv_pma|rx_pma.sv_rx_pma_inst|rx_pmas[7].rx_pma.rx_pma_deser|clk90b'
Slack : 0.846
TNS   : 0.000

Type  : Slow 900mV 0C Model Minimum Pulse Width 'pcihip0|p|hip|altpcie_hip_256_pipen1b|g_xcvr.sv_xcvr_pipe_native|inst_sv_xcvr_native|inst_sv_pma|rx_pma.sv_rx_pma_inst|rx_pmas[8].rx_pma.rx_pma_deser|clk90b'
Slack : 0.846
TNS   : 0.000

Type  : Slow 900mV 0C Model Minimum Pulse Width 'i_refclk_sfp'
Slack : 0.940
TNS   : 0.000

Type  : Slow 900mV 0C Model Minimum Pulse Width 'pcihip0|p|hip|altpcie_hip_256_pipen1b|g_xcvr.sv_xcvr_pipe_native|inst_sv_xcvr_native|inst_sv_pma|tx_pma.sv_tx_pma_inst|tx_pma_insts[0].sv_tx_pma_ch_inst|tx_pma_ch.tx_cgb|lfclkp'
Slack : 0.949
TNS   : 0.000

Type  : Slow 900mV 0C Model Minimum Pulse Width 'pcihip0|p|hip|altpcie_hip_256_pipen1b|g_xcvr.sv_xcvr_pipe_native|inst_sv_xcvr_native|inst_sv_pma|tx_pma.sv_tx_pma_inst|tx_pma_insts[1].sv_tx_pma_ch_inst|tx_pma_ch.tx_cgb|lfclkp'
Slack : 0.949
TNS   : 0.000

Type  : Slow 900mV 0C Model Minimum Pulse Width 'pcihip0|p|hip|altpcie_hip_256_pipen1b|g_xcvr.sv_xcvr_pipe_native|inst_sv_xcvr_native|inst_sv_pma|tx_pma.sv_tx_pma_inst|tx_pma_insts[2].sv_tx_pma_ch_inst|tx_pma_ch.tx_cgb|lfclkp'
Slack : 0.949
TNS   : 0.000

Type  : Slow 900mV 0C Model Minimum Pulse Width 'pcihip0|p|hip|altpcie_hip_256_pipen1b|g_xcvr.sv_xcvr_pipe_native|inst_sv_xcvr_native|inst_sv_pma|tx_pma.sv_tx_pma_inst|tx_pma_insts[3].sv_tx_pma_ch_inst|tx_pma_ch.tx_cgb|lfclkp'
Slack : 0.949
TNS   : 0.000

Type  : Slow 900mV 0C Model Minimum Pulse Width 'pcihip0|p|hip|altpcie_hip_256_pipen1b|g_xcvr.sv_xcvr_pipe_native|inst_sv_xcvr_native|inst_sv_pma|tx_pma.sv_tx_pma_inst|tx_pma_insts[4].sv_tx_pma_ch_inst|tx_pma_ch.tx_cgb|lfclkp'
Slack : 0.949
TNS   : 0.000

Type  : Slow 900mV 0C Model Minimum Pulse Width 'pcihip0|p|hip|altpcie_hip_256_pipen1b|g_xcvr.sv_xcvr_pipe_native|inst_sv_xcvr_native|inst_sv_pma|tx_pma.sv_tx_pma_inst|tx_pma_insts[5].sv_tx_pma_ch_inst|tx_pma_ch.tx_cgb|lfclkp'
Slack : 0.949
TNS   : 0.000

Type  : Slow 900mV 0C Model Minimum Pulse Width 'pcihip0|p|hip|altpcie_hip_256_pipen1b|g_xcvr.sv_xcvr_pipe_native|inst_sv_xcvr_native|inst_sv_pma|tx_pma.sv_tx_pma_inst|tx_pma_insts[6].sv_tx_pma_ch_inst|tx_pma_ch.tx_cgb|lfclkp'
Slack : 0.949
TNS   : 0.000

Type  : Slow 900mV 0C Model Minimum Pulse Width 'pcihip0|p|hip|altpcie_hip_256_pipen1b|g_xcvr.sv_xcvr_pipe_native|inst_sv_xcvr_native|inst_sv_pma|tx_pma.sv_tx_pma_inst|tx_pma_insts[7].sv_tx_pma_ch_inst|tx_pma_ch.tx_cgb|lfclkp'
Slack : 0.949
TNS   : 0.000

Type  : Slow 900mV 0C Model Minimum Pulse Width 'pcihip0|p|hip|altpcie_hip_256_pipen1b|g_xcvr.sv_xcvr_pipe_native|inst_sv_xcvr_native|inst_sv_pma|tx_pma.sv_tx_pma_inst|tx_pma_insts[8].sv_tx_pma_ch_inst|tx_pma_ch.tx_cgb|lfclkp'
Slack : 0.949
TNS   : 0.000

Type  : Slow 900mV 0C Model Minimum Pulse Width 'pcihip0|p|hip|altpcie_hip_256_pipen1b|g_xcvr.sv_xcvr_pipe_native|inst_sv_xcvr_native|inst_sv_pma|tx_pma.sv_tx_pma_inst|tx_pma_insts[4].sv_tx_pma_ch_inst|tx_pma_ch.tx_cgb|cpulseout'
Slack : 0.979
TNS   : 0.000

Type  : Slow 900mV 0C Model Minimum Pulse Width 'pcihip0|p|hip|altpcie_hip_256_pipen1b|g_xcvr.sv_xcvr_pipe_native|inst_sv_xcvr_native|inst_sv_pma|tx_pma.sv_tx_pma_inst|tx_pma_insts[4].sv_tx_pma_ch_inst|tx_pma_ch.tx_cgb|lfclkpout'
Slack : 1.000
TNS   : 0.000

Type  : Slow 900mV 0C Model Minimum Pulse Width 'sfp0|sfpp_phy_inst|S5|transceiver_core|gen.sv_xcvr_native_insts[0].gen_bonded_group.sv_xcvr_native_inst|inst_sv_pma|rx_pma.sv_rx_pma_inst|rx_pmas[0].rx_pma.rx_pma_deser|clk90b'
Slack : 1.021
TNS   : 0.000

Type  : Slow 900mV 0C Model Minimum Pulse Width 'sfp1|sfpp_phy_inst|S5|transceiver_core|gen.sv_xcvr_native_insts[0].gen_bonded_group.sv_xcvr_native_inst|inst_sv_pma|rx_pma.sv_rx_pma_inst|rx_pmas[0].rx_pma.rx_pma_deser|clk90b'
Slack : 1.021
TNS   : 0.000

Type  : Slow 900mV 0C Model Minimum Pulse Width 'sfp0|sfpp_phy_inst|S5|transceiver_core|gen.sv_xcvr_native_insts[0].gen_bonded_group.sv_xcvr_native_inst|inst_sv_pma|tx_pma.sv_tx_pma_inst|tx_pma_insts[0].sv_tx_pma_ch_inst|tx_pma_ch.tx_cgb|pclk[0]'
Slack : 1.125
TNS   : 0.000

Type  : Slow 900mV 0C Model Minimum Pulse Width 'sfp1|sfpp_phy_inst|S5|transceiver_core|gen.sv_xcvr_native_insts[0].gen_bonded_group.sv_xcvr_native_inst|inst_sv_pma|tx_pma.sv_tx_pma_inst|tx_pma_insts[0].sv_tx_pma_ch_inst|tx_pma_ch.tx_cgb|pclk[0]'
Slack : 1.125
TNS   : 0.000

Type  : Slow 900mV 0C Model Minimum Pulse Width 'pcihip0|p|hip|altpcie_hip_256_pipen1b|stratixv_hssi_gen3_pcie_hip|coreclkout'
Slack : 1.135
TNS   : 0.000

Type  : Slow 900mV 0C Model Minimum Pulse Width 'pcihip0|p|hip|altpcie_hip_256_pipen1b|g_xcvr.sv_xcvr_pipe_native|inst_sv_xcvr_native|inst_sv_pma|tx_pma.sv_tx_pma_inst|tx_pma_insts[4].sv_tx_pma_ch_inst|tx_pma_ch.tx_cgb|pclkout[0]'
Slack : 2.000
TNS   : 0.000

Type  : Slow 900mV 0C Model Minimum Pulse Width 'pcihip0|p|hip|altpcie_hip_256_pipen1b|stratixv_hssi_gen3_pcie_hip|observablecoreclkdiv'
Slack : 2.000
TNS   : 0.000

Type  : Slow 900mV 0C Model Minimum Pulse Width 'sfp1|sfpp_phy_inst|S5|transceiver_core|gen.sv_xcvr_native_insts[0].gen_bonded_group.sv_xcvr_native_inst|inst_sv_pcs|ch[0].inst_sv_pcs_ch|inst_sv_hssi_8g_rx_pcs|wys|clocktopld'
Slack : 2.231
TNS   : 0.000

Type  : Slow 900mV 0C Model Minimum Pulse Width 'sfp0|sfpp_phy_inst|S5|transceiver_core|gen.sv_xcvr_native_insts[0].gen_bonded_group.sv_xcvr_native_inst|inst_sv_pcs|ch[0].inst_sv_pcs_ch|inst_sv_hssi_8g_rx_pcs|wys|clocktopld'
Slack : 2.234
TNS   : 0.000

Type  : Slow 900mV 0C Model Minimum Pulse Width 'sfp0|sfpp_phy_inst|S5|transceiver_core|gen.sv_xcvr_native_insts[0].gen_bonded_group.sv_xcvr_native_inst|inst_sv_pcs|ch[0].inst_sv_pcs_ch|inst_sv_hssi_8g_rx_pcs|wys|observablebyteserdesclock'
Slack : 2.309
TNS   : 0.000

Type  : Slow 900mV 0C Model Minimum Pulse Width 'sfp1|sfpp_phy_inst|S5|transceiver_core|gen.sv_xcvr_native_insts[0].gen_bonded_group.sv_xcvr_native_inst|inst_sv_pcs|ch[0].inst_sv_pcs_ch|inst_sv_hssi_8g_rx_pcs|wys|observablebyteserdesclock'
Slack : 2.309
TNS   : 0.000

Type  : Slow 900mV 0C Model Minimum Pulse Width 'sfp0|sfpp_phy_inst|S5|transceiver_core|gen.sv_xcvr_native_insts[0].gen_bonded_group.sv_xcvr_native_inst|inst_sv_pcs|ch[0].inst_sv_pcs_ch|inst_sv_hssi_8g_tx_pcs|wys|observablebyteserdesclock'
Slack : 2.352
TNS   : 0.000

Type  : Slow 900mV 0C Model Minimum Pulse Width 'sfp1|sfpp_phy_inst|S5|transceiver_core|gen.sv_xcvr_native_insts[0].gen_bonded_group.sv_xcvr_native_inst|inst_sv_pcs|ch[0].inst_sv_pcs_ch|inst_sv_hssi_8g_tx_pcs|wys|observablebyteserdesclock'
Slack : 2.352
TNS   : 0.000

Type  : Slow 900mV 0C Model Minimum Pulse Width 'sv_reconfig_pma_testbus_clk_0'
Slack : 3.928
TNS   : 0.000

Type  : Slow 900mV 0C Model Minimum Pulse Width 'pcihip0|p|hip|altpcie_hip_256_pipen1b|g_xcvr.sv_xcvr_pipe_native|inst_sv_xcvr_native|inst_sv_pcs|ch[0].inst_sv_pcs_ch|inst_sv_hssi_8g_rx_pcs|wys|observablebyteserdesclock'
Slack : 3.959
TNS   : 0.000

Type  : Slow 900mV 0C Model Minimum Pulse Width 'pcihip0|p|hip|altpcie_hip_256_pipen1b|g_xcvr.sv_xcvr_pipe_native|inst_sv_xcvr_native|inst_sv_pcs|ch[1].inst_sv_pcs_ch|inst_sv_hssi_8g_rx_pcs|wys|observablebyteserdesclock'
Slack : 3.959
TNS   : 0.000

Type  : Slow 900mV 0C Model Minimum Pulse Width 'pcihip0|p|hip|altpcie_hip_256_pipen1b|g_xcvr.sv_xcvr_pipe_native|inst_sv_xcvr_native|inst_sv_pcs|ch[2].inst_sv_pcs_ch|inst_sv_hssi_8g_rx_pcs|wys|observablebyteserdesclock'
Slack : 3.959
TNS   : 0.000

Type  : Slow 900mV 0C Model Minimum Pulse Width 'pcihip0|p|hip|altpcie_hip_256_pipen1b|g_xcvr.sv_xcvr_pipe_native|inst_sv_xcvr_native|inst_sv_pcs|ch[3].inst_sv_pcs_ch|inst_sv_hssi_8g_rx_pcs|wys|observablebyteserdesclock'
Slack : 3.959
TNS   : 0.000

Type  : Slow 900mV 0C Model Minimum Pulse Width 'pcihip0|p|hip|altpcie_hip_256_pipen1b|g_xcvr.sv_xcvr_pipe_native|inst_sv_xcvr_native|inst_sv_pcs|ch[5].inst_sv_pcs_ch|inst_sv_hssi_8g_rx_pcs|wys|observablebyteserdesclock'
Slack : 3.959
TNS   : 0.000

Type  : Slow 900mV 0C Model Minimum Pulse Width 'pcihip0|p|hip|altpcie_hip_256_pipen1b|g_xcvr.sv_xcvr_pipe_native|inst_sv_xcvr_native|inst_sv_pcs|ch[6].inst_sv_pcs_ch|inst_sv_hssi_8g_rx_pcs|wys|observablebyteserdesclock'
Slack : 3.959
TNS   : 0.000

Type  : Slow 900mV 0C Model Minimum Pulse Width 'pcihip0|p|hip|altpcie_hip_256_pipen1b|g_xcvr.sv_xcvr_pipe_native|inst_sv_xcvr_native|inst_sv_pcs|ch[7].inst_sv_pcs_ch|inst_sv_hssi_8g_rx_pcs|wys|observablebyteserdesclock'
Slack : 3.959
TNS   : 0.000

Type  : Slow 900mV 0C Model Minimum Pulse Width 'pcihip0|p|hip|altpcie_hip_256_pipen1b|g_xcvr.sv_xcvr_pipe_native|inst_sv_xcvr_native|inst_sv_pcs|ch[8].inst_sv_pcs_ch|inst_sv_hssi_8g_rx_pcs|wys|observablebyteserdesclock'
Slack : 3.959
TNS   : 0.000

Type  : Slow 900mV 0C Model Minimum Pulse Width 'sfp0|sfpp_phy_inst|S5|transceiver_core|gen.sv_xcvr_native_insts[0].gen_bonded_group.sv_xcvr_native_inst|inst_sv_xcvr_avmm|avmm_interface_insts[0].stratixv_hssi_avmm_interface_inst|pmatestbussel[0]'
Slack : 3.981
TNS   : 0.000

Type  : Slow 900mV 0C Model Minimum Pulse Width 'pcihip0|p|hip|altpcie_hip_256_pipen1b|g_xcvr.sv_xcvr_pipe_native|inst_sv_xcvr_native|inst_sv_pcs|ch[0].inst_sv_pcs_ch|inst_sv_hssi_8g_tx_pcs|wys|observablebyteserdesclock'
Slack : 4.000
TNS   : 0.000

Type  : Slow 900mV 0C Model Minimum Pulse Width 'pcihip0|p|hip|altpcie_hip_256_pipen1b|g_xcvr.sv_xcvr_pipe_native|inst_sv_xcvr_native|inst_sv_pcs|ch[1].inst_sv_pcs_ch|inst_sv_hssi_8g_tx_pcs|wys|observablebyteserdesclock'
Slack : 4.000
TNS   : 0.000

Type  : Slow 900mV 0C Model Minimum Pulse Width 'pcihip0|p|hip|altpcie_hip_256_pipen1b|g_xcvr.sv_xcvr_pipe_native|inst_sv_xcvr_native|inst_sv_pcs|ch[2].inst_sv_pcs_ch|inst_sv_hssi_8g_tx_pcs|wys|observablebyteserdesclock'
Slack : 4.000
TNS   : 0.000

Type  : Slow 900mV 0C Model Minimum Pulse Width 'pcihip0|p|hip|altpcie_hip_256_pipen1b|g_xcvr.sv_xcvr_pipe_native|inst_sv_xcvr_native|inst_sv_pcs|ch[3].inst_sv_pcs_ch|inst_sv_hssi_8g_tx_pcs|wys|observablebyteserdesclock'
Slack : 4.000
TNS   : 0.000

Type  : Slow 900mV 0C Model Minimum Pulse Width 'pcihip0|p|hip|altpcie_hip_256_pipen1b|g_xcvr.sv_xcvr_pipe_native|inst_sv_xcvr_native|inst_sv_pcs|ch[4].inst_sv_pcs_ch|inst_sv_hssi_8g_tx_pcs|wys|observablebyteserdesclock'
Slack : 4.000
TNS   : 0.000

Type  : Slow 900mV 0C Model Minimum Pulse Width 'pcihip0|p|hip|altpcie_hip_256_pipen1b|g_xcvr.sv_xcvr_pipe_native|inst_sv_xcvr_native|inst_sv_pcs|ch[5].inst_sv_pcs_ch|inst_sv_hssi_8g_tx_pcs|wys|observablebyteserdesclock'
Slack : 4.000
TNS   : 0.000

Type  : Slow 900mV 0C Model Minimum Pulse Width 'pcihip0|p|hip|altpcie_hip_256_pipen1b|g_xcvr.sv_xcvr_pipe_native|inst_sv_xcvr_native|inst_sv_pcs|ch[6].inst_sv_pcs_ch|inst_sv_hssi_8g_tx_pcs|wys|observablebyteserdesclock'
Slack : 4.000
TNS   : 0.000

Type  : Slow 900mV 0C Model Minimum Pulse Width 'pcihip0|p|hip|altpcie_hip_256_pipen1b|g_xcvr.sv_xcvr_pipe_native|inst_sv_xcvr_native|inst_sv_pcs|ch[7].inst_sv_pcs_ch|inst_sv_hssi_8g_tx_pcs|wys|observablebyteserdesclock'
Slack : 4.000
TNS   : 0.000

Type  : Slow 900mV 0C Model Minimum Pulse Width 'pcihip0|p|hip|altpcie_hip_256_pipen1b|g_xcvr.sv_xcvr_pipe_native|inst_sv_xcvr_native|inst_sv_pcs|ch[8].inst_sv_pcs_ch|inst_sv_hssi_8g_tx_pcs|wys|observablebyteserdesclock'
Slack : 4.000
TNS   : 0.000

Type  : Slow 900mV 0C Model Minimum Pulse Width 'pcihip0|p|hip|altpcie_hip_256_pipen1b|g_xcvr.sv_xcvr_pipe_native|inst_sv_xcvr_native|inst_sv_pma|tx_pma.sv_tx_pma_inst|tx_pma_insts[4].sv_tx_pma_ch_inst|tx_pma_ch.tx_cgb|pclkout[1]'
Slack : 4.000
TNS   : 0.000

Type  : Slow 900mV 0C Model Minimum Pulse Width 'pci_pi_refclk0'
Slack : 4.148
TNS   : 0.000

Type  : Slow 900mV 0C Model Minimum Pulse Width 'sv_reconfig_pma_testbus_clk_1'
Slack : 4.219
TNS   : 0.000

Type  : Slow 900mV 0C Model Minimum Pulse Width 'pcihip0|p|hip|altpcie_hip_256_pipen1b|g_xcvr.sv_xcvr_pipe_native|inst_sv_xcvr_native|inst_sv_xcvr_avmm|avmm_interface_insts[0].stratixv_hssi_avmm_interface_inst|pmatestbussel[0]'
Slack : 5.000
TNS   : 0.000

Type  : Slow 900mV 0C Model Minimum Pulse Width 'pcihip0|p|hip|altpcie_hip_256_pipen1b|g_xcvr.sv_xcvr_pipe_native|inst_sv_xcvr_native|inst_sv_xcvr_avmm|avmm_interface_insts[3].stratixv_hssi_avmm_interface_inst|pmatestbussel[0]'
Slack : 5.000
TNS   : 0.000

Type  : Slow 900mV 0C Model Minimum Pulse Width 'pcihip0|p|hip|altpcie_hip_256_pipen1b|g_xcvr.sv_xcvr_pipe_native|inst_sv_xcvr_native|inst_sv_xcvr_avmm|avmm_interface_insts[6].stratixv_hssi_avmm_interface_inst|pmatestbussel[0]'
Slack : 5.000
TNS   : 0.000

Type  : Slow 900mV 0C Model Minimum Pulse Width 'pcihip0|p|hip|altpcie_hip_256_pipen1b|g_xcvr.sv_xcvr_pipe_native|inst_sv_xcvr_native|inst_sv_pma|tx_pma.sv_tx_pma_inst|tx_pma_insts[4].sv_tx_pma_ch_inst|tx_pma_ch.tx_cgb|pclkout[2]'
Slack : 8.000
TNS   : 0.000

Type  : Slow 900mV 0C Model Minimum Pulse Width 'altera_reserved_tck'
Slack : 16.095
TNS   : 0.000

Type  : Fast 900mV 85C Model Setup 'pcihip0|p|hip|altpcie_hip_256_pipen1b|stratixv_hssi_gen3_pcie_hip|coreclkout'
Slack : 1.290
TNS   : 0.000

Type  : Fast 900mV 85C Model Setup 'pci_pi_refclk0'
Slack : 3.485
TNS   : 0.000

Type  : Fast 900mV 85C Model Setup 'sfp0|sfpp_phy_inst|S5|transceiver_core|gen.sv_xcvr_native_insts[0].gen_bonded_group.sv_xcvr_native_inst|inst_sv_xcvr_avmm|avmm_interface_insts[0].stratixv_hssi_avmm_interface_inst|pmatestbussel[0]'
Slack : 3.499
TNS   : 0.000

Type  : Fast 900mV 85C Model Setup 'n/a'
Slack : 4.009
TNS   : 0.000

Type  : Fast 900mV 85C Model Setup 'sv_reconfig_pma_testbus_clk_1'
Slack : 8.679
TNS   : 0.000

Type  : Fast 900mV 85C Model Setup 'sv_reconfig_pma_testbus_clk_0'
Slack : 8.710
TNS   : 0.000

Type  : Fast 900mV 85C Model Setup 'altera_reserved_tck'
Slack : 14.169
TNS   : 0.000

Type  : Fast 900mV 85C Model Hold 'altera_reserved_tck'
Slack : 0.036
TNS   : 0.000

Type  : Fast 900mV 85C Model Hold 'pci_pi_refclk0'
Slack : 0.096
TNS   : 0.000

Type  : Fast 900mV 85C Model Hold 'pcihip0|p|hip|altpcie_hip_256_pipen1b|stratixv_hssi_gen3_pcie_hip|coreclkout'
Slack : 0.101
TNS   : 0.000

Type  : Fast 900mV 85C Model Hold 'sfp0|sfpp_phy_inst|S5|transceiver_core|gen.sv_xcvr_native_insts[0].gen_bonded_group.sv_xcvr_native_inst|inst_sv_xcvr_avmm|avmm_interface_insts[0].stratixv_hssi_avmm_interface_inst|pmatestbussel[0]'
Slack : 0.362
TNS   : 0.000

Type  : Fast 900mV 85C Model Hold 'sv_reconfig_pma_testbus_clk_1'
Slack : 0.463
TNS   : 0.000

Type  : Fast 900mV 85C Model Hold 'sv_reconfig_pma_testbus_clk_0'
Slack : 0.506
TNS   : 0.000

Type  : Fast 900mV 85C Model Hold 'n/a'
Slack : 12.410
TNS   : 0.000

Type  : Fast 900mV 85C Model Recovery 'pcihip0|p|hip|altpcie_hip_256_pipen1b|stratixv_hssi_gen3_pcie_hip|coreclkout'
Slack : 0.583
TNS   : 0.000

Type  : Fast 900mV 85C Model Recovery 'pci_pi_refclk0'
Slack : 7.093
TNS   : 0.000

Type  : Fast 900mV 85C Model Recovery 'sfp0|sfpp_phy_inst|S5|transceiver_core|gen.sv_xcvr_native_insts[0].gen_bonded_group.sv_xcvr_native_inst|inst_sv_xcvr_avmm|avmm_interface_insts[0].stratixv_hssi_avmm_interface_inst|pmatestbussel[0]'
Slack : 7.436
TNS   : 0.000

Type  : Fast 900mV 85C Model Recovery 'sv_reconfig_pma_testbus_clk_1'
Slack : 8.131
TNS   : 0.000

Type  : Fast 900mV 85C Model Recovery 'altera_reserved_tck'
Slack : 31.713
TNS   : 0.000

Type  : Fast 900mV 85C Model Removal 'pcihip0|p|hip|altpcie_hip_256_pipen1b|stratixv_hssi_gen3_pcie_hip|coreclkout'
Slack : 0.136
TNS   : 0.000

Type  : Fast 900mV 85C Model Removal 'pci_pi_refclk0'
Slack : 0.188
TNS   : 0.000

Type  : Fast 900mV 85C Model Removal 'altera_reserved_tck'
Slack : 0.292
TNS   : 0.000

Type  : Fast 900mV 85C Model Removal 'sfp0|sfpp_phy_inst|S5|transceiver_core|gen.sv_xcvr_native_insts[0].gen_bonded_group.sv_xcvr_native_inst|inst_sv_xcvr_avmm|avmm_interface_insts[0].stratixv_hssi_avmm_interface_inst|pmatestbussel[0]'
Slack : 0.402
TNS   : 0.000

Type  : Fast 900mV 85C Model Removal 'sv_reconfig_pma_testbus_clk_1'
Slack : 1.058
TNS   : 0.000

Type  : Fast 900mV 85C Model Minimum Pulse Width 'sfp0|sfpp_phy_inst|S5|transceiver_core|gen.sv_xcvr_native_insts[0].gen_bonded_group.sv_xcvr_native_inst|inst_sv_pma|rx_pma.sv_rx_pma_inst|rx_pmas[0].rx_pma.rx_cdr|clk90bdes'
Slack : 0.117
TNS   : 0.000

Type  : Fast 900mV 85C Model Minimum Pulse Width 'sfp0|sfpp_phy_inst|S5|transceiver_core|gen.sv_xcvr_native_insts[0].gen_tx_plls.gen_tx_plls.tx_plls|pll[0].pll.atx_pll.tx_pll|clk010g'
Slack : 0.117
TNS   : 0.000

Type  : Fast 900mV 85C Model Minimum Pulse Width 'sfp1|sfpp_phy_inst|S5|transceiver_core|gen.sv_xcvr_native_insts[0].gen_bonded_group.sv_xcvr_native_inst|inst_sv_pma|rx_pma.sv_rx_pma_inst|rx_pmas[0].rx_pma.rx_cdr|clk90bdes'
Slack : 0.117
TNS   : 0.000

Type  : Fast 900mV 85C Model Minimum Pulse Width 'pcihip0|p|hip|altpcie_hip_256_pipen1b|g_xcvr.sv_xcvr_pipe_native|sv_xcvr_tx_plls_inst|pll[0].pll.cmu_pll.tx_pll|clkcdr'
Slack : 0.191
TNS   : 0.000

Type  : Fast 900mV 85C Model Minimum Pulse Width 'pcihip0|p|hip|altpcie_hip_256_pipen1b|g_xcvr.sv_xcvr_pipe_native|inst_sv_xcvr_native|inst_sv_pma|rx_pma.sv_rx_pma_inst|rx_pmas[0].rx_pma.rx_cdr|clk90bdes'
Slack : 0.200
TNS   : 0.000

Type  : Fast 900mV 85C Model Minimum Pulse Width 'pcihip0|p|hip|altpcie_hip_256_pipen1b|g_xcvr.sv_xcvr_pipe_native|inst_sv_xcvr_native|inst_sv_pma|rx_pma.sv_rx_pma_inst|rx_pmas[1].rx_pma.rx_cdr|clk90bdes'
Slack : 0.200
TNS   : 0.000

Type  : Fast 900mV 85C Model Minimum Pulse Width 'pcihip0|p|hip|altpcie_hip_256_pipen1b|g_xcvr.sv_xcvr_pipe_native|inst_sv_xcvr_native|inst_sv_pma|rx_pma.sv_rx_pma_inst|rx_pmas[2].rx_pma.rx_cdr|clk90bdes'
Slack : 0.200
TNS   : 0.000

Type  : Fast 900mV 85C Model Minimum Pulse Width 'pcihip0|p|hip|altpcie_hip_256_pipen1b|g_xcvr.sv_xcvr_pipe_native|inst_sv_xcvr_native|inst_sv_pma|rx_pma.sv_rx_pma_inst|rx_pmas[3].rx_pma.rx_cdr|clk90bdes'
Slack : 0.200
TNS   : 0.000

Type  : Fast 900mV 85C Model Minimum Pulse Width 'pcihip0|p|hip|altpcie_hip_256_pipen1b|g_xcvr.sv_xcvr_pipe_native|inst_sv_xcvr_native|inst_sv_pma|rx_pma.sv_rx_pma_inst|rx_pmas[5].rx_pma.rx_cdr|clk90bdes'
Slack : 0.200
TNS   : 0.000

Type  : Fast 900mV 85C Model Minimum Pulse Width 'pcihip0|p|hip|altpcie_hip_256_pipen1b|g_xcvr.sv_xcvr_pipe_native|inst_sv_xcvr_native|inst_sv_pma|rx_pma.sv_rx_pma_inst|rx_pmas[6].rx_pma.rx_cdr|clk90bdes'
Slack : 0.200
TNS   : 0.000

Type  : Fast 900mV 85C Model Minimum Pulse Width 'pcihip0|p|hip|altpcie_hip_256_pipen1b|g_xcvr.sv_xcvr_pipe_native|inst_sv_xcvr_native|inst_sv_pma|rx_pma.sv_rx_pma_inst|rx_pmas[7].rx_pma.rx_cdr|clk90bdes'
Slack : 0.200
TNS   : 0.000

Type  : Fast 900mV 85C Model Minimum Pulse Width 'pcihip0|p|hip|altpcie_hip_256_pipen1b|g_xcvr.sv_xcvr_pipe_native|inst_sv_xcvr_native|inst_sv_pma|rx_pma.sv_rx_pma_inst|rx_pmas[8].rx_pma.rx_cdr|clk90bdes'
Slack : 0.200
TNS   : 0.000

Type  : Fast 900mV 85C Model Minimum Pulse Width 'i_refclk_sfp'
Slack : 0.938
TNS   : 0.000

Type  : Fast 900mV 85C Model Minimum Pulse Width 'pcihip0|p|hip|altpcie_hip_256_pipen1b|g_xcvr.sv_xcvr_pipe_native|inst_sv_xcvr_native|inst_sv_pma|rx_pma.sv_rx_pma_inst|rx_pmas[0].rx_pma.rx_pma_deser|clk90b'
Slack : 0.950
TNS   : 0.000

Type  : Fast 900mV 85C Model Minimum Pulse Width 'pcihip0|p|hip|altpcie_hip_256_pipen1b|g_xcvr.sv_xcvr_pipe_native|inst_sv_xcvr_native|inst_sv_pma|rx_pma.sv_rx_pma_inst|rx_pmas[1].rx_pma.rx_pma_deser|clk90b'
Slack : 0.950
TNS   : 0.000

Type  : Fast 900mV 85C Model Minimum Pulse Width 'pcihip0|p|hip|altpcie_hip_256_pipen1b|g_xcvr.sv_xcvr_pipe_native|inst_sv_xcvr_native|inst_sv_pma|rx_pma.sv_rx_pma_inst|rx_pmas[2].rx_pma.rx_pma_deser|clk90b'
Slack : 0.950
TNS   : 0.000

Type  : Fast 900mV 85C Model Minimum Pulse Width 'pcihip0|p|hip|altpcie_hip_256_pipen1b|g_xcvr.sv_xcvr_pipe_native|inst_sv_xcvr_native|inst_sv_pma|rx_pma.sv_rx_pma_inst|rx_pmas[3].rx_pma.rx_pma_deser|clk90b'
Slack : 0.950
TNS   : 0.000

Type  : Fast 900mV 85C Model Minimum Pulse Width 'pcihip0|p|hip|altpcie_hip_256_pipen1b|g_xcvr.sv_xcvr_pipe_native|inst_sv_xcvr_native|inst_sv_pma|rx_pma.sv_rx_pma_inst|rx_pmas[5].rx_pma.rx_pma_deser|clk90b'
Slack : 0.950
TNS   : 0.000

Type  : Fast 900mV 85C Model Minimum Pulse Width 'pcihip0|p|hip|altpcie_hip_256_pipen1b|g_xcvr.sv_xcvr_pipe_native|inst_sv_xcvr_native|inst_sv_pma|rx_pma.sv_rx_pma_inst|rx_pmas[6].rx_pma.rx_pma_deser|clk90b'
Slack : 0.950
TNS   : 0.000

Type  : Fast 900mV 85C Model Minimum Pulse Width 'pcihip0|p|hip|altpcie_hip_256_pipen1b|g_xcvr.sv_xcvr_pipe_native|inst_sv_xcvr_native|inst_sv_pma|rx_pma.sv_rx_pma_inst|rx_pmas[7].rx_pma.rx_pma_deser|clk90b'
Slack : 0.950
TNS   : 0.000

Type  : Fast 900mV 85C Model Minimum Pulse Width 'pcihip0|p|hip|altpcie_hip_256_pipen1b|g_xcvr.sv_xcvr_pipe_native|inst_sv_xcvr_native|inst_sv_pma|rx_pma.sv_rx_pma_inst|rx_pmas[8].rx_pma.rx_pma_deser|clk90b'
Slack : 0.950
TNS   : 0.000

Type  : Fast 900mV 85C Model Minimum Pulse Width 'pcihip0|p|hip|altpcie_hip_256_pipen1b|g_xcvr.sv_xcvr_pipe_native|inst_sv_xcvr_native|inst_sv_pma|tx_pma.sv_tx_pma_inst|tx_pma_insts[0].sv_tx_pma_ch_inst|tx_pma_ch.tx_cgb|lfclkp'
Slack : 0.986
TNS   : 0.000

Type  : Fast 900mV 85C Model Minimum Pulse Width 'pcihip0|p|hip|altpcie_hip_256_pipen1b|g_xcvr.sv_xcvr_pipe_native|inst_sv_xcvr_native|inst_sv_pma|tx_pma.sv_tx_pma_inst|tx_pma_insts[1].sv_tx_pma_ch_inst|tx_pma_ch.tx_cgb|lfclkp'
Slack : 0.986
TNS   : 0.000

Type  : Fast 900mV 85C Model Minimum Pulse Width 'pcihip0|p|hip|altpcie_hip_256_pipen1b|g_xcvr.sv_xcvr_pipe_native|inst_sv_xcvr_native|inst_sv_pma|tx_pma.sv_tx_pma_inst|tx_pma_insts[2].sv_tx_pma_ch_inst|tx_pma_ch.tx_cgb|lfclkp'
Slack : 0.986
TNS   : 0.000

Type  : Fast 900mV 85C Model Minimum Pulse Width 'pcihip0|p|hip|altpcie_hip_256_pipen1b|g_xcvr.sv_xcvr_pipe_native|inst_sv_xcvr_native|inst_sv_pma|tx_pma.sv_tx_pma_inst|tx_pma_insts[3].sv_tx_pma_ch_inst|tx_pma_ch.tx_cgb|lfclkp'
Slack : 0.986
TNS   : 0.000

Type  : Fast 900mV 85C Model Minimum Pulse Width 'pcihip0|p|hip|altpcie_hip_256_pipen1b|g_xcvr.sv_xcvr_pipe_native|inst_sv_xcvr_native|inst_sv_pma|tx_pma.sv_tx_pma_inst|tx_pma_insts[4].sv_tx_pma_ch_inst|tx_pma_ch.tx_cgb|lfclkp'
Slack : 0.986
TNS   : 0.000

Type  : Fast 900mV 85C Model Minimum Pulse Width 'pcihip0|p|hip|altpcie_hip_256_pipen1b|g_xcvr.sv_xcvr_pipe_native|inst_sv_xcvr_native|inst_sv_pma|tx_pma.sv_tx_pma_inst|tx_pma_insts[5].sv_tx_pma_ch_inst|tx_pma_ch.tx_cgb|lfclkp'
Slack : 0.986
TNS   : 0.000

Type  : Fast 900mV 85C Model Minimum Pulse Width 'pcihip0|p|hip|altpcie_hip_256_pipen1b|g_xcvr.sv_xcvr_pipe_native|inst_sv_xcvr_native|inst_sv_pma|tx_pma.sv_tx_pma_inst|tx_pma_insts[6].sv_tx_pma_ch_inst|tx_pma_ch.tx_cgb|lfclkp'
Slack : 0.986
TNS   : 0.000

Type  : Fast 900mV 85C Model Minimum Pulse Width 'pcihip0|p|hip|altpcie_hip_256_pipen1b|g_xcvr.sv_xcvr_pipe_native|inst_sv_xcvr_native|inst_sv_pma|tx_pma.sv_tx_pma_inst|tx_pma_insts[7].sv_tx_pma_ch_inst|tx_pma_ch.tx_cgb|lfclkp'
Slack : 0.986
TNS   : 0.000

Type  : Fast 900mV 85C Model Minimum Pulse Width 'pcihip0|p|hip|altpcie_hip_256_pipen1b|g_xcvr.sv_xcvr_pipe_native|inst_sv_xcvr_native|inst_sv_pma|tx_pma.sv_tx_pma_inst|tx_pma_insts[8].sv_tx_pma_ch_inst|tx_pma_ch.tx_cgb|lfclkp'
Slack : 0.986
TNS   : 0.000

Type  : Fast 900mV 85C Model Minimum Pulse Width 'pcihip0|p|hip|altpcie_hip_256_pipen1b|g_xcvr.sv_xcvr_pipe_native|inst_sv_xcvr_native|inst_sv_pma|tx_pma.sv_tx_pma_inst|tx_pma_insts[4].sv_tx_pma_ch_inst|tx_pma_ch.tx_cgb|cpulseout'
Slack : 0.991
TNS   : 0.000

Type  : Fast 900mV 85C Model Minimum Pulse Width 'pcihip0|p|hip|altpcie_hip_256_pipen1b|g_xcvr.sv_xcvr_pipe_native|inst_sv_xcvr_native|inst_sv_pma|tx_pma.sv_tx_pma_inst|tx_pma_insts[4].sv_tx_pma_ch_inst|tx_pma_ch.tx_cgb|lfclkpout'
Slack : 1.000
TNS   : 0.000

Type  : Fast 900mV 85C Model Minimum Pulse Width 'sfp0|sfpp_phy_inst|S5|transceiver_core|gen.sv_xcvr_native_insts[0].gen_bonded_group.sv_xcvr_native_inst|inst_sv_pma|rx_pma.sv_rx_pma_inst|rx_pmas[0].rx_pma.rx_pma_deser|clk90b'
Slack : 1.125
TNS   : 0.000

Type  : Fast 900mV 85C Model Minimum Pulse Width 'sfp1|sfpp_phy_inst|S5|transceiver_core|gen.sv_xcvr_native_insts[0].gen_bonded_group.sv_xcvr_native_inst|inst_sv_pma|rx_pma.sv_rx_pma_inst|rx_pmas[0].rx_pma.rx_pma_deser|clk90b'
Slack : 1.125
TNS   : 0.000

Type  : Fast 900mV 85C Model Minimum Pulse Width 'pcihip0|p|hip|altpcie_hip_256_pipen1b|stratixv_hssi_gen3_pcie_hip|coreclkout'
Slack : 1.156
TNS   : 0.000

Type  : Fast 900mV 85C Model Minimum Pulse Width 'sfp0|sfpp_phy_inst|S5|transceiver_core|gen.sv_xcvr_native_insts[0].gen_bonded_group.sv_xcvr_native_inst|inst_sv_pma|tx_pma.sv_tx_pma_inst|tx_pma_insts[0].sv_tx_pma_ch_inst|tx_pma_ch.tx_cgb|pclk[0]'
Slack : 1.162
TNS   : 0.000

Type  : Fast 900mV 85C Model Minimum Pulse Width 'sfp1|sfpp_phy_inst|S5|transceiver_core|gen.sv_xcvr_native_insts[0].gen_bonded_group.sv_xcvr_native_inst|inst_sv_pma|tx_pma.sv_tx_pma_inst|tx_pma_insts[0].sv_tx_pma_ch_inst|tx_pma_ch.tx_cgb|pclk[0]'
Slack : 1.162
TNS   : 0.000

Type  : Fast 900mV 85C Model Minimum Pulse Width 'pcihip0|p|hip|altpcie_hip_256_pipen1b|g_xcvr.sv_xcvr_pipe_native|inst_sv_xcvr_native|inst_sv_pma|tx_pma.sv_tx_pma_inst|tx_pma_insts[4].sv_tx_pma_ch_inst|tx_pma_ch.tx_cgb|pclkout[0]'
Slack : 2.000
TNS   : 0.000

Type  : Fast 900mV 85C Model Minimum Pulse Width 'pcihip0|p|hip|altpcie_hip_256_pipen1b|stratixv_hssi_gen3_pcie_hip|observablecoreclkdiv'
Slack : 2.000
TNS   : 0.000

Type  : Fast 900mV 85C Model Minimum Pulse Width 'sfp1|sfpp_phy_inst|S5|transceiver_core|gen.sv_xcvr_native_insts[0].gen_bonded_group.sv_xcvr_native_inst|inst_sv_pcs|ch[0].inst_sv_pcs_ch|inst_sv_hssi_8g_rx_pcs|wys|clocktopld'
Slack : 2.295
TNS   : 0.000

Type  : Fast 900mV 85C Model Minimum Pulse Width 'sfp0|sfpp_phy_inst|S5|transceiver_core|gen.sv_xcvr_native_insts[0].gen_bonded_group.sv_xcvr_native_inst|inst_sv_pcs|ch[0].inst_sv_pcs_ch|inst_sv_hssi_8g_rx_pcs|wys|clocktopld'
Slack : 2.299
TNS   : 0.000

Type  : Fast 900mV 85C Model Minimum Pulse Width 'sfp0|sfpp_phy_inst|S5|transceiver_core|gen.sv_xcvr_native_insts[0].gen_bonded_group.sv_xcvr_native_inst|inst_sv_pcs|ch[0].inst_sv_pcs_ch|inst_sv_hssi_8g_rx_pcs|wys|observablebyteserdesclock'
Slack : 2.319
TNS   : 0.000

Type  : Fast 900mV 85C Model Minimum Pulse Width 'sfp1|sfpp_phy_inst|S5|transceiver_core|gen.sv_xcvr_native_insts[0].gen_bonded_group.sv_xcvr_native_inst|inst_sv_pcs|ch[0].inst_sv_pcs_ch|inst_sv_hssi_8g_rx_pcs|wys|observablebyteserdesclock'
Slack : 2.319
TNS   : 0.000

Type  : Fast 900mV 85C Model Minimum Pulse Width 'sfp0|sfpp_phy_inst|S5|transceiver_core|gen.sv_xcvr_native_insts[0].gen_bonded_group.sv_xcvr_native_inst|inst_sv_pcs|ch[0].inst_sv_pcs_ch|inst_sv_hssi_8g_tx_pcs|wys|observablebyteserdesclock'
Slack : 2.352
TNS   : 0.000

Type  : Fast 900mV 85C Model Minimum Pulse Width 'sfp1|sfpp_phy_inst|S5|transceiver_core|gen.sv_xcvr_native_insts[0].gen_bonded_group.sv_xcvr_native_inst|inst_sv_pcs|ch[0].inst_sv_pcs_ch|inst_sv_hssi_8g_tx_pcs|wys|observablebyteserdesclock'
Slack : 2.352
TNS   : 0.000

Type  : Fast 900mV 85C Model Minimum Pulse Width 'pcihip0|p|hip|altpcie_hip_256_pipen1b|g_xcvr.sv_xcvr_pipe_native|inst_sv_xcvr_native|inst_sv_pcs|ch[0].inst_sv_pcs_ch|inst_sv_hssi_8g_rx_pcs|wys|observablebyteserdesclock'
Slack : 3.970
TNS   : 0.000

Type  : Fast 900mV 85C Model Minimum Pulse Width 'pcihip0|p|hip|altpcie_hip_256_pipen1b|g_xcvr.sv_xcvr_pipe_native|inst_sv_xcvr_native|inst_sv_pcs|ch[1].inst_sv_pcs_ch|inst_sv_hssi_8g_rx_pcs|wys|observablebyteserdesclock'
Slack : 3.970
TNS   : 0.000

Type  : Fast 900mV 85C Model Minimum Pulse Width 'pcihip0|p|hip|altpcie_hip_256_pipen1b|g_xcvr.sv_xcvr_pipe_native|inst_sv_xcvr_native|inst_sv_pcs|ch[2].inst_sv_pcs_ch|inst_sv_hssi_8g_rx_pcs|wys|observablebyteserdesclock'
Slack : 3.970
TNS   : 0.000

Type  : Fast 900mV 85C Model Minimum Pulse Width 'pcihip0|p|hip|altpcie_hip_256_pipen1b|g_xcvr.sv_xcvr_pipe_native|inst_sv_xcvr_native|inst_sv_pcs|ch[3].inst_sv_pcs_ch|inst_sv_hssi_8g_rx_pcs|wys|observablebyteserdesclock'
Slack : 3.970
TNS   : 0.000

Type  : Fast 900mV 85C Model Minimum Pulse Width 'pcihip0|p|hip|altpcie_hip_256_pipen1b|g_xcvr.sv_xcvr_pipe_native|inst_sv_xcvr_native|inst_sv_pcs|ch[5].inst_sv_pcs_ch|inst_sv_hssi_8g_rx_pcs|wys|observablebyteserdesclock'
Slack : 3.970
TNS   : 0.000

Type  : Fast 900mV 85C Model Minimum Pulse Width 'pcihip0|p|hip|altpcie_hip_256_pipen1b|g_xcvr.sv_xcvr_pipe_native|inst_sv_xcvr_native|inst_sv_pcs|ch[6].inst_sv_pcs_ch|inst_sv_hssi_8g_rx_pcs|wys|observablebyteserdesclock'
Slack : 3.970
TNS   : 0.000

Type  : Fast 900mV 85C Model Minimum Pulse Width 'pcihip0|p|hip|altpcie_hip_256_pipen1b|g_xcvr.sv_xcvr_pipe_native|inst_sv_xcvr_native|inst_sv_pcs|ch[7].inst_sv_pcs_ch|inst_sv_hssi_8g_rx_pcs|wys|observablebyteserdesclock'
Slack : 3.970
TNS   : 0.000

Type  : Fast 900mV 85C Model Minimum Pulse Width 'pcihip0|p|hip|altpcie_hip_256_pipen1b|g_xcvr.sv_xcvr_pipe_native|inst_sv_xcvr_native|inst_sv_pcs|ch[8].inst_sv_pcs_ch|inst_sv_hssi_8g_rx_pcs|wys|observablebyteserdesclock'
Slack : 3.970
TNS   : 0.000

Type  : Fast 900mV 85C Model Minimum Pulse Width 'pcihip0|p|hip|altpcie_hip_256_pipen1b|g_xcvr.sv_xcvr_pipe_native|inst_sv_xcvr_native|inst_sv_pcs|ch[0].inst_sv_pcs_ch|inst_sv_hssi_8g_tx_pcs|wys|observablebyteserdesclock'
Slack : 4.000
TNS   : 0.000

Type  : Fast 900mV 85C Model Minimum Pulse Width 'pcihip0|p|hip|altpcie_hip_256_pipen1b|g_xcvr.sv_xcvr_pipe_native|inst_sv_xcvr_native|inst_sv_pcs|ch[1].inst_sv_pcs_ch|inst_sv_hssi_8g_tx_pcs|wys|observablebyteserdesclock'
Slack : 4.000
TNS   : 0.000

Type  : Fast 900mV 85C Model Minimum Pulse Width 'pcihip0|p|hip|altpcie_hip_256_pipen1b|g_xcvr.sv_xcvr_pipe_native|inst_sv_xcvr_native|inst_sv_pcs|ch[2].inst_sv_pcs_ch|inst_sv_hssi_8g_tx_pcs|wys|observablebyteserdesclock'
Slack : 4.000
TNS   : 0.000

Type  : Fast 900mV 85C Model Minimum Pulse Width 'pcihip0|p|hip|altpcie_hip_256_pipen1b|g_xcvr.sv_xcvr_pipe_native|inst_sv_xcvr_native|inst_sv_pcs|ch[3].inst_sv_pcs_ch|inst_sv_hssi_8g_tx_pcs|wys|observablebyteserdesclock'
Slack : 4.000
TNS   : 0.000

Type  : Fast 900mV 85C Model Minimum Pulse Width 'pcihip0|p|hip|altpcie_hip_256_pipen1b|g_xcvr.sv_xcvr_pipe_native|inst_sv_xcvr_native|inst_sv_pcs|ch[4].inst_sv_pcs_ch|inst_sv_hssi_8g_tx_pcs|wys|observablebyteserdesclock'
Slack : 4.000
TNS   : 0.000

Type  : Fast 900mV 85C Model Minimum Pulse Width 'pcihip0|p|hip|altpcie_hip_256_pipen1b|g_xcvr.sv_xcvr_pipe_native|inst_sv_xcvr_native|inst_sv_pcs|ch[5].inst_sv_pcs_ch|inst_sv_hssi_8g_tx_pcs|wys|observablebyteserdesclock'
Slack : 4.000
TNS   : 0.000

Type  : Fast 900mV 85C Model Minimum Pulse Width 'pcihip0|p|hip|altpcie_hip_256_pipen1b|g_xcvr.sv_xcvr_pipe_native|inst_sv_xcvr_native|inst_sv_pcs|ch[6].inst_sv_pcs_ch|inst_sv_hssi_8g_tx_pcs|wys|observablebyteserdesclock'
Slack : 4.000
TNS   : 0.000

Type  : Fast 900mV 85C Model Minimum Pulse Width 'pcihip0|p|hip|altpcie_hip_256_pipen1b|g_xcvr.sv_xcvr_pipe_native|inst_sv_xcvr_native|inst_sv_pcs|ch[7].inst_sv_pcs_ch|inst_sv_hssi_8g_tx_pcs|wys|observablebyteserdesclock'
Slack : 4.000
TNS   : 0.000

Type  : Fast 900mV 85C Model Minimum Pulse Width 'pcihip0|p|hip|altpcie_hip_256_pipen1b|g_xcvr.sv_xcvr_pipe_native|inst_sv_xcvr_native|inst_sv_pcs|ch[8].inst_sv_pcs_ch|inst_sv_hssi_8g_tx_pcs|wys|observablebyteserdesclock'
Slack : 4.000
TNS   : 0.000

Type  : Fast 900mV 85C Model Minimum Pulse Width 'pcihip0|p|hip|altpcie_hip_256_pipen1b|g_xcvr.sv_xcvr_pipe_native|inst_sv_xcvr_native|inst_sv_pma|tx_pma.sv_tx_pma_inst|tx_pma_insts[4].sv_tx_pma_ch_inst|tx_pma_ch.tx_cgb|pclkout[1]'
Slack : 4.000
TNS   : 0.000

Type  : Fast 900mV 85C Model Minimum Pulse Width 'sfp0|sfpp_phy_inst|S5|transceiver_core|gen.sv_xcvr_native_insts[0].gen_bonded_group.sv_xcvr_native_inst|inst_sv_xcvr_avmm|avmm_interface_insts[0].stratixv_hssi_avmm_interface_inst|pmatestbussel[0]'
Slack : 4.159
TNS   : 0.000

Type  : Fast 900mV 85C Model Minimum Pulse Width 'pci_pi_refclk0'
Slack : 4.202
TNS   : 0.000

Type  : Fast 900mV 85C Model Minimum Pulse Width 'sv_reconfig_pma_testbus_clk_0'
Slack : 4.265
TNS   : 0.000

Type  : Fast 900mV 85C Model Minimum Pulse Width 'sv_reconfig_pma_testbus_clk_1'
Slack : 4.276
TNS   : 0.000

Type  : Fast 900mV 85C Model Minimum Pulse Width 'pcihip0|p|hip|altpcie_hip_256_pipen1b|g_xcvr.sv_xcvr_pipe_native|inst_sv_xcvr_native|inst_sv_xcvr_avmm|avmm_interface_insts[0].stratixv_hssi_avmm_interface_inst|pmatestbussel[0]'
Slack : 5.000
TNS   : 0.000

Type  : Fast 900mV 85C Model Minimum Pulse Width 'pcihip0|p|hip|altpcie_hip_256_pipen1b|g_xcvr.sv_xcvr_pipe_native|inst_sv_xcvr_native|inst_sv_xcvr_avmm|avmm_interface_insts[3].stratixv_hssi_avmm_interface_inst|pmatestbussel[0]'
Slack : 5.000
TNS   : 0.000

Type  : Fast 900mV 85C Model Minimum Pulse Width 'pcihip0|p|hip|altpcie_hip_256_pipen1b|g_xcvr.sv_xcvr_pipe_native|inst_sv_xcvr_native|inst_sv_xcvr_avmm|avmm_interface_insts[6].stratixv_hssi_avmm_interface_inst|pmatestbussel[0]'
Slack : 5.000
TNS   : 0.000

Type  : Fast 900mV 85C Model Minimum Pulse Width 'pcihip0|p|hip|altpcie_hip_256_pipen1b|g_xcvr.sv_xcvr_pipe_native|inst_sv_xcvr_native|inst_sv_pma|tx_pma.sv_tx_pma_inst|tx_pma_insts[4].sv_tx_pma_ch_inst|tx_pma_ch.tx_cgb|pclkout[2]'
Slack : 8.000
TNS   : 0.000

Type  : Fast 900mV 85C Model Minimum Pulse Width 'altera_reserved_tck'
Slack : 15.926
TNS   : 0.000

Type  : Fast 900mV 0C Model Setup 'pcihip0|p|hip|altpcie_hip_256_pipen1b|stratixv_hssi_gen3_pcie_hip|coreclkout'
Slack : 1.464
TNS   : 0.000

Type  : Fast 900mV 0C Model Setup 'pci_pi_refclk0'
Slack : 3.528
TNS   : 0.000

Type  : Fast 900mV 0C Model Setup 'sfp0|sfpp_phy_inst|S5|transceiver_core|gen.sv_xcvr_native_insts[0].gen_bonded_group.sv_xcvr_native_inst|inst_sv_xcvr_avmm|avmm_interface_insts[0].stratixv_hssi_avmm_interface_inst|pmatestbussel[0]'
Slack : 3.983
TNS   : 0.000

Type  : Fast 900mV 0C Model Setup 'n/a'
Slack : 4.407
TNS   : 0.000

Type  : Fast 900mV 0C Model Setup 'sv_reconfig_pma_testbus_clk_1'
Slack : 8.776
TNS   : 0.000

Type  : Fast 900mV 0C Model Setup 'sv_reconfig_pma_testbus_clk_0'
Slack : 8.834
TNS   : 0.000

Type  : Fast 900mV 0C Model Setup 'altera_reserved_tck'
Slack : 14.321
TNS   : 0.000

Type  : Fast 900mV 0C Model Hold 'altera_reserved_tck'
Slack : 0.034
TNS   : 0.000

Type  : Fast 900mV 0C Model Hold 'pcihip0|p|hip|altpcie_hip_256_pipen1b|stratixv_hssi_gen3_pcie_hip|coreclkout'
Slack : 0.134
TNS   : 0.000

Type  : Fast 900mV 0C Model Hold 'pci_pi_refclk0'
Slack : 0.144
TNS   : 0.000

Type  : Fast 900mV 0C Model Hold 'sfp0|sfpp_phy_inst|S5|transceiver_core|gen.sv_xcvr_native_insts[0].gen_bonded_group.sv_xcvr_native_inst|inst_sv_xcvr_avmm|avmm_interface_insts[0].stratixv_hssi_avmm_interface_inst|pmatestbussel[0]'
Slack : 0.340
TNS   : 0.000

Type  : Fast 900mV 0C Model Hold 'sv_reconfig_pma_testbus_clk_1'
Slack : 0.430
TNS   : 0.000

Type  : Fast 900mV 0C Model Hold 'sv_reconfig_pma_testbus_clk_0'
Slack : 0.476
TNS   : 0.000

Type  : Fast 900mV 0C Model Hold 'n/a'
Slack : 12.305
TNS   : 0.000

Type  : Fast 900mV 0C Model Recovery 'pcihip0|p|hip|altpcie_hip_256_pipen1b|stratixv_hssi_gen3_pcie_hip|coreclkout'
Slack : 0.745
TNS   : 0.000

Type  : Fast 900mV 0C Model Recovery 'pci_pi_refclk0'
Slack : 7.332
TNS   : 0.000

Type  : Fast 900mV 0C Model Recovery 'sfp0|sfpp_phy_inst|S5|transceiver_core|gen.sv_xcvr_native_insts[0].gen_bonded_group.sv_xcvr_native_inst|inst_sv_xcvr_avmm|avmm_interface_insts[0].stratixv_hssi_avmm_interface_inst|pmatestbussel[0]'
Slack : 7.591
TNS   : 0.000

Type  : Fast 900mV 0C Model Recovery 'sv_reconfig_pma_testbus_clk_1'
Slack : 8.266
TNS   : 0.000

Type  : Fast 900mV 0C Model Recovery 'altera_reserved_tck'
Slack : 31.823
TNS   : 0.000

Type  : Fast 900mV 0C Model Removal 'pcihip0|p|hip|altpcie_hip_256_pipen1b|stratixv_hssi_gen3_pcie_hip|coreclkout'
Slack : 0.170
TNS   : 0.000

Type  : Fast 900mV 0C Model Removal 'pci_pi_refclk0'
Slack : 0.238
TNS   : 0.000

Type  : Fast 900mV 0C Model Removal 'altera_reserved_tck'
Slack : 0.270
TNS   : 0.000

Type  : Fast 900mV 0C Model Removal 'sfp0|sfpp_phy_inst|S5|transceiver_core|gen.sv_xcvr_native_insts[0].gen_bonded_group.sv_xcvr_native_inst|inst_sv_xcvr_avmm|avmm_interface_insts[0].stratixv_hssi_avmm_interface_inst|pmatestbussel[0]'
Slack : 0.364
TNS   : 0.000

Type  : Fast 900mV 0C Model Removal 'sv_reconfig_pma_testbus_clk_1'
Slack : 0.967
TNS   : 0.000

Type  : Fast 900mV 0C Model Minimum Pulse Width 'sfp0|sfpp_phy_inst|S5|transceiver_core|gen.sv_xcvr_native_insts[0].gen_bonded_group.sv_xcvr_native_inst|inst_sv_pma|rx_pma.sv_rx_pma_inst|rx_pmas[0].rx_pma.rx_cdr|clk90bdes'
Slack : 0.117
TNS   : 0.000

Type  : Fast 900mV 0C Model Minimum Pulse Width 'sfp0|sfpp_phy_inst|S5|transceiver_core|gen.sv_xcvr_native_insts[0].gen_tx_plls.gen_tx_plls.tx_plls|pll[0].pll.atx_pll.tx_pll|clk010g'
Slack : 0.117
TNS   : 0.000

Type  : Fast 900mV 0C Model Minimum Pulse Width 'sfp1|sfpp_phy_inst|S5|transceiver_core|gen.sv_xcvr_native_insts[0].gen_bonded_group.sv_xcvr_native_inst|inst_sv_pma|rx_pma.sv_rx_pma_inst|rx_pmas[0].rx_pma.rx_cdr|clk90bdes'
Slack : 0.117
TNS   : 0.000

Type  : Fast 900mV 0C Model Minimum Pulse Width 'pcihip0|p|hip|altpcie_hip_256_pipen1b|g_xcvr.sv_xcvr_pipe_native|sv_xcvr_tx_plls_inst|pll[0].pll.cmu_pll.tx_pll|clkcdr'
Slack : 0.191
TNS   : 0.000

Type  : Fast 900mV 0C Model Minimum Pulse Width 'pcihip0|p|hip|altpcie_hip_256_pipen1b|g_xcvr.sv_xcvr_pipe_native|inst_sv_xcvr_native|inst_sv_pma|rx_pma.sv_rx_pma_inst|rx_pmas[0].rx_pma.rx_cdr|clk90bdes'
Slack : 0.200
TNS   : 0.000

Type  : Fast 900mV 0C Model Minimum Pulse Width 'pcihip0|p|hip|altpcie_hip_256_pipen1b|g_xcvr.sv_xcvr_pipe_native|inst_sv_xcvr_native|inst_sv_pma|rx_pma.sv_rx_pma_inst|rx_pmas[1].rx_pma.rx_cdr|clk90bdes'
Slack : 0.200
TNS   : 0.000

Type  : Fast 900mV 0C Model Minimum Pulse Width 'pcihip0|p|hip|altpcie_hip_256_pipen1b|g_xcvr.sv_xcvr_pipe_native|inst_sv_xcvr_native|inst_sv_pma|rx_pma.sv_rx_pma_inst|rx_pmas[2].rx_pma.rx_cdr|clk90bdes'
Slack : 0.200
TNS   : 0.000

Type  : Fast 900mV 0C Model Minimum Pulse Width 'pcihip0|p|hip|altpcie_hip_256_pipen1b|g_xcvr.sv_xcvr_pipe_native|inst_sv_xcvr_native|inst_sv_pma|rx_pma.sv_rx_pma_inst|rx_pmas[3].rx_pma.rx_cdr|clk90bdes'
Slack : 0.200
TNS   : 0.000

Type  : Fast 900mV 0C Model Minimum Pulse Width 'pcihip0|p|hip|altpcie_hip_256_pipen1b|g_xcvr.sv_xcvr_pipe_native|inst_sv_xcvr_native|inst_sv_pma|rx_pma.sv_rx_pma_inst|rx_pmas[5].rx_pma.rx_cdr|clk90bdes'
Slack : 0.200
TNS   : 0.000

Type  : Fast 900mV 0C Model Minimum Pulse Width 'pcihip0|p|hip|altpcie_hip_256_pipen1b|g_xcvr.sv_xcvr_pipe_native|inst_sv_xcvr_native|inst_sv_pma|rx_pma.sv_rx_pma_inst|rx_pmas[6].rx_pma.rx_cdr|clk90bdes'
Slack : 0.200
TNS   : 0.000

Type  : Fast 900mV 0C Model Minimum Pulse Width 'pcihip0|p|hip|altpcie_hip_256_pipen1b|g_xcvr.sv_xcvr_pipe_native|inst_sv_xcvr_native|inst_sv_pma|rx_pma.sv_rx_pma_inst|rx_pmas[7].rx_pma.rx_cdr|clk90bdes'
Slack : 0.200
TNS   : 0.000

Type  : Fast 900mV 0C Model Minimum Pulse Width 'pcihip0|p|hip|altpcie_hip_256_pipen1b|g_xcvr.sv_xcvr_pipe_native|inst_sv_xcvr_native|inst_sv_pma|rx_pma.sv_rx_pma_inst|rx_pmas[8].rx_pma.rx_cdr|clk90bdes'
Slack : 0.200
TNS   : 0.000

Type  : Fast 900mV 0C Model Minimum Pulse Width 'i_refclk_sfp'
Slack : 0.938
TNS   : 0.000

Type  : Fast 900mV 0C Model Minimum Pulse Width 'pcihip0|p|hip|altpcie_hip_256_pipen1b|g_xcvr.sv_xcvr_pipe_native|inst_sv_xcvr_native|inst_sv_pma|rx_pma.sv_rx_pma_inst|rx_pmas[0].rx_pma.rx_pma_deser|clk90b'
Slack : 0.949
TNS   : 0.000

Type  : Fast 900mV 0C Model Minimum Pulse Width 'pcihip0|p|hip|altpcie_hip_256_pipen1b|g_xcvr.sv_xcvr_pipe_native|inst_sv_xcvr_native|inst_sv_pma|rx_pma.sv_rx_pma_inst|rx_pmas[1].rx_pma.rx_pma_deser|clk90b'
Slack : 0.949
TNS   : 0.000

Type  : Fast 900mV 0C Model Minimum Pulse Width 'pcihip0|p|hip|altpcie_hip_256_pipen1b|g_xcvr.sv_xcvr_pipe_native|inst_sv_xcvr_native|inst_sv_pma|rx_pma.sv_rx_pma_inst|rx_pmas[2].rx_pma.rx_pma_deser|clk90b'
Slack : 0.949
TNS   : 0.000

Type  : Fast 900mV 0C Model Minimum Pulse Width 'pcihip0|p|hip|altpcie_hip_256_pipen1b|g_xcvr.sv_xcvr_pipe_native|inst_sv_xcvr_native|inst_sv_pma|rx_pma.sv_rx_pma_inst|rx_pmas[3].rx_pma.rx_pma_deser|clk90b'
Slack : 0.949
TNS   : 0.000

Type  : Fast 900mV 0C Model Minimum Pulse Width 'pcihip0|p|hip|altpcie_hip_256_pipen1b|g_xcvr.sv_xcvr_pipe_native|inst_sv_xcvr_native|inst_sv_pma|rx_pma.sv_rx_pma_inst|rx_pmas[5].rx_pma.rx_pma_deser|clk90b'
Slack : 0.949
TNS   : 0.000

Type  : Fast 900mV 0C Model Minimum Pulse Width 'pcihip0|p|hip|altpcie_hip_256_pipen1b|g_xcvr.sv_xcvr_pipe_native|inst_sv_xcvr_native|inst_sv_pma|rx_pma.sv_rx_pma_inst|rx_pmas[6].rx_pma.rx_pma_deser|clk90b'
Slack : 0.949
TNS   : 0.000

Type  : Fast 900mV 0C Model Minimum Pulse Width 'pcihip0|p|hip|altpcie_hip_256_pipen1b|g_xcvr.sv_xcvr_pipe_native|inst_sv_xcvr_native|inst_sv_pma|rx_pma.sv_rx_pma_inst|rx_pmas[7].rx_pma.rx_pma_deser|clk90b'
Slack : 0.949
TNS   : 0.000

Type  : Fast 900mV 0C Model Minimum Pulse Width 'pcihip0|p|hip|altpcie_hip_256_pipen1b|g_xcvr.sv_xcvr_pipe_native|inst_sv_xcvr_native|inst_sv_pma|rx_pma.sv_rx_pma_inst|rx_pmas[8].rx_pma.rx_pma_deser|clk90b'
Slack : 0.949
TNS   : 0.000

Type  : Fast 900mV 0C Model Minimum Pulse Width 'pcihip0|p|hip|altpcie_hip_256_pipen1b|g_xcvr.sv_xcvr_pipe_native|inst_sv_xcvr_native|inst_sv_pma|tx_pma.sv_tx_pma_inst|tx_pma_insts[0].sv_tx_pma_ch_inst|tx_pma_ch.tx_cgb|lfclkp'
Slack : 0.986
TNS   : 0.000

Type  : Fast 900mV 0C Model Minimum Pulse Width 'pcihip0|p|hip|altpcie_hip_256_pipen1b|g_xcvr.sv_xcvr_pipe_native|inst_sv_xcvr_native|inst_sv_pma|tx_pma.sv_tx_pma_inst|tx_pma_insts[1].sv_tx_pma_ch_inst|tx_pma_ch.tx_cgb|lfclkp'
Slack : 0.986
TNS   : 0.000

Type  : Fast 900mV 0C Model Minimum Pulse Width 'pcihip0|p|hip|altpcie_hip_256_pipen1b|g_xcvr.sv_xcvr_pipe_native|inst_sv_xcvr_native|inst_sv_pma|tx_pma.sv_tx_pma_inst|tx_pma_insts[2].sv_tx_pma_ch_inst|tx_pma_ch.tx_cgb|lfclkp'
Slack : 0.986
TNS   : 0.000

Type  : Fast 900mV 0C Model Minimum Pulse Width 'pcihip0|p|hip|altpcie_hip_256_pipen1b|g_xcvr.sv_xcvr_pipe_native|inst_sv_xcvr_native|inst_sv_pma|tx_pma.sv_tx_pma_inst|tx_pma_insts[3].sv_tx_pma_ch_inst|tx_pma_ch.tx_cgb|lfclkp'
Slack : 0.986
TNS   : 0.000

Type  : Fast 900mV 0C Model Minimum Pulse Width 'pcihip0|p|hip|altpcie_hip_256_pipen1b|g_xcvr.sv_xcvr_pipe_native|inst_sv_xcvr_native|inst_sv_pma|tx_pma.sv_tx_pma_inst|tx_pma_insts[4].sv_tx_pma_ch_inst|tx_pma_ch.tx_cgb|lfclkp'
Slack : 0.986
TNS   : 0.000

Type  : Fast 900mV 0C Model Minimum Pulse Width 'pcihip0|p|hip|altpcie_hip_256_pipen1b|g_xcvr.sv_xcvr_pipe_native|inst_sv_xcvr_native|inst_sv_pma|tx_pma.sv_tx_pma_inst|tx_pma_insts[5].sv_tx_pma_ch_inst|tx_pma_ch.tx_cgb|lfclkp'
Slack : 0.986
TNS   : 0.000

Type  : Fast 900mV 0C Model Minimum Pulse Width 'pcihip0|p|hip|altpcie_hip_256_pipen1b|g_xcvr.sv_xcvr_pipe_native|inst_sv_xcvr_native|inst_sv_pma|tx_pma.sv_tx_pma_inst|tx_pma_insts[6].sv_tx_pma_ch_inst|tx_pma_ch.tx_cgb|lfclkp'
Slack : 0.986
TNS   : 0.000

Type  : Fast 900mV 0C Model Minimum Pulse Width 'pcihip0|p|hip|altpcie_hip_256_pipen1b|g_xcvr.sv_xcvr_pipe_native|inst_sv_xcvr_native|inst_sv_pma|tx_pma.sv_tx_pma_inst|tx_pma_insts[7].sv_tx_pma_ch_inst|tx_pma_ch.tx_cgb|lfclkp'
Slack : 0.986
TNS   : 0.000

Type  : Fast 900mV 0C Model Minimum Pulse Width 'pcihip0|p|hip|altpcie_hip_256_pipen1b|g_xcvr.sv_xcvr_pipe_native|inst_sv_xcvr_native|inst_sv_pma|tx_pma.sv_tx_pma_inst|tx_pma_insts[8].sv_tx_pma_ch_inst|tx_pma_ch.tx_cgb|lfclkp'
Slack : 0.986
TNS   : 0.000

Type  : Fast 900mV 0C Model Minimum Pulse Width 'pcihip0|p|hip|altpcie_hip_256_pipen1b|g_xcvr.sv_xcvr_pipe_native|inst_sv_xcvr_native|inst_sv_pma|tx_pma.sv_tx_pma_inst|tx_pma_insts[4].sv_tx_pma_ch_inst|tx_pma_ch.tx_cgb|cpulseout'
Slack : 0.991
TNS   : 0.000

Type  : Fast 900mV 0C Model Minimum Pulse Width 'pcihip0|p|hip|altpcie_hip_256_pipen1b|g_xcvr.sv_xcvr_pipe_native|inst_sv_xcvr_native|inst_sv_pma|tx_pma.sv_tx_pma_inst|tx_pma_insts[4].sv_tx_pma_ch_inst|tx_pma_ch.tx_cgb|lfclkpout'
Slack : 1.000
TNS   : 0.000

Type  : Fast 900mV 0C Model Minimum Pulse Width 'sfp0|sfpp_phy_inst|S5|transceiver_core|gen.sv_xcvr_native_insts[0].gen_bonded_group.sv_xcvr_native_inst|inst_sv_pma|rx_pma.sv_rx_pma_inst|rx_pmas[0].rx_pma.rx_pma_deser|clk90b'
Slack : 1.124
TNS   : 0.000

Type  : Fast 900mV 0C Model Minimum Pulse Width 'sfp1|sfpp_phy_inst|S5|transceiver_core|gen.sv_xcvr_native_insts[0].gen_bonded_group.sv_xcvr_native_inst|inst_sv_pma|rx_pma.sv_rx_pma_inst|rx_pmas[0].rx_pma.rx_pma_deser|clk90b'
Slack : 1.124
TNS   : 0.000

Type  : Fast 900mV 0C Model Minimum Pulse Width 'pcihip0|p|hip|altpcie_hip_256_pipen1b|stratixv_hssi_gen3_pcie_hip|coreclkout'
Slack : 1.156
TNS   : 0.000

Type  : Fast 900mV 0C Model Minimum Pulse Width 'sfp0|sfpp_phy_inst|S5|transceiver_core|gen.sv_xcvr_native_insts[0].gen_bonded_group.sv_xcvr_native_inst|inst_sv_pma|tx_pma.sv_tx_pma_inst|tx_pma_insts[0].sv_tx_pma_ch_inst|tx_pma_ch.tx_cgb|pclk[0]'
Slack : 1.161
TNS   : 0.000

Type  : Fast 900mV 0C Model Minimum Pulse Width 'sfp1|sfpp_phy_inst|S5|transceiver_core|gen.sv_xcvr_native_insts[0].gen_bonded_group.sv_xcvr_native_inst|inst_sv_pma|tx_pma.sv_tx_pma_inst|tx_pma_insts[0].sv_tx_pma_ch_inst|tx_pma_ch.tx_cgb|pclk[0]'
Slack : 1.161
TNS   : 0.000

Type  : Fast 900mV 0C Model Minimum Pulse Width 'pcihip0|p|hip|altpcie_hip_256_pipen1b|g_xcvr.sv_xcvr_pipe_native|inst_sv_xcvr_native|inst_sv_pma|tx_pma.sv_tx_pma_inst|tx_pma_insts[4].sv_tx_pma_ch_inst|tx_pma_ch.tx_cgb|pclkout[0]'
Slack : 2.000
TNS   : 0.000

Type  : Fast 900mV 0C Model Minimum Pulse Width 'pcihip0|p|hip|altpcie_hip_256_pipen1b|stratixv_hssi_gen3_pcie_hip|observablecoreclkdiv'
Slack : 2.000
TNS   : 0.000

Type  : Fast 900mV 0C Model Minimum Pulse Width 'sfp1|sfpp_phy_inst|S5|transceiver_core|gen.sv_xcvr_native_insts[0].gen_bonded_group.sv_xcvr_native_inst|inst_sv_pcs|ch[0].inst_sv_pcs_ch|inst_sv_hssi_8g_rx_pcs|wys|clocktopld'
Slack : 2.288
TNS   : 0.000

Type  : Fast 900mV 0C Model Minimum Pulse Width 'sfp0|sfpp_phy_inst|S5|transceiver_core|gen.sv_xcvr_native_insts[0].gen_bonded_group.sv_xcvr_native_inst|inst_sv_pcs|ch[0].inst_sv_pcs_ch|inst_sv_hssi_8g_rx_pcs|wys|clocktopld'
Slack : 2.291
TNS   : 0.000

Type  : Fast 900mV 0C Model Minimum Pulse Width 'sfp0|sfpp_phy_inst|S5|transceiver_core|gen.sv_xcvr_native_insts[0].gen_bonded_group.sv_xcvr_native_inst|inst_sv_pcs|ch[0].inst_sv_pcs_ch|inst_sv_hssi_8g_rx_pcs|wys|observablebyteserdesclock'
Slack : 2.319
TNS   : 0.000

Type  : Fast 900mV 0C Model Minimum Pulse Width 'sfp1|sfpp_phy_inst|S5|transceiver_core|gen.sv_xcvr_native_insts[0].gen_bonded_group.sv_xcvr_native_inst|inst_sv_pcs|ch[0].inst_sv_pcs_ch|inst_sv_hssi_8g_rx_pcs|wys|observablebyteserdesclock'
Slack : 2.319
TNS   : 0.000

Type  : Fast 900mV 0C Model Minimum Pulse Width 'sfp0|sfpp_phy_inst|S5|transceiver_core|gen.sv_xcvr_native_insts[0].gen_bonded_group.sv_xcvr_native_inst|inst_sv_pcs|ch[0].inst_sv_pcs_ch|inst_sv_hssi_8g_tx_pcs|wys|observablebyteserdesclock'
Slack : 2.352
TNS   : 0.000

Type  : Fast 900mV 0C Model Minimum Pulse Width 'sfp1|sfpp_phy_inst|S5|transceiver_core|gen.sv_xcvr_native_insts[0].gen_bonded_group.sv_xcvr_native_inst|inst_sv_pcs|ch[0].inst_sv_pcs_ch|inst_sv_hssi_8g_tx_pcs|wys|observablebyteserdesclock'
Slack : 2.352
TNS   : 0.000

Type  : Fast 900mV 0C Model Minimum Pulse Width 'pcihip0|p|hip|altpcie_hip_256_pipen1b|g_xcvr.sv_xcvr_pipe_native|inst_sv_xcvr_native|inst_sv_pcs|ch[0].inst_sv_pcs_ch|inst_sv_hssi_8g_rx_pcs|wys|observablebyteserdesclock'
Slack : 3.970
TNS   : 0.000

Type  : Fast 900mV 0C Model Minimum Pulse Width 'pcihip0|p|hip|altpcie_hip_256_pipen1b|g_xcvr.sv_xcvr_pipe_native|inst_sv_xcvr_native|inst_sv_pcs|ch[1].inst_sv_pcs_ch|inst_sv_hssi_8g_rx_pcs|wys|observablebyteserdesclock'
Slack : 3.970
TNS   : 0.000

Type  : Fast 900mV 0C Model Minimum Pulse Width 'pcihip0|p|hip|altpcie_hip_256_pipen1b|g_xcvr.sv_xcvr_pipe_native|inst_sv_xcvr_native|inst_sv_pcs|ch[2].inst_sv_pcs_ch|inst_sv_hssi_8g_rx_pcs|wys|observablebyteserdesclock'
Slack : 3.970
TNS   : 0.000

Type  : Fast 900mV 0C Model Minimum Pulse Width 'pcihip0|p|hip|altpcie_hip_256_pipen1b|g_xcvr.sv_xcvr_pipe_native|inst_sv_xcvr_native|inst_sv_pcs|ch[3].inst_sv_pcs_ch|inst_sv_hssi_8g_rx_pcs|wys|observablebyteserdesclock'
Slack : 3.970
TNS   : 0.000

Type  : Fast 900mV 0C Model Minimum Pulse Width 'pcihip0|p|hip|altpcie_hip_256_pipen1b|g_xcvr.sv_xcvr_pipe_native|inst_sv_xcvr_native|inst_sv_pcs|ch[5].inst_sv_pcs_ch|inst_sv_hssi_8g_rx_pcs|wys|observablebyteserdesclock'
Slack : 3.970
TNS   : 0.000

Type  : Fast 900mV 0C Model Minimum Pulse Width 'pcihip0|p|hip|altpcie_hip_256_pipen1b|g_xcvr.sv_xcvr_pipe_native|inst_sv_xcvr_native|inst_sv_pcs|ch[6].inst_sv_pcs_ch|inst_sv_hssi_8g_rx_pcs|wys|observablebyteserdesclock'
Slack : 3.970
TNS   : 0.000

Type  : Fast 900mV 0C Model Minimum Pulse Width 'pcihip0|p|hip|altpcie_hip_256_pipen1b|g_xcvr.sv_xcvr_pipe_native|inst_sv_xcvr_native|inst_sv_pcs|ch[7].inst_sv_pcs_ch|inst_sv_hssi_8g_rx_pcs|wys|observablebyteserdesclock'
Slack : 3.970
TNS   : 0.000

Type  : Fast 900mV 0C Model Minimum Pulse Width 'pcihip0|p|hip|altpcie_hip_256_pipen1b|g_xcvr.sv_xcvr_pipe_native|inst_sv_xcvr_native|inst_sv_pcs|ch[8].inst_sv_pcs_ch|inst_sv_hssi_8g_rx_pcs|wys|observablebyteserdesclock'
Slack : 3.970
TNS   : 0.000

Type  : Fast 900mV 0C Model Minimum Pulse Width 'pcihip0|p|hip|altpcie_hip_256_pipen1b|g_xcvr.sv_xcvr_pipe_native|inst_sv_xcvr_native|inst_sv_pcs|ch[0].inst_sv_pcs_ch|inst_sv_hssi_8g_tx_pcs|wys|observablebyteserdesclock'
Slack : 4.000
TNS   : 0.000

Type  : Fast 900mV 0C Model Minimum Pulse Width 'pcihip0|p|hip|altpcie_hip_256_pipen1b|g_xcvr.sv_xcvr_pipe_native|inst_sv_xcvr_native|inst_sv_pcs|ch[1].inst_sv_pcs_ch|inst_sv_hssi_8g_tx_pcs|wys|observablebyteserdesclock'
Slack : 4.000
TNS   : 0.000

Type  : Fast 900mV 0C Model Minimum Pulse Width 'pcihip0|p|hip|altpcie_hip_256_pipen1b|g_xcvr.sv_xcvr_pipe_native|inst_sv_xcvr_native|inst_sv_pcs|ch[2].inst_sv_pcs_ch|inst_sv_hssi_8g_tx_pcs|wys|observablebyteserdesclock'
Slack : 4.000
TNS   : 0.000

Type  : Fast 900mV 0C Model Minimum Pulse Width 'pcihip0|p|hip|altpcie_hip_256_pipen1b|g_xcvr.sv_xcvr_pipe_native|inst_sv_xcvr_native|inst_sv_pcs|ch[3].inst_sv_pcs_ch|inst_sv_hssi_8g_tx_pcs|wys|observablebyteserdesclock'
Slack : 4.000
TNS   : 0.000

Type  : Fast 900mV 0C Model Minimum Pulse Width 'pcihip0|p|hip|altpcie_hip_256_pipen1b|g_xcvr.sv_xcvr_pipe_native|inst_sv_xcvr_native|inst_sv_pcs|ch[4].inst_sv_pcs_ch|inst_sv_hssi_8g_tx_pcs|wys|observablebyteserdesclock'
Slack : 4.000
TNS   : 0.000

Type  : Fast 900mV 0C Model Minimum Pulse Width 'pcihip0|p|hip|altpcie_hip_256_pipen1b|g_xcvr.sv_xcvr_pipe_native|inst_sv_xcvr_native|inst_sv_pcs|ch[5].inst_sv_pcs_ch|inst_sv_hssi_8g_tx_pcs|wys|observablebyteserdesclock'
Slack : 4.000
TNS   : 0.000

Type  : Fast 900mV 0C Model Minimum Pulse Width 'pcihip0|p|hip|altpcie_hip_256_pipen1b|g_xcvr.sv_xcvr_pipe_native|inst_sv_xcvr_native|inst_sv_pcs|ch[6].inst_sv_pcs_ch|inst_sv_hssi_8g_tx_pcs|wys|observablebyteserdesclock'
Slack : 4.000
TNS   : 0.000

Type  : Fast 900mV 0C Model Minimum Pulse Width 'pcihip0|p|hip|altpcie_hip_256_pipen1b|g_xcvr.sv_xcvr_pipe_native|inst_sv_xcvr_native|inst_sv_pcs|ch[7].inst_sv_pcs_ch|inst_sv_hssi_8g_tx_pcs|wys|observablebyteserdesclock'
Slack : 4.000
TNS   : 0.000

Type  : Fast 900mV 0C Model Minimum Pulse Width 'pcihip0|p|hip|altpcie_hip_256_pipen1b|g_xcvr.sv_xcvr_pipe_native|inst_sv_xcvr_native|inst_sv_pcs|ch[8].inst_sv_pcs_ch|inst_sv_hssi_8g_tx_pcs|wys|observablebyteserdesclock'
Slack : 4.000
TNS   : 0.000

Type  : Fast 900mV 0C Model Minimum Pulse Width 'pcihip0|p|hip|altpcie_hip_256_pipen1b|g_xcvr.sv_xcvr_pipe_native|inst_sv_xcvr_native|inst_sv_pma|tx_pma.sv_tx_pma_inst|tx_pma_insts[4].sv_tx_pma_ch_inst|tx_pma_ch.tx_cgb|pclkout[1]'
Slack : 4.000
TNS   : 0.000

Type  : Fast 900mV 0C Model Minimum Pulse Width 'sfp0|sfpp_phy_inst|S5|transceiver_core|gen.sv_xcvr_native_insts[0].gen_bonded_group.sv_xcvr_native_inst|inst_sv_xcvr_avmm|avmm_interface_insts[0].stratixv_hssi_avmm_interface_inst|pmatestbussel[0]'
Slack : 4.176
TNS   : 0.000

Type  : Fast 900mV 0C Model Minimum Pulse Width 'pci_pi_refclk0'
Slack : 4.217
TNS   : 0.000

Type  : Fast 900mV 0C Model Minimum Pulse Width 'sv_reconfig_pma_testbus_clk_0'
Slack : 4.268
TNS   : 0.000

Type  : Fast 900mV 0C Model Minimum Pulse Width 'sv_reconfig_pma_testbus_clk_1'
Slack : 4.317
TNS   : 0.000

Type  : Fast 900mV 0C Model Minimum Pulse Width 'pcihip0|p|hip|altpcie_hip_256_pipen1b|g_xcvr.sv_xcvr_pipe_native|inst_sv_xcvr_native|inst_sv_xcvr_avmm|avmm_interface_insts[0].stratixv_hssi_avmm_interface_inst|pmatestbussel[0]'
Slack : 5.000
TNS   : 0.000

Type  : Fast 900mV 0C Model Minimum Pulse Width 'pcihip0|p|hip|altpcie_hip_256_pipen1b|g_xcvr.sv_xcvr_pipe_native|inst_sv_xcvr_native|inst_sv_xcvr_avmm|avmm_interface_insts[3].stratixv_hssi_avmm_interface_inst|pmatestbussel[0]'
Slack : 5.000
TNS   : 0.000

Type  : Fast 900mV 0C Model Minimum Pulse Width 'pcihip0|p|hip|altpcie_hip_256_pipen1b|g_xcvr.sv_xcvr_pipe_native|inst_sv_xcvr_native|inst_sv_xcvr_avmm|avmm_interface_insts[6].stratixv_hssi_avmm_interface_inst|pmatestbussel[0]'
Slack : 5.000
TNS   : 0.000

Type  : Fast 900mV 0C Model Minimum Pulse Width 'pcihip0|p|hip|altpcie_hip_256_pipen1b|g_xcvr.sv_xcvr_pipe_native|inst_sv_xcvr_native|inst_sv_pma|tx_pma.sv_tx_pma_inst|tx_pma_insts[4].sv_tx_pma_ch_inst|tx_pma_ch.tx_cgb|pclkout[2]'
Slack : 8.000
TNS   : 0.000

Type  : Fast 900mV 0C Model Minimum Pulse Width 'altera_reserved_tck'
Slack : 15.925
TNS   : 0.000

------------------------------------------------------------
